08-13 11:49:19.573 W/android.os.Debug( 2064): failed to get memory consumption info: -1
08-13 11:49:19.599 I/Zygote  ( 1762): Process 7171 exited due to signal 9 (Killed)
08-13 11:49:22.250 E/netmgr  ( 1906): Failed to open QEMU pipe 'qemud:network': Invalid argument
08-13 11:49:25.000 E/wifi_forwarder( 1908): RemoteConnection failed to initialize: RemoteConnection failed to open pipe
08-13 11:50:00.005 D/KeyguardClockSwitch( 2274): Updating clock: 1150
08-13 11:50:03.945 I/Vision  ( 3002): Requesting optional module download of ocr.
08-13 11:50:03.945 I/Vision  ( 3002): Checking for download completion for 2408799 -- ocr
08-13 11:50:07.908 D/WificondControl( 2064): Scan result ready event
08-13 11:50:22.265 E/netmgr  ( 1906): Failed to open QEMU pipe 'qemud:network': Invalid argument
08-13 11:50:25.059 E/wifi_forwarder( 1908): RemoteConnection failed to initialize: RemoteConnection failed to open pipe
08-13 11:51:00.009 D/KeyguardClockSwitch( 2274): Updating clock: 1151
08-13 11:51:03.976 I/Vision  ( 3002): Requesting optional module download of ocr.
08-13 11:51:03.976 I/Vision  ( 3002): Checking for download completion for 2468830 -- ocr
08-13 11:51:22.283 E/netmgr  ( 1906): Failed to open QEMU pipe 'qemud:network': Invalid argument
08-13 11:51:25.099 E/wifi_forwarder( 1908): RemoteConnection failed to initialize: RemoteConnection failed to open pipe
08-13 11:52:00.009 D/KeyguardClockSwitch( 2274): Updating clock: 1152
08-13 11:52:04.536 E/memtrack( 2064): Couldn't load memtrack module
08-13 11:52:04.536 W/android.os.Debug( 2064): failed to get memory consumption info: -1
08-13 11:52:04.549 I/Vision  ( 3002): Requesting optional module download of ocr.
08-13 11:52:04.550 I/Vision  ( 3002): Checking for download completion for 2529404 -- ocr
08-13 11:52:21.002 E/memtrack( 2064): Couldn't load memtrack module
08-13 11:52:21.002 W/android.os.Debug( 2064): failed to get memory consumption info: -1
08-13 11:52:22.287 E/netmgr  ( 1906): Failed to open QEMU pipe 'qemud:network': Invalid argument
08-13 11:52:25.117 E/wifi_forwarder( 1908): RemoteConnection failed to initialize: RemoteConnection failed to open pipe
08-13 11:53:00.011 D/KeyguardClockSwitch( 2274): Updating clock: 1153
08-13 11:53:04.581 I/Vision  ( 3002): Requesting optional module download of ocr.
08-13 11:53:08.518 D/WificondControl( 2064): Scan result ready event
08-13 11:53:22.348 E/netmgr  ( 1906): Failed to open QEMU pipe 'qemud:network': Invalid argument
08-13 11:53:25.133 E/wifi_forwarder( 1908): RemoteConnection failed to initialize: RemoteConnection failed to open pipe
08-13 11:54:00.007 D/KeyguardClockSwitch( 2274): Updating clock: 1154
08-13 11:54:22.383 E/netmgr  ( 1906): Failed to open QEMU pipe 'qemud:network': Invalid argument
08-13 11:54:25.182 E/wifi_forwarder( 1908): RemoteConnection failed to initialize: RemoteConnection failed to open pipe
08-13 11:55:00.016 D/KeyguardClockSwitch( 2274): Updating clock: 1155
08-13 11:55:05.154 E/memtrack( 2064): Couldn't load memtrack module
08-13 11:55:05.154 W/android.os.Debug( 2064): failed to get memory consumption info: -1
08-13 11:55:22.397 E/netmgr  ( 1906): Failed to open QEMU pipe 'qemud:network': Invalid argument
08-13 11:55:25.233 E/wifi_forwarder( 1908): RemoteConnection failed to initialize: RemoteConnection failed to open pipe
08-13 11:55:48.508 D/WificondControl( 2064): Scan result ready event
08-13 11:56:00.041 D/KeyguardClockSwitch( 2274): Updating clock: 1156
08-13 11:56:22.433 E/netmgr  ( 1906): Failed to open QEMU pipe 'qemud:network': Invalid argument
08-13 11:56:25.282 E/wifi_forwarder( 1908): RemoteConnection failed to initialize: RemoteConnection failed to open pipe
08-13 11:57:00.008 D/KeyguardClockSwitch( 2274): Updating clock: 1157
08-13 11:57:21.156 E/memtrack( 2064): Couldn't load memtrack module
08-13 11:57:21.156 W/android.os.Debug( 2064): failed to get memory consumption info: -1
08-13 11:57:22.476 E/netmgr  ( 1906): Failed to open QEMU pipe 'qemud:network': Invalid argument
08-13 11:57:25.343 E/wifi_forwarder( 1908): RemoteConnection failed to initialize: RemoteConnection failed to open pipe
08-13 11:58:00.013 D/KeyguardClockSwitch( 2274): Updating clock: 1158
08-13 11:58:22.516 E/netmgr  ( 1906): Failed to open QEMU pipe 'qemud:network': Invalid argument
08-13 11:58:23.416 I/UsageStatsService( 2064): User[0] Flushing usage stats to disk
08-13 11:58:23.458 E/AppIdleHistory( 2064): Error writing app idle file for user 0
08-13 11:58:24.584 E/memtrack( 2064): Couldn't load memtrack module
08-13 11:58:24.584 W/android.os.Debug( 2064): failed to get memory consumption info: -1
08-13 11:58:24.591 E/memtrack( 2064): Couldn't load memtrack module
08-13 11:58:24.591 W/android.os.Debug( 2064): failed to get memory consumption info: -1
08-13 11:58:24.600 E/memtrack( 2064): Couldn't load memtrack module
08-13 11:58:24.600 W/android.os.Debug( 2064): failed to get memory consumption info: -1
08-13 11:58:24.605 E/memtrack( 2064): Couldn't load memtrack module
08-13 11:58:24.605 W/android.os.Debug( 2064): failed to get memory consumption info: -1
08-13 11:58:24.611 E/memtrack( 2064): Couldn't load memtrack module
08-13 11:58:24.611 W/android.os.Debug( 2064): failed to get memory consumption info: -1
08-13 11:58:24.621 E/memtrack( 2064): Couldn't load memtrack module
08-13 11:58:24.621 W/android.os.Debug( 2064): failed to get memory consumption info: -1
08-13 11:58:25.399 E/wifi_forwarder( 1908): RemoteConnection failed to initialize: RemoteConnection failed to open pipe
08-13 11:58:28.507 D/WificondControl( 2064): Scan result ready event
08-13 11:58:40.170 E/memtrack( 2064): Couldn't load memtrack module
08-13 11:58:40.170 W/android.os.Debug( 2064): failed to get memory consumption info: -1
08-13 11:59:00.007 D/KeyguardClockSwitch( 2274): Updating clock: 1159
08-13 11:59:05.010 D/KeyguardClockSwitch( 2274): Updating clock: 1159
08-13 11:59:22.517 E/netmgr  ( 1906): Failed to open QEMU pipe 'qemud:network': Invalid argument
08-13 11:59:25.457 E/wifi_forwarder( 1908): RemoteConnection failed to initialize: RemoteConnection failed to open pipe
08-13 12:00:00.009 D/KeyguardClockSwitch( 2274): Updating clock: 1200
08-13 12:00:22.532 E/netmgr  ( 1906): Failed to open QEMU pipe 'qemud:network': Invalid argument
08-13 12:00:25.466 E/wifi_forwarder( 1908): RemoteConnection failed to initialize: RemoteConnection failed to open pipe
08-13 12:01:00.013 D/KeyguardClockSwitch( 2274): Updating clock: 1201
08-13 12:01:22.566 E/netmgr  ( 1906): Failed to open QEMU pipe 'qemud:network': Invalid argument
08-13 12:01:25.179 E/memtrack( 2064): Couldn't load memtrack module
08-13 12:01:25.179 W/android.os.Debug( 2064): failed to get memory consumption info: -1
08-13 12:01:25.190 E/memtrack( 2064): Couldn't load memtrack module
08-13 12:01:25.190 W/android.os.Debug( 2064): failed to get memory consumption info: -1
08-13 12:01:25.197 E/memtrack( 2064): Couldn't load memtrack module
08-13 12:01:25.197 W/android.os.Debug( 2064): failed to get memory consumption info: -1
08-13 12:01:25.206 E/memtrack( 2064): Couldn't load memtrack module
08-13 12:01:25.206 W/android.os.Debug( 2064): failed to get memory consumption info: -1
08-13 12:01:25.213 E/memtrack( 2064): Couldn't load memtrack module
08-13 12:01:25.213 W/android.os.Debug( 2064): failed to get memory consumption info: -1
08-13 12:01:25.221 E/memtrack( 2064): Couldn't load memtrack module
08-13 12:01:25.221 W/android.os.Debug( 2064): failed to get memory consumption info: -1
08-13 12:01:25.227 E/memtrack( 2064): Couldn't load memtrack module
08-13 12:01:25.227 W/android.os.Debug( 2064): failed to get memory consumption info: -1
08-13 12:01:25.527 E/wifi_forwarder( 1908): RemoteConnection failed to initialize: RemoteConnection failed to open pipe
08-13 12:01:29.128 D/WificondControl( 2064): Scan result ready event
08-13 12:02:00.007 D/KeyguardClockSwitch( 2274): Updating clock: 1202
08-13 12:02:21.290 E/memtrack( 2064): Couldn't load memtrack module
08-13 12:02:21.290 W/android.os.Debug( 2064): failed to get memory consumption info: -1
08-13 12:02:22.600 E/netmgr  ( 1906): Failed to open QEMU pipe 'qemud:network': Invalid argument
08-13 12:02:25.582 E/wifi_forwarder( 1908): RemoteConnection failed to initialize: RemoteConnection failed to open pipe
08-13 12:02:37.709 I/system_server( 2064): Background young concurrent copying GC freed 126475(4449KB) AllocSpace objects, 5(200KB) LOS objects, 26% free, 12MB/17MB, paused 87us total 140.400ms
08-13 12:03:00.008 D/KeyguardClockSwitch( 2274): Updating clock: 1203
08-13 12:03:22.616 E/netmgr  ( 1906): Failed to open QEMU pipe 'qemud:network': Invalid argument
08-13 12:03:25.600 E/wifi_forwarder( 1908): RemoteConnection failed to initialize: RemoteConnection failed to open pipe
08-13 12:04:00.010 D/KeyguardClockSwitch( 2274): Updating clock: 1204
08-13 12:04:22.634 E/netmgr  ( 1906): Failed to open QEMU pipe 'qemud:network': Invalid argument
08-13 12:04:25.635 E/wifi_forwarder( 1908): RemoteConnection failed to initialize: RemoteConnection failed to open pipe
08-13 12:04:25.788 E/memtrack( 2064): Couldn't load memtrack module
08-13 12:04:25.788 W/android.os.Debug( 2064): failed to get memory consumption info: -1
08-13 12:04:25.818 E/memtrack( 2064): Couldn't load memtrack module
08-13 12:04:25.818 W/android.os.Debug( 2064): failed to get memory consumption info: -1
08-13 12:04:25.828 E/memtrack( 2064): Couldn't load memtrack module
08-13 12:04:25.828 W/android.os.Debug( 2064): failed to get memory consumption info: -1
08-13 12:04:25.836 E/memtrack( 2064): Couldn't load memtrack module
08-13 12:04:25.836 W/android.os.Debug( 2064): failed to get memory consumption info: -1
08-13 12:04:25.842 E/memtrack( 2064): Couldn't load memtrack module
08-13 12:04:25.842 W/android.os.Debug( 2064): failed to get memory consumption info: -1
08-13 12:04:29.728 D/WificondControl( 2064): Scan result ready event
08-13 12:04:56.319 E/ResolverController( 1761): No valid NAT64 prefix (100, <unspecified>/0)
08-13 12:04:56.335 W/Conscrypt( 2739): Could not set socket write timeout: java.net.SocketException: Socket closed
08-13 12:04:56.335 W/Conscrypt( 2739): 	at com.google.android.gms.org.conscrypt.Platform.setSocketWriteTimeout(:com.google.android.gms@200414022@20.04.14 (040700-294335909):2)
08-13 12:04:56.335 W/Conscrypt( 2739): 	at com.google.android.gms.org.conscrypt.ConscryptFileDescriptorSocket.setSoWriteTimeout(:com.google.android.gms@200414022@20.04.14 (040700-294335909):0)
08-13 12:04:56.348 W/Conscrypt( 2739): Could not set socket write timeout: java.net.SocketException: Socket closed
08-13 12:04:56.348 W/Conscrypt( 2739): 	at com.google.android.gms.org.conscrypt.Platform.setSocketWriteTimeout(:com.google.android.gms@200414022@20.04.14 (040700-294335909):2)
08-13 12:04:56.348 W/Conscrypt( 2739): 	at com.google.android.gms.org.conscrypt.ConscryptFileDescriptorSocket.setSoWriteTimeout(:com.google.android.gms@200414022@20.04.14 (040700-294335909):0)
08-13 12:04:56.415 W/GLSUser ( 2739): [AppCertManager] Failed to get security token.
08-13 12:04:56.415 W/GLSUser ( 2739): java.io.IOException: INVALID_SENDER
08-13 12:04:56.415 W/GLSUser ( 2739): 	at adcc.b(:com.google.android.gms@200414022@20.04.14 (040700-294335909):24)
08-13 12:04:56.415 W/GLSUser ( 2739): 	at adcc.a(:com.google.android.gms@200414022@20.04.14 (040700-294335909):21)
08-13 12:04:56.415 W/GLSUser ( 2739): 	at adcc.a(:com.google.android.gms@200414022@20.04.14 (040700-294335909):11)
08-13 12:04:56.415 W/GLSUser ( 2739): 	at iko.a(:com.google.android.gms@200414022@20.04.14 (040700-294335909):16)
08-13 12:04:56.415 W/GLSUser ( 2739): 	at ikm.a(:com.google.android.gms@200414022@20.04.14 (040700-294335909):42)
08-13 12:04:56.415 W/GLSUser ( 2739): 	at ikh.a(:com.google.android.gms@200414022@20.04.14 (040700-294335909):0)
08-13 12:04:56.415 W/GLSUser ( 2739): 	at ikk.a(:com.google.android.gms@200414022@20.04.14 (040700-294335909):10)
08-13 12:04:56.415 W/GLSUser ( 2739): 	at gyc.call(:com.google.android.gms@200414022@20.04.14 (040700-294335909):9)
08-13 12:04:56.415 W/GLSUser ( 2739): 	at java.util.concurrent.FutureTask.run(FutureTask.java:266)
08-13 12:04:56.415 W/GLSUser ( 2739): 	at srw.b(:com.google.android.gms@200414022@20.04.14 (040700-294335909):14)
08-13 12:04:56.415 W/GLSUser ( 2739): 	at srw.run(:com.google.android.gms@200414022@20.04.14 (040700-294335909):2)
08-13 12:04:56.415 W/GLSUser ( 2739): 	at java.util.concurrent.ThreadPoolExecutor.runWorker(ThreadPoolExecutor.java:1167)
08-13 12:04:56.415 W/GLSUser ( 2739): 	at java.util.concurrent.ThreadPoolExecutor$Worker.run(ThreadPoolExecutor.java:641)
08-13 12:04:56.415 W/GLSUser ( 2739): 	at sxw.run(:com.google.android.gms@200414022@20.04.14 (040700-294335909):0)
08-13 12:04:56.415 W/GLSUser ( 2739): 	at java.lang.Thread.run(Thread.java:919)
08-13 12:04:56.457 W/Conscrypt( 2739): Could not set socket write timeout: java.net.SocketException: Socket closed
08-13 12:04:56.458 W/Conscrypt( 2739): 	at com.google.android.gms.org.conscrypt.Platform.setSocketWriteTimeout(:com.google.android.gms@200414022@20.04.14 (040700-294335909):2)
08-13 12:04:56.458 W/Conscrypt( 2739): 	at com.google.android.gms.org.conscrypt.ConscryptFileDescriptorSocket.setSoWriteTimeout(:com.google.android.gms@200414022@20.04.14 (040700-294335909):0)
08-13 12:04:56.471 W/Conscrypt( 2739): Could not set socket write timeout: java.net.SocketException: Socket closed
08-13 12:04:56.471 W/Conscrypt( 2739): 	at com.google.android.gms.org.conscrypt.Platform.setSocketWriteTimeout(:com.google.android.gms@200414022@20.04.14 (040700-294335909):2)
08-13 12:04:56.471 W/Conscrypt( 2739): 	at com.google.android.gms.org.conscrypt.ConscryptFileDescriptorSocket.setSoWriteTimeout(:com.google.android.gms@200414022@20.04.14 (040700-294335909):0)
08-13 12:04:56.584 W/GLSUser ( 2739): [AppCertManager] IOException while requesting key: 
08-13 12:04:56.584 W/GLSUser ( 2739): java.io.IOException: Invalid device key response.
08-13 12:04:56.584 W/GLSUser ( 2739): 	at iko.a(:com.google.android.gms@200414022@20.04.14 (040700-294335909):50)
08-13 12:04:56.584 W/GLSUser ( 2739): 	at ikm.a(:com.google.android.gms@200414022@20.04.14 (040700-294335909):42)
08-13 12:04:56.584 W/GLSUser ( 2739): 	at ikh.a(:com.google.android.gms@200414022@20.04.14 (040700-294335909):0)
08-13 12:04:56.584 W/GLSUser ( 2739): 	at ikk.a(:com.google.android.gms@200414022@20.04.14 (040700-294335909):10)
08-13 12:04:56.584 W/GLSUser ( 2739): 	at gyc.call(:com.google.android.gms@200414022@20.04.14 (040700-294335909):9)
08-13 12:04:56.584 W/GLSUser ( 2739): 	at java.util.concurrent.FutureTask.run(FutureTask.java:266)
08-13 12:04:56.584 W/GLSUser ( 2739): 	at srw.b(:com.google.android.gms@200414022@20.04.14 (040700-294335909):14)
08-13 12:04:56.584 W/GLSUser ( 2739): 	at srw.run(:com.google.android.gms@200414022@20.04.14 (040700-294335909):2)
08-13 12:04:56.584 W/GLSUser ( 2739): 	at java.util.concurrent.ThreadPoolExecutor.runWorker(ThreadPoolExecutor.java:1167)
08-13 12:04:56.584 W/GLSUser ( 2739): 	at java.util.concurrent.ThreadPoolExecutor$Worker.run(ThreadPoolExecutor.java:641)
08-13 12:04:56.584 W/GLSUser ( 2739): 	at sxw.run(:com.google.android.gms@200414022@20.04.14 (040700-294335909):0)
08-13 12:04:56.584 W/GLSUser ( 2739): 	at java.lang.Thread.run(Thread.java:919)
08-13 12:05:00.005 D/KeyguardClockSwitch( 2274): Updating clock: 1205
08-13 12:05:02.619 W/ocess.gservice( 2978): Reducing the number of considered missed Gc histogram windows from 212 to 100
08-13 12:05:06.293 W/id.gms.unstabl( 5981): Reducing the number of considered missed Gc histogram windows from 107 to 100
08-13 12:05:22.649 E/netmgr  ( 1906): Failed to open QEMU pipe 'qemud:network': Invalid argument
08-13 12:05:25.649 E/wifi_forwarder( 1908): RemoteConnection failed to initialize: RemoteConnection failed to open pipe
08-13 12:06:00.006 D/KeyguardClockSwitch( 2274): Updating clock: 1206
08-13 12:06:22.682 E/netmgr  ( 1906): Failed to open QEMU pipe 'qemud:network': Invalid argument
08-13 12:06:25.707 E/wifi_forwarder( 1908): RemoteConnection failed to initialize: RemoteConnection failed to open pipe
08-13 12:07:00.012 D/KeyguardClockSwitch( 2274): Updating clock: 1207
08-13 12:07:21.427 E/memtrack( 2064): Couldn't load memtrack module
08-13 12:07:21.427 W/android.os.Debug( 2064): failed to get memory consumption info: -1
08-13 12:07:22.732 E/netmgr  ( 1906): Failed to open QEMU pipe 'qemud:network': Invalid argument
08-13 12:07:25.749 E/wifi_forwarder( 1908): RemoteConnection failed to initialize: RemoteConnection failed to open pipe
08-13 12:07:26.419 E/memtrack( 2064): Couldn't load memtrack module
08-13 12:07:26.419 W/android.os.Debug( 2064): failed to get memory consumption info: -1
08-13 12:07:30.357 D/WificondControl( 2064): Scan result ready event
08-13 12:08:00.011 D/KeyguardClockSwitch( 2274): Updating clock: 1208
08-13 12:08:22.750 E/netmgr  ( 1906): Failed to open QEMU pipe 'qemud:network': Invalid argument
08-13 12:08:25.750 E/wifi_forwarder( 1908): RemoteConnection failed to initialize: RemoteConnection failed to open pipe
08-13 12:09:00.011 D/KeyguardClockSwitch( 2274): Updating clock: 1209
08-13 12:09:22.766 E/netmgr  ( 1906): Failed to open QEMU pipe 'qemud:network': Invalid argument
08-13 12:09:25.766 E/wifi_forwarder( 1908): RemoteConnection failed to initialize: RemoteConnection failed to open pipe
08-13 12:10:00.010 D/KeyguardClockSwitch( 2274): Updating clock: 1210
08-13 12:10:22.783 E/netmgr  ( 1906): Failed to open QEMU pipe 'qemud:network': Invalid argument
08-13 12:10:25.766 E/wifi_forwarder( 1908): RemoteConnection failed to initialize: RemoteConnection failed to open pipe
08-13 12:10:27.043 E/memtrack( 2064): Couldn't load memtrack module
08-13 12:10:27.043 W/android.os.Debug( 2064): failed to get memory consumption info: -1
08-13 12:10:27.052 I/BgTaskExecutorImpl( 3484): Starting PERIODIC background task RESTORE_SPEAKER_MODEL.
08-13 12:10:27.107 I/RestoreSpeakerModelTask( 3484): Canceling restore - user account is null
08-13 12:10:27.120 E/memtrack( 2064): Couldn't load memtrack module
08-13 12:10:27.120 W/android.os.Debug( 2064): failed to get memory consumption info: -1
08-13 12:10:30.999 D/WificondControl( 2064): Scan result ready event
08-13 12:10:37.149 I/WorkerManager( 3484): dispose()
08-13 12:10:55.169 E/BluetoothAdapter( 2064): Bluetooth binder is null
08-13 12:10:55.199 I/netd    ( 1761): trafficSwapActiveStatsMap() <9.81ms>
08-13 12:10:55.204 I/netd    ( 1761): tetherGetStats() <1.26ms>
08-13 12:11:00.009 D/KeyguardClockSwitch( 2274): Updating clock: 1211
08-13 12:11:22.833 E/netmgr  ( 1906): Failed to open QEMU pipe 'qemud:network': Invalid argument
08-13 12:11:25.817 E/wifi_forwarder( 1908): RemoteConnection failed to initialize: RemoteConnection failed to open pipe
08-13 12:12:00.018 D/KeyguardClockSwitch( 2274): Updating clock: 1212
08-13 12:12:21.545 E/memtrack( 2064): Couldn't load memtrack module
08-13 12:12:21.545 W/android.os.Debug( 2064): failed to get memory consumption info: -1
08-13 12:12:22.883 E/netmgr  ( 1906): Failed to open QEMU pipe 'qemud:network': Invalid argument
08-13 12:12:25.866 E/wifi_forwarder( 1908): RemoteConnection failed to initialize: RemoteConnection failed to open pipe
08-13 12:13:00.010 D/KeyguardClockSwitch( 2274): Updating clock: 1213
08-13 12:13:22.899 E/netmgr  ( 1906): Failed to open QEMU pipe 'qemud:network': Invalid argument
08-13 12:13:25.354 E/memtrack( 2064): Couldn't load memtrack module
08-13 12:13:25.354 W/android.os.Debug( 2064): failed to get memory consumption info: -1
08-13 12:13:25.370 E/memtrack( 2064): Couldn't load memtrack module
08-13 12:13:25.370 W/android.os.Debug( 2064): failed to get memory consumption info: -1
08-13 12:13:25.884 E/wifi_forwarder( 1908): RemoteConnection failed to initialize: RemoteConnection failed to open pipe
08-13 12:13:27.697 I/netd    ( 1761): trafficSwapActiveStatsMap() <20.55ms>
08-13 12:13:27.701 I/netd    ( 1761): tetherGetStats() <1.64ms>
08-13 12:13:27.728 I/netd    ( 1761): bandwidthSetGlobalAlert(2097152) <0.33ms>
08-13 12:13:31.628 D/WificondControl( 2064): Scan result ready event
08-13 12:14:00.008 D/KeyguardClockSwitch( 2274): Updating clock: 1214
08-13 12:14:05.009 D/KeyguardClockSwitch( 2274): Updating clock: 1214
08-13 12:14:22.917 E/netmgr  ( 1906): Failed to open QEMU pipe 'qemud:network': Invalid argument
08-13 12:14:25.899 E/wifi_forwarder( 1908): RemoteConnection failed to initialize: RemoteConnection failed to open pipe
08-13 12:14:46.129 E/memtrack( 2064): Couldn't load memtrack module
08-13 12:14:46.129 W/android.os.Debug( 2064): failed to get memory consumption info: -1
08-13 12:14:46.239 I/Checkin ( 3002): [EventLogChimeraService] Opted in for usage reporting: false
08-13 12:14:46.239 I/Checkin ( 3002): [EventLogChimeraService] Aggregate from 1597286303729 (log), 1597286303729 (data)
08-13 12:14:46.273 I/DropBoxManagerService( 2064): add tag=event_data isTagEnabled=true flags=0x2
08-13 12:14:46.278 W/BroadcastQueue( 2064): Background execution not allowed: receiving Intent { act=android.intent.action.DROPBOX_ENTRY_ADDED flg=0x10 (has extras) } to com.google.android.gms/.stats.service.DropBoxEntryAddedReceiver
08-13 12:14:46.278 W/BroadcastQueue( 2064): Background execution not allowed: receiving Intent { act=android.intent.action.DROPBOX_ENTRY_ADDED flg=0x10 (has extras) } to com.google.android.gms/.chimera.GmsIntentOperationService$PersistentTrustedReceiver
08-13 12:15:00.009 D/KeyguardClockSwitch( 2274): Updating clock: 1215
08-13 12:15:22.933 E/netmgr  ( 1906): Failed to open QEMU pipe 'qemud:network': Invalid argument
08-13 12:15:25.950 E/wifi_forwarder( 1908): RemoteConnection failed to initialize: RemoteConnection failed to open pipe
08-13 12:16:00.008 D/KeyguardClockSwitch( 2274): Updating clock: 1216
08-13 12:16:22.949 E/netmgr  ( 1906): Failed to open QEMU pipe 'qemud:network': Invalid argument
08-13 12:16:26.006 E/wifi_forwarder( 1908): RemoteConnection failed to initialize: RemoteConnection failed to open pipe
08-13 12:16:28.344 D/Zygote  ( 1762): Forked child process 8005
08-13 12:16:28.356 W/id.partnersetu( 8005): Unexpected CPU variant for X86 using defaults: x86
08-13 12:16:28.366 I/ActivityManager( 2064): Start proc 8005:com.google.android.partnersetup/u0a90 for service {com.google.android.partnersetup/com.google.android.partnersetup.InstalledAppJobService}
08-13 12:16:28.381 E/memtrack( 2064): Couldn't load memtrack module
08-13 12:16:28.381 W/android.os.Debug( 2064): failed to get memory consumption info: -1
08-13 12:16:28.396 I/id.partnersetu( 8005): The ClassLoaderContext is a special shared library.
08-13 12:16:28.558 I/ActivityManager( 2064): Killing 5886:android.process.media/u0a42 (adj 985): empty for 3441s
08-13 12:16:28.398 I/id.partnersetu( 8005): The ClassLoaderContext is a special shared library.
08-13 12:16:28.559 I/libprocessgroup( 2064): Successfully killed process cgroup uid 10042 pid 5886 in 0ms
08-13 12:16:28.595 I/Zygote  ( 1762): Process 5886 exited due to signal 9 (Killed)
08-13 12:16:32.288 D/WificondControl( 2064): Scan result ready event
08-13 12:16:33.427 I/id.partnersetu( 8005): Waiting for a blocking GC ProfileSaver
08-13 12:16:33.436 I/id.partnersetu( 8005): WaitForGcToComplete blocked ProfileSaver on ClassLinker for 8.270ms
08-13 12:17:00.008 D/KeyguardClockSwitch( 2274): Updating clock: 1217
08-13 12:17:21.715 E/memtrack( 2064): Couldn't load memtrack module
08-13 12:17:21.715 W/android.os.Debug( 2064): failed to get memory consumption info: -1
08-13 12:17:22.949 E/netmgr  ( 1906): Failed to open QEMU pipe 'qemud:network': Invalid argument
08-13 12:17:26.066 E/wifi_forwarder( 1908): RemoteConnection failed to initialize: RemoteConnection failed to open pipe
08-13 12:18:00.009 D/KeyguardClockSwitch( 2274): Updating clock: 1218
08-13 12:18:22.966 E/netmgr  ( 1906): Failed to open QEMU pipe 'qemud:network': Invalid argument
08-13 12:18:26.099 E/wifi_forwarder( 1908): RemoteConnection failed to initialize: RemoteConnection failed to open pipe
08-13 12:19:00.004 D/KeyguardClockSwitch( 2274): Updating clock: 1219
08-13 12:19:00.201 W/hw-IPCThreadState( 1792): All binder threads in pool (2 threads) busy for 102 ms
08-13 12:19:23.026 E/netmgr  ( 1906): Failed to open QEMU pipe 'qemud:network': Invalid argument
08-13 12:19:26.150 E/wifi_forwarder( 1908): RemoteConnection failed to initialize: RemoteConnection failed to open pipe
08-13 12:19:29.014 E/memtrack( 2064): Couldn't load memtrack module
08-13 12:19:29.014 W/android.os.Debug( 2064): failed to get memory consumption info: -1
08-13 12:19:32.937 D/WificondControl( 2064): Scan result ready event
08-13 12:20:00.009 D/KeyguardClockSwitch( 2274): Updating clock: 1220
08-13 12:20:23.032 E/netmgr  ( 1906): Failed to open QEMU pipe 'qemud:network': Invalid argument
08-13 12:20:26.207 E/wifi_forwarder( 1908): RemoteConnection failed to initialize: RemoteConnection failed to open pipe
08-13 12:21:00.005 D/KeyguardClockSwitch( 2274): Updating clock: 1221
08-13 12:21:23.087 E/netmgr  ( 1906): Failed to open QEMU pipe 'qemud:network': Invalid argument
08-13 12:21:26.266 E/wifi_forwarder( 1908): RemoteConnection failed to initialize: RemoteConnection failed to open pipe
08-13 12:22:00.008 D/KeyguardClockSwitch( 2274): Updating clock: 1222
08-13 12:22:21.860 E/memtrack( 2064): Couldn't load memtrack module
08-13 12:22:21.860 W/android.os.Debug( 2064): failed to get memory consumption info: -1
08-13 12:22:23.147 E/netmgr  ( 1906): Failed to open QEMU pipe 'qemud:network': Invalid argument
08-13 12:22:26.327 E/wifi_forwarder( 1908): RemoteConnection failed to initialize: RemoteConnection failed to open pipe
08-13 12:22:29.631 E/memtrack( 2064): Couldn't load memtrack module
08-13 12:22:29.631 W/android.os.Debug( 2064): failed to get memory consumption info: -1
08-13 12:22:29.637 I/BgTaskExecutorImpl( 3484): Starting PERIODIC background task REFRESH_SEARCH_HISTORY.
08-13 12:22:29.679 W/LocationOracle( 3484): getBestLocation(): no location is available
08-13 12:22:29.700 E/memtrack( 2064): Couldn't load memtrack module
08-13 12:22:29.700 W/android.os.Debug( 2064): failed to get memory consumption info: -1
08-13 12:22:29.704 W/LocationOracle( 3484): getBestLocation(): no location is available
08-13 12:22:29.706 W/CDHeaderDataHandler( 3484): Invalid integer value "" in experiments IDs.
08-13 12:22:29.715 E/memtrack( 2064): Couldn't load memtrack module
08-13 12:22:29.715 W/android.os.Debug( 2064): failed to get memory consumption info: -1
08-13 12:22:29.722 E/memtrack( 2064): Couldn't load memtrack module
08-13 12:22:29.722 W/android.os.Debug( 2064): failed to get memory consumption info: -1
08-13 12:22:29.729 E/memtrack( 2064): Couldn't load memtrack module
08-13 12:22:29.729 W/android.os.Debug( 2064): failed to get memory consumption info: -1
08-13 12:22:30.083 W/earchbox:searc( 3484): Reducing the number of considered missed Gc histogram windows from 366 to 100
08-13 12:22:33.588 D/WificondControl( 2064): Scan result ready event
08-13 12:22:40.084 I/WorkerManager( 3484): dispose()
08-13 12:23:00.006 D/KeyguardClockSwitch( 2274): Updating clock: 1223
08-13 12:23:23.166 E/netmgr  ( 1906): Failed to open QEMU pipe 'qemud:network': Invalid argument
08-13 12:23:26.382 E/wifi_forwarder( 1908): RemoteConnection failed to initialize: RemoteConnection failed to open pipe
08-13 12:24:00.008 D/KeyguardClockSwitch( 2274): Updating clock: 1224
08-13 12:24:23.227 E/netmgr  ( 1906): Failed to open QEMU pipe 'qemud:network': Invalid argument
08-13 12:24:26.436 E/wifi_forwarder( 1908): RemoteConnection failed to initialize: RemoteConnection failed to open pipe
08-13 12:24:36.276 D/Zygote  ( 1762): Forked child process 8056
08-13 12:24:36.283 I/ActivityManager( 2064): Start proc 8056:com.google.android.videos/u0a131 for service {com.google.android.videos/com.google.android.apps.play.movies.common.service.drm.RefreshLicenseTaskService}
08-13 12:24:36.293 W/.android.video( 8056): Unexpected CPU variant for X86 using defaults: x86
08-13 12:24:36.331 D/ApplicationLoaders( 8056): Returning zygote-cached class loader: /system/framework/android.hidl.base-V1.0-java.jar
08-13 12:24:36.332 D/ApplicationLoaders( 8056): Returning zygote-cached class loader: /system/framework/android.hidl.manager-V1.0-java.jar
08-13 12:24:36.332 D/ApplicationLoaders( 8056): Returning zygote-cached class loader: /system/framework/android.hidl.base-V1.0-java.jar
08-13 12:24:36.333 I/.android.video( 8056): The ClassLoaderContext is a special shared library.
08-13 12:24:36.341 I/.android.video( 8056): The ClassLoaderContext is a special shared library.
08-13 12:24:36.442 I/FirebaseJobDispatcher( 2617): onStartJob(): PeriodicContextualMetrics.
08-13 12:24:36.443 I/PContextMetricsRunner( 2617): call()
08-13 12:24:36.443 I/PContextMetricsRunner( 2617): call() : Finished in 0 ms
08-13 12:24:36.446 I/FirebaseJobDispatcher( 2617): Task: PeriodicContextualMetrics successes.
08-13 12:24:36.495 I/system_server( 2064): Background young concurrent copying GC freed 101148(3505KB) AllocSpace objects, 11(420KB) LOS objects, 20% free, 13MB/17MB, paused 53us total 237.558ms
08-13 12:24:36.626 W/ActivityManager( 2064): Unable to start service Intent { act=com.android.vending.contentfilters.IContentFiltersService.BIND pkg=com.android.vending } U=0: not found
08-13 12:24:36.655 V/MediaRouter( 8056): Selecting route: RouteInfo{ name=Phone, description=null, status=null, category=RouteCategory{ name=System types=ROUTE_TYPE_LIVE_AUDIO ROUTE_TYPE_LIVE_VIDEO  groupable=false }, supportedTypes=ROUTE_TYPE_LIVE_AUDIO ROUTE_TYPE_LIVE_VIDEO , presentationDisplay=null }
08-13 12:24:36.661 W/MediaSessionCompat( 8056): Couldn't find a unique registered media button receiver in the given context.
08-13 12:24:36.694 W/PrimesInit( 8056): Primes instant initialization
08-13 12:24:36.700 W/Primes  ( 8056): background initialization
08-13 12:24:36.704 W/PlayMovies( 8056): VideosInitializer.initializeApp:31 Installer Package: null
08-13 12:24:36.704 W/PlayMovies( 8056): 
08-13 12:24:36.729 I/PrimesTesting( 8056): GserviceFlagsSupplier.get()
08-13 12:24:36.741 V/MediaRouter( 8056): Selecting route: RouteInfo{ name=Phone, description=null, status=null, category=RouteCategory{ name=System types=ROUTE_TYPE_LIVE_AUDIO ROUTE_TYPE_LIVE_VIDEO  groupable=false }, supportedTypes=ROUTE_TYPE_LIVE_AUDIO ROUTE_TYPE_LIVE_VIDEO , presentationDisplay=null }
08-13 12:24:36.781 I/WifiService( 2064): acquireWifiLock uid=10131 lockMode=3
08-13 12:24:36.821 I/WifiService( 2064): releaseWifiLock uid=10131
08-13 12:24:36.824 E/SupplicantStaIfaceHal( 2064): ISupplicantStaIface.setPowerSave failed: {.code = FAILURE_UNKNOWN, .debugMessage = }
08-13 12:24:36.910 W/.gms.persisten( 2739): Long monitor contention with owner netscheduler-queue-handler (4170) at int aozi.a(aozd, aaqa)(:com.google.android.gms@200414022@20.04.14 (040700-294335909):76) waiters=0 in int aozi.c(aowl) for 136ms
08-13 12:24:36.922 I/ActivityManager( 2064): Killing 6856:android.process.acore/u0a43 (adj 985): empty for 3875s
08-13 12:24:36.928 I/libprocessgroup( 2064): Successfully killed process cgroup uid 10043 pid 6856 in 0ms
08-13 12:24:36.952 I/Zygote  ( 1762): Process 6856 exited due to signal 9 (Killed)
08-13 12:24:36.952 D/CountryDetector( 2064): No listener is left
08-13 12:24:37.117 W/Conscrypt( 2739): Could not set socket write timeout: java.net.SocketException: Socket closed
08-13 12:24:37.117 W/Conscrypt( 2739): 	at com.google.android.gms.org.conscrypt.Platform.setSocketWriteTimeout(:com.google.android.gms@200414022@20.04.14 (040700-294335909):2)
08-13 12:24:37.117 W/Conscrypt( 2739): 	at com.google.android.gms.org.conscrypt.ConscryptFileDescriptorSocket.setSoWriteTimeout(:com.google.android.gms@200414022@20.04.14 (040700-294335909):0)
08-13 12:24:37.176 W/Conscrypt( 2739): Could not set socket write timeout: java.net.SocketException: Socket closed
08-13 12:24:37.177 W/Conscrypt( 2739): 	at com.google.android.gms.org.conscrypt.Platform.setSocketWriteTimeout(:com.google.android.gms@200414022@20.04.14 (040700-294335909):2)
08-13 12:24:37.177 W/Conscrypt( 2739): 	at com.google.android.gms.org.conscrypt.ConscryptFileDescriptorSocket.setSoWriteTimeout(:com.google.android.gms@200414022@20.04.14 (040700-294335909):0)
08-13 12:24:56.218 I/UsageStatsService( 2064): User[0] Flushing usage stats to disk
08-13 12:24:56.247 E/AppIdleHistory( 2064): Error writing app idle file for user 0
08-13 12:25:00.008 D/KeyguardClockSwitch( 2274): Updating clock: 1225
08-13 12:25:23.232 E/netmgr  ( 1906): Failed to open QEMU pipe 'qemud:network': Invalid argument
08-13 12:25:26.449 E/wifi_forwarder( 1908): RemoteConnection failed to initialize: RemoteConnection failed to open pipe
08-13 12:25:30.259 E/memtrack( 2064): Couldn't load memtrack module
08-13 12:25:30.259 W/android.os.Debug( 2064): failed to get memory consumption info: -1
08-13 12:25:34.199 D/WificondControl( 2064): Scan result ready event
08-13 12:26:00.009 D/KeyguardClockSwitch( 2274): Updating clock: 1226
08-13 12:26:23.292 E/netmgr  ( 1906): Failed to open QEMU pipe 'qemud:network': Invalid argument
08-13 12:26:26.450 E/wifi_forwarder( 1908): RemoteConnection failed to initialize: RemoteConnection failed to open pipe
08-13 12:27:00.009 D/KeyguardClockSwitch( 2274): Updating clock: 1227
08-13 12:27:22.019 E/memtrack( 2064): Couldn't load memtrack module
08-13 12:27:22.019 W/android.os.Debug( 2064): failed to get memory consumption info: -1
08-13 12:27:23.316 E/netmgr  ( 1906): Failed to open QEMU pipe 'qemud:network': Invalid argument
08-13 12:27:26.466 E/wifi_forwarder( 1908): RemoteConnection failed to initialize: RemoteConnection failed to open pipe
08-13 12:28:00.007 D/KeyguardClockSwitch( 2274): Updating clock: 1228
08-13 12:28:05.011 D/KeyguardClockSwitch( 2274): Updating clock: 1228
08-13 12:28:23.317 E/netmgr  ( 1906): Failed to open QEMU pipe 'qemud:network': Invalid argument
08-13 12:28:26.516 E/wifi_forwarder( 1908): RemoteConnection failed to initialize: RemoteConnection failed to open pipe
08-13 12:28:30.859 E/memtrack( 2064): Couldn't load memtrack module
08-13 12:28:30.859 W/android.os.Debug( 2064): failed to get memory consumption info: -1
08-13 12:28:34.788 D/WificondControl( 2064): Scan result ready event
08-13 12:29:00.009 D/KeyguardClockSwitch( 2274): Updating clock: 1229
08-13 12:29:23.333 E/netmgr  ( 1906): Failed to open QEMU pipe 'qemud:network': Invalid argument
08-13 12:29:26.571 E/wifi_forwarder( 1908): RemoteConnection failed to initialize: RemoteConnection failed to open pipe
08-13 12:29:36.735 D/NetworkSecurityConfig( 8056): No Network Security Config specified, using platform default
08-13 12:29:36.952 W/PlayCommon( 8056): [519] PlayEventLogger.getAuthToken: No account for auth token provided
08-13 12:30:00.008 D/KeyguardClockSwitch( 2274): Updating clock: 1230
08-13 12:30:23.383 E/netmgr  ( 1906): Failed to open QEMU pipe 'qemud:network': Invalid argument
08-13 12:30:26.600 E/wifi_forwarder( 1908): RemoteConnection failed to initialize: RemoteConnection failed to open pipe
08-13 12:31:00.013 D/KeyguardClockSwitch( 2274): Updating clock: 1231
08-13 12:31:05.009 D/KeyguardClockSwitch( 2274): Updating clock: 1231
08-13 12:31:23.416 E/netmgr  ( 1906): Failed to open QEMU pipe 'qemud:network': Invalid argument
08-13 12:31:26.616 E/wifi_forwarder( 1908): RemoteConnection failed to initialize: RemoteConnection failed to open pipe
08-13 12:31:35.378 D/WificondControl( 2064): Scan result ready event
08-13 12:32:00.010 D/KeyguardClockSwitch( 2274): Updating clock: 1232
08-13 12:32:22.202 E/memtrack( 2064): Couldn't load memtrack module
08-13 12:32:22.202 W/android.os.Debug( 2064): failed to get memory consumption info: -1
08-13 12:32:23.432 E/netmgr  ( 1906): Failed to open QEMU pipe 'qemud:network': Invalid argument
08-13 12:32:26.616 E/wifi_forwarder( 1908): RemoteConnection failed to initialize: RemoteConnection failed to open pipe
08-13 12:33:00.010 D/KeyguardClockSwitch( 2274): Updating clock: 1233
08-13 12:33:23.450 E/netmgr  ( 1906): Failed to open QEMU pipe 'qemud:network': Invalid argument
08-13 12:33:26.632 E/wifi_forwarder( 1908): RemoteConnection failed to initialize: RemoteConnection failed to open pipe
08-13 12:34:00.017 D/KeyguardClockSwitch( 2274): Updating clock: 1234
08-13 12:34:23.483 E/netmgr  ( 1906): Failed to open QEMU pipe 'qemud:network': Invalid argument
08-13 12:34:26.253 E/memtrack( 2064): Couldn't load memtrack module
08-13 12:34:26.253 W/android.os.Debug( 2064): failed to get memory consumption info: -1
08-13 12:34:26.261 E/memtrack( 2064): Couldn't load memtrack module
08-13 12:34:26.261 W/android.os.Debug( 2064): failed to get memory consumption info: -1
08-13 12:34:26.359 I/FirebaseJobDispatcher( 2617): onStartJob(): daily_ping_task.
08-13 12:34:26.359 I/DailyPingTask( 2617): onRunTask() : Tag = daily_ping_task
08-13 12:34:26.453 I/FirebaseJobDispatcher( 2617): onStartJob(): PeriodicStats.
08-13 12:34:26.454 I/PeriodicStatsRunner( 2617): call()
08-13 12:34:26.533 I/putmethod.lati( 2617): Explicit concurrent copying GC freed 15083(968KB) AllocSpace objects, 0(0B) LOS objects, 24% free, 4403KB/5871KB, paused 29us total 77.582ms
08-13 12:34:26.533 W/putmethod.lati( 2617): Reducing the number of considered missed Gc histogram windows from 487 to 100
08-13 12:34:26.670 E/wifi_forwarder( 1908): RemoteConnection failed to initialize: RemoteConnection failed to open pipe
08-13 12:34:26.776 I/PeriodicStatsRunner( 2617): call() : Finished in 322 ms
08-13 12:34:26.787 I/FirebaseJobDispatcher( 2617): Task: PeriodicStats successes.
08-13 12:34:26.897 E/C2QReflectionHelper( 2617): Failed to get Conv2QueryPeriodicMetadata.
08-13 12:34:26.897 E/C2QReflectionHelper( 2617): java.lang.NoSuchMethodException: evn.getInstance []
08-13 12:34:26.897 E/C2QReflectionHelper( 2617): 	at java.lang.Class.getMethod(Class.java:2072)
08-13 12:34:26.897 E/C2QReflectionHelper( 2617): 	at java.lang.Class.getDeclaredMethod(Class.java:2050)
08-13 12:34:26.897 E/C2QReflectionHelper( 2617): 	at feo.a(PG:5)
08-13 12:34:26.897 E/C2QReflectionHelper( 2617): 	at bre.a(PG:459)
08-13 12:34:26.897 E/C2QReflectionHelper( 2617): 	at brf.a(PG:178)
08-13 12:34:26.897 E/C2QReflectionHelper( 2617): 	at ecp.a(PG:5)
08-13 12:34:26.897 E/C2QReflectionHelper( 2617): 	at bre.a(PG:28)
08-13 12:34:26.897 E/C2QReflectionHelper( 2617): 	at ipl.a(PG:144)
08-13 12:34:26.897 E/C2QReflectionHelper( 2617): 	at ipl.handleMessage(PG:107)
08-13 12:34:26.897 E/C2QReflectionHelper( 2617): 	at android.os.Handler.dispatchMessage(Handler.java:103)
08-13 12:34:26.897 E/C2QReflectionHelper( 2617): 	at android.os.Looper.loop(Looper.java:214)
08-13 12:34:26.897 E/C2QReflectionHelper( 2617): 	at android.os.HandlerThread.run(HandlerThread.java:67)
08-13 12:34:35.958 D/WificondControl( 2064): Scan result ready event
08-13 12:35:00.007 D/KeyguardClockSwitch( 2274): Updating clock: 1235
08-13 12:35:05.007 D/KeyguardClockSwitch( 2274): Updating clock: 1235
08-13 12:35:23.499 E/netmgr  ( 1906): Failed to open QEMU pipe 'qemud:network': Invalid argument
08-13 12:35:26.731 E/wifi_forwarder( 1908): RemoteConnection failed to initialize: RemoteConnection failed to open pipe
08-13 12:36:00.009 D/KeyguardClockSwitch( 2274): Updating clock: 1236
08-13 12:36:23.551 E/netmgr  ( 1906): Failed to open QEMU pipe 'qemud:network': Invalid argument
08-13 12:36:26.749 E/wifi_forwarder( 1908): RemoteConnection failed to initialize: RemoteConnection failed to open pipe
08-13 12:37:00.004 D/KeyguardClockSwitch( 2274): Updating clock: 1237
08-13 12:37:05.009 D/KeyguardClockSwitch( 2274): Updating clock: 1237
08-13 12:37:22.410 E/memtrack( 2064): Couldn't load memtrack module
08-13 12:37:22.410 W/android.os.Debug( 2064): failed to get memory consumption info: -1
08-13 12:37:23.563 E/netmgr  ( 1906): Failed to open QEMU pipe 'qemud:network': Invalid argument
08-13 12:37:26.783 E/wifi_forwarder( 1908): RemoteConnection failed to initialize: RemoteConnection failed to open pipe
08-13 12:37:32.630 E/memtrack( 2064): Couldn't load memtrack module
08-13 12:37:32.630 W/android.os.Debug( 2064): failed to get memory consumption info: -1
08-13 12:37:32.652 E/memtrack( 2064): Couldn't load memtrack module
08-13 12:37:32.652 W/android.os.Debug( 2064): failed to get memory consumption info: -1
08-13 12:37:32.658 E/memtrack( 2064): Couldn't load memtrack module
08-13 12:37:32.658 W/android.os.Debug( 2064): failed to get memory consumption info: -1
08-13 12:37:32.665 E/memtrack( 2064): Couldn't load memtrack module
08-13 12:37:32.665 W/android.os.Debug( 2064): failed to get memory consumption info: -1
08-13 12:37:32.671 E/memtrack( 2064): Couldn't load memtrack module
08-13 12:37:32.671 W/android.os.Debug( 2064): failed to get memory consumption info: -1
08-13 12:37:32.676 E/memtrack( 2064): Couldn't load memtrack module
08-13 12:37:32.676 W/android.os.Debug( 2064): failed to get memory consumption info: -1
08-13 12:37:32.681 E/memtrack( 2064): Couldn't load memtrack module
08-13 12:37:32.681 W/android.os.Debug( 2064): failed to get memory consumption info: -1
08-13 12:37:32.689 E/memtrack( 2064): Couldn't load memtrack module
08-13 12:37:32.689 W/android.os.Debug( 2064): failed to get memory consumption info: -1
08-13 12:37:36.558 D/WificondControl( 2064): Scan result ready event
08-13 12:38:00.010 D/KeyguardClockSwitch( 2274): Updating clock: 1238
08-13 12:38:23.615 E/netmgr  ( 1906): Failed to open QEMU pipe 'qemud:network': Invalid argument
08-13 12:38:26.834 E/wifi_forwarder( 1908): RemoteConnection failed to initialize: RemoteConnection failed to open pipe
08-13 12:39:00.015 D/KeyguardClockSwitch( 2274): Updating clock: 1239
08-13 12:39:23.666 E/netmgr  ( 1906): Failed to open QEMU pipe 'qemud:network': Invalid argument
08-13 12:39:26.866 E/wifi_forwarder( 1908): RemoteConnection failed to initialize: RemoteConnection failed to open pipe
08-13 12:40:00.008 D/KeyguardClockSwitch( 2274): Updating clock: 1240
08-13 12:40:23.706 E/netmgr  ( 1906): Failed to open QEMU pipe 'qemud:network': Invalid argument
08-13 12:40:26.883 E/wifi_forwarder( 1908): RemoteConnection failed to initialize: RemoteConnection failed to open pipe
08-13 12:40:33.226 E/memtrack( 2064): Couldn't load memtrack module
08-13 12:40:33.226 W/android.os.Debug( 2064): failed to get memory consumption info: -1
08-13 12:40:33.251 E/memtrack( 2064): Couldn't load memtrack module
08-13 12:40:33.251 W/android.os.Debug( 2064): failed to get memory consumption info: -1
08-13 12:40:33.260 E/memtrack( 2064): Couldn't load memtrack module
08-13 12:40:33.260 W/android.os.Debug( 2064): failed to get memory consumption info: -1
08-13 12:40:33.268 E/memtrack( 2064): Couldn't load memtrack module
08-13 12:40:33.268 W/android.os.Debug( 2064): failed to get memory consumption info: -1
08-13 12:40:33.272 E/memtrack( 2064): Couldn't load memtrack module
08-13 12:40:33.272 W/android.os.Debug( 2064): failed to get memory consumption info: -1
08-13 12:40:33.277 E/memtrack( 2064): Couldn't load memtrack module
08-13 12:40:33.277 W/android.os.Debug( 2064): failed to get memory consumption info: -1
08-13 12:40:33.282 E/memtrack( 2064): Couldn't load memtrack module
08-13 12:40:33.282 W/android.os.Debug( 2064): failed to get memory consumption info: -1
08-13 12:40:37.167 D/WificondControl( 2064): Scan result ready event
08-13 12:40:55.172 E/BluetoothAdapter( 2064): Bluetooth binder is null
08-13 12:40:55.207 I/netd    ( 1761): trafficSwapActiveStatsMap() <17.43ms>
08-13 12:40:55.212 I/netd    ( 1761): tetherGetStats() <1.94ms>
08-13 12:41:00.009 D/KeyguardClockSwitch( 2274): Updating clock: 1241
08-13 12:41:23.749 E/netmgr  ( 1906): Failed to open QEMU pipe 'qemud:network': Invalid argument
08-13 12:41:26.899 E/wifi_forwarder( 1908): RemoteConnection failed to initialize: RemoteConnection failed to open pipe
08-13 12:42:00.015 D/KeyguardClockSwitch( 2274): Updating clock: 1242
08-13 12:42:22.603 E/memtrack( 2064): Couldn't load memtrack module
08-13 12:42:22.603 W/android.os.Debug( 2064): failed to get memory consumption info: -1
08-13 12:42:23.798 E/netmgr  ( 1906): Failed to open QEMU pipe 'qemud:network': Invalid argument
08-13 12:42:26.916 E/wifi_forwarder( 1908): RemoteConnection failed to initialize: RemoteConnection failed to open pipe
08-13 12:43:00.009 D/KeyguardClockSwitch( 2274): Updating clock: 1243
08-13 12:43:23.816 E/netmgr  ( 1906): Failed to open QEMU pipe 'qemud:network': Invalid argument
08-13 12:43:26.968 E/wifi_forwarder( 1908): RemoteConnection failed to initialize: RemoteConnection failed to open pipe
08-13 12:43:33.868 I/netd    ( 1761): trafficSwapActiveStatsMap() <23.90ms>
08-13 12:43:33.874 I/netd    ( 1761): tetherGetStats() <1.46ms>
08-13 12:43:33.896 I/netd    ( 1761): bandwidthSetGlobalAlert(2097152) <0.29ms>
08-13 12:43:33.907 E/memtrack( 2064): Couldn't load memtrack module
08-13 12:43:33.907 W/android.os.Debug( 2064): failed to get memory consumption info: -1
08-13 12:43:33.945 I/system_server( 2064): Background young concurrent copying GC freed 89497(3047KB) AllocSpace objects, 6(292KB) LOS objects, 17% free, 14MB/17MB, paused 87us total 110.784ms
08-13 12:43:37.797 D/WificondControl( 2064): Scan result ready event
08-13 12:44:00.008 D/KeyguardClockSwitch( 2274): Updating clock: 1244
08-13 12:44:23.832 E/netmgr  ( 1906): Failed to open QEMU pipe 'qemud:network': Invalid argument
08-13 12:44:26.982 E/wifi_forwarder( 1908): RemoteConnection failed to initialize: RemoteConnection failed to open pipe
08-13 12:44:46.672 E/memtrack( 2064): Couldn't load memtrack module
08-13 12:44:46.672 W/android.os.Debug( 2064): failed to get memory consumption info: -1
08-13 12:44:46.703 E/memtrack( 2064): Couldn't load memtrack module
08-13 12:44:46.703 W/android.os.Debug( 2064): failed to get memory consumption info: -1
08-13 12:44:46.710 I/Checkin ( 3002): [EventLogChimeraService] Opted in for usage reporting: false
08-13 12:44:46.710 I/Checkin ( 3002): [EventLogChimeraService] Aggregate from 1597288486239 (log), 1597288486239 (data)
08-13 12:44:46.837 I/DropBoxManagerService( 2064): add tag=event_data isTagEnabled=true flags=0x2
08-13 12:44:46.841 W/BroadcastQueue( 2064): Background execution not allowed: receiving Intent { act=android.intent.action.DROPBOX_ENTRY_ADDED flg=0x10 (has extras) } to com.google.android.gms/.stats.service.DropBoxEntryAddedReceiver
08-13 12:44:46.841 W/BroadcastQueue( 2064): Background execution not allowed: receiving Intent { act=android.intent.action.DROPBOX_ENTRY_ADDED flg=0x10 (has extras) } to com.google.android.gms/.chimera.GmsIntentOperationService$PersistentTrustedReceiver
08-13 12:44:47.014 W/gle.android.gm( 3002): Reducing the number of considered missed Gc histogram windows from 389 to 100
08-13 12:44:47.019 E/ResolverController( 1761): No valid NAT64 prefix (100, <unspecified>/0)
08-13 12:44:47.038 W/Conscrypt( 2739): Could not set socket write timeout: java.net.SocketException: Socket closed
08-13 12:44:47.038 W/Conscrypt( 2739): 	at com.google.android.gms.org.conscrypt.Platform.setSocketWriteTimeout(:com.google.android.gms@200414022@20.04.14 (040700-294335909):2)
08-13 12:44:47.039 W/Conscrypt( 2739): 	at com.google.android.gms.org.conscrypt.ConscryptFileDescriptorSocket.setSoWriteTimeout(:com.google.android.gms@200414022@20.04.14 (040700-294335909):0)
08-13 12:44:47.050 W/Conscrypt( 2739): Could not set socket write timeout: java.net.SocketException: Socket closed
08-13 12:44:47.051 W/Conscrypt( 2739): 	at com.google.android.gms.org.conscrypt.Platform.setSocketWriteTimeout(:com.google.android.gms@200414022@20.04.14 (040700-294335909):2)
08-13 12:44:47.051 W/Conscrypt( 2739): 	at com.google.android.gms.org.conscrypt.ConscryptFileDescriptorSocket.setSoWriteTimeout(:com.google.android.gms@200414022@20.04.14 (040700-294335909):0)
08-13 12:44:47.114 W/GLSUser ( 2739): [AppCertManager] Failed to get security token.
08-13 12:44:47.114 W/GLSUser ( 2739): java.io.IOException: INVALID_SENDER
08-13 12:44:47.114 W/GLSUser ( 2739): 	at adcc.b(:com.google.android.gms@200414022@20.04.14 (040700-294335909):24)
08-13 12:44:47.114 W/GLSUser ( 2739): 	at adcc.a(:com.google.android.gms@200414022@20.04.14 (040700-294335909):21)
08-13 12:44:47.114 W/GLSUser ( 2739): 	at adcc.a(:com.google.android.gms@200414022@20.04.14 (040700-294335909):11)
08-13 12:44:47.114 W/GLSUser ( 2739): 	at iko.a(:com.google.android.gms@200414022@20.04.14 (040700-294335909):16)
08-13 12:44:47.114 W/GLSUser ( 2739): 	at ikm.a(:com.google.android.gms@200414022@20.04.14 (040700-294335909):42)
08-13 12:44:47.114 W/GLSUser ( 2739): 	at ikh.a(:com.google.android.gms@200414022@20.04.14 (040700-294335909):0)
08-13 12:44:47.114 W/GLSUser ( 2739): 	at ikk.a(:com.google.android.gms@200414022@20.04.14 (040700-294335909):10)
08-13 12:44:47.114 W/GLSUser ( 2739): 	at gyc.call(:com.google.android.gms@200414022@20.04.14 (040700-294335909):9)
08-13 12:44:47.114 W/GLSUser ( 2739): 	at java.util.concurrent.FutureTask.run(FutureTask.java:266)
08-13 12:44:47.114 W/GLSUser ( 2739): 	at srw.b(:com.google.android.gms@200414022@20.04.14 (040700-294335909):14)
08-13 12:44:47.114 W/GLSUser ( 2739): 	at srw.run(:com.google.android.gms@200414022@20.04.14 (040700-294335909):2)
08-13 12:44:47.114 W/GLSUser ( 2739): 	at java.util.concurrent.ThreadPoolExecutor.runWorker(ThreadPoolExecutor.java:1167)
08-13 12:44:47.114 W/GLSUser ( 2739): 	at java.util.concurrent.ThreadPoolExecutor$Worker.run(ThreadPoolExecutor.java:641)
08-13 12:44:47.114 W/GLSUser ( 2739): 	at sxw.run(:com.google.android.gms@200414022@20.04.14 (040700-294335909):0)
08-13 12:44:47.114 W/GLSUser ( 2739): 	at java.lang.Thread.run(Thread.java:919)
08-13 12:44:47.168 W/Conscrypt( 2739): Could not set socket write timeout: java.net.SocketException: Socket closed
08-13 12:44:47.169 W/Conscrypt( 2739): 	at com.google.android.gms.org.conscrypt.Platform.setSocketWriteTimeout(:com.google.android.gms@200414022@20.04.14 (040700-294335909):2)
