08-13 13:57:00.009 D/KeyguardClockSwitch( 2274): Updating clock: 1357
08-13 13:57:25.279 E/memtrack( 2064): Couldn't load memtrack module
08-13 13:57:25.279 W/android.os.Debug( 2064): failed to get memory consumption info: -1
08-13 13:57:25.612 E/netmgr  ( 1906): Failed to open QEMU pipe 'qemud:network': Invalid argument
08-13 13:57:28.817 E/wifi_forwarder( 1908): RemoteConnection failed to initialize: RemoteConnection failed to open pipe
08-13 13:58:00.008 D/KeyguardClockSwitch( 2274): Updating clock: 1358
08-13 13:58:05.950 D/MDnsDS  ( 1761): MDnsSdListener::Monitor poll timed out
08-13 13:58:05.950 D/MDnsDS  ( 1761): Going to poll with pollCount 1
08-13 13:58:25.613 E/netmgr  ( 1906): Failed to open QEMU pipe 'qemud:network': Invalid argument
08-13 13:58:28.866 E/wifi_forwarder( 1908): RemoteConnection failed to initialize: RemoteConnection failed to open pipe
08-13 13:59:00.009 D/KeyguardClockSwitch( 2274): Updating clock: 1359
08-13 13:59:05.138 E/memtrack( 2064): Couldn't load memtrack module
08-13 13:59:05.138 W/android.os.Debug( 2064): failed to get memory consumption info: -1
08-13 13:59:05.151 I/MS_RegisterService( 3002): Tachyon host: instantmessaging-pa.googleapis.com, Tachyon port: 443
08-13 13:59:05.176 I/MS_RegisterService( 3002): RegisterService intent:Intent { act=com.google.android.gms.matchstick.register_intent_action cat=[targeted_intent_op_prefix:com.google.android.libraries.matchstick.net.SilentRegisterIntentOperation] flg=0x4 cmp=com.google.android.gms/.chimera.GmsIntentOperationService (has extras) } isPeriodic:false
08-13 13:59:05.207 W/DynamiteModule( 3002): Local module descriptor class for providerinstaller not found.
08-13 13:59:05.212 I/DynamiteModule( 3002): Considering local module providerinstaller:0 and remote module providerinstaller:0
08-13 13:59:05.212 W/ProviderInstaller( 3002): Failed to load providerinstaller module: No acceptable module found. Local version is 0 and remote version is 0.
08-13 13:59:05.320 W/gle.android.gm( 3002): Reducing the number of considered missed Gc histogram windows from 446 to 100
08-13 13:59:05.321 W/System  ( 3002): A resource failed to call close. 
08-13 13:59:05.321 W/System  ( 3002): A resource failed to call close. 
08-13 13:59:09.078 D/WificondControl( 2064): Scan result ready event
08-13 13:59:25.616 E/netmgr  ( 1906): Failed to open QEMU pipe 'qemud:network': Invalid argument
08-13 13:59:28.922 E/wifi_forwarder( 1908): RemoteConnection failed to initialize: RemoteConnection failed to open pipe
08-13 14:00:00.007 D/KeyguardClockSwitch( 2274): Updating clock: 1400
08-13 14:00:25.633 E/netmgr  ( 1906): Failed to open QEMU pipe 'qemud:network': Invalid argument
08-13 14:00:28.933 E/wifi_forwarder( 1908): RemoteConnection failed to initialize: RemoteConnection failed to open pipe
08-13 14:01:00.006 D/KeyguardClockSwitch( 2274): Updating clock: 1401
08-13 14:01:01.560 I/UsageStatsService( 2064): User[0] Flushing usage stats to disk
08-13 14:01:01.588 E/AppIdleHistory( 2064): Error writing app idle file for user 0
08-13 14:01:25.648 E/netmgr  ( 1906): Failed to open QEMU pipe 'qemud:network': Invalid argument
08-13 14:01:28.983 E/wifi_forwarder( 1908): RemoteConnection failed to initialize: RemoteConnection failed to open pipe
08-13 14:02:00.007 D/KeyguardClockSwitch( 2274): Updating clock: 1402
08-13 14:02:09.687 D/WificondControl( 2064): Scan result ready event
08-13 14:02:25.497 E/memtrack( 2064): Couldn't load memtrack module
08-13 14:02:25.497 W/android.os.Debug( 2064): failed to get memory consumption info: -1
08-13 14:02:25.666 E/netmgr  ( 1906): Failed to open QEMU pipe 'qemud:network': Invalid argument
08-13 14:02:29.016 E/wifi_forwarder( 1908): RemoteConnection failed to initialize: RemoteConnection failed to open pipe
08-13 14:03:00.009 D/KeyguardClockSwitch( 2274): Updating clock: 1403
08-13 14:03:25.728 E/netmgr  ( 1906): Failed to open QEMU pipe 'qemud:network': Invalid argument
08-13 14:03:29.032 E/wifi_forwarder( 1908): RemoteConnection failed to initialize: RemoteConnection failed to open pipe
08-13 14:04:00.003 D/KeyguardClockSwitch( 2274): Updating clock: 1404
08-13 14:04:05.008 D/KeyguardClockSwitch( 2274): Updating clock: 1404
08-13 14:04:25.749 E/netmgr  ( 1906): Failed to open QEMU pipe 'qemud:network': Invalid argument
08-13 14:04:29.083 E/wifi_forwarder( 1908): RemoteConnection failed to initialize: RemoteConnection failed to open pipe
08-13 14:05:00.017 D/KeyguardClockSwitch( 2274): Updating clock: 1405
08-13 14:05:06.337 E/memtrack( 2064): Couldn't load memtrack module
08-13 14:05:06.337 W/android.os.Debug( 2064): failed to get memory consumption info: -1
08-13 14:05:06.347 E/memtrack( 2064): Couldn't load memtrack module
08-13 14:05:06.347 W/android.os.Debug( 2064): failed to get memory consumption info: -1
08-13 14:05:10.267 D/WificondControl( 2064): Scan result ready event
08-13 14:05:25.752 E/netmgr  ( 1906): Failed to open QEMU pipe 'qemud:network': Invalid argument
08-13 14:05:29.133 E/wifi_forwarder( 1908): RemoteConnection failed to initialize: RemoteConnection failed to open pipe
08-13 14:06:00.010 D/KeyguardClockSwitch( 2274): Updating clock: 1406
