--------- beginning of main
08-13 11:19:24.299 E/wifi_forwarder( 1908): RemoteConnection failed to initialize: RemoteConnection failed to open pipe
08-13 11:19:24.715 I/adbd    ( 1805): host-20: write thread spawning
08-13 11:19:24.716 I/adbd    ( 1805): host-20: read thread spawning
08-13 11:19:24.717 I/adbd    ( 1805): host-20: already offline
08-13 11:19:27.005 I/MicroDetectionWorker( 3484): #startMicroDetector [speakerMode: 0]
08-13 11:19:27.018 W/ErrorReporter( 3484): reportError [type: 211, code: 393244, bug: 0]: errorCode: 393244, engine: 0
08-13 11:19:27.019 I/MicroDetector( 3484): Keeping mic open: false
08-13 11:19:27.019 I/MicroDetectionWorker( 3484): #onError(false)
08-13 11:19:30.757 E/memtrack( 2064): Couldn't load memtrack module
08-13 11:19:30.757 W/android.os.Debug( 2064): failed to get memory consumption info: -1
08-13 11:19:30.765 E/memtrack( 2064): Couldn't load memtrack module
08-13 11:19:30.765 W/android.os.Debug( 2064): failed to get memory consumption info: -1
08-13 11:19:30.770 E/memtrack( 2064): Couldn't load memtrack module
08-13 11:19:30.770 W/android.os.Debug( 2064): failed to get memory consumption info: -1
08-13 11:19:32.025 I/MicroDetectionWorker( 3484): #startMicroDetector [speakerMode: 0]
08-13 11:19:32.030 W/ErrorReporter( 3484): reportError [type: 211, code: 393244, bug: 0]: errorCode: 393244, engine: 0
08-13 11:19:32.031 I/MicroDetector( 3484): Keeping mic open: false
08-13 11:19:32.031 I/MicroDetectionWorker( 3484): #onError(false)
08-13 11:19:37.036 I/MicroDetectionWorker( 3484): #startMicroDetector [speakerMode: 0]
08-13 11:19:37.039 W/ErrorReporter( 3484): reportError [type: 211, code: 393244, bug: 0]: errorCode: 393244, engine: 0
08-13 11:19:37.040 I/MicroDetector( 3484): Keeping mic open: false
08-13 11:19:37.040 I/MicroDetectionWorker( 3484): #onError(false)
08-13 11:19:42.045 I/MicroDetectionWorker( 3484): #startMicroDetector [speakerMode: 0]
08-13 11:19:42.047 W/ErrorReporter( 3484): reportError [type: 211, code: 393244, bug: 0]: errorCode: 393244, engine: 0
08-13 11:19:42.049 I/MicroDetector( 3484): Keeping mic open: false
08-13 11:19:42.049 I/MicroDetectionWorker( 3484): #onError(false)
08-13 11:19:47.058 I/MicroDetectionWorker( 3484): #startMicroDetector [speakerMode: 0]
08-13 11:19:47.065 W/ErrorReporter( 3484): reportError [type: 211, code: 393244, bug: 0]: errorCode: 393244, engine: 0
08-13 11:19:47.068 I/MicroDetector( 3484): Keeping mic open: false
08-13 11:19:47.069 I/MicroDetectionWorker( 3484): #onError(false)
08-13 11:19:49.593 I/Vision  ( 3002): Requesting optional module download of ocr.
08-13 11:19:49.593 I/Vision  ( 3002): Checking for download completion for 594447 -- ocr
08-13 11:19:49.726 I/.gms.persisten( 2739): Background young concurrent copying GC freed 8617(581KB) AllocSpace objects, 0(0B) LOS objects, 3% free, 12MB/13MB, paused 32us total 107.253ms
08-13 11:19:50.068 I/.gms.persisten( 2739): Background young concurrent copying GC freed 5240(326KB) AllocSpace objects, 0(0B) LOS objects, 1% free, 12MB/13MB, paused 45us total 153.487ms
08-13 11:19:50.275 I/.gms.persisten( 2739): Background young concurrent copying GC freed 1427(203KB) AllocSpace objects, 0(0B) LOS objects, 1% free, 12MB/13MB, paused 45us total 185.365ms
08-13 11:19:50.397 W/GLSUser ( 2739): [AppCertManager] Failed to get security token.
08-13 11:19:50.397 W/GLSUser ( 2739): java.io.IOException: INVALID_SENDER
08-13 11:19:50.397 W/GLSUser ( 2739): 	at adcc.b(:com.google.android.gms@200414022@20.04.14 (040700-294335909):24)
08-13 11:19:50.397 W/GLSUser ( 2739): 	at adcc.a(:com.google.android.gms@200414022@20.04.14 (040700-294335909):21)
08-13 11:19:50.397 W/GLSUser ( 2739): 	at adcc.a(:com.google.android.gms@200414022@20.04.14 (040700-294335909):11)
08-13 11:19:50.397 W/GLSUser ( 2739): 	at iko.a(:com.google.android.gms@200414022@20.04.14 (040700-294335909):16)
08-13 11:19:50.397 W/GLSUser ( 2739): 	at ikm.a(:com.google.android.gms@200414022@20.04.14 (040700-294335909):42)
08-13 11:19:50.397 W/GLSUser ( 2739): 	at ikh.a(:com.google.android.gms@200414022@20.04.14 (040700-294335909):0)
08-13 11:19:50.397 W/GLSUser ( 2739): 	at ikk.a(:com.google.android.gms@200414022@20.04.14 (040700-294335909):10)
08-13 11:19:50.397 W/GLSUser ( 2739): 	at gyc.call(:com.google.android.gms@200414022@20.04.14 (040700-294335909):9)
08-13 11:19:50.397 W/GLSUser ( 2739): 	at java.util.concurrent.FutureTask.run(FutureTask.java:266)
08-13 11:19:50.397 W/GLSUser ( 2739): 	at srw.b(:com.google.android.gms@200414022@20.04.14 (040700-294335909):14)
08-13 11:19:50.397 W/GLSUser ( 2739): 	at srw.run(:com.google.android.gms@200414022@20.04.14 (040700-294335909):2)
08-13 11:19:50.397 W/GLSUser ( 2739): 	at java.util.concurrent.ThreadPoolExecutor.runWorker(ThreadPoolExecutor.java:1167)
08-13 11:19:50.397 W/GLSUser ( 2739): 	at java.util.concurrent.ThreadPoolExecutor$Worker.run(ThreadPoolExecutor.java:641)
08-13 11:19:50.397 W/GLSUser ( 2739): 	at sxw.run(:com.google.android.gms@200414022@20.04.14 (040700-294335909):0)
08-13 11:19:50.397 W/GLSUser ( 2739): 	at java.lang.Thread.run(Thread.java:919)
08-13 11:19:50.475 W/GLSUser ( 2739): [AppCertManager] IOException while requesting key: 
08-13 11:19:50.475 W/GLSUser ( 2739): java.io.IOException: Invalid device key response.
08-13 11:19:50.475 W/GLSUser ( 2739): 	at iko.a(:com.google.android.gms@200414022@20.04.14 (040700-294335909):50)
08-13 11:19:50.475 W/GLSUser ( 2739): 	at ikm.a(:com.google.android.gms@200414022@20.04.14 (040700-294335909):42)
08-13 11:19:50.475 W/GLSUser ( 2739): 	at ikh.a(:com.google.android.gms@200414022@20.04.14 (040700-294335909):0)
08-13 11:19:50.475 W/GLSUser ( 2739): 	at ikk.a(:com.google.android.gms@200414022@20.04.14 (040700-294335909):10)
08-13 11:19:50.475 W/GLSUser ( 2739): 	at gyc.call(:com.google.android.gms@200414022@20.04.14 (040700-294335909):9)
08-13 11:19:50.475 W/GLSUser ( 2739): 	at java.util.concurrent.FutureTask.run(FutureTask.java:266)
08-13 11:19:50.475 W/GLSUser ( 2739): 	at srw.b(:com.google.android.gms@200414022@20.04.14 (040700-294335909):14)
08-13 11:19:50.475 W/GLSUser ( 2739): 	at srw.run(:com.google.android.gms@200414022@20.04.14 (040700-294335909):2)
08-13 11:19:50.475 W/GLSUser ( 2739): 	at java.util.concurrent.ThreadPoolExecutor.runWorker(ThreadPoolExecutor.java:1167)
08-13 11:19:50.475 W/GLSUser ( 2739): 	at java.util.concurrent.ThreadPoolExecutor$Worker.run(ThreadPoolExecutor.java:641)
08-13 11:19:50.475 W/GLSUser ( 2739): 	at sxw.run(:com.google.android.gms@200414022@20.04.14 (040700-294335909):0)
08-13 11:19:50.475 W/GLSUser ( 2739): 	at java.lang.Thread.run(Thread.java:919)
08-13 11:19:52.079 I/MicroDetectionWorker( 3484): #startMicroDetector [speakerMode: 0]
08-13 11:19:52.081 W/ErrorReporter( 3484): reportError [type: 211, code: 393244, bug: 0]: errorCode: 393244, engine: 0
08-13 11:19:52.082 I/MicroDetector( 3484): Keeping mic open: false
08-13 11:19:52.082 I/MicroDetectionWorker( 3484): #onError(false)
08-13 11:19:55.255 E/memtrack( 2064): Couldn't load memtrack module
08-13 11:19:55.255 W/android.os.Debug( 2064): failed to get memory consumption info: -1
08-13 11:19:55.261 E/memtrack( 2064): Couldn't load memtrack module
08-13 11:19:55.261 W/android.os.Debug( 2064): failed to get memory consumption info: -1
08-13 11:19:55.266 E/memtrack( 2064): Couldn't load memtrack module
08-13 11:19:55.266 W/android.os.Debug( 2064): failed to get memory consumption info: -1
08-13 11:19:57.087 I/MicroDetectionWorker( 3484): #startMicroDetector [speakerMode: 0]
08-13 11:19:57.091 W/ErrorReporter( 3484): reportError [type: 211, code: 393244, bug: 0]: errorCode: 393244, engine: 0
08-13 11:19:57.091 I/MicroDetector( 3484): Keeping mic open: false
08-13 11:19:57.091 I/MicroDetectionWorker( 3484): #onError(false)
08-13 11:20:00.020 D/KeyguardClockSwitch( 2274): Updating clock: 1120
08-13 11:20:00.039 D/EGL_emulation( 2274): eglMakeCurrent: 0xe1f1a840: ver 2 0 (tinfo 0xe1f0f470)
08-13 11:20:01.769 I/Dialer  ( 6284): OmtpVvmCarrierCfgHlpr - OmtpEvent:CONFIG_STATUS_SMS_TIME_OUT
08-13 11:20:01.770 I/Dialer  ( 6284): RetryPolicy - Retry limit for com.android.voicemail.impl.ActivationTask@5b6d934 reached
08-13 11:20:01.770 I/Dialer  ( 6284): RetryPolicy - committing deferred status: configuration_state=4
08-13 11:20:01.812 I/VoicemailNotifier( 6856): receivers for android.intent.action.PROVIDER_CHANGED :[]
08-13 11:20:01.817 I/Dialer  ( 6284): VvmTaskExecutor - no more tasks, stopping service if no task are added in 5000 millis
08-13 11:20:02.106 I/MicroDetectionWorker( 3484): #startMicroDetector [speakerMode: 0]
08-13 11:20:02.113 W/ErrorReporter( 3484): reportError [type: 211, code: 393244, bug: 0]: errorCode: 393244, engine: 0
08-13 11:20:02.114 I/MicroDetector( 3484): Keeping mic open: false
08-13 11:20:02.114 I/MicroDetectionWorker( 3484): #onError(false)
08-13 11:20:06.834 I/Dialer  ( 6284): VvmTaskExecutor - Stopping service
08-13 11:20:06.834 I/Dialer  ( 6284): VvmTaskExecutor - finishing Job
08-13 11:20:06.835 I/Dialer  ( 6284): TaskSchedulerJobService - finishing job
08-13 11:20:06.866 I/Dialer  ( 6284): JobFinishedPoller.run - Job finished
08-13 11:20:06.866 I/Dialer  ( 6284): VvmTaskExecutor - terminated
08-13 11:20:06.888 D/Zygote  ( 1762): Forked child process 7590
--------- beginning of system
08-13 11:20:06.895 I/ActivityManager( 2064): Start proc 7590:com.google.android.projection.gearhead:shared/u0a104 for service {com.google.android.projection.gearhead/com.google.android.apps.auto.components.app.fzero.LauncherIconStateVerificationService}
08-13 11:20:06.903 W/gearhead:share( 7590): Unexpected CPU variant for X86 using defaults: x86
08-13 11:20:06.932 D/ApplicationLoaders( 7590): Returning zygote-cached class loader: /system/framework/android.hidl.base-V1.0-java.jar
08-13 11:20:06.932 D/ApplicationLoaders( 7590): Returning zygote-cached class loader: /system/framework/android.hidl.manager-V1.0-java.jar
08-13 11:20:06.932 D/ApplicationLoaders( 7590): Returning zygote-cached class loader: /system/framework/android.hidl.base-V1.0-java.jar
08-13 11:20:06.939 I/gearhead:share( 7590): The ClassLoaderContext is a special shared library.
08-13 11:20:06.952 I/MultiDex( 7590): VM with version 2.1.0 has multidex support
08-13 11:20:06.952 I/MultiDex( 7590): install
08-13 11:20:06.952 I/MultiDex( 7590): VM has multidex support, MultiDex support library is disabled.
08-13 11:20:06.957 W/Primes  ( 7590): Primes not initialized, returning default (no-op) Primes instance which will ignore all calls. Please call Primes.initialize(...) before using any Primes API.
08-13 11:20:06.959 I/CAR.GH  ( 7590): onCreate
08-13 11:20:07.029 I/CAR.GH  ( 7590): Process: SHARED_SERVICE
08-13 11:20:07.111 I/GAv4    ( 7590): Google Analytics 17.4.49 is starting up. To enable debug logging on a device run:
08-13 11:20:07.111 I/GAv4    ( 7590):   adb shell setprop log.tag.GAv4 DEBUG
08-13 11:20:07.111 I/GAv4    ( 7590):   adb logcat -s GAv4
08-13 11:20:07.119 I/MicroDetectionWorker( 3484): #startMicroDetector [speakerMode: 0]
08-13 11:20:07.121 W/ErrorReporter( 3484): reportError [type: 211, code: 393244, bug: 0]: errorCode: 393244, engine: 0
08-13 11:20:07.123 I/MicroDetector( 3484): Keeping mic open: false
08-13 11:20:07.123 I/MicroDetectionWorker( 3484): #onError(false)
08-13 11:20:07.161 W/GAv4    ( 7590): AnalyticsReceiver is not registered or is disabled. Register the receiver for reliable dispatching on non-Google Play devices. See http://goo.gl/8Rd3yj for instructions.
08-13 11:20:07.179 E/BluetoothAdapter( 7590): Bluetooth binder is null
08-13 11:20:07.197 I/GH.CONFIG( 7590): groups:
08-13 11:20:07.211 I/GH.CONFIG( 7590): everyone
08-13 11:20:07.230 W/GAv4    ( 7590): CampaignTrackingReceiver is not registered, not exported or is disabled. Installation campaign tracking is not possible. See http://goo.gl/8Rd3yj for instructions.
08-13 11:20:07.243 W/GAv4    ( 7590): AnalyticsService not registered in the app manifest. Hits might not be delivered reliably. See http://goo.gl/8Rd3yj for instructions.
08-13 11:20:07.263 I/system_server( 2064): Background young concurrent copying GC freed 52449(4435KB) AllocSpace objects, 72(1472KB) LOS objects, 33% free, 11MB/17MB, paused 53us total 120.598ms
08-13 11:20:07.318 I/ActivityManager( 2064): Killing 5248:com.google.process.gapps/u0a98 (adj 975): empty #17
08-13 11:20:07.321 I/libprocessgroup( 2064): Successfully killed process cgroup uid 10098 pid 5248 in 0ms
08-13 11:20:07.354 I/Zygote  ( 1762): Process 5248 exited due to signal 9 (Killed)
08-13 11:20:09.242 E/studio.deploy( 7633): Could not get package user id: /system/bin/run-as: unknown package: jp.co.agoop.com.example
08-13 11:20:09.268 E/studio.deploy( 7633): Could not find apks for this package: jp.co.agoop.com.example
08-13 11:20:09.268 E/studio.deploy( 7633): Error: 
08-13 11:20:10.004 W/system_server( 2064): Long monitor contention with owner android.io (2095) at void java.io.FileDescriptor.sync()(FileDescriptor.java:-2) waiters=0 in android.content.pm.PackageInstaller$SessionInfo com.android.server.pm.PackageInstallerService.getSessionInfo(int) for 615ms
08-13 11:20:10.004 W/system_server( 2064): Long monitor contention with owner android.io (2095) at void java.io.FileDescriptor.sync()(FileDescriptor.java:-2) waiters=1 in android.content.pm.PackageInstaller$SessionInfo com.android.server.pm.PackageInstallerService.getSessionInfo(int) for 616ms
08-13 11:20:10.005 W/system_server( 2064): Long monitor contention with owner android.io (2095) at void java.io.FileDescriptor.sync()(FileDescriptor.java:-2) waiters=2 in android.content.pm.IPackageInstallerSession com.android.server.pm.PackageInstallerService.openSessionInternal(int) for 547ms
08-13 11:20:11.541 I/PackageManager( 2064): Un-granting permission android.permission.MANAGE_DOCUMENTS from package com.google.android.youtube (protectionLevel=262146 flags=0x30dbbe45)
08-13 11:20:11.542 I/PackageManager( 2064): Un-granting permission com.google.android.googleapps.permission.GOOGLE_AUTH from package com.android.providers.calendar (protectionLevel=2 flags=0x30883e45)
08-13 11:20:11.542 I/PackageManager( 2064): Un-granting permission com.google.android.googleapps.permission.GOOGLE_AUTH.cl from package com.android.providers.calendar (protectionLevel=2 flags=0x30883e45)
08-13 11:20:11.542 I/PackageManager( 2064): Un-granting permission android.permission.WRITE_SECURE_SETTINGS from package com.google.android.apps.enterprise.dmagent (protectionLevel=50 flags=0x30083e05)
08-13 11:20:11.542 I/PackageManager( 2064): Un-granting permission android.permission.CONNECTIVITY_INTERNAL from package com.google.android.apps.enterprise.dmagent (protectionLevel=18 flags=0x30083e05)
08-13 11:20:11.542 I/PackageManager( 2064): Un-granting permission android.permission.MANAGE_USB from package com.google.android.apps.enterprise.dmagent (protectionLevel=18 flags=0x30083e05)
08-13 11:20:11.542 I/PackageManager( 2064): Un-granting permission android.permission.CHANGE_COMPONENT_ENABLED_STATE from package com.google.android.apps.enterprise.dmagent (protectionLevel=18 flags=0x30083e05)
08-13 11:20:11.542 I/PackageManager( 2064): Un-granting permission android.permission.MANAGE_CA_CERTIFICATES from package com.google.android.apps.enterprise.dmagent (protectionLevel=18 flags=0x30083e05)
08-13 11:20:11.542 I/PackageManager( 2064): Un-granting permission android.permission.MANAGE_USERS from package com.google.android.apps.enterprise.dmagent (protectionLevel=18 flags=0x30083e05)
08-13 11:20:11.542 I/PackageManager( 2064): Un-granting permission com.google.android.setupwizard.READ_DEVICE_ORIGIN from package com.google.android.apps.messaging (protectionLevel=18 flags=0x38cbbe45)
08-13 11:20:11.543 I/PackageManager( 2064): Un-granting permission android.permission.BIND_WALLPAPER from package com.android.camera2 (protectionLevel=18 flags=0x20d8bc45)
08-13 11:20:11.543 I/PackageManager( 2064): Un-granting permission android.permission.REQUEST_INSTALL_PACKAGES from package com.google.android.gm (protectionLevel=66 flags=0x38cbbe45)
08-13 11:20:11.544 I/PackageManager( 2064): Un-granting permission android.permission.BIND_JOB_SERVICE from package com.google.android.music (protectionLevel=2 flags=0x38cbbe65)
08-13 11:20:11.544 I/PackageManager( 2064): Un-granting permission android.permission.CONNECTIVITY_USE_RESTRICTED_NETWORKS from package com.google.android.captiveportallogin (protectionLevel=18 flags=0x38c8be45)
08-13 11:20:11.544 I/PackageManager( 2064): Un-granting permission android.permission.NETWORK_BYPASS_PRIVATE_DNS from package com.google.android.captiveportallogin (protectionLevel=2 flags=0x38c8be45)
08-13 11:20:11.544 I/PackageManager( 2064): Un-granting permission android.permission.REQUEST_INSTALL_PACKAGES from package com.google.android.apps.docs (protectionLevel=66 flags=0x38cbbe45)
08-13 11:20:11.545 I/PackageManager( 2064): Un-granting permission android.permission.INTERACT_ACROSS_USERS from package com.google.android.syncadapters.contacts (protectionLevel=50 flags=0x20883e45)
08-13 11:20:11.545 I/PackageManager( 2064): Un-granting permission android.permission.REQUEST_INSTALL_PACKAGES from package com.android.chrome (protectionLevel=66 flags=0xa0cbbe45)
08-13 11:20:11.545 I/PackageManager( 2064): Un-granting permission com.google.android.apps.now.CURRENT_ACCOUNT_ACCESS from package com.android.chrome (protectionLevel=2 flags=0xa0cbbe45)
08-13 11:20:11.546 I/PackageManager( 2064): Un-granting permission android.permission.CAPTURE_VIDEO_OUTPUT from package com.google.android.gms (protectionLevel=2 flags=0xb0cabe45)
08-13 11:20:11.546 I/PackageManager( 2064): Un-granting permission android.permission.MANAGE_DEVICE_ADMINS from package com.google.android.gms (protectionLevel=2 flags=0xb0cabe45)
08-13 11:20:11.546 I/PackageManager( 2064): Un-granting permission android.permission.MANAGE_ACTIVITY_STACKS from package com.google.android.gms (protectionLevel=2 flags=0xb0cabe45)
08-13 11:20:11.546 I/PackageManager( 2064): Un-granting permission android.permission.CAPTURE_SECURE_VIDEO_OUTPUT from package com.google.android.gms (protectionLevel=2 flags=0xb0cabe45)
08-13 11:20:11.547 I/PackageManager( 2064): Un-granting permission com.google.android.googleapps.permission.GOOGLE_AUTH from package com.google.android.videos (protectionLevel=2 flags=0x30dbbe45)
08-13 11:20:11.548 I/PackageManager( 2064): Un-granting permission android.permission.WRITE_MEDIA_STORAGE from package com.google.android.apps.photos (protectionLevel=18 flags=0x38d9be45)
08-13 11:20:11.620 D/PackageManager( 2064): Instant App installer not found with android.intent.action.INSTALL_INSTANT_APP_PACKAGE
08-13 11:20:11.620 D/PackageManager( 2064): Clear ephemeral installer activity
08-13 11:20:11.660 V/BackupManagerService( 2064): restoreAtInstall pkg=jp.co.agoop.com.example token=2 restoreSet=0
08-13 11:20:11.660 V/BackupManagerService( 2064): Finishing install immediately
08-13 11:20:11.685 D/vold    ( 1648): Remounting 10137 as mode default
08-13 11:20:11.702 I/netd    ( 1761): trafficSetNetPermForUids(4, [10137]) <0.03ms>
08-13 11:20:11.728 E/        ( 1813): Couldn't opendir /data/app/vmdl1851241698.tmp: No such file or directory
08-13 11:20:11.728 E/installd( 1813): Failed to delete /data/app/vmdl1851241698.tmp: No such file or directory
08-13 11:20:11.756 I/RoleManagerService( 2064): Granting default permissions...
08-13 11:20:11.779 W/BroadcastQueue( 2064): Background execution not allowed: receiving Intent { act=android.intent.action.PACKAGE_ADDED dat=package:jp.co.agoop.com.example flg=0x4000010 (has extras) } to com.google.android.packageinstaller/com.android.packageinstaller.PackageInstalledReceiver
08-13 11:20:11.779 W/BroadcastQueue( 2064): Background execution not allowed: receiving Intent { act=android.intent.action.PACKAGE_ADDED dat=package:jp.co.agoop.com.example flg=0x4000010 (has extras) } to com.android.musicfx/.Compatibility$Receiver
08-13 11:20:11.779 W/BroadcastQueue( 2064): Background execution not allowed: receiving Intent { act=android.intent.action.PACKAGE_ADDED dat=package:jp.co.agoop.com.example flg=0x4000010 (has extras) } to com.google.android.gms/.games.chimera.GamesSystemBroadcastReceiverProxy
08-13 11:20:11.779 W/BroadcastQueue( 2064): Background execution not allowed: receiving Intent { act=android.intent.action.PACKAGE_ADDED dat=package:jp.co.agoop.com.example flg=0x4000010 (has extras) } to com.google.android.gms/.gass.chimera.PackageChangeBroadcastReceiver
08-13 11:20:11.779 W/BroadcastQueue( 2064): Background execution not allowed: receiving Intent { act=android.intent.action.PACKAGE_ADDED dat=package:jp.co.agoop.com.example flg=0x4000010 (has extras) } to com.google.android.gms/.chimera.GmsIntentOperationService$PersistentTrustedReceiver
08-13 11:20:11.779 W/BroadcastQueue( 2064): Background execution not allowed: receiving Intent { act=android.intent.action.PACKAGE_ADDED dat=package:jp.co.agoop.com.example flg=0x4000010 (has extras) } to com.google.android.googlequicksearchbox/com.google.android.apps.gsa.googlequicksearchbox.GelStubAppWatcher
08-13 11:20:11.779 W/BroadcastQueue( 2064): Background execution not allowed: receiving Intent { act=android.intent.action.PACKAGE_ADDED dat=package:jp.co.agoop.com.example flg=0x4000010 (has extras) } to com.google.android.ims/.receivers.RcsAutoStartReceiver
08-13 11:20:11.809 E/ActivityThread( 2543): Failed to find provider info for com.google.android.apps.wellbeing.api
08-13 11:20:11.853 I/InputReader( 2064): Reconfiguring input devices.  changes=0x00000010
08-13 11:20:11.916 D/CarrierSvcBindHelper( 3588): No carrier app for: 0
08-13 11:20:11.920 D/CarrierConfigLoader( 3588): mHandler: 9 phoneId: 0
08-13 11:20:11.945 W/Looper  ( 2064): Slow dispatch took 189ms main h=android.app.ActivityThread$H c=android.app.-$$Lambda$LoadedApk$ReceiverDispatcher$Args$_BumDX2UKsnxLVrE6UJsJZkotuA@a989ce0 m=0
08-13 11:20:12.007 W/ActivityManager( 2064): Unable to start service Intent { act=com.google.android.gms.auth.key.retrieval.service.START pkg=com.google.android.gms } U=0: not found
08-13 11:20:12.019 W/GCM     ( 2739): Unexpected forwarded intent: Intent { act=android.intent.action.PACKAGE_ADDED dat=package:jp.co.agoop.com.example flg=0x4000010 cmp=com.google.android.gms/.chimera.PersistentIntentOperationService (has extras) }
08-13 11:20:12.054 W/GCM     ( 2739): Unexpected forwarded intent: Intent { act=android.intent.action.PACKAGE_ADDED dat=package:jp.co.agoop.com.example flg=0x4000010 cmp=com.google.android.gms/.chimera.PersistentIntentOperationService (has extras) }
08-13 11:20:12.080 I/Auth    ( 3002): [SupervisedAccountIntentOperation] onHandleIntent(): android.intent.action.PACKAGE_ADDED
08-13 11:20:12.081 I/ChromeSync( 3002): [Sync,SyncIntentOperation] Handling the intent: Intent { act=android.intent.action.PACKAGE_ADDED dat=package:jp.co.agoop.com.example flg=0x4000010 cmp=com.google.android.gms/.chimera.GmsIntentOperationService (has extras) }.
08-13 11:20:12.093 W/ActivityManager( 2064): Unbind failed: could not find connection for android.os.BinderProxy@d9aa70c
08-13 11:20:12.127 I/MicroDetectionWorker( 3484): #startMicroDetector [speakerMode: 0]
08-13 11:20:12.129 W/ErrorReporter( 3484): reportError [type: 211, code: 393244, bug: 0]: errorCode: 393244, engine: 0
08-13 11:20:12.129 I/MicroDetector( 3484): Keeping mic open: false
08-13 11:20:12.130 I/MicroDetectionWorker( 3484): #onError(false)
08-13 11:20:12.172 E/GmsClient( 3002): unable to connect to service: com.google.android.gms.auth.key.retrieval.service.START on com.google.android.gms
08-13 11:20:12.302 W/system_server( 2064): Long monitor contention with owner android.bg (2101) at android.content.res.Resources android.app.ResourcesManager.getOrCreateResources(android.os.IBinder, android.content.res.ResourcesKey, java.lang.ClassLoader)(ResourcesManager.java:762) waiters=0 in android.content.res.Resources android.app.ResourcesManager.getOrCreateResources(android.os.IBinder, android.content.res.ResourcesKey, java.lang.ClassLoader) for 355ms
08-13 11:20:12.313 W/Looper  ( 2064): Slow dispatch took 368ms main h=android.app.ActivityThread$H c=android.app.-$$Lambda$LoadedApk$ReceiverDispatcher$Args$_BumDX2UKsnxLVrE6UJsJZkotuA@b4444c2 m=0
08-13 11:20:12.313 W/Looper  ( 2064): Slow delivery took 562ms main h=android.app.ActivityThread$H c=android.app.-$$Lambda$LoadedApk$ReceiverDispatcher$Args$_BumDX2UKsnxLVrE6UJsJZkotuA@91092d3 m=0
08-13 11:20:12.418 W/gle.android.gm( 3002): Long monitor contention with owner GoogleApiHandler (3474) at boolean sfd.a(sfa, android.content.ServiceConnection, java.lang.String)(:com.google.android.gms@200414022@20.04.14 (040700-294335909):17) waiters=0 in void sfc.onServiceConnected(android.content.ComponentName, android.os.IBinder) for 243ms
08-13 11:20:12.443 I/ChromeSync( 3002): [Persistence,AffiliationManager] One of affiliation or grouping data for android://XDMyk-8I8Ez-xvMdKeAxBGnwGp8NsFU1xfAiC9h903KuXZ9d_8RgLXEICRHkhqvqyxJM5EtrGgCoob2PHD3B9Q==@jp.co.agoop.com.example/ was not found. Marking affiliation data as stale...
08-13 11:20:12.461 I/netd    ( 1761): firewallSetUidRule(2, 10137, 2) <0.03ms>
08-13 11:20:12.461 W/system_server( 2064): Long monitor contention with owner NetworkPolicy (2236) at void com.android.server.net.NetworkPolicyManagerService$6.onReceive(android.content.Context, android.content.Intent)(NetworkPolicyManagerService.java:955) waiters=0 in void com.android.server.net.NetworkPolicyManagerService.handleUidChanged(int, int, long) for 635ms
08-13 11:20:12.514 W/Looper  ( 2064): Slow dispatch took 201ms main h=android.app.ActivityThread$H c=android.app.-$$Lambda$LoadedApk$ReceiverDispatcher$Args$_BumDX2UKsnxLVrE6UJsJZkotuA@cdeec04 m=0
08-13 11:20:12.515 I/Telecom ( 2064): DefaultDialerCache: Refreshing default dialer for user 0: now com.android.dialer: DDC.oR@AMY
08-13 11:20:12.520 V/BackupManagerConstants( 2064): getFullBackupIntervalMilliseconds(...) returns 86400000
08-13 11:20:12.521 V/BackupManagerConstants( 2064): getFullBackupRequiredNetworkType(...) returns 2
08-13 11:20:12.521 V/BackupManagerConstants( 2064): getFullBackupRequireCharging(...) returns true
08-13 11:20:12.521 W/Looper  ( 2064): Drained
08-13 11:20:12.560 I/ActivityTaskManager( 2064): START u0 {act=android.intent.action.MAIN cat=[android.intent.category.LAUNCHER] flg=0x10000000 cmp=jp.co.agoop.com.example/.MainActivity} from uid 2000
08-13 11:20:12.639 I/.gms.persisten( 2739): Background young concurrent copying GC freed 1179(161KB) AllocSpace objects, 0(0B) LOS objects, 0% free, 13MB/13MB, paused 32us total 625.011ms
08-13 11:20:12.654 I/gle.android.gm( 3002): Background young concurrent copying GC freed 18945(1310KB) AllocSpace objects, 8(416KB) LOS objects, 11% free, 8013KB/9058KB, paused 106us total 505.743ms
08-13 11:20:12.809 W/ActivityManager( 2064): Slow operation: 177ms so far, now at getContentProviderImpl: after updateOomAdj
08-13 11:20:12.809 W/ActivityManager( 2064): Slow operation: 177ms so far, now at getContentProviderImpl: done!
08-13 11:20:12.813 E/system_server( 2064): Invalid ID 0x00000000.
08-13 11:20:12.830 W/InputReader( 2064): Device has associated, but no associated display id.
08-13 11:20:12.830 I/chatty  ( 2064): uid=1000(system) Binder:2064_13 identical 8 lines
08-13 11:20:12.830 W/InputReader( 2064): Device has associated, but no associated display id.
08-13 11:20:12.880 D/gralloc_ranchu( 1788): gralloc_alloc: Creating ashmem region of size 3936256
08-13 11:20:12.948 W/ActivityManager( 2064): Slow operation: 85ms so far, now at getContentProviderImpl: after updateOomAdj
08-13 11:20:12.948 W/ActivityManager( 2064): Slow operation: 85ms so far, now at getContentProviderImpl: done!
08-13 11:20:13.013 D/SharedPreferencesImpl( 3002): Time required to fsync /data/user_de/0/com.google.android.gms/shared_prefs/ChimeraConfigService.xml: [<1: 0, <2: 0, <4: 0, <8: 7, <16: 7, <32: 1, <64: 4, <128: 7, <256: 2, <512: 0, <1024: 3, <2048: 0, <4096: 0, <8192: 0, <16384: 0, >=16384: 0]
08-13 11:20:13.057 I/oop.com.exampl( 7682): Not late-enabling -Xcheck:jni (already on)
08-13 11:20:13.080 D/Zygote  ( 1762): Forked child process 7682
08-13 11:20:13.140 W/ActivityManager( 2064): Slow operation: 308ms so far, now at startProcess: returned from zygote!
08-13 11:20:13.140 W/ActivityManager( 2064): Slow operation: 309ms so far, now at startProcess: done updating battery stats
08-13 11:20:13.140 W/ActivityManager( 2064): Slow operation: 309ms so far, now at startProcess: building log message
08-13 11:20:13.140 I/ActivityManager( 2064): Start proc 7682:jp.co.agoop.com.example/u0a137 for activity {jp.co.agoop.com.example/jp.co.agoop.com.example.MainActivity}
08-13 11:20:13.140 W/ActivityManager( 2064): Slow operation: 309ms so far, now at startProcess: starting to update pids map
08-13 11:20:13.140 W/ActivityManager( 2064): Slow operation: 309ms so far, now at startProcess: done updating pids map
08-13 11:20:13.223 I/ModuleSetMgr( 3002): Discarding container Zapp APKs.
08-13 11:20:13.246 I/GmsModuleFndr( 3002): Beginning GMS chimera module scan
08-13 11:20:13.278 I/ModuleSetMgr( 3002): Computing pending module set with APKs: [[AdsFdrDynamite.integ:21001000000], [Cronetdynamite:200414040700], [Dynamiteloader:200414040000], [Dynamitemodulesa:200414040000], [Dynamitemodulesc:200414040000], [Googlecertificates:200414040000], [Mapsdynamite:200414040000], [Measurementdynamite:200414040000]]
08-13 11:20:13.282 I/ModuleSetMgr( 3002): Pending container module APKs: []
08-13 11:20:13.282 I/ModuleSetMgr( 3002): Pending non-container module APKs: []
08-13 11:20:13.292 I/ProvidersCache( 7171): Provider returned no roots. Possibly naughty: com.google.android.apps.docs.storage
08-13 11:20:13.341 E/oop.com.exampl( 7682): Unknown bits set in runtime_flags: 0x8000
08-13 11:20:13.342 W/oop.com.exampl( 7682): Unexpected CPU variant for X86 using defaults: x86
08-13 11:20:13.550 W/InputReader( 2064): Device has associated, but no associated display id.
08-13 11:20:13.572 I/chatty  ( 2064): uid=1000(system) Binder:2064_18 identical 28 lines
08-13 11:20:13.572 W/InputReader( 2064): Device has associated, but no associated display id.
08-13 11:20:13.585 W/InputReader( 2064): Device has associated, but no associated display id.
08-13 11:20:13.632 W/ActivityManager( 2064): Slow operation: 96ms so far, now at attachApplicationLocked: after mServices.attachApplicationLocked
08-13 11:20:13.585 I/chatty  ( 2064): uid=1000(system) android.anim identical 8 lines
08-13 11:20:13.585 W/InputReader( 2064): Device has associated, but no associated display id.
08-13 11:20:13.640 I/netd    ( 1761): firewallSetUidRule(2, 10137, 1) <0.02ms>
08-13 11:20:13.708 D/EGL_emulation( 2274): eglMakeCurrent: 0xe1f1a840: ver 2 0 (tinfo 0xe1f0f470)
08-13 11:20:13.845 I/ChimeraConfigurator( 3002): Update complete: success
08-13 11:20:13.912 D/SharedPreferencesImpl( 3002): Time required to fsync /data/user/0/com.google.android.gms/shared_prefs/proxy-apps-corpus.xml: [<1: 0, <2: 0, <4: 0, <8: 1, <16: 0, <32: 1, <64: 1, <128: 0, <256: 1, <512: 1, <1024: 1, <2048: 0, <4096: 0, <8192: 0, <16384: 0, >=16384: 0]
08-13 11:20:14.047 D/EGL_emulation( 2543): eglMakeCurrent: 0xe9fb5900: ver 2 0 (tinfo 0xca8e9410)
08-13 11:20:14.080 I/ModuleSetMgr( 3002): Discarding container Zapp APKs.
08-13 11:20:14.218 W/hw-IPCThreadState( 1792): All binder threads in pool (2 threads) busy for 118 ms
08-13 11:20:14.231 D/EGL_emulation( 3484): eglMakeCurrent: 0xe9fbcd20: ver 2 0 (tinfo 0xc5dbd340)
08-13 11:20:14.239 W/gle.android.gm( 3002): Long monitor contention with owner GoogleApiHandler (3474) at boolean sfd.a(sfa, android.content.ServiceConnection, java.lang.String)(:com.google.android.gms@200414022@20.04.14 (040700-294335909):17) waiters=0 in void sfc.onServiceConnected(android.content.ComponentName, android.os.IBinder) for 503ms
08-13 11:20:14.297 D/EGL_emulation( 2274): eglMakeCurrent: 0xe1f1a840: ver 2 0 (tinfo 0xe1f0f470)
08-13 11:20:14.377 D/EGL_emulation( 2274): eglMakeCurrent: 0xe1f1a840: ver 2 0 (tinfo 0xe1f0f470)
08-13 11:20:14.383 I/Choreographer( 2274): Skipped 39 frames!  The application may be doing too much work on its main thread.
08-13 11:20:14.404 I/ExampleApplication( 7682): ----ExampleApplication: isNetowrkTask: true
08-13 11:20:14.404 I/ExampleApplication( 7682): ----ExampleApplication: isThroughputTask: false
08-13 11:20:14.437 E/SurfaceFlinger( 1801): ro.sf.lcd_density must be defined as a build property
08-13 11:20:14.439 E/SurfaceFlinger( 1801): ro.sf.lcd_density must be defined as a build property
08-13 11:20:14.450 I/OpenGLRenderer( 2274): Davey! duration=767ms; Flags=0, IntendedVsync=558468606107, Vsync=558551939437, OldestInputEvent=9223372036854775807, NewestInputEvent=0, HandleInputStart=558563555748, AnimationStart=558563557127, PerformTraversalsStart=558564582516, DrawStart=559163534168, SyncQueued=559163757239, SyncStart=559231955205, IssueDrawCommandsStart=559241831646, SwapBuffers=559246564381, FrameCompleted=559304672759, DequeueBufferDuration=1808000, QueueBufferDuration=52911000, 
08-13 11:20:14.451 D/EGL_emulation( 2274): eglMakeCurrent: 0xe1f1a840: ver 2 0 (tinfo 0xe1f0f470)
08-13 11:20:14.460 D/libEGL  ( 7682): Emulator has host GPU support, qemu.gles is set to 1.
08-13 11:20:14.460 W/libc    ( 7682): Unable to set property "qemu.gles" to "1": connection failed; errno=13 (Permission denied)
08-13 11:20:14.464 D/libEGL  ( 7682): loaded /vendor/lib/egl/libEGL_emulation.so
08-13 11:20:14.465 D/libEGL  ( 7682): loaded /vendor/lib/egl/libGLESv1_CM_emulation.so
08-13 11:20:14.484 W/gle.android.gm( 3002): Long monitor contention with owner lowpool[18] (7126) at void acoi.b(acok)(:com.google.android.gms@200414022@20.04.14 (040700-294335909):4) waiters=0 in acok acoi.a(acok, long) for 203ms
08-13 11:20:14.536 I/OpenGLRenderer( 2274): Davey! duration=738ms; Flags=0, IntendedVsync=558585285445, Vsync=559235285419, OldestInputEvent=9223372036854775807, NewestInputEvent=0, HandleInputStart=559237664168, AnimationStart=559237685269, PerformTraversalsStart=559239086361, DrawStart=559239228192, SyncQueued=559239699422, SyncStart=559306568692, IssueDrawCommandsStart=559308291434, SwapBuffers=559370720837, FrameCompleted=559390261300, DequeueBufferDuration=8047000, QueueBufferDuration=5925000, 
08-13 11:20:14.548 D/libEGL  ( 7682): loaded /vendor/lib/egl/libGLESv2_emulation.so
08-13 11:20:14.580 D/EGL_emulation( 2274): eglMakeCurrent: 0xe1f1a840: ver 2 0 (tinfo 0xe1f0f470)
08-13 11:20:14.608 I/OpenGLRenderer( 2274): Davey! duration=748ms; Flags=0, IntendedVsync=558585285445, Vsync=559235285419, OldestInputEvent=9223372036854775807, NewestInputEvent=0, HandleInputStart=559237664168, AnimationStart=559237685269, PerformTraversalsStart=559239086361, DrawStart=559306825886, SyncQueued=559307028900, SyncStart=559435102582, IssueDrawCommandsStart=559438714642, SwapBuffers=559440362839, FrameCompleted=559462027468, DequeueBufferDuration=77000, QueueBufferDuration=316000, 
08-13 11:20:14.720 I/ActivityTaskManager( 2064): START u0 {act=android.content.pm.action.REQUEST_PERMISSIONS pkg=com.google.android.permissioncontroller cmp=com.google.android.permissioncontroller/com.android.packageinstaller.permission.ui.GrantPermissionsActivity (has extras)} from uid 10137
08-13 11:20:14.762 I/Icing   ( 3002): IndexChimeraService.getServiceInterface callingPackage=com.google.android.gms componentName=AppsCorpus serviceId=36
08-13 11:20:14.821 I/.gms.persisten( 2739): Background concurrent copying GC freed 90635(4073KB) AllocSpace objects, 15(2384KB) LOS objects, 46% free, 7202KB/13MB, paused 35us total 2.133s
08-13 11:20:14.829 I/gle.android.gm( 3002): Background concurrent copying GC freed 40377(2323KB) AllocSpace objects, 19(892KB) LOS objects, 45% free, 7355KB/13MB, paused 52.652ms total 1.716s
08-13 11:20:14.837 W/system_server( 2064): Long monitor contention with owner android.bg (2101) at android.content.res.Resources android.app.ResourcesManager.getOrCreateResources(android.os.IBinder, android.content.res.ResourcesKey, java.lang.ClassLoader)(ResourcesManager.java:762) waiters=0 in android.app.LoadedApk android.app.ActivityThread.getPackageInfo(java.lang.String, android.content.res.CompatibilityInfo, int, int) for 117ms
08-13 11:20:14.897 W/InputReader( 2064): Device has associated, but no associated display id.
08-13 11:20:14.897 I/chatty  ( 2064): uid=1000(system) Binder:2064_10 identical 19 lines
08-13 11:20:14.898 W/InputReader( 2064): Device has associated, but no associated display id.
08-13 11:20:14.904 W/ActivityThread( 4497): handleWindowVisibility: no activity for token android.os.BinderProxy@bd1c477
08-13 11:20:14.898 W/InputReader( 2064): Device has associated, but no associated display id.
08-13 11:20:14.907 I/chatty  ( 2064): uid=1000(system) Binder:2064_10 identical 17 lines
08-13 11:20:14.907 W/InputReader( 2064): Device has associated, but no associated display id.
08-13 11:20:15.014 D/gralloc_ranchu( 1788): gralloc_alloc: Creating ashmem region of size 4333568
08-13 11:20:15.041 D/gralloc_ranchu( 1788): gralloc_alloc: Creating ashmem region of size 4333568
08-13 11:20:15.062 D/EGL_emulation( 4497): eglMakeCurrent: 0xe9fb53c0: ver 2 0 (tinfo 0xea054ee0)
08-13 11:20:15.110 D/gralloc_ranchu( 1788): gralloc_alloc: Creating ashmem region of size 630784
08-13 11:20:15.130 D/gralloc_ranchu( 1788): gralloc_alloc: Creating ashmem region of size 4333568
08-13 11:20:15.153 W/InputReader( 2064): Device has associated, but no associated display id.
08-13 11:20:15.153 I/chatty  ( 2064): uid=1000(system) android.anim identical 8 lines
08-13 11:20:15.153 W/InputReader( 2064): Device has associated, but no associated display id.
08-13 11:20:15.302 W/Icing   ( 3002): Failed to get Lockbox signed-in status: java.util.concurrent.TimeoutException: Timed out waiting for Task
08-13 11:20:15.302 W/Icing   ( 3002): getSignedInAccountName: Falling back to default value
08-13 11:20:15.304 I/PBSessionCacheImpl( 3484): Deleted sessionId[290850758240] from persistence.
08-13 11:20:15.339 D/HostConnection( 2064): HostConnection::get() New Host Connection established 0xde9dc1a0, tid 7024
08-13 11:20:15.339 D/HostConnection( 2064): HostComposition ext ANDROID_EMU_CHECKSUM_HELPER_v1 ANDROID_EMU_dma_v1 ANDROID_EMU_direct_mem ANDROID_EMU_host_composition_v1 ANDROID_EMU_host_composition_v2 ANDROID_EMU_YUV_Cache ANDROID_EMU_async_unmap_buffer GL_OES_vertex_array_object GL_KHR_texture_compression_astc_ldr ANDROID_EMU_gles_max_version_2 
08-13 11:20:15.339 W/OpenGLRenderer( 2064): Failed to choose config with EGL_SWAP_BEHAVIOR_PRESERVED, retrying without...
08-13 11:20:15.376 D/EGL_emulation( 2064): eglCreateContext: 0xde922480: maj 2 min 0 rcv 2
08-13 11:20:15.458 W/SearchServiceCore( 3484): Abort, client detached.
08-13 11:20:15.461 D/EGL_emulation( 2064): eglMakeCurrent: 0xde922480: ver 2 0 (tinfo 0xdea554d0)
08-13 11:20:15.480 D/HostConnection( 2064): HostConnection::get() New Host Connection established 0xb77eb210, tid 5564
08-13 11:20:15.480 D/HostConnection( 2064): HostComposition ext ANDROID_EMU_CHECKSUM_HELPER_v1 ANDROID_EMU_dma_v1 ANDROID_EMU_direct_mem ANDROID_EMU_host_composition_v1 ANDROID_EMU_host_composition_v2 ANDROID_EMU_YUV_Cache ANDROID_EMU_async_unmap_buffer GL_OES_vertex_array_object GL_KHR_texture_compression_astc_ldr ANDROID_EMU_gles_max_version_2 
08-13 11:20:15.621 I/oop.com.exampl( 7682): Background young concurrent copying GC freed 29795(7355KB) AllocSpace objects, 6(248KB) LOS objects, 82% free, 1334KB/7478KB, paused 76us total 248.997ms
08-13 11:20:15.627 D/HostConnection( 7682): HostConnection::get() New Host Connection established 0xde9d8c30, tid 7711
08-13 11:20:15.641 D/HostConnection( 7682): HostComposition ext ANDROID_EMU_CHECKSUM_HELPER_v1 ANDROID_EMU_dma_v1 ANDROID_EMU_direct_mem ANDROID_EMU_host_composition_v1 ANDROID_EMU_host_composition_v2 ANDROID_EMU_YUV_Cache ANDROID_EMU_async_unmap_buffer GL_OES_vertex_array_object GL_KHR_texture_compression_astc_ldr ANDROID_EMU_gles_max_version_2 
08-13 11:20:15.646 W/Icing   ( 3002): No valid account for uploading user actions
08-13 11:20:15.673 I/system_server( 2064): Background concurrent copying GC freed 77104(4516KB) AllocSpace objects, 35(1944KB) LOS objects, 33% free, 12MB/18MB, paused 148us total 3.956s
08-13 11:20:15.691 W/OpenGLRenderer( 7682): Failed to choose config with EGL_SWAP_BEHAVIOR_PRESERVED, retrying without...
08-13 11:20:15.825 D/EGL_emulation( 7682): eglCreateContext: 0xde923620: maj 2 min 0 rcv 2
08-13 11:20:15.880 D/EGL_emulation( 7682): eglMakeCurrent: 0xde923620: ver 2 0 (tinfo 0xf5299d00)
08-13 11:20:15.907 D/gralloc_ranchu( 1788): gralloc_alloc: Creating ashmem region of size 3936256
08-13 11:20:15.935 I/hwservicemanager( 1645): getTransport: Cannot find entry android.hardware.graphics.mapper@3.0::IMapper/default in either framework or device manifest.
08-13 11:20:15.936 W/Gralloc3( 7682): mapper 3.x is not supported
08-13 11:20:15.938 D/HostConnection( 7682): createUnique: call
08-13 11:20:15.940 D/HostConnection( 7682): HostConnection::get() New Host Connection established 0xde9dab20, tid 7711
08-13 11:20:15.940 D/HostConnection( 7682): HostComposition ext ANDROID_EMU_CHECKSUM_HELPER_v1 ANDROID_EMU_dma_v1 ANDROID_EMU_direct_mem ANDROID_EMU_host_composition_v1 ANDROID_EMU_host_composition_v2 ANDROID_EMU_YUV_Cache ANDROID_EMU_async_unmap_buffer GL_OES_vertex_array_object GL_KHR_texture_compression_astc_ldr ANDROID_EMU_gles_max_version_2 
08-13 11:20:15.940 D/eglCodecCommon( 7682): allocate: Ask for block of size 0x1000
08-13 11:20:15.941 D/eglCodecCommon( 7682): allocate: ioctl allocate returned offset 0x3ffc2e000 size 0x2000
08-13 11:20:15.943 D/gralloc_ranchu( 1788): gralloc_alloc: Creating ashmem region of size 3936256
08-13 11:20:15.990 D/EGL_emulation( 7682): eglMakeCurrent: 0xde923620: ver 2 0 (tinfo 0xf5299d00)
08-13 11:20:16.008 D/gralloc_ranchu( 1788): gralloc_alloc: Creating ashmem region of size 3936256
08-13 11:20:16.027 I/RoleUserState( 2064): Wrote roles.xml successfully
08-13 11:20:16.038 I/Icing   ( 3002): IndexChimeraService.getServiceInterface callingPackage=com.google.android.gms componentName=null serviceId=30
08-13 11:20:14.448 W/RenderThread( 7682): type=1400 audit(0.0:40): avc: denied { write } for name="property_service" dev="tmpfs" ino=6799 scontext=u:r:untrusted_app:s0:c137,c256,c512,c768 tcontext=u:object_r:property_socket:s0 tclass=sock_file permissive=0 app=jp.co.agoop.com.example
08-13 11:20:16.098 I/ActivityTaskManager( 2064): Displayed com.google.android.permissioncontroller/com.android.packageinstaller.permission.ui.GrantPermissionsActivity: +2s621ms
08-13 11:20:16.130 I/Icing   ( 3002): Usage reports ok 1, Failed Usage reports 0, indexed 0, rejected 0
08-13 11:20:16.321 W/gle.android.gm( 3002): Long monitor contention with owner GoogleApiHandler (3474) at boxf srt.a(java.util.concurrent.Callable, long, java.util.concurrent.TimeUnit)(:com.google.android.gms@200414022@20.04.14 (040700-294335909):14) waiters=0 in void srs.run() for 151ms
08-13 11:20:16.323 I/Icing   ( 3002): IndexChimeraService.getServiceInterface callingPackage=com.google.android.gms componentName=null serviceId=36
08-13 11:20:16.671 W/s.nexuslaunche( 2543): Long monitor contention with owner launcher-loader (3058) at boolean android.os.MessageQueue.enqueueMessage(android.os.Message, long)(MessageQueue.java:556) waiters=0 in android.os.Message android.os.MessageQueue.next() for 283ms
08-13 11:20:16.676 W/gle.android.gm( 3002): Long monitor contention with owner highpool[0] (3417) at boxf srt.a(java.util.concurrent.Callable, long, java.util.concurrent.TimeUnit)(:com.google.android.gms@200414022@20.04.14 (040700-294335909):14) waiters=0 in void srs.run() for 285ms
08-13 11:20:16.680 W/Icing   ( 3002): No valid account for uploading user actions
08-13 11:20:16.702 I/Icing   ( 3002): Usage reports ok 0, Failed Usage reports 0, indexed 0, rejected 0
08-13 11:20:16.703 I/Icing   ( 3002): Indexing com.google.android.gms-internal.3p:MobileApplication from com.google.android.gms using seqno 79
08-13 11:20:16.715 W/.android.video( 6738): Verification of void com.android.org.conscrypt.SSLParametersImpl.<init>(com.android.org.conscrypt.ClientSessionContext, com.android.org.conscrypt.ServerSessionContext, javax.net.ssl.X509KeyManager, com.android.org.conscrypt.PSKKeyManager, javax.net.ssl.X509TrustManager, com.android.org.conscrypt.SSLParametersImpl) took 537.817ms
08-13 11:20:16.717 D/NetworkSecurityConfig( 6738): No Network Security Config specified, using platform default
08-13 11:20:16.732 W/Icing   ( 3002): No valid account for uploading user actions
08-13 11:20:16.748 I/Icing   ( 3002): Usage reports ok 0, Failed Usage reports 0, indexed 0, rejected 0
08-13 11:20:16.813 E/ActivityThread( 2543): Failed to find provider info for com.google.android.apps.wellbeing.api
08-13 11:20:16.919 W/PlayCommon( 6738): [458] PlayEventLogger.getAuthToken: No account for auth token provided
08-13 11:20:17.134 I/Icing   ( 3002): Indexing com.google.android.gms-apps from com.google.android.gms
08-13 11:20:17.210 I/Icing   ( 3002): Indexing done com.google.android.gms-apps
08-13 11:20:20.531 I/Places  ( 2739): ?: Couldn't find platform key file.
08-13 11:20:20.538 I/Places  ( 2739): ?: Couldn't find platform key file.
08-13 11:20:20.567 I/Places  ( 2739): ?: PlacesBleScanner stop()
08-13 11:20:20.569 I/BeaconBle( 2739): Scan : No clients left, canceling alarm.
08-13 11:20:20.570 I/BeaconBle( 2739): Scan canceled successfully.
08-13 11:20:20.586 I/PlaceInferenceEngine( 2739): [anon] Changed inference mode: 0
08-13 11:20:20.590 W/GCoreFlp( 2739): No location to return for getLastLocation()
08-13 11:20:20.620 I/Places  ( 2739): ?: Couldn't find platform key file.
08-13 11:20:20.626 I/Places  ( 2739): ?: Couldn't find platform key file.
08-13 11:20:20.634 I/GeofencerStateMachine( 2739): removeGeofences: removeRequest=RemoveGeofencingRequest[REMOVE_BY_PENDING_INTENT pendingIntent=PendingIntent[creatorPackage=com.google.android.gms], packageName=com.google.android.gms]
08-13 11:20:21.349 E/netmgr  ( 1906): Failed to open QEMU pipe 'qemud:network': Invalid argument
08-13 11:20:24.357 E/wifi_forwarder( 1908): RemoteConnection failed to initialize: RemoteConnection failed to open pipe
08-13 11:20:25.349 I/WorkerManager( 3484): dispose()
08-13 11:20:25.350 W/ThreadPoolDumper( 3484): Queue length for executor EventBus is now 11. Perhaps some tasks are too long, or the pool is too small.
08-13 11:20:25.582 I/BeaconBle( 2739): Scan : No clients left, canceling alarm.
08-13 11:20:25.588 E/memtrack( 2064): Couldn't load memtrack module
08-13 11:20:25.588 W/android.os.Debug( 2064): failed to get memory consumption info: -1
08-13 11:20:27.753 E/memtrack( 2064): Couldn't load memtrack module
08-13 11:20:27.753 W/android.os.Debug( 2064): failed to get memory consumption info: -1
08-13 11:20:27.765 E/memtrack( 2064): Couldn't load memtrack module
08-13 11:20:27.765 W/android.os.Debug( 2064): failed to get memory consumption info: -1
08-13 11:20:31.077 I/ActivityManager( 2064): Killing 6598:com.google.android.apps.docs/u0a128 (adj 985): empty #17
08-13 11:20:31.085 I/libprocessgroup( 2064): Successfully killed process cgroup uid 10128 pid 6598 in 0ms
08-13 11:20:31.138 I/Zygote  ( 1762): Process 6598 exited due to signal 9 (Killed)
08-13 11:20:31.817 E/ActivityThread( 2543): Failed to find provider info for com.google.android.apps.wellbeing.api
08-13 11:20:35.609 E/memtrack( 2064): Couldn't load memtrack module
08-13 11:20:35.609 W/android.os.Debug( 2064): failed to get memory consumption info: -1
08-13 11:20:50.452 W/GmsLocationProvider( 3484): Error removing location updates: 16
08-13 11:20:55.469 E/memtrack( 2064): Couldn't load memtrack module
08-13 11:20:55.469 W/android.os.Debug( 2064): failed to get memory consumption info: -1
08-13 11:20:55.475 E/memtrack( 2064): Couldn't load memtrack module
08-13 11:20:55.475 W/android.os.Debug( 2064): failed to get memory consumption info: -1
08-13 11:20:59.048 V/GrantPermissionsActivity( 4497): Logged buttons presented and clicked permissionGroupName=android.permission-group.LOCATION uid=10137 package=jp.co.agoop.com.example presentedButtons=14 clickedButton=2
08-13 11:20:59.059 V/GrantPermissionsActivity( 4497): Permission grant result requestId=5093592371849578910 callingUid=10137 callingPackage=jp.co.agoop.com.example permission=android.permission.ACCESS_FINE_LOCATION isImplicit=false result=4
08-13 11:20:59.059 V/GrantPermissionsActivity( 4497): Permission grant result requestId=5093592371849578910 callingUid=10137 callingPackage=jp.co.agoop.com.example permission=android.permission.ACCESS_COARSE_LOCATION isImplicit=true result=4
08-13 11:20:59.063 V/GrantPermissionsActivity( 4497): Permission grant result requestId=5093592371849578910 callingUid=10137 callingPackage=jp.co.agoop.com.example permission=android.permission.ACCESS_BACKGROUND_LOCATION isImplicit=false result=4
08-13 11:20:59.079 W/audio_hw_generic( 1778): Not supplying enough data to HAL, expected position 1875323 , only wrote 1875257
08-13 11:21:00.010 D/KeyguardClockSwitch( 2274): Updating clock: 1121
08-13 11:21:00.029 D/EGL_emulation( 2274): eglMakeCurrent: 0xe1f1a840: ver 2 0 (tinfo 0xe1f0f470)
08-13 11:21:00.556 V/GrantPermissionsActivity( 4497): Logged buttons presented and clicked permissionGroupName=android.permission-group.STORAGE uid=10137 package=jp.co.agoop.com.example presentedButtons=9 clickedButton=1
08-13 11:21:00.559 D/vold    ( 1648): Remounting 10137 as mode read
08-13 11:21:00.562 D/vold    ( 1648): Found matching PID 7682
08-13 11:21:00.653 D/vold    ( 1648): Remounting 10137 as mode write
08-13 11:21:00.656 D/vold    ( 1648): Found matching PID 7682
08-13 11:21:00.694 V/GrantPermissionsActivity( 4497): Permission grant result requestId=5093592371849578910 callingUid=10137 callingPackage=jp.co.agoop.com.example permission=android.permission.READ_EXTERNAL_STORAGE isImplicit=false result=4
