08-13 11:21:29.522 D/AppInfoDashboard( 5002): Package change irrelevant, skipping
08-13 11:21:29.581 W/audio_hw_generic( 1778): Not supplying enough data to HAL, expected position 2683881 , only wrote 2548155
08-13 11:21:29.597 D/AppInfoDashboard( 5002): Package change irrelevant, skipping
08-13 11:21:29.605 I/chatty  ( 5002): uid=1000(system) com.android.settings identical 5 lines
08-13 11:21:29.606 D/AppInfoDashboard( 5002): Package change irrelevant, skipping
08-13 11:21:33.048 D/WificondControl( 2064): Scan result ready event
08-13 11:21:33.303 I/Places  ( 2739): ?: Couldn't find platform key file.
08-13 11:21:33.307 I/Places  ( 2739): ?: Couldn't find platform key file.
08-13 11:21:33.348 I/Places  ( 2739): ?: PlacesBleScanner stop()
08-13 11:21:33.350 I/BeaconBle( 2739): Scan : No clients left, canceling alarm.
08-13 11:21:33.351 I/BeaconBle( 2739): Scan canceled successfully.
08-13 11:21:33.362 W/GCoreFlp( 2739): No location to return for getLastLocation()
08-13 11:21:33.369 I/PlaceInferenceEngine( 2739): [anon] Changed inference mode: 0
08-13 11:21:33.403 I/Places  ( 2739): ?: Couldn't find platform key file.
08-13 11:21:33.403 I/Places  ( 2739): ?: Couldn't find platform key file.
08-13 11:21:33.432 I/GeofencerStateMachine( 2739): removeGeofences: removeRequest=RemoveGeofencingRequest[REMOVE_BY_PENDING_INTENT pendingIntent=PendingIntent[creatorPackage=com.google.android.gms], packageName=com.google.android.gms]
08-13 11:21:38.131 I/WorkerManager( 3484): dispose()
08-13 11:21:38.132 W/ThreadPoolDumper( 3484): Queue length for executor EventBus is now 11. Perhaps some tasks are too long, or the pool is too small.
08-13 11:21:38.362 I/BeaconBle( 2739): Scan : No clients left, canceling alarm.
08-13 11:22:00.011 D/KeyguardClockSwitch( 2274): Updating clock: 1122
08-13 11:22:00.028 D/EGL_emulation( 2274): eglMakeCurrent: 0xe1f1a840: ver 2 0 (tinfo 0xe1f0f470)
08-13 11:22:19.971 E/memtrack( 2064): Couldn't load memtrack module
08-13 11:22:19.971 W/android.os.Debug( 2064): failed to get memory consumption info: -1
08-13 11:22:21.450 E/netmgr  ( 1906): Failed to open QEMU pipe 'qemud:network': Invalid argument
08-13 11:22:24.416 E/wifi_forwarder( 1908): RemoteConnection failed to initialize: RemoteConnection failed to open pipe
08-13 11:22:29.036 E/memtrack( 2064): Couldn't load memtrack module
08-13 11:22:29.036 W/android.os.Debug( 2064): failed to get memory consumption info: -1
08-13 11:22:29.048 I/Vision  ( 3002): Requesting optional module download of ocr.
08-13 11:22:29.049 I/Vision  ( 3002): Checking for download completion for 753903 -- ocr
08-13 11:23:00.012 D/KeyguardClockSwitch( 2274): Updating clock: 1123
08-13 11:23:21.503 E/netmgr  ( 1906): Failed to open QEMU pipe 'qemud:network': Invalid argument
08-13 11:23:24.433 E/wifi_forwarder( 1908): RemoteConnection failed to initialize: RemoteConnection failed to open pipe
08-13 11:23:29.062 E/memtrack( 2064): Couldn't load memtrack module
08-13 11:23:29.062 W/android.os.Debug( 2064): failed to get memory consumption info: -1
08-13 11:23:29.074 I/Vision  ( 3002): Requesting optional module download of ocr.
08-13 11:23:29.074 I/Vision  ( 3002): Checking for download completion for 813928 -- ocr
08-13 11:23:29.084 E/memtrack( 2064): Couldn't load memtrack module
08-13 11:23:29.084 W/android.os.Debug( 2064): failed to get memory consumption info: -1
08-13 11:23:29.090 E/memtrack( 2064): Couldn't load memtrack module
08-13 11:23:29.090 W/android.os.Debug( 2064): failed to get memory consumption info: -1
08-13 11:23:29.095 E/memtrack( 2064): Couldn't load memtrack module
08-13 11:23:29.095 W/android.os.Debug( 2064): failed to get memory consumption info: -1
08-13 11:23:29.102 E/memtrack( 2064): Couldn't load memtrack module
08-13 11:23:29.102 W/android.os.Debug( 2064): failed to get memory consumption info: -1
08-13 11:23:29.108 E/memtrack( 2064): Couldn't load memtrack module
08-13 11:23:29.108 W/android.os.Debug( 2064): failed to get memory consumption info: -1
08-13 11:23:29.112 E/memtrack( 2064): Couldn't load memtrack module
08-13 11:23:29.112 W/android.os.Debug( 2064): failed to get memory consumption info: -1
08-13 11:23:29.120 E/memtrack( 2064): Couldn't load memtrack module
08-13 11:23:29.120 W/android.os.Debug( 2064): failed to get memory consumption info: -1
08-13 11:24:00.009 D/KeyguardClockSwitch( 2274): Updating clock: 1124
08-13 11:24:06.032 D/KernelCpuUidUserSysTimeReader( 2064): Removing uids 10136-10136
08-13 11:24:21.550 E/netmgr  ( 1906): Failed to open QEMU pipe 'qemud:network': Invalid argument
08-13 11:24:24.450 E/wifi_forwarder( 1908): RemoteConnection failed to initialize: RemoteConnection failed to open pipe
08-13 11:24:33.897 E/memtrack( 2064): Couldn't load memtrack module
08-13 11:24:33.897 W/android.os.Debug( 2064): failed to get memory consumption info: -1
08-13 11:24:33.915 I/Vision  ( 3002): Requesting optional module download of ocr.
08-13 11:24:33.915 I/Vision  ( 3002): Checking for download completion for 878769 -- ocr
08-13 11:24:33.924 E/memtrack( 2064): Couldn't load memtrack module
08-13 11:24:33.924 W/android.os.Debug( 2064): failed to get memory consumption info: -1
08-13 11:24:33.932 E/memtrack( 2064): Couldn't load memtrack module
08-13 11:24:33.932 W/android.os.Debug( 2064): failed to get memory consumption info: -1
08-13 11:24:33.947 E/memtrack( 2064): Couldn't load memtrack module
08-13 11:24:33.947 W/android.os.Debug( 2064): failed to get memory consumption info: -1
08-13 11:24:33.952 E/memtrack( 2064): Couldn't load memtrack module
08-13 11:24:33.952 W/android.os.Debug( 2064): failed to get memory consumption info: -1
08-13 11:24:33.956 E/memtrack( 2064): Couldn't load memtrack module
08-13 11:24:33.956 W/android.os.Debug( 2064): failed to get memory consumption info: -1
08-13 11:24:37.839 D/WificondControl( 2064): Scan result ready event
08-13 11:25:00.008 D/KeyguardClockSwitch( 2274): Updating clock: 1125
08-13 11:25:05.007 D/KeyguardClockSwitch( 2274): Updating clock: 1125
08-13 11:25:21.566 E/netmgr  ( 1906): Failed to open QEMU pipe 'qemud:network': Invalid argument
08-13 11:25:24.466 E/wifi_forwarder( 1908): RemoteConnection failed to initialize: RemoteConnection failed to open pipe
08-13 11:26:00.009 D/KeyguardClockSwitch( 2274): Updating clock: 1126
08-13 11:26:11.165 E/memtrack( 2064): Couldn't load memtrack module
08-13 11:26:11.165 W/android.os.Debug( 2064): failed to get memory consumption info: -1
08-13 11:26:11.170 I/MS_RegisterService( 3002): Tachyon host: instantmessaging-pa.googleapis.com, Tachyon port: 443
08-13 11:26:11.182 I/Vision  ( 3002): Requesting optional module download of ocr.
08-13 11:26:11.182 I/Vision  ( 3002): Checking for download completion for 976036 -- ocr
08-13 11:26:11.209 I/MS_RegisterService( 3002): RegisterService intent:Intent { act=com.google.android.gms.matchstick.register_intent_action cat=[targeted_intent_op_prefix:com.google.android.libraries.matchstick.net.SilentRegisterIntentOperation] flg=0x4 cmp=com.google.android.gms/.chimera.GmsIntentOperationService (has extras) } isPeriodic:false
08-13 11:26:11.251 W/DynamiteModule( 3002): Local module descriptor class for providerinstaller not found.
08-13 11:26:11.251 I/DynamiteModule( 3002): Considering local module providerinstaller:0 and remote module providerinstaller:0
08-13 11:26:11.251 W/ProviderInstaller( 3002): Failed to load providerinstaller module: No acceptable module found. Local version is 0 and remote version is 0.
08-13 11:26:11.326 E/memtrack( 2064): Couldn't load memtrack module
08-13 11:26:11.326 W/android.os.Debug( 2064): failed to get memory consumption info: -1
08-13 11:26:11.336 E/memtrack( 2064): Couldn't load memtrack module
08-13 11:26:11.336 W/android.os.Debug( 2064): failed to get memory consumption info: -1
08-13 11:26:21.583 E/netmgr  ( 1906): Failed to open QEMU pipe 'qemud:network': Invalid argument
08-13 11:26:24.528 E/wifi_forwarder( 1908): RemoteConnection failed to initialize: RemoteConnection failed to open pipe
08-13 11:26:31.607 E/memtrack( 2064): Couldn't load memtrack module
08-13 11:26:31.608 W/android.os.Debug( 2064): failed to get memory consumption info: -1
08-13 11:27:00.011 D/KeyguardClockSwitch( 2274): Updating clock: 1127
08-13 11:27:20.171 E/memtrack( 2064): Couldn't load memtrack module
08-13 11:27:20.172 W/android.os.Debug( 2064): failed to get memory consumption info: -1
08-13 11:27:21.599 E/netmgr  ( 1906): Failed to open QEMU pipe 'qemud:network': Invalid argument
08-13 11:27:24.549 E/wifi_forwarder( 1908): RemoteConnection failed to initialize: RemoteConnection failed to open pipe
08-13 11:27:34.568 I/Vision  ( 3002): Requesting optional module download of ocr.
08-13 11:27:34.569 I/Vision  ( 3002): Checking for download completion for 1059422 -- ocr
08-13 11:27:38.488 D/WificondControl( 2064): Scan result ready event
08-13 11:28:00.009 D/KeyguardClockSwitch( 2274): Updating clock: 1128
08-13 11:28:21.633 E/netmgr  ( 1906): Failed to open QEMU pipe 'qemud:network': Invalid argument
08-13 11:28:24.550 E/wifi_forwarder( 1908): RemoteConnection failed to initialize: RemoteConnection failed to open pipe
08-13 11:28:48.693 E/memtrack( 2064): Couldn't load memtrack module
08-13 11:28:48.693 W/android.os.Debug( 2064): failed to get memory consumption info: -1
08-13 11:28:48.705 D/Zygote  ( 1762): Forked child process 7791
08-13 11:28:48.713 W/d.configupdate( 7791): Unexpected CPU variant for X86 using defaults: x86
08-13 11:28:48.719 I/ActivityManager( 2064): Start proc 7791:com.google.android.configupdater/u0a92 for broadcast {com.google.android.configupdater/com.google.android.configupdater.PhenotypeBroadcastReceiver}
08-13 11:28:48.721 I/Vision  ( 3002): Requesting optional module download of ocr.
08-13 11:28:48.723 I/Vision  ( 3002): Checking for download completion for 1133577 -- ocr
08-13 11:28:48.763 D/ApplicationLoaders( 7791): Returning zygote-cached class loader: /system/framework/android.hidl.base-V1.0-java.jar
08-13 11:28:48.763 D/ApplicationLoaders( 7791): Returning zygote-cached class loader: /system/framework/android.hidl.manager-V1.0-java.jar
08-13 11:28:48.763 D/ApplicationLoaders( 7791): Returning zygote-cached class loader: /system/framework/android.hidl.base-V1.0-java.jar
08-13 11:28:48.801 I/d.configupdate( 7791): The ClassLoaderContext is a special shared library.
08-13 11:28:55.778 I/ActivityManager( 2064): Killing 5026:com.google.android.gm/u0a132 (adj 985): empty #17
08-13 11:28:55.784 I/libprocessgroup( 2064): Successfully killed process cgroup uid 10132 pid 5026 in 0ms
08-13 11:28:55.818 I/Zygote  ( 1762): Process 5026 exited due to signal 9 (Killed)
08-13 11:29:00.011 D/KeyguardClockSwitch( 2274): Updating clock: 1129
08-13 11:29:21.684 E/netmgr  ( 1906): Failed to open QEMU pipe 'qemud:network': Invalid argument
08-13 11:29:24.565 E/wifi_forwarder( 1908): RemoteConnection failed to initialize: RemoteConnection failed to open pipe
08-13 11:29:33.199 E/memtrack( 2064): Couldn't load memtrack module
08-13 11:29:33.207 W/android.os.Debug( 2064): failed to get memory consumption info: -1
08-13 11:29:33.423 I/.gms.persisten( 2739): Waiting for a blocking GC ProfileSaver
08-13 11:29:33.462 E/ResolverController( 1761): No valid NAT64 prefix (100, <unspecified>/0)
08-13 11:29:33.468 I/.gms.persisten( 2739): WaitForGcToComplete blocked ProfileSaver on ProfileSaver for 44.517ms
08-13 11:29:33.491 W/Conscrypt( 2739): Could not set socket write timeout: java.net.SocketException: Socket closed
08-13 11:29:33.492 W/Conscrypt( 2739): 	at com.google.android.gms.org.conscrypt.Platform.setSocketWriteTimeout(:com.google.android.gms@200414022@20.04.14 (040700-294335909):2)
08-13 11:29:33.492 W/Conscrypt( 2739): 	at com.google.android.gms.org.conscrypt.ConscryptFileDescriptorSocket.setSoWriteTimeout(:com.google.android.gms@200414022@20.04.14 (040700-294335909):0)
08-13 11:29:33.520 W/Conscrypt( 2739): Could not set socket write timeout: java.net.SocketException: Socket closed
08-13 11:29:33.520 W/Conscrypt( 2739): 	at com.google.android.gms.org.conscrypt.Platform.setSocketWriteTimeout(:com.google.android.gms@200414022@20.04.14 (040700-294335909):2)
08-13 11:29:33.520 W/Conscrypt( 2739): 	at com.google.android.gms.org.conscrypt.ConscryptFileDescriptorSocket.setSoWriteTimeout(:com.google.android.gms@200414022@20.04.14 (040700-294335909):0)
08-13 11:29:33.612 W/GLSUser ( 2739): [AppCertManager] Failed to get security token.
08-13 11:29:33.612 W/GLSUser ( 2739): java.io.IOException: INVALID_SENDER
08-13 11:29:33.612 W/GLSUser ( 2739): 	at adcc.b(:com.google.android.gms@200414022@20.04.14 (040700-294335909):24)
08-13 11:29:33.612 W/GLSUser ( 2739): 	at adcc.a(:com.google.android.gms@200414022@20.04.14 (040700-294335909):21)
08-13 11:29:33.612 W/GLSUser ( 2739): 	at adcc.a(:com.google.android.gms@200414022@20.04.14 (040700-294335909):11)
08-13 11:29:33.612 W/GLSUser ( 2739): 	at iko.a(:com.google.android.gms@200414022@20.04.14 (040700-294335909):16)
08-13 11:29:33.612 W/GLSUser ( 2739): 	at ikm.a(:com.google.android.gms@200414022@20.04.14 (040700-294335909):42)
08-13 11:29:33.612 W/GLSUser ( 2739): 	at ikh.a(:com.google.android.gms@200414022@20.04.14 (040700-294335909):0)
08-13 11:29:33.612 W/GLSUser ( 2739): 	at ikk.a(:com.google.android.gms@200414022@20.04.14 (040700-294335909):10)
08-13 11:29:33.612 W/GLSUser ( 2739): 	at gyc.call(:com.google.android.gms@200414022@20.04.14 (040700-294335909):9)
08-13 11:29:33.612 W/GLSUser ( 2739): 	at java.util.concurrent.FutureTask.run(FutureTask.java:266)
08-13 11:29:33.612 W/GLSUser ( 2739): 	at srw.b(:com.google.android.gms@200414022@20.04.14 (040700-294335909):14)
08-13 11:29:33.612 W/GLSUser ( 2739): 	at srw.run(:com.google.android.gms@200414022@20.04.14 (040700-294335909):2)
08-13 11:29:33.612 W/GLSUser ( 2739): 	at java.util.concurrent.ThreadPoolExecutor.runWorker(ThreadPoolExecutor.java:1167)
08-13 11:29:33.612 W/GLSUser ( 2739): 	at java.util.concurrent.ThreadPoolExecutor$Worker.run(ThreadPoolExecutor.java:641)
08-13 11:29:33.612 W/GLSUser ( 2739): 	at sxw.run(:com.google.android.gms@200414022@20.04.14 (040700-294335909):0)
08-13 11:29:33.612 W/GLSUser ( 2739): 	at java.lang.Thread.run(Thread.java:919)
08-13 11:29:33.679 W/Conscrypt( 2739): Could not set socket write timeout: java.net.SocketException: Socket closed
08-13 11:29:33.679 W/Conscrypt( 2739): 	at com.google.android.gms.org.conscrypt.Platform.setSocketWriteTimeout(:com.google.android.gms@200414022@20.04.14 (040700-294335909):2)
08-13 11:29:33.679 W/Conscrypt( 2739): 	at com.google.android.gms.org.conscrypt.ConscryptFileDescriptorSocket.setSoWriteTimeout(:com.google.android.gms@200414022@20.04.14 (040700-294335909):0)
08-13 11:29:33.692 W/Conscrypt( 2739): Could not set socket write timeout: java.net.SocketException: Socket closed
08-13 11:29:33.693 W/Conscrypt( 2739): 	at com.google.android.gms.org.conscrypt.Platform.setSocketWriteTimeout(:com.google.android.gms@200414022@20.04.14 (040700-294335909):2)
08-13 11:29:33.693 W/Conscrypt( 2739): 	at com.google.android.gms.org.conscrypt.ConscryptFileDescriptorSocket.setSoWriteTimeout(:com.google.android.gms@200414022@20.04.14 (040700-294335909):0)
08-13 11:29:33.760 W/GLSUser ( 2739): [AppCertManager] IOException while requesting key: 
08-13 11:29:33.760 W/GLSUser ( 2739): java.io.IOException: Invalid device key response.
08-13 11:29:33.760 W/GLSUser ( 2739): 	at iko.a(:com.google.android.gms@200414022@20.04.14 (040700-294335909):50)
08-13 11:29:33.760 W/GLSUser ( 2739): 	at ikm.a(:com.google.android.gms@200414022@20.04.14 (040700-294335909):42)
08-13 11:29:33.760 W/GLSUser ( 2739): 	at ikh.a(:com.google.android.gms@200414022@20.04.14 (040700-294335909):0)
08-13 11:29:33.760 W/GLSUser ( 2739): 	at ikk.a(:com.google.android.gms@200414022@20.04.14 (040700-294335909):10)
08-13 11:29:33.760 W/GLSUser ( 2739): 	at gyc.call(:com.google.android.gms@200414022@20.04.14 (040700-294335909):9)
08-13 11:29:33.760 W/GLSUser ( 2739): 	at java.util.concurrent.FutureTask.run(FutureTask.java:266)
08-13 11:29:33.760 W/GLSUser ( 2739): 	at srw.b(:com.google.android.gms@200414022@20.04.14 (040700-294335909):14)
08-13 11:29:33.760 W/GLSUser ( 2739): 	at srw.run(:com.google.android.gms@200414022@20.04.14 (040700-294335909):2)
08-13 11:29:33.760 W/GLSUser ( 2739): 	at java.util.concurrent.ThreadPoolExecutor.runWorker(ThreadPoolExecutor.java:1167)
08-13 11:29:33.760 W/GLSUser ( 2739): 	at java.util.concurrent.ThreadPoolExecutor$Worker.run(ThreadPoolExecutor.java:641)
08-13 11:29:33.760 W/GLSUser ( 2739): 	at sxw.run(:com.google.android.gms@200414022@20.04.14 (040700-294335909):0)
08-13 11:29:33.760 W/GLSUser ( 2739): 	at java.lang.Thread.run(Thread.java:919)
08-13 11:29:34.647 W/Conscrypt( 2739): Could not set socket write timeout: java.net.SocketException: Socket closed
08-13 11:29:34.647 W/Conscrypt( 2739): 	at com.google.android.gms.org.conscrypt.Platform.setSocketWriteTimeout(:com.google.android.gms@200414022@20.04.14 (040700-294335909):2)
08-13 11:29:34.647 W/Conscrypt( 2739): 	at com.google.android.gms.org.conscrypt.ConscryptFileDescriptorSocket.setSoWriteTimeout(:com.google.android.gms@200414022@20.04.14 (040700-294335909):0)
08-13 11:29:34.720 W/Conscrypt( 2739): Could not set socket write timeout: java.net.SocketException: Socket closed
08-13 11:29:34.720 W/Conscrypt( 2739): 	at com.google.android.gms.org.conscrypt.Platform.setSocketWriteTimeout(:com.google.android.gms@200414022@20.04.14 (040700-294335909):2)
08-13 11:29:34.721 W/Conscrypt( 2739): 	at com.google.android.gms.org.conscrypt.ConscryptFileDescriptorSocket.setSoWriteTimeout(:com.google.android.gms@200414022@20.04.14 (040700-294335909):0)
08-13 11:29:35.586 E/memtrack( 2064): Couldn't load memtrack module
08-13 11:29:35.586 W/android.os.Debug( 2064): failed to get memory consumption info: -1
08-13 11:29:36.764 W/Conscrypt( 2739): Could not set socket write timeout: java.net.SocketException: Socket closed
08-13 11:29:36.765 W/Conscrypt( 2739): 	at com.google.android.gms.org.conscrypt.Platform.setSocketWriteTimeout(:com.google.android.gms@200414022@20.04.14 (040700-294335909):2)
08-13 11:29:36.765 W/Conscrypt( 2739): 	at com.google.android.gms.org.conscrypt.ConscryptFileDescriptorSocket.setSoWriteTimeout(:com.google.android.gms@200414022@20.04.14 (040700-294335909):0)
08-13 11:29:36.824 W/Conscrypt( 2739): Could not set socket write timeout: java.net.SocketException: Socket closed
08-13 11:29:36.825 W/Conscrypt( 2739): 	at com.google.android.gms.org.conscrypt.Platform.setSocketWriteTimeout(:com.google.android.gms@200414022@20.04.14 (040700-294335909):2)
08-13 11:29:36.825 W/Conscrypt( 2739): 	at com.google.android.gms.org.conscrypt.ConscryptFileDescriptorSocket.setSoWriteTimeout(:com.google.android.gms@200414022@20.04.14 (040700-294335909):0)
08-13 11:30:00.009 D/KeyguardClockSwitch( 2274): Updating clock: 1130
08-13 11:30:14.553 E/memtrack( 2064): Couldn't load memtrack module
08-13 11:30:14.553 W/android.os.Debug( 2064): failed to get memory consumption info: -1
08-13 11:30:14.568 I/Vision  ( 3002): Requesting optional module download of ocr.
08-13 11:30:14.568 I/Vision  ( 3002): Checking for download completion for 1219422 -- ocr
08-13 11:30:14.574 E/memtrack( 2064): Couldn't load memtrack module
08-13 11:30:14.574 W/android.os.Debug( 2064): failed to get memory consumption info: -1
08-13 11:30:14.579 E/memtrack( 2064): Couldn't load memtrack module
08-13 11:30:14.579 W/android.os.Debug( 2064): failed to get memory consumption info: -1
08-13 11:30:14.584 E/memtrack( 2064): Couldn't load memtrack module
08-13 11:30:14.584 W/android.os.Debug( 2064): failed to get memory consumption info: -1
08-13 11:30:14.589 E/memtrack( 2064): Couldn't load memtrack module
08-13 11:30:14.589 W/android.os.Debug( 2064): failed to get memory consumption info: -1
08-13 11:30:18.498 D/WificondControl( 2064): Scan result ready event
08-13 11:30:21.730 E/netmgr  ( 1906): Failed to open QEMU pipe 'qemud:network': Invalid argument
08-13 11:30:24.567 E/wifi_forwarder( 1908): RemoteConnection failed to initialize: RemoteConnection failed to open pipe
08-13 11:30:46.246 I/BgTaskExecutorImpl( 3484): Starting PERIODIC background task LOG_ATTEMPTED_SEARCHES_TO_KANSAS.
08-13 11:30:56.333 I/WorkerManager( 3484): dispose()
08-13 11:31:00.016 D/KeyguardClockSwitch( 2274): Updating clock: 1131
08-13 11:31:01.903 E/memtrack( 2064): Couldn't load memtrack module
08-13 11:31:01.903 W/android.os.Debug( 2064): failed to get memory consumption info: -1
08-13 11:31:01.916 E/memtrack( 2064): Couldn't load memtrack module
08-13 11:31:01.916 W/android.os.Debug( 2064): failed to get memory consumption info: -1
08-13 11:31:14.579 E/memtrack( 2064): Couldn't load memtrack module
08-13 11:31:14.579 W/android.os.Debug( 2064): failed to get memory consumption info: -1
08-13 11:31:14.590 E/memtrack( 2064): Couldn't load memtrack module
08-13 11:31:14.590 W/android.os.Debug( 2064): failed to get memory consumption info: -1
08-13 11:31:14.604 I/Vision  ( 3002): Requesting optional module download of ocr.
08-13 11:31:14.604 I/Vision  ( 3002): Checking for download completion for 1279458 -- ocr
08-13 11:31:21.732 E/netmgr  ( 1906): Failed to open QEMU pipe 'qemud:network': Invalid argument
08-13 11:31:23.729 D/WificondControl( 2064): Scan result ready event
08-13 11:31:24.583 E/wifi_forwarder( 1908): RemoteConnection failed to initialize: RemoteConnection failed to open pipe
08-13 11:31:59.476 I/UsageStatsService( 2064): User[0] Flushing usage stats to disk
08-13 11:31:59.571 E/AppIdleHistory( 2064): Error writing app idle file for user 0
08-13 11:32:00.009 D/KeyguardClockSwitch( 2274): Updating clock: 1132
08-13 11:32:20.363 E/memtrack( 2064): Couldn't load memtrack module
08-13 11:32:20.363 W/android.os.Debug( 2064): failed to get memory consumption info: -1
08-13 11:32:21.750 E/netmgr  ( 1906): Failed to open QEMU pipe 'qemud:network': Invalid argument
08-13 11:32:24.600 E/wifi_forwarder( 1908): RemoteConnection failed to initialize: RemoteConnection failed to open pipe
08-13 11:32:54.552 E/memtrack( 2064): Couldn't load memtrack module
08-13 11:32:54.552 W/android.os.Debug( 2064): failed to get memory consumption info: -1
08-13 11:32:54.567 I/Vision  ( 3002): Requesting optional module download of ocr.
08-13 11:32:54.573 I/Vision  ( 3002): Checking for download completion for 1379427 -- ocr
08-13 11:32:54.582 E/memtrack( 2064): Couldn't load memtrack module
08-13 11:32:54.582 W/android.os.Debug( 2064): failed to get memory consumption info: -1
08-13 11:32:54.590 E/memtrack( 2064): Couldn't load memtrack module
08-13 11:32:54.590 W/android.os.Debug( 2064): failed to get memory consumption info: -1
08-13 11:32:54.595 E/memtrack( 2064): Couldn't load memtrack module
08-13 11:32:54.595 W/android.os.Debug( 2064): failed to get memory consumption info: -1
08-13 11:32:58.500 D/WificondControl( 2064): Scan result ready event
08-13 11:33:00.011 D/KeyguardClockSwitch( 2274): Updating clock: 1133
08-13 11:33:21.810 E/netmgr  ( 1906): Failed to open QEMU pipe 'qemud:network': Invalid argument
08-13 11:33:24.616 E/wifi_forwarder( 1908): RemoteConnection failed to initialize: RemoteConnection failed to open pipe
08-13 11:33:54.615 I/Vision  ( 3002): Requesting optional module download of ocr.
08-13 11:33:54.615 I/Vision  ( 3002): Checking for download completion for 1439469 -- ocr
08-13 11:34:00.009 D/KeyguardClockSwitch( 2274): Updating clock: 1134
08-13 11:34:10.189 E/memtrack( 2064): Couldn't load memtrack module
08-13 11:34:10.189 W/android.os.Debug( 2064): failed to get memory consumption info: -1
08-13 11:34:10.206 E/memtrack( 2064): Couldn't load memtrack module
08-13 11:34:10.206 W/android.os.Debug( 2064): failed to get memory consumption info: -1
08-13 11:34:21.816 E/netmgr  ( 1906): Failed to open QEMU pipe 'qemud:network': Invalid argument
08-13 11:34:24.616 E/wifi_forwarder( 1908): RemoteConnection failed to initialize: RemoteConnection failed to open pipe
08-13 11:35:00.010 D/KeyguardClockSwitch( 2274): Updating clock: 1135
08-13 11:35:21.833 E/netmgr  ( 1906): Failed to open QEMU pipe 'qemud:network': Invalid argument
08-13 11:35:24.616 E/wifi_forwarder( 1908): RemoteConnection failed to initialize: RemoteConnection failed to open pipe
08-13 11:35:34.560 E/memtrack( 2064): Couldn't load memtrack module
08-13 11:35:34.560 W/android.os.Debug( 2064): failed to get memory consumption info: -1
08-13 11:35:34.577 I/Vision  ( 3002): Requesting optional module download of ocr.
08-13 11:35:34.580 I/Vision  ( 3002): Checking for download completion for 1539433 -- ocr
08-13 11:35:38.498 D/WificondControl( 2064): Scan result ready event
08-13 11:35:59.007 I/system_server( 2064): Background young concurrent copying GC freed 140124(4945KB) AllocSpace objects, 14(548KB) LOS objects, 31% free, 12MB/17MB, paused 85us total 173.181ms
08-13 11:36:00.008 D/KeyguardClockSwitch( 2274): Updating clock: 1136
08-13 11:36:21.849 E/netmgr  ( 1906): Failed to open QEMU pipe 'qemud:network': Invalid argument
08-13 11:36:24.649 E/wifi_forwarder( 1908): RemoteConnection failed to initialize: RemoteConnection failed to open pipe
08-13 11:36:55.212 E/memtrack( 2064): Couldn't load memtrack module
08-13 11:36:55.212 W/android.os.Debug( 2064): failed to get memory consumption info: -1
08-13 11:36:55.223 I/Vision  ( 3002): Requesting optional module download of ocr.
08-13 11:36:55.223 I/Vision  ( 3002): Checking for download completion for 1620077 -- ocr
08-13 11:37:00.008 D/KeyguardClockSwitch( 2274): Updating clock: 1137
08-13 11:37:10.837 E/memtrack( 2064): Couldn't load memtrack module
08-13 11:37:10.837 W/android.os.Debug( 2064): failed to get memory consumption info: -1
08-13 11:37:20.507 E/memtrack( 2064): Couldn't load memtrack module
08-13 11:37:20.507 W/android.os.Debug( 2064): failed to get memory consumption info: -1
08-13 11:37:21.867 E/netmgr  ( 1906): Failed to open QEMU pipe 'qemud:network': Invalid argument
08-13 11:37:24.702 E/wifi_forwarder( 1908): RemoteConnection failed to initialize: RemoteConnection failed to open pipe
08-13 11:38:00.009 D/KeyguardClockSwitch( 2274): Updating clock: 1138
08-13 11:38:14.561 E/memtrack( 2064): Couldn't load memtrack module
08-13 11:38:14.561 W/android.os.Debug( 2064): failed to get memory consumption info: -1
08-13 11:38:14.577 I/Vision  ( 3002): Requesting optional module download of ocr.
08-13 11:38:14.578 I/Vision  ( 3002): Checking for download completion for 1699431 -- ocr
08-13 11:38:14.586 E/memtrack( 2064): Couldn't load memtrack module
08-13 11:38:14.586 W/android.os.Debug( 2064): failed to get memory consumption info: -1
08-13 11:38:14.594 E/memtrack( 2064): Couldn't load memtrack module
08-13 11:38:14.594 W/android.os.Debug( 2064): failed to get memory consumption info: -1
08-13 11:38:18.508 D/WificondControl( 2064): Scan result ready event
08-13 11:38:21.900 E/netmgr  ( 1906): Failed to open QEMU pipe 'qemud:network': Invalid argument
08-13 11:38:23.601 E/ResolverController( 1761): No valid NAT64 prefix (100, <unspecified>/0)
08-13 11:38:23.615 W/Conscrypt( 2739): Could not set socket write timeout: java.net.SocketException: Socket closed
08-13 11:38:23.615 W/Conscrypt( 2739): 	at com.google.android.gms.org.conscrypt.Platform.setSocketWriteTimeout(:com.google.android.gms@200414022@20.04.14 (040700-294335909):2)
08-13 11:38:23.615 W/Conscrypt( 2739): 	at com.google.android.gms.org.conscrypt.ConscryptFileDescriptorSocket.setSoWriteTimeout(:com.google.android.gms@200414022@20.04.14 (040700-294335909):0)
08-13 11:38:23.626 W/Conscrypt( 2739): Could not set socket write timeout: java.net.SocketException: Socket closed
08-13 11:38:23.627 W/Conscrypt( 2739): 	at com.google.android.gms.org.conscrypt.Platform.setSocketWriteTimeout(:com.google.android.gms@200414022@20.04.14 (040700-294335909):2)
08-13 11:38:23.627 W/Conscrypt( 2739): 	at com.google.android.gms.org.conscrypt.ConscryptFileDescriptorSocket.setSoWriteTimeout(:com.google.android.gms@200414022@20.04.14 (040700-294335909):0)
08-13 11:38:23.729 I/Checkin ( 3002): [EventLogChimeraService] Opted in for usage reporting: false
08-13 11:38:23.729 I/Checkin ( 3002): [EventLogChimeraService] Aggregate from 1597284875069 (log), 0 (data)
08-13 11:38:23.746 W/GLSUser ( 2739): [AppCertManager] Failed to get security token.
08-13 11:38:23.746 W/GLSUser ( 2739): java.io.IOException: INVALID_SENDER
08-13 11:38:23.746 W/GLSUser ( 2739): 	at adcc.b(:com.google.android.gms@200414022@20.04.14 (040700-294335909):24)
08-13 11:38:23.746 W/GLSUser ( 2739): 	at adcc.a(:com.google.android.gms@200414022@20.04.14 (040700-294335909):21)
08-13 11:38:23.746 W/GLSUser ( 2739): 	at adcc.a(:com.google.android.gms@200414022@20.04.14 (040700-294335909):11)
08-13 11:38:23.746 W/GLSUser ( 2739): 	at iko.a(:com.google.android.gms@200414022@20.04.14 (040700-294335909):16)
08-13 11:38:23.746 W/GLSUser ( 2739): 	at ikm.a(:com.google.android.gms@200414022@20.04.14 (040700-294335909):42)
08-13 11:38:23.746 W/GLSUser ( 2739): 	at ikh.a(:com.google.android.gms@200414022@20.04.14 (040700-294335909):0)
08-13 11:38:23.746 W/GLSUser ( 2739): 	at ikk.a(:com.google.android.gms@200414022@20.04.14 (040700-294335909):10)
08-13 11:38:23.746 W/GLSUser ( 2739): 	at gyc.call(:com.google.android.gms@200414022@20.04.14 (040700-294335909):9)
08-13 11:38:23.746 W/GLSUser ( 2739): 	at java.util.concurrent.FutureTask.run(FutureTask.java:266)
08-13 11:38:23.746 W/GLSUser ( 2739): 	at srw.b(:com.google.android.gms@200414022@20.04.14 (040700-294335909):14)
08-13 11:38:23.746 W/GLSUser ( 2739): 	at srw.run(:com.google.android.gms@200414022@20.04.14 (040700-294335909):2)
08-13 11:38:23.746 W/GLSUser ( 2739): 	at java.util.concurrent.ThreadPoolExecutor.runWorker(ThreadPoolExecutor.java:1167)
08-13 11:38:23.746 W/GLSUser ( 2739): 	at java.util.concurrent.ThreadPoolExecutor$Worker.run(ThreadPoolExecutor.java:641)
08-13 11:38:23.746 W/GLSUser ( 2739): 	at sxw.run(:com.google.android.gms@200414022@20.04.14 (040700-294335909):0)
08-13 11:38:23.746 W/GLSUser ( 2739): 	at java.lang.Thread.run(Thread.java:919)
08-13 11:38:23.771 I/DropBoxManagerService( 2064): add tag=event_data isTagEnabled=true flags=0x2
08-13 11:38:23.775 W/BroadcastQueue( 2064): Background execution not allowed: receiving Intent { act=android.intent.action.DROPBOX_ENTRY_ADDED flg=0x10 (has extras) } to com.google.android.gms/.stats.service.DropBoxEntryAddedReceiver
08-13 11:38:23.775 W/BroadcastQueue( 2064): Background execution not allowed: receiving Intent { act=android.intent.action.DROPBOX_ENTRY_ADDED flg=0x10 (has extras) } to com.google.android.gms/.chimera.GmsIntentOperationService$PersistentTrustedReceiver
08-13 11:38:23.825 W/Conscrypt( 2739): Could not set socket write timeout: java.net.SocketException: Socket closed
08-13 11:38:23.853 W/Conscrypt( 2739): 	at com.google.android.gms.org.conscrypt.Platform.setSocketWriteTimeout(:com.google.android.gms@200414022@20.04.14 (040700-294335909):2)
08-13 11:38:23.853 W/Conscrypt( 2739): 	at com.google.android.gms.org.conscrypt.ConscryptFileDescriptorSocket.setSoWriteTimeout(:com.google.android.gms@200414022@20.04.14 (040700-294335909):0)
08-13 11:38:23.874 W/Conscrypt( 2739): Could not set socket write timeout: java.net.SocketException: Socket closed
08-13 11:38:23.878 W/Conscrypt( 2739): 	at com.google.android.gms.org.conscrypt.Platform.setSocketWriteTimeout(:com.google.android.gms@200414022@20.04.14 (040700-294335909):2)
08-13 11:38:23.878 W/Conscrypt( 2739): 	at com.google.android.gms.org.conscrypt.ConscryptFileDescriptorSocket.setSoWriteTimeout(:com.google.android.gms@200414022@20.04.14 (040700-294335909):0)
08-13 11:38:23.946 W/GLSUser ( 2739): [AppCertManager] IOException while requesting key: 
08-13 11:38:23.946 W/GLSUser ( 2739): java.io.IOException: Invalid device key response.
08-13 11:38:23.946 W/GLSUser ( 2739): 	at iko.a(:com.google.android.gms@200414022@20.04.14 (040700-294335909):50)
08-13 11:38:23.946 W/GLSUser ( 2739): 	at ikm.a(:com.google.android.gms@200414022@20.04.14 (040700-294335909):42)
08-13 11:38:23.946 W/GLSUser ( 2739): 	at ikh.a(:com.google.android.gms@200414022@20.04.14 (040700-294335909):0)
08-13 11:38:23.946 W/GLSUser ( 2739): 	at ikk.a(:com.google.android.gms@200414022@20.04.14 (040700-294335909):10)
08-13 11:38:23.946 W/GLSUser ( 2739): 	at gyc.call(:com.google.android.gms@200414022@20.04.14 (040700-294335909):9)
08-13 11:38:23.946 W/GLSUser ( 2739): 	at java.util.concurrent.FutureTask.run(FutureTask.java:266)
08-13 11:38:23.946 W/GLSUser ( 2739): 	at srw.b(:com.google.android.gms@200414022@20.04.14 (040700-294335909):14)
08-13 11:38:23.946 W/GLSUser ( 2739): 	at srw.run(:com.google.android.gms@200414022@20.04.14 (040700-294335909):2)
08-13 11:38:23.946 W/GLSUser ( 2739): 	at java.util.concurrent.ThreadPoolExecutor.runWorker(ThreadPoolExecutor.java:1167)
08-13 11:38:23.946 W/GLSUser ( 2739): 	at java.util.concurrent.ThreadPoolExecutor$Worker.run(ThreadPoolExecutor.java:641)
08-13 11:38:23.946 W/GLSUser ( 2739): 	at sxw.run(:com.google.android.gms@200414022@20.04.14 (040700-294335909):0)
08-13 11:38:23.946 W/GLSUser ( 2739): 	at java.lang.Thread.run(Thread.java:919)
08-13 11:38:24.733 E/wifi_forwarder( 1908): RemoteConnection failed to initialize: RemoteConnection failed to open pipe
08-13 11:38:33.252 E/memtrack( 2064): Couldn't load memtrack module
08-13 11:38:33.252 W/android.os.Debug( 2064): failed to get memory consumption info: -1
08-13 11:38:33.258 E/memtrack( 2064): Couldn't load memtrack module
08-13 11:38:33.258 W/android.os.Debug( 2064): failed to get memory consumption info: -1
08-13 11:38:33.264 E/memtrack( 2064): Couldn't load memtrack module
08-13 11:38:33.264 W/android.os.Debug( 2064): failed to get memory consumption info: -1
08-13 11:38:33.271 E/memtrack( 2064): Couldn't load memtrack module
08-13 11:38:33.271 W/android.os.Debug( 2064): failed to get memory consumption info: -1
08-13 11:38:33.277 E/memtrack( 2064): Couldn't load memtrack module
08-13 11:38:33.277 W/android.os.Debug( 2064): failed to get memory consumption info: -1
08-13 11:38:33.283 E/memtrack( 2064): Couldn't load memtrack module
08-13 11:38:33.283 W/android.os.Debug( 2064): failed to get memory consumption info: -1
08-13 11:38:33.289 E/memtrack( 2064): Couldn't load memtrack module
08-13 11:38:33.289 W/android.os.Debug( 2064): failed to get memory consumption info: -1
08-13 11:39:00.011 D/KeyguardClockSwitch( 2274): Updating clock: 1139
08-13 11:39:21.950 E/netmgr  ( 1906): Failed to open QEMU pipe 'qemud:network': Invalid argument
08-13 11:39:24.749 E/wifi_forwarder( 1908): RemoteConnection failed to initialize: RemoteConnection failed to open pipe
08-13 11:39:55.859 E/memtrack( 2064): Couldn't load memtrack module
08-13 11:39:55.859 W/android.os.Debug( 2064): failed to get memory consumption info: -1
08-13 11:39:55.890 I/Vision  ( 3002): Requesting optional module download of ocr.
08-13 11:39:55.891 I/Vision  ( 3002): Checking for download completion for 1800744 -- ocr
08-13 11:39:55.908 W/gle.android.gm( 3002): Reducing the number of considered missed Gc histogram windows from 111 to 100
08-13 11:39:55.910 W/System  ( 3002): A resource failed to call close. 
08-13 11:39:55.910 W/System  ( 3002): A resource failed to call close. 
08-13 11:39:55.920 E/memtrack( 2064): Couldn't load memtrack module
08-13 11:39:55.920 W/android.os.Debug( 2064): failed to get memory consumption info: -1
08-13 11:39:55.932 E/memtrack( 2064): Couldn't load memtrack module
08-13 11:39:55.932 W/android.os.Debug( 2064): failed to get memory consumption info: -1
08-13 11:39:55.938 E/memtrack( 2064): Couldn't load memtrack module
08-13 11:39:55.938 W/android.os.Debug( 2064): failed to get memory consumption info: -1
08-13 11:39:55.942 E/memtrack( 2064): Couldn't load memtrack module
08-13 11:39:55.942 W/android.os.Debug( 2064): failed to get memory consumption info: -1
08-13 11:40:00.010 D/KeyguardClockSwitch( 2274): Updating clock: 1140
08-13 11:40:21.999 E/netmgr  ( 1906): Failed to open QEMU pipe 'qemud:network': Invalid argument
08-13 11:40:24.750 E/wifi_forwarder( 1908): RemoteConnection failed to initialize: RemoteConnection failed to open pipe
08-13 11:40:55.171 E/BluetoothAdapter( 2064): Bluetooth binder is null
08-13 11:40:55.217 I/netd    ( 1761): trafficSwapActiveStatsMap() <26.73ms>
08-13 11:40:55.221 I/netd    ( 1761): tetherGetStats() <1.56ms>
08-13 11:40:55.907 E/memtrack( 2064): Couldn't load memtrack module
08-13 11:40:55.907 W/android.os.Debug( 2064): failed to get memory consumption info: -1
08-13 11:40:55.920 I/Vision  ( 3002): Requesting optional module download of ocr.
08-13 11:40:55.921 I/Vision  ( 3002): Checking for download completion for 1860775 -- ocr
08-13 11:40:55.938 E/memtrack( 2064): Couldn't load memtrack module
08-13 11:40:55.938 W/android.os.Debug( 2064): failed to get memory consumption info: -1
08-13 11:41:00.009 D/KeyguardClockSwitch( 2274): Updating clock: 1141
08-13 11:41:22.017 E/netmgr  ( 1906): Failed to open QEMU pipe 'qemud:network': Invalid argument
08-13 11:41:24.766 E/wifi_forwarder( 1908): RemoteConnection failed to initialize: RemoteConnection failed to open pipe
08-13 11:42:00.118 D/KeyguardClockSwitch( 2274): Updating clock: 1142
08-13 11:42:02.397 I/netd    ( 1761): trafficSwapActiveStatsMap() <25.93ms>
08-13 11:42:02.402 I/netd    ( 1761): tetherGetStats() <2.93ms>
08-13 11:42:02.426 I/netd    ( 1761): bandwidthSetGlobalAlert(2097152) <0.45ms>
08-13 11:42:02.534 E/memtrack( 2064): Couldn't load memtrack module
08-13 11:42:02.534 W/android.os.Debug( 2064): failed to get memory consumption info: -1
08-13 11:42:02.555 I/Vision  ( 3002): Requesting optional module download of ocr.
08-13 11:42:02.555 I/Vision  ( 3002): Checking for download completion for 1927409 -- ocr
08-13 11:42:02.562 E/memtrack( 2064): Couldn't load memtrack module
08-13 11:42:02.562 W/android.os.Debug( 2064): failed to get memory consumption info: -1
08-13 11:42:06.318 D/WificondControl( 2064): Scan result ready event
08-13 11:42:20.667 E/memtrack( 2064): Couldn't load memtrack module
08-13 11:42:20.667 W/android.os.Debug( 2064): failed to get memory consumption info: -1
08-13 11:42:22.072 E/netmgr  ( 1906): Failed to open QEMU pipe 'qemud:network': Invalid argument
08-13 11:42:24.783 E/wifi_forwarder( 1908): RemoteConnection failed to initialize: RemoteConnection failed to open pipe
08-13 11:43:00.008 D/KeyguardClockSwitch( 2274): Updating clock: 1143
08-13 11:43:02.590 E/memtrack( 2064): Couldn't load memtrack module
08-13 11:43:02.591 W/android.os.Debug( 2064): failed to get memory consumption info: -1
08-13 11:43:02.603 I/Vision  ( 3002): Requesting optional module download of ocr.
08-13 11:43:02.603 I/Vision  ( 3002): Checking for download completion for 1987457 -- ocr
08-13 11:43:22.083 E/netmgr  ( 1906): Failed to open QEMU pipe 'qemud:network': Invalid argument
08-13 11:43:24.843 E/wifi_forwarder( 1908): RemoteConnection failed to initialize: RemoteConnection failed to open pipe
08-13 11:44:00.006 D/KeyguardClockSwitch( 2274): Updating clock: 1144
08-13 11:44:22.099 E/netmgr  ( 1906): Failed to open QEMU pipe 'qemud:network': Invalid argument
08-13 11:44:24.849 E/wifi_forwarder( 1908): RemoteConnection failed to initialize: RemoteConnection failed to open pipe
08-13 11:44:42.395 I/Vision  ( 3002): Requesting optional module download of ocr.
08-13 11:44:42.395 I/Vision  ( 3002): Checking for download completion for 2087249 -- ocr
08-13 11:44:46.329 D/WificondControl( 2064): Scan result ready event
08-13 11:45:00.009 D/KeyguardClockSwitch( 2274): Updating clock: 1145
08-13 11:45:22.117 E/netmgr  ( 1906): Failed to open QEMU pipe 'qemud:network': Invalid argument
08-13 11:45:24.901 E/wifi_forwarder( 1908): RemoteConnection failed to initialize: RemoteConnection failed to open pipe
08-13 11:46:00.018 D/KeyguardClockSwitch( 2274): Updating clock: 1146
08-13 11:46:03.215 I/ActivityManager( 2064): Killing 6801:com.google.android.apps.photos/u0a121 (adj 975): empty for 1832s
08-13 11:46:03.229 I/ActivityManager( 2064): Killing 6738:com.google.android.videos/u0a131 (adj 975): empty for 1846s
08-13 11:46:03.230 I/libprocessgroup( 2064): Successfully killed process cgroup uid 10121 pid 6801 in 0ms
08-13 11:46:03.252 E/memtrack( 2064): Couldn't load memtrack module
08-13 11:46:03.252 W/android.os.Debug( 2064): failed to get memory consumption info: -1
08-13 11:46:03.267 I/libprocessgroup( 2064): Successfully killed process cgroup uid 10131 pid 6738 in 37ms
08-13 11:46:03.274 I/Vision  ( 3002): Requesting optional module download of ocr.
08-13 11:46:03.274 I/Vision  ( 3002): Checking for download completion for 2168128 -- ocr
08-13 11:46:03.287 E/memtrack( 2064): Couldn't load memtrack module
08-13 11:46:03.287 W/android.os.Debug( 2064): failed to get memory consumption info: -1
08-13 11:46:03.299 E/memtrack( 2064): Couldn't load memtrack module
08-13 11:46:03.299 W/android.os.Debug( 2064): failed to get memory consumption info: -1
08-13 11:46:03.307 E/memtrack( 2064): Couldn't load memtrack module
08-13 11:46:03.307 W/android.os.Debug( 2064): failed to get memory consumption info: -1
08-13 11:46:03.309 I/Zygote  ( 1762): Process 6738 exited due to signal 9 (Killed)
08-13 11:46:03.316 E/memtrack( 2064): Couldn't load memtrack module
08-13 11:46:03.316 W/android.os.Debug( 2064): failed to get memory consumption info: -1
08-13 11:46:03.322 E/memtrack( 2064): Couldn't load memtrack module
08-13 11:46:03.322 W/android.os.Debug( 2064): failed to get memory consumption info: -1
08-13 11:46:03.339 I/Zygote  ( 1762): Process 6801 exited due to signal 9 (Killed)
08-13 11:46:03.345 E/memtrack( 2064): Couldn't load memtrack module
08-13 11:46:03.345 W/android.os.Debug( 2064): failed to get memory consumption info: -1
08-13 11:46:22.173 E/netmgr  ( 1906): Failed to open QEMU pipe 'qemud:network': Invalid argument
08-13 11:46:24.916 E/wifi_forwarder( 1908): RemoteConnection failed to initialize: RemoteConnection failed to open pipe
08-13 11:47:00.010 D/KeyguardClockSwitch( 2274): Updating clock: 1147
08-13 11:47:13.607 E/ResolverController( 1761): No valid NAT64 prefix (100, <unspecified>/0)
08-13 11:47:13.622 W/Conscrypt( 2739): Could not set socket write timeout: java.net.SocketException: Socket closed
08-13 11:47:13.622 W/Conscrypt( 2739): 	at com.google.android.gms.org.conscrypt.Platform.setSocketWriteTimeout(:com.google.android.gms@200414022@20.04.14 (040700-294335909):2)
08-13 11:47:13.622 W/Conscrypt( 2739): 	at com.google.android.gms.org.conscrypt.ConscryptFileDescriptorSocket.setSoWriteTimeout(:com.google.android.gms@200414022@20.04.14 (040700-294335909):0)
08-13 11:47:13.636 W/Conscrypt( 2739): Could not set socket write timeout: java.net.SocketException: Socket closed
08-13 11:47:13.636 W/Conscrypt( 2739): 	at com.google.android.gms.org.conscrypt.Platform.setSocketWriteTimeout(:com.google.android.gms@200414022@20.04.14 (040700-294335909):2)
08-13 11:47:13.636 W/Conscrypt( 2739): 	at com.google.android.gms.org.conscrypt.ConscryptFileDescriptorSocket.setSoWriteTimeout(:com.google.android.gms@200414022@20.04.14 (040700-294335909):0)
08-13 11:47:13.711 W/GLSUser ( 2739): [AppCertManager] Failed to get security token.
08-13 11:47:13.711 W/GLSUser ( 2739): java.io.IOException: INVALID_SENDER
08-13 11:47:13.711 W/GLSUser ( 2739): 	at adcc.b(:com.google.android.gms@200414022@20.04.14 (040700-294335909):24)
08-13 11:47:13.711 W/GLSUser ( 2739): 	at adcc.a(:com.google.android.gms@200414022@20.04.14 (040700-294335909):21)
08-13 11:47:13.711 W/GLSUser ( 2739): 	at adcc.a(:com.google.android.gms@200414022@20.04.14 (040700-294335909):11)
08-13 11:47:13.711 W/GLSUser ( 2739): 	at iko.a(:com.google.android.gms@200414022@20.04.14 (040700-294335909):16)
08-13 11:47:13.711 W/GLSUser ( 2739): 	at ikm.a(:com.google.android.gms@200414022@20.04.14 (040700-294335909):42)
08-13 11:47:13.711 W/GLSUser ( 2739): 	at ikh.a(:com.google.android.gms@200414022@20.04.14 (040700-294335909):0)
08-13 11:47:13.711 W/GLSUser ( 2739): 	at ikk.a(:com.google.android.gms@200414022@20.04.14 (040700-294335909):10)
08-13 11:47:13.711 W/GLSUser ( 2739): 	at gyc.call(:com.google.android.gms@200414022@20.04.14 (040700-294335909):9)
08-13 11:47:13.711 W/GLSUser ( 2739): 	at java.util.concurrent.FutureTask.run(FutureTask.java:266)
08-13 11:47:13.711 W/GLSUser ( 2739): 	at srw.b(:com.google.android.gms@200414022@20.04.14 (040700-294335909):14)
08-13 11:47:13.711 W/GLSUser ( 2739): 	at srw.run(:com.google.android.gms@200414022@20.04.14 (040700-294335909):2)
08-13 11:47:13.711 W/GLSUser ( 2739): 	at java.util.concurrent.ThreadPoolExecutor.runWorker(ThreadPoolExecutor.java:1167)
08-13 11:47:13.711 W/GLSUser ( 2739): 	at java.util.concurrent.ThreadPoolExecutor$Worker.run(ThreadPoolExecutor.java:641)
08-13 11:47:13.711 W/GLSUser ( 2739): 	at sxw.run(:com.google.android.gms@200414022@20.04.14 (040700-294335909):0)
08-13 11:47:13.711 W/GLSUser ( 2739): 	at java.lang.Thread.run(Thread.java:919)
08-13 11:47:13.754 W/Conscrypt( 2739): Could not set socket write timeout: java.net.SocketException: Socket closed
08-13 11:47:13.754 W/Conscrypt( 2739): 	at com.google.android.gms.org.conscrypt.Platform.setSocketWriteTimeout(:com.google.android.gms@200414022@20.04.14 (040700-294335909):2)
08-13 11:47:13.754 W/Conscrypt( 2739): 	at com.google.android.gms.org.conscrypt.ConscryptFileDescriptorSocket.setSoWriteTimeout(:com.google.android.gms@200414022@20.04.14 (040700-294335909):0)
08-13 11:47:13.767 W/Conscrypt( 2739): Could not set socket write timeout: java.net.SocketException: Socket closed
08-13 11:47:13.767 W/Conscrypt( 2739): 	at com.google.android.gms.org.conscrypt.Platform.setSocketWriteTimeout(:com.google.android.gms@200414022@20.04.14 (040700-294335909):2)
08-13 11:47:13.767 W/Conscrypt( 2739): 	at com.google.android.gms.org.conscrypt.ConscryptFileDescriptorSocket.setSoWriteTimeout(:com.google.android.gms@200414022@20.04.14 (040700-294335909):0)
08-13 11:47:13.835 W/GLSUser ( 2739): [AppCertManager] IOException while requesting key: 
08-13 11:47:13.835 W/GLSUser ( 2739): java.io.IOException: Invalid device key response.
08-13 11:47:13.835 W/GLSUser ( 2739): 	at iko.a(:com.google.android.gms@200414022@20.04.14 (040700-294335909):50)
08-13 11:47:13.835 W/GLSUser ( 2739): 	at ikm.a(:com.google.android.gms@200414022@20.04.14 (040700-294335909):42)
08-13 11:47:13.835 W/GLSUser ( 2739): 	at ikh.a(:com.google.android.gms@200414022@20.04.14 (040700-294335909):0)
08-13 11:47:13.835 W/GLSUser ( 2739): 	at ikk.a(:com.google.android.gms@200414022@20.04.14 (040700-294335909):10)
08-13 11:47:13.835 W/GLSUser ( 2739): 	at gyc.call(:com.google.android.gms@200414022@20.04.14 (040700-294335909):9)
08-13 11:47:13.835 W/GLSUser ( 2739): 	at java.util.concurrent.FutureTask.run(FutureTask.java:266)
08-13 11:47:13.835 W/GLSUser ( 2739): 	at srw.b(:com.google.android.gms@200414022@20.04.14 (040700-294335909):14)
08-13 11:47:13.835 W/GLSUser ( 2739): 	at srw.run(:com.google.android.gms@200414022@20.04.14 (040700-294335909):2)
08-13 11:47:13.835 W/GLSUser ( 2739): 	at java.util.concurrent.ThreadPoolExecutor.runWorker(ThreadPoolExecutor.java:1167)
08-13 11:47:13.835 W/GLSUser ( 2739): 	at java.util.concurrent.ThreadPoolExecutor$Worker.run(ThreadPoolExecutor.java:641)
08-13 11:47:13.835 W/GLSUser ( 2739): 	at sxw.run(:com.google.android.gms@200414022@20.04.14 (040700-294335909):0)
08-13 11:47:13.835 W/GLSUser ( 2739): 	at java.lang.Thread.run(Thread.java:919)
08-13 11:47:20.856 E/memtrack( 2064): Couldn't load memtrack module
08-13 11:47:20.856 W/android.os.Debug( 2064): failed to get memory consumption info: -1
08-13 11:47:22.178 E/netmgr  ( 1906): Failed to open QEMU pipe 'qemud:network': Invalid argument
08-13 11:47:22.398 I/Vision  ( 3002): Requesting optional module download of ocr.
08-13 11:47:22.400 I/Vision  ( 3002): Checking for download completion for 2247254 -- ocr
08-13 11:47:24.971 E/wifi_forwarder( 1908): RemoteConnection failed to initialize: RemoteConnection failed to open pipe
08-13 11:47:26.338 D/WificondControl( 2064): Scan result ready event
08-13 11:48:00.009 D/KeyguardClockSwitch( 2274): Updating clock: 1148
08-13 11:48:22.233 E/netmgr  ( 1906): Failed to open QEMU pipe 'qemud:network': Invalid argument
08-13 11:48:24.983 E/wifi_forwarder( 1908): RemoteConnection failed to initialize: RemoteConnection failed to open pipe
08-13 11:49:00.008 D/KeyguardClockSwitch( 2274): Updating clock: 1149
08-13 11:49:03.860 I/ActivityManager( 2064): Killing 6625:com.google.android.gms.ui/u0a98 (adj 965): empty for 1800s
08-13 11:49:03.867 I/libprocessgroup( 2064): Successfully killed process cgroup uid 10098 pid 6625 in 0ms
08-13 11:49:03.894 E/memtrack( 2064): Couldn't load memtrack module
08-13 11:49:03.894 W/android.os.Debug( 2064): failed to get memory consumption info: -1
08-13 11:49:03.908 I/Vision  ( 3002): Requesting optional module download of ocr.
08-13 11:49:03.908 I/Vision  ( 3002): Checking for download completion for 2348762 -- ocr
08-13 11:49:03.928 I/Zygote  ( 1762): Process 6625 exited due to signal 9 (Killed)
08-13 11:49:04.498 I/ActivityManager( 2064): Killing 7113:com.android.keychain/1000 (adj 955): empty for 1800s
08-13 11:49:04.498 I/ActivityManager( 2064): Killing 7089:com.android.chrome/u0a127 (adj 955): empty for 1800s
08-13 11:49:04.505 I/libprocessgroup( 2064): Successfully killed process cgroup uid 1000 pid 7113 in 0ms
08-13 11:49:04.511 I/libprocessgroup( 2064): Successfully killed process cgroup uid 10127 pid 7089 in 0ms
08-13 11:49:04.530 I/Zygote  ( 1762): Process 7113 exited due to signal 9 (Killed)
08-13 11:49:04.565 I/Zygote  ( 1762): Process 7089 exited due to signal 9 (Killed)
08-13 11:49:19.542 I/ActivityManager( 2064): Killing 7171:com.android.documentsui/u0a52 (adj 995): empty for 1814s
08-13 11:49:19.549 I/libprocessgroup( 2064): Successfully killed process cgroup uid 10052 pid 7171 in 0ms
08-13 11:49:19.555 E/memtrack( 2064): Couldn't load memtrack module
08-13 11:49:19.555 W/android.os.Debug( 2064): failed to get memory consumption info: -1
08-13 11:49:19.573 E/memtrack( 2064): Couldn't load memtrack module
