08-12 22:41:41.873 I/MicroDetector( 4493): Keeping mic open: false
08-12 22:41:41.874 I/MicroDetectionWorker( 4493): #onError(false)
08-12 22:41:46.880 I/MicroDetectionWorker( 4493): #startMicroDetector [speakerMode: 0]
08-12 22:41:46.890 W/ErrorReporter( 4493): reportError [type: 211, code: 393244, bug: 0]: errorCode: 393244, engine: 0
08-12 22:41:46.891 I/MicroDetector( 4493): Keeping mic open: false
08-12 22:41:46.891 I/MicroDetectionWorker( 4493): #onError(false)
08-12 22:41:51.204 E/netmgr  ( 1874): Failed to open QEMU pipe 'qemud:network': Invalid argument
08-12 22:41:51.896 I/MicroDetectionWorker( 4493): #startMicroDetector [speakerMode: 0]
08-12 22:41:51.900 W/ErrorReporter( 4493): reportError [type: 211, code: 393244, bug: 0]: errorCode: 393244, engine: 0
08-12 22:41:51.905 I/MicroDetector( 4493): Keeping mic open: false
08-12 22:41:51.905 I/MicroDetectionWorker( 4493): #onError(false)
08-12 22:41:54.219 E/wifi_forwarder( 1876): RemoteConnection failed to initialize: RemoteConnection failed to open pipe
08-12 22:41:56.910 I/MicroDetectionWorker( 4493): #startMicroDetector [speakerMode: 0]
08-12 22:41:56.913 W/ErrorReporter( 4493): reportError [type: 211, code: 393244, bug: 0]: errorCode: 393244, engine: 0
08-12 22:41:56.917 I/MicroDetector( 4493): Keeping mic open: false
08-12 22:41:56.918 I/MicroDetectionWorker( 4493): #onError(false)
08-12 22:42:00.011 D/KeyguardClockSwitch( 2355): Updating clock: 2242
08-12 22:42:01.923 I/MicroDetectionWorker( 4493): #startMicroDetector [speakerMode: 0]
08-12 22:42:01.930 W/ErrorReporter( 4493): reportError [type: 211, code: 393244, bug: 0]: errorCode: 393244, engine: 0
08-12 22:42:01.931 I/MicroDetector( 4493): Keeping mic open: false
08-12 22:42:01.931 I/MicroDetectionWorker( 4493): #onError(false)
08-12 22:42:06.935 I/MicroDetectionWorker( 4493): #startMicroDetector [speakerMode: 0]
08-12 22:42:06.950 W/ErrorReporter( 4493): reportError [type: 211, code: 393244, bug: 0]: errorCode: 393244, engine: 0
08-12 22:42:06.951 I/MicroDetector( 4493): Keeping mic open: false
08-12 22:42:06.951 I/MicroDetectionWorker( 4493): #onError(false)
08-12 22:42:10.223 D/NetworkTestingJobService(10756): onCreate
08-12 22:42:10.235 D/NetworkTestingJobService(10756): onStartJob
08-12 22:42:10.241 D/NetworkTestingJobService(10756): Background logging times in one session:1
08-12 22:42:10.251 D/AuthenticationTask(10756): run
08-12 22:42:10.252 D/NetworkTestingProcess(10756): Authentication API Judgement:network:true Throughput:true ServerEnabletrue
08-12 22:42:10.252 D/UserCountryTask(10756): run
08-12 22:42:10.252 D/InfoTask(10756): run
08-12 22:42:10.258 D/InfoTask(10756): mobileDataOffFlag:0
08-12 22:42:10.262 D/InfoTask(10756): localeCountryCode:US
08-12 22:42:10.262 D/InfoTask(10756): localeLangCode:en
08-12 22:42:10.262 D/InfoTask(10756): localeCurrencyCode:USD
08-12 22:42:10.265 D/InfoTask(10756): batteryLevel:100
08-12 22:42:10.267 D/InfoTask(10756): batteryPluggedType:0
08-12 22:42:10.269 D/InfoTask(10756): batteryChargeType:4
08-12 22:42:10.272 D/InfoTask(10756): locationStatus:0
08-12 22:42:10.277 D/WiFiTask(10756): run
08-12 22:42:10.281 D/TelephonyTask(10756): run
08-12 22:42:10.281 D/TelephonyTask(10756): bindTelephonyManager
08-12 22:42:10.438 D/TelephonyTask(10756): registedCellType:Gsm
08-12 22:42:10.439 D/PowerTask(10756): run
08-12 22:42:10.443 D/SingleLocationTask(10756): run
08-12 22:42:10.462 D/TelephonyTask(10756): onServiceStateChanged
08-12 22:42:10.468 D/TelephonyTask(10756): NRState-1
08-12 22:42:10.494 W/oop.com.exampl(10756): Reducing the number of considered missed Gc histogram windows from 144 to 100
08-12 22:42:10.499 D/TelephonyTask(10756): onCellLocationChanged
08-12 22:42:10.521 D/TelephonyTask(10756): onSignalStrengthsChanged
08-12 22:42:10.547 D/SingleLocationTask(10756): onLocationUpdate: Location[fused 37.421998,-122.084000 hAcc=17 et=+1h26m44s867ms alt=5.0 vel=0.0 bear=0.0 vAcc=40 sAcc=??? bAcc=??? {Bundle[mParcelledData.dataSize=52]}]
08-12 22:42:11.482 D/SingleLocationTask(10756): release resource
08-12 22:42:11.490 D/NetworkTask(10756): run
08-12 22:42:11.535 D/TelephonyTask(10756): ResetTelephonyManager
08-12 22:42:11.541 D/TelephonyTask(10756): bindTelephonyManager
08-12 22:42:11.551 D/TelephonyTask(10756): onServiceStateChanged
08-12 22:42:11.589 D/TelephonyTask(10756): registedCellType:Gsm
08-12 22:42:11.604 D/TelephonyTask(10756): NRState-1
08-12 22:42:11.635 D/LatencyTest(10756): Downloading Starting 
08-12 22:42:11.638 D/TelephonyTask(10756): onCellLocationChanged
08-12 22:42:11.666 D/TelephonyTask(10756): onSignalStrengthsChanged
08-12 22:42:11.685 E/ResolverController( 1763): No valid NAT64 prefix (100, <unspecified>/0)
08-12 22:42:11.775 D/LatencyTest(10756): Connection Finished
08-12 22:42:11.788 D/LatencyTest(10756): File Loading Success
08-12 22:42:11.790 D/LatencyTest(10756): responseRedirectUrl=aresssl.agoop.net
08-12 22:42:11.790 D/LatencyTest(10756): ErrorCode=
08-12 22:42:11.790 D/LatencyTest(10756): StatusCode=200, Latency=152
08-12 22:42:11.791 D/TelephonyTask(10756): ResetTelephonyManager
08-12 22:42:11.795 D/TelephonyTask(10756): bindTelephonyManager
08-12 22:42:11.802 D/TelephonyTask(10756): onServiceStateChanged
08-12 22:42:11.823 D/TelephonyTask(10756): registedCellType:Gsm
08-12 22:42:11.832 D/TelephonyTask(10756): NRState-1
08-12 22:42:11.856 D/TelephonyTask(10756): onCellLocationChanged
08-12 22:42:11.876 D/TelephonyTask(10756): onSignalStrengthsChanged
08-12 22:42:11.956 I/MicroDetectionWorker( 4493): #startMicroDetector [speakerMode: 0]
08-12 22:42:11.961 W/ErrorReporter( 4493): reportError [type: 211, code: 393244, bug: 0]: errorCode: 393244, engine: 0
08-12 22:42:11.963 I/MicroDetector( 4493): Keeping mic open: false
08-12 22:42:11.963 I/MicroDetectionWorker( 4493): #onError(false)
08-12 22:42:14.241 D/WificondControl( 2075): Scan result ready event
08-12 22:42:14.835 D/NetworkTask(10756): RF Wait time end.
08-12 22:42:14.835 D/NetworkTask(10756): latencyRunTime:null
08-12 22:42:14.835 D/NetworkTask(10756): connectionRunTime:null
08-12 22:42:14.835 D/NetworkTask(10756): errorInfo:
08-12 22:42:14.836 D/InfoNetworkTask(10756): run
08-12 22:42:14.845 D/InfoNetworkTask(10756): srcmobileUpload:68817
08-12 22:42:14.845 D/InfoNetworkTask(10756): srcmobileDownload:47135
08-12 22:42:14.845 D/InfoNetworkTask(10756): srcwifiUpload:1191147
08-12 22:42:14.845 D/InfoNetworkTask(10756): srcwifiDownload:57085077
08-12 22:42:14.845 D/InfoNetworkTask(10756): lastmobileUpload:0
08-12 22:42:14.845 D/InfoNetworkTask(10756): lastmobileDownload:0
08-12 22:42:14.846 D/InfoNetworkTask(10756): lastwifiUpload:0
08-12 22:42:14.846 D/InfoNetworkTask(10756): lastwifiDownload:0
08-12 22:42:14.864 D/InfoNetworkTask(10756): mobileDownBytes:47135
08-12 22:42:14.864 D/InfoNetworkTask(10756): mobileUpBytes:68817
08-12 22:42:14.864 D/InfoNetworkTask(10756): wifiDownBytes:57085077
08-12 22:42:14.864 D/InfoNetworkTask(10756): wifiUpBytes:1191147
08-12 22:42:14.864 D/SaveLogTask(10756): run
08-12 22:42:14.875 W/SaveLogTask(10756): notifyToApp called.
08-12 22:42:14.886 D/ExampleReceiver(10756): onReceive
08-12 22:42:14.899 I/SaveLogTask(10756): ----SaveLogTask: isNetowrkTasktrue
08-12 22:42:14.900 I/SaveLogTask(10756): ----SaveLogTask: isThroughputTaskfalse
08-12 22:42:14.901 D/SaveLogTask(10756): {"wiFiSpeed":26,"pictBar":2,"batteryPluggedType":0,"frequencyRange":-1,"updateAt":"2020-08-12T22:42:10.455+0900","accuracy":16.603,"errorCode":"","sessionID":"6be6028a-6b3a-4962-a653-1a1528d98f6c","powerSaveMode":0,"inactiveStatus":0,"batteryChargeType":4,"lac":-1,"responseCode":200,"serviceState":0,"nrState":-1,"mobileDownBytes":47135,"simCarrier":"T-Mobile","mobileUpBytes":68817,"dozeMode":0,"dataSaverMode":0,"createID":"901fed33-0899-43cf-89d3-03838f38c4ff","networkIsoCc":"US","whiteListMode":0,"radioPhoneType":1,"applicationVersion":"5.15001Debug","deviceType":"Android SDK built for x86","simState":5,"endcAvailableFlag":0,"currentLongitude":-122.084,"localeCurrencyCode":"USD","timeZone":"Asia\/Tokyo","plmn":"310260","dataState":2,"dcnrRestrictedFlag":0,"simPlmn":"310260","radioNetworkType":0,"isCdmaCalling":false,"verticalAccuracy":40,"endPowerSaveMode":0,"latencyUrl":"aresssl.agoop.net","localeLangCode":"en","gpsType":"HPLfused","wifiDownBytes":57085077,"registedCellType":"Gsm","latencyTime":152,"cid":-1,"endDozeMode":0,"screenState":1,"logType":12,"psc":-1,"altitude":5,"startTestAt":"2020-08-12T22:42:11.635+0900","nrAllocatedFlag":0,"sameLoggingKey":"901fed33-0899-43cf-89d3-03838f38c4ff","wifiUpBytes":1191147,"securityPatch":"2019-09-05","applicationState":2,"timeZoneOffset":32400,"midTestAt":"2020-08-12T22:42:11.775+0900","mobileDataOffFlag":0,"errorInfo":"","endRadioNetworkType":0,"speed":0,"createAt":"2020-08-12T22:42:14.865+0900","locationStatus":0,"wiFiRssi":-30,"osVersion":"10","moduleVersion":"5.15001","standbyBucketType":10,"course":0,"wiFiScanCount":1,"networkType":1,"endNetworkType":1,"batteryLevel":100,"localeCountryCode":"US","firmwareNo":"QSR1.200403.001","signalStrength":99,"endTestAt":"2020-08-12T22:42:11.788+0900","actionType":8,"carrier":"Android","airplaneMode":0,"cellType":"UNKNOWN","currentLatitude":37.4219983,"mockLocationFlag":0,"simIsoCc":"US"}
08-12 22:42:14.905 D/WaitTask(10756): run
08-12 22:42:14.909 D/ExampleReceiver(10756): ----saveLog----
08-12 22:42:14.936 D/ExampleReceiver(10756): ----saveLogList：1
08-12 22:42:14.943 D/ExampleReceiver(10756): jp.co.agoop.networkreachability.NetworkConnectivity$LogSerializableMap@5cb2783
08-12 22:42:15.023 W/System  (10756): A resource failed to call close. 
08-12 22:42:16.936 D/NetworkTask(10756): run
08-12 22:42:16.936 D/TelephonyTask(10756): ResetTelephonyManager
08-12 22:42:16.942 D/TelephonyTask(10756): bindTelephonyManager
08-12 22:42:16.952 D/TelephonyTask(10756): onServiceStateChanged
08-12 22:42:16.968 I/MicroDetectionWorker( 4493): #startMicroDetector [speakerMode: 0]
08-12 22:42:16.973 W/ErrorReporter( 4493): reportError [type: 211, code: 393244, bug: 0]: errorCode: 393244, engine: 0
08-12 22:42:16.973 I/MicroDetector( 4493): Keeping mic open: false
08-12 22:42:16.973 I/MicroDetectionWorker( 4493): #onError(false)
08-12 22:42:16.985 D/TelephonyTask(10756): registedCellType:Gsm
08-12 22:42:17.003 D/TelephonyTask(10756): NRState-1
08-12 22:42:17.029 D/LatencyTest(10756): Downloading Starting 
08-12 22:42:17.040 D/TelephonyTask(10756): onCellLocationChanged
08-12 22:42:17.048 E/ResolverController( 1763): No valid NAT64 prefix (100, <unspecified>/0)
08-12 22:42:17.069 D/TelephonyTask(10756): onSignalStrengthsChanged
08-12 22:42:17.084 D/LatencyTest(10756): Connection Finished
08-12 22:42:17.103 D/LatencyTest(10756): File Loading Success
08-12 22:42:17.103 D/LatencyTest(10756): responseRedirectUrl=aresssl.agoop.net
08-12 22:42:17.103 D/LatencyTest(10756): ErrorCode=
08-12 22:42:17.104 D/LatencyTest(10756): StatusCode=200, Latency=74
08-12 22:42:17.108 D/TelephonyTask(10756): ResetTelephonyManager
08-12 22:42:17.111 D/TelephonyTask(10756): bindTelephonyManager
08-12 22:42:17.119 D/TelephonyTask(10756): onServiceStateChanged
08-12 22:42:17.138 D/TelephonyTask(10756): registedCellType:Gsm
08-12 22:42:17.150 D/TelephonyTask(10756): NRState-1
08-12 22:42:17.180 D/TelephonyTask(10756): onCellLocationChanged
08-12 22:42:17.199 D/TelephonyTask(10756): onSignalStrengthsChanged
08-12 22:42:20.212 D/NetworkTask(10756): RF Wait time end.
08-12 22:42:20.212 D/NetworkTask(10756): latencyRunTime:null
08-12 22:42:20.212 D/NetworkTask(10756): connectionRunTime:null
08-12 22:42:20.212 D/NetworkTask(10756): errorInfo:
08-12 22:42:20.212 D/InfoNetworkTask(10756): run
08-12 22:42:20.220 D/InfoNetworkTask(10756): srcmobileUpload:68817
08-12 22:42:20.220 D/InfoNetworkTask(10756): srcmobileDownload:47135
08-12 22:42:20.220 D/InfoNetworkTask(10756): srcwifiUpload:1192306
08-12 22:42:20.220 D/InfoNetworkTask(10756): srcwifiDownload:57086172
08-12 22:42:20.220 D/InfoNetworkTask(10756): lastmobileUpload:68817
08-12 22:42:20.220 D/InfoNetworkTask(10756): lastmobileDownload:47135
08-12 22:42:20.220 D/InfoNetworkTask(10756): lastwifiUpload:1191147
08-12 22:42:20.220 D/InfoNetworkTask(10756): lastwifiDownload:57085077
08-12 22:42:20.226 D/InfoNetworkTask(10756): mobileDownBytes:0
08-12 22:42:20.226 D/InfoNetworkTask(10756): mobileUpBytes:0
08-12 22:42:20.226 D/InfoNetworkTask(10756): wifiDownBytes:1095
08-12 22:42:20.226 D/InfoNetworkTask(10756): wifiUpBytes:1159
08-12 22:42:20.226 D/SaveLogTask(10756): run
08-12 22:42:20.245 W/SaveLogTask(10756): notifyToApp called.
08-12 22:42:20.273 D/ExampleReceiver(10756): onReceive
08-12 22:42:20.281 I/SaveLogTask(10756): ----SaveLogTask: isNetowrkTasktrue
08-12 22:42:20.281 I/SaveLogTask(10756): ----SaveLogTask: isThroughputTaskfalse
08-12 22:42:20.286 D/SaveLogTask(10756): {"wiFiSpeed":26,"pictBar":2,"batteryPluggedType":0,"frequencyRange":-1,"updateAt":"2020-08-12T22:42:10.455+0900","accuracy":16.603,"errorCode":"","sessionID":"6be6028a-6b3a-4962-a653-1a1528d98f6c","powerSaveMode":0,"inactiveStatus":0,"batteryChargeType":4,"lac":-1,"responseCode":200,"serviceState":0,"nrState":-1,"mobileDownBytes":0,"simCarrier":"T-Mobile","mobileUpBytes":0,"dozeMode":0,"dataSaverMode":0,"createID":"07c96822-456c-4785-a0fe-1a3a1aa9b93d","networkIsoCc":"US","whiteListMode":0,"radioPhoneType":1,"applicationVersion":"5.15001Debug","deviceType":"Android SDK built for x86","simState":5,"endcAvailableFlag":0,"currentLongitude":-122.084,"localeCurrencyCode":"USD","timeZone":"Asia\/Tokyo","plmn":"310260","dataState":2,"dcnrRestrictedFlag":0,"simPlmn":"310260","radioNetworkType":0,"isCdmaCalling":false,"verticalAccuracy":40,"endPowerSaveMode":0,"latencyUrl":"aresssl.agoop.net","localeLangCode":"en","gpsType":"HPLfused","wifiDownBytes":1095,"registedCellType":"Gsm","latencyTime":74,"cid":-1,"endDozeMode":0,"screenState":1,"logType":20,"psc":-1,"altitude":5,"startTestAt":"2020-08-12T22:42:17.029+0900","nrAllocatedFlag":0,"sameLoggingKey":"901fed33-0899-43cf-89d3-03838f38c4ff","wifiUpBytes":1159,"securityPatch":"2019-09-05","applicationState":2,"timeZoneOffset":32400,"midTestAt":"2020-08-12T22:42:17.084+0900","mobileDataOffFlag":0,"errorInfo":"","endRadioNetworkType":0,"speed":0,"createAt":"2020-08-12T22:42:20.231+0900","locationStatus":0,"wiFiRssi":-30,"osVersion":"10","moduleVersion":"5.15001","standbyBucketType":10,"course":0,"wiFiScanCount":1,"networkType":1,"endNetworkType":1,"batteryLevel":100,"localeCountryCode":"US","firmwareNo":"QSR1.200403.001","signalStrength":99,"endTestAt":"2020-08-12T22:42:17.103+0900","actionType":8,"carrier":"Android","airplaneMode":0,"cellType":"UNKNOWN","currentLatitude":37.4219983,"mockLocationFlag":0,"simIsoCc":"US"}
08-12 22:42:20.297 D/SendLogTask(10756): run
08-12 22:42:20.305 D/ExampleReceiver(10756): ----saveLog----
08-12 22:42:20.332 D/ExampleReceiver(10756): ----saveLogList：2
08-12 22:42:20.343 D/ExampleReceiver(10756): jp.co.agoop.networkreachability.NetworkConnectivity$LogSerializableMap@c88d237
08-12 22:42:20.450 E/ResolverController( 1763): No valid NAT64 prefix (100, <unspecified>/0)
08-12 22:42:20.823 E/memtrack( 2075): Couldn't load memtrack module
08-12 22:42:20.823 W/android.os.Debug( 2075): failed to get memory consumption info: -1
08-12 22:42:21.924 D/AuthenticationTask(10756): releaseResource
08-12 22:42:21.924 D/InfoTask(10756): releaseResource
08-12 22:42:21.924 D/WiFiTask(10756): releaseResource
08-12 22:42:21.924 D/TelephonyTask(10756): releaseResource
08-12 22:42:21.932 D/PowerTask(10756): release resource
08-12 22:42:21.937 D/NetworkTask(10756): releaseResource
08-12 22:42:21.937 D/InfoNetworkTask(10756): releaseResource
08-12 22:42:21.937 D/SaveLogTask(10756): releaseResource
08-12 22:42:21.937 D/WaitTask(10756): releaseResource
08-12 22:42:21.937 D/NetworkTask(10756): releaseResource
08-12 22:42:21.937 D/InfoNetworkTask(10756): releaseResource
08-12 22:42:21.937 D/SaveLogTask(10756): releaseResource
08-12 22:42:21.937 D/SendLogTask(10756): releaseResource
08-12 22:42:21.957 D/NetworkTestingJobService(10756): onDestroy
08-12 22:42:21.979 I/MicroDetectionWorker( 4493): #startMicroDetector [speakerMode: 0]
08-12 22:42:21.980 W/ErrorReporter( 4493): reportError [type: 211, code: 393244, bug: 0]: errorCode: 393244, engine: 0
08-12 22:42:21.981 I/MicroDetector( 4493): Keeping mic open: false
08-12 22:42:21.981 I/MicroDetectionWorker( 4493): #onError(false)
08-12 22:42:26.986 I/MicroDetectionWorker( 4493): #startMicroDetector [speakerMode: 0]
08-12 22:42:26.992 W/ErrorReporter( 4493): reportError [type: 211, code: 393244, bug: 0]: errorCode: 393244, engine: 0
08-12 22:42:26.993 I/MicroDetector( 4493): Keeping mic open: false
08-12 22:42:26.993 I/MicroDetectionWorker( 4493): #onError(false)
08-12 22:42:31.999 I/MicroDetectionWorker( 4493): #startMicroDetector [speakerMode: 0]
08-12 22:42:32.004 W/ErrorReporter( 4493): reportError [type: 211, code: 393244, bug: 0]: errorCode: 393244, engine: 0
08-12 22:42:32.011 I/MicroDetector( 4493): Keeping mic open: false
08-12 22:42:32.011 I/MicroDetectionWorker( 4493): #onError(false)
08-12 22:42:37.015 I/MicroDetectionWorker( 4493): #startMicroDetector [speakerMode: 0]
08-12 22:42:37.022 W/ErrorReporter( 4493): reportError [type: 211, code: 393244, bug: 0]: errorCode: 393244, engine: 0
08-12 22:42:37.023 I/MicroDetector( 4493): Keeping mic open: false
08-12 22:42:37.023 I/MicroDetectionWorker( 4493): #onError(false)
08-12 22:42:42.028 I/MicroDetectionWorker( 4493): #startMicroDetector [speakerMode: 0]
08-12 22:42:42.033 W/ErrorReporter( 4493): reportError [type: 211, code: 393244, bug: 0]: errorCode: 393244, engine: 0
08-12 22:42:42.034 I/MicroDetector( 4493): Keeping mic open: false
08-12 22:42:42.034 I/MicroDetectionWorker( 4493): #onError(false)
08-12 22:42:47.040 I/MicroDetectionWorker( 4493): #startMicroDetector [speakerMode: 0]
08-12 22:42:47.043 W/ErrorReporter( 4493): reportError [type: 211, code: 393244, bug: 0]: errorCode: 393244, engine: 0
08-12 22:42:47.044 I/MicroDetector( 4493): Keeping mic open: false
08-12 22:42:47.044 I/MicroDetectionWorker( 4493): #onError(false)
08-12 22:42:51.236 E/netmgr  ( 1874): Failed to open QEMU pipe 'qemud:network': Invalid argument
08-12 22:42:52.051 I/MicroDetectionWorker( 4493): #startMicroDetector [speakerMode: 0]
08-12 22:42:52.057 W/ErrorReporter( 4493): reportError [type: 211, code: 393244, bug: 0]: errorCode: 393244, engine: 0
08-12 22:42:52.062 I/MicroDetector( 4493): Keeping mic open: false
08-12 22:42:52.062 I/MicroDetectionWorker( 4493): #onError(false)
08-12 22:42:54.235 E/wifi_forwarder( 1876): RemoteConnection failed to initialize: RemoteConnection failed to open pipe
08-12 22:42:57.066 I/MicroDetectionWorker( 4493): #startMicroDetector [speakerMode: 0]
08-12 22:42:57.071 W/ErrorReporter( 4493): reportError [type: 211, code: 393244, bug: 0]: errorCode: 393244, engine: 0
08-12 22:42:57.072 I/MicroDetector( 4493): Keeping mic open: false
08-12 22:42:57.073 I/MicroDetectionWorker( 4493): #onError(false)
08-12 22:43:00.020 D/KeyguardClockSwitch( 2355): Updating clock: 2243
08-12 22:43:02.078 I/MicroDetectionWorker( 4493): #startMicroDetector [speakerMode: 0]
08-12 22:43:02.083 W/ErrorReporter( 4493): reportError [type: 211, code: 393244, bug: 0]: errorCode: 393244, engine: 0
08-12 22:43:02.083 I/MicroDetector( 4493): Keeping mic open: false
08-12 22:43:02.084 I/MicroDetectionWorker( 4493): #onError(false)
08-12 22:43:07.089 I/MicroDetectionWorker( 4493): #startMicroDetector [speakerMode: 0]
08-12 22:43:07.091 W/ErrorReporter( 4493): reportError [type: 211, code: 393244, bug: 0]: errorCode: 393244, engine: 0
08-12 22:43:07.092 I/MicroDetector( 4493): Keeping mic open: false
08-12 22:43:07.092 I/MicroDetectionWorker( 4493): #onError(false)
08-12 22:43:07.104 I/system_server( 2075): Background young concurrent copying GC freed 91580(3276KB) AllocSpace objects, 14(528KB) LOS objects, 22% free, 13MB/16MB, paused 89us total 146.662ms
08-12 22:43:12.097 I/MicroDetectionWorker( 4493): #startMicroDetector [speakerMode: 0]
08-12 22:43:12.101 W/ErrorReporter( 4493): reportError [type: 211, code: 393244, bug: 0]: errorCode: 393244, engine: 0
08-12 22:43:12.107 I/MicroDetector( 4493): Keeping mic open: false
08-12 22:43:12.107 I/MicroDetectionWorker( 4493): #onError(false)
08-12 22:43:17.112 I/MicroDetectionWorker( 4493): #startMicroDetector [speakerMode: 0]
08-12 22:43:17.120 W/ErrorReporter( 4493): reportError [type: 211, code: 393244, bug: 0]: errorCode: 393244, engine: 0
08-12 22:43:17.121 I/MicroDetector( 4493): Keeping mic open: false
08-12 22:43:17.121 I/MicroDetectionWorker( 4493): #onError(false)
08-12 22:43:22.127 I/MicroDetectionWorker( 4493): #startMicroDetector [speakerMode: 0]
08-12 22:43:22.134 W/ErrorReporter( 4493): reportError [type: 211, code: 393244, bug: 0]: errorCode: 393244, engine: 0
08-12 22:43:22.134 I/MicroDetector( 4493): Keeping mic open: false
08-12 22:43:22.135 I/MicroDetectionWorker( 4493): #onError(false)
08-12 22:43:27.140 I/MicroDetectionWorker( 4493): #startMicroDetector [speakerMode: 0]
08-12 22:43:27.144 W/ErrorReporter( 4493): reportError [type: 211, code: 393244, bug: 0]: errorCode: 393244, engine: 0
08-12 22:43:27.147 I/MicroDetector( 4493): Keeping mic open: false
08-12 22:43:27.147 I/MicroDetectionWorker( 4493): #onError(false)
08-12 22:43:32.156 I/MicroDetectionWorker( 4493): #startMicroDetector [speakerMode: 0]
08-12 22:43:32.159 W/ErrorReporter( 4493): reportError [type: 211, code: 393244, bug: 0]: errorCode: 393244, engine: 0
08-12 22:43:32.163 I/MicroDetector( 4493): Keeping mic open: false
08-12 22:43:32.164 I/MicroDetectionWorker( 4493): #onError(false)
08-12 22:43:37.169 I/MicroDetectionWorker( 4493): #startMicroDetector [speakerMode: 0]
08-12 22:43:37.182 W/ErrorReporter( 4493): reportError [type: 211, code: 393244, bug: 0]: errorCode: 393244, engine: 0
08-12 22:43:37.186 I/MicroDetector( 4493): Keeping mic open: false
08-12 22:43:37.186 I/MicroDetectionWorker( 4493): #onError(false)
08-12 22:43:42.193 I/MicroDetectionWorker( 4493): #startMicroDetector [speakerMode: 0]
08-12 22:43:42.201 W/ErrorReporter( 4493): reportError [type: 211, code: 393244, bug: 0]: errorCode: 393244, engine: 0
08-12 22:43:42.205 I/MicroDetector( 4493): Keeping mic open: false
08-12 22:43:42.205 I/MicroDetectionWorker( 4493): #onError(false)
08-12 22:43:42.205 I/DeviceStateChecker( 4493): DeviceStateChecker cancelled
08-12 22:43:47.211 I/MicroDetectionWorker( 4493): #startMicroDetector [speakerMode: 0]
08-12 22:43:47.214 W/ErrorReporter( 4493): reportError [type: 211, code: 393244, bug: 0]: errorCode: 393244, engine: 0
08-12 22:43:47.223 I/MicroDetector( 4493): Keeping mic open: false
08-12 22:43:47.223 I/MicroDetectionWorker( 4493): #onError(false)
08-12 22:43:47.223 I/DeviceStateChecker( 4493): DeviceStateChecker cancelled
08-12 22:43:51.269 E/netmgr  ( 1874): Failed to open QEMU pipe 'qemud:network': Invalid argument
08-12 22:43:52.228 I/MicroDetectionWorker( 4493): #startMicroDetector [speakerMode: 0]
08-12 22:43:52.238 W/ErrorReporter( 4493): reportError [type: 211, code: 393244, bug: 0]: errorCode: 393244, engine: 0
08-12 22:43:52.255 I/MicroDetector( 4493): Keeping mic open: false
08-12 22:43:52.255 I/MicroDetectionWorker( 4493): #onError(false)
08-12 22:43:54.285 E/wifi_forwarder( 1876): RemoteConnection failed to initialize: RemoteConnection failed to open pipe
08-12 22:43:57.261 I/MicroDetectionWorker( 4493): #startMicroDetector [speakerMode: 0]
08-12 22:43:57.273 W/ErrorReporter( 4493): reportError [type: 211, code: 393244, bug: 0]: errorCode: 393244, engine: 0
08-12 22:43:57.274 I/MicroDetector( 4493): Keeping mic open: false
08-12 22:43:57.274 I/MicroDetectionWorker( 4493): #onError(false)
08-12 22:44:00.011 D/KeyguardClockSwitch( 2355): Updating clock: 2244
08-12 22:44:02.278 I/MicroDetectionWorker( 4493): #startMicroDetector [speakerMode: 0]
08-12 22:44:02.281 W/ErrorReporter( 4493): reportError [type: 211, code: 393244, bug: 0]: errorCode: 393244, engine: 0
08-12 22:44:02.284 I/MicroDetector( 4493): Keeping mic open: false
08-12 22:44:02.284 I/MicroDetectionWorker( 4493): #onError(false)
08-12 22:44:07.290 I/MicroDetectionWorker( 4493): #startMicroDetector [speakerMode: 0]
08-12 22:44:07.294 W/ErrorReporter( 4493): reportError [type: 211, code: 393244, bug: 0]: errorCode: 393244, engine: 0
08-12 22:44:07.306 I/MicroDetector( 4493): Keeping mic open: false
08-12 22:44:07.306 I/MicroDetectionWorker( 4493): #onError(false)
08-12 22:44:12.311 I/MicroDetectionWorker( 4493): #startMicroDetector [speakerMode: 0]
08-12 22:44:12.315 W/ErrorReporter( 4493): reportError [type: 211, code: 393244, bug: 0]: errorCode: 393244, engine: 0
08-12 22:44:12.321 I/MicroDetector( 4493): Keeping mic open: false
08-12 22:44:12.321 I/MicroDetectionWorker( 4493): #onError(false)
08-12 22:44:17.328 I/MicroDetectionWorker( 4493): #startMicroDetector [speakerMode: 0]
08-12 22:44:17.333 W/ErrorReporter( 4493): reportError [type: 211, code: 393244, bug: 0]: errorCode: 393244, engine: 0
08-12 22:44:17.334 I/MicroDetector( 4493): Keeping mic open: false
08-12 22:44:17.334 I/MicroDetectionWorker( 4493): #onError(false)
08-12 22:44:22.341 I/MicroDetectionWorker( 4493): #startMicroDetector [speakerMode: 0]
08-12 22:44:22.344 W/ErrorReporter( 4493): reportError [type: 211, code: 393244, bug: 0]: errorCode: 393244, engine: 0
08-12 22:44:22.347 I/MicroDetector( 4493): Keeping mic open: false
08-12 22:44:22.347 I/MicroDetectionWorker( 4493): #onError(false)
08-12 22:44:27.352 I/MicroDetectionWorker( 4493): #startMicroDetector [speakerMode: 0]
08-12 22:44:27.357 W/ErrorReporter( 4493): reportError [type: 211, code: 393244, bug: 0]: errorCode: 393244, engine: 0
08-12 22:44:27.358 I/MicroDetector( 4493): Keeping mic open: false
08-12 22:44:27.358 I/MicroDetectionWorker( 4493): #onError(false)
08-12 22:44:32.363 I/MicroDetectionWorker( 4493): #startMicroDetector [speakerMode: 0]
08-12 22:44:32.368 W/ErrorReporter( 4493): reportError [type: 211, code: 393244, bug: 0]: errorCode: 393244, engine: 0
08-12 22:44:32.371 I/MicroDetector( 4493): Keeping mic open: false
08-12 22:44:32.371 I/MicroDetectionWorker( 4493): #onError(false)
08-12 22:44:37.376 I/MicroDetectionWorker( 4493): #startMicroDetector [speakerMode: 0]
08-12 22:44:37.380 W/ErrorReporter( 4493): reportError [type: 211, code: 393244, bug: 0]: errorCode: 393244, engine: 0
08-12 22:44:37.381 I/MicroDetector( 4493): Keeping mic open: false
08-12 22:44:37.381 I/MicroDetectionWorker( 4493): #onError(false)
08-12 22:44:42.386 I/MicroDetectionWorker( 4493): #startMicroDetector [speakerMode: 0]
08-12 22:44:42.391 W/ErrorReporter( 4493): reportError [type: 211, code: 393244, bug: 0]: errorCode: 393244, engine: 0
08-12 22:44:42.398 I/MicroDetector( 4493): Keeping mic open: false
08-12 22:44:42.398 I/MicroDetectionWorker( 4493): #onError(false)
08-12 22:44:42.398 I/DeviceStateChecker( 4493): DeviceStateChecker cancelled
08-12 22:44:47.405 I/MicroDetectionWorker( 4493): #startMicroDetector [speakerMode: 0]
08-12 22:44:47.410 W/ErrorReporter( 4493): reportError [type: 211, code: 393244, bug: 0]: errorCode: 393244, engine: 0
08-12 22:44:47.411 I/MicroDetector( 4493): Keeping mic open: false
08-12 22:44:47.411 I/MicroDetectionWorker( 4493): #onError(false)
08-12 22:44:51.318 E/netmgr  ( 1874): Failed to open QEMU pipe 'qemud:network': Invalid argument
08-12 22:44:52.417 I/MicroDetectionWorker( 4493): #startMicroDetector [speakerMode: 0]
08-12 22:44:52.422 W/ErrorReporter( 4493): reportError [type: 211, code: 393244, bug: 0]: errorCode: 393244, engine: 0
08-12 22:44:52.423 I/MicroDetector( 4493): Keeping mic open: false
08-12 22:44:52.423 I/MicroDetectionWorker( 4493): #onError(false)
08-12 22:44:54.319 E/wifi_forwarder( 1876): RemoteConnection failed to initialize: RemoteConnection failed to open pipe
08-12 22:44:57.427 I/MicroDetectionWorker( 4493): #startMicroDetector [speakerMode: 0]
08-12 22:44:57.431 W/ErrorReporter( 4493): reportError [type: 211, code: 393244, bug: 0]: errorCode: 393244, engine: 0
08-12 22:44:57.439 I/MicroDetector( 4493): Keeping mic open: false
08-12 22:44:57.439 I/MicroDetectionWorker( 4493): #onError(false)
08-12 22:44:57.439 I/DeviceStateChecker( 4493): DeviceStateChecker cancelled
08-12 22:45:00.010 D/KeyguardClockSwitch( 2355): Updating clock: 2245
08-12 22:45:02.445 I/MicroDetectionWorker( 4493): #startMicroDetector [speakerMode: 0]
08-12 22:45:02.450 W/ErrorReporter( 4493): reportError [type: 211, code: 393244, bug: 0]: errorCode: 393244, engine: 0
08-12 22:45:02.455 I/MicroDetector( 4493): Keeping mic open: false
08-12 22:45:02.455 I/MicroDetectionWorker( 4493): #onError(false)
08-12 22:45:02.459 W/DeviceStateChecker( 4493): stopped because hotword detection is stopped but cancel is not called.
08-12 22:45:07.459 I/MicroDetectionWorker( 4493): #startMicroDetector [speakerMode: 0]
08-12 22:45:07.462 W/ErrorReporter( 4493): reportError [type: 211, code: 393244, bug: 0]: errorCode: 393244, engine: 0
08-12 22:45:07.465 I/MicroDetector( 4493): Keeping mic open: false
08-12 22:45:07.465 I/MicroDetectionWorker( 4493): #onError(false)
08-12 22:45:11.042 E/memtrack( 2075): Couldn't load memtrack module
08-12 22:45:11.042 W/android.os.Debug( 2075): failed to get memory consumption info: -1
08-12 22:45:11.061 E/memtrack( 2075): Couldn't load memtrack module
08-12 22:45:11.061 W/android.os.Debug( 2075): failed to get memory consumption info: -1
08-12 22:45:12.475 I/MicroDetectionWorker( 4493): #startMicroDetector [speakerMode: 0]
08-12 22:45:12.480 W/ErrorReporter( 4493): reportError [type: 211, code: 393244, bug: 0]: errorCode: 393244, engine: 0
08-12 22:45:12.481 I/MicroDetector( 4493): Keeping mic open: false
08-12 22:45:12.481 I/MicroDetectionWorker( 4493): #onError(false)
08-12 22:45:14.970 D/WificondControl( 2075): Scan result ready event
08-12 22:45:17.487 I/MicroDetectionWorker( 4493): #startMicroDetector [speakerMode: 0]
08-12 22:45:17.491 W/ErrorReporter( 4493): reportError [type: 211, code: 393244, bug: 0]: errorCode: 393244, engine: 0
08-12 22:45:17.496 I/MicroDetector( 4493): Keeping mic open: false
08-12 22:45:17.496 I/MicroDetectionWorker( 4493): #onError(false)
08-12 22:45:22.504 I/MicroDetectionWorker( 4493): #startMicroDetector [speakerMode: 0]
08-12 22:45:22.507 W/ErrorReporter( 4493): reportError [type: 211, code: 393244, bug: 0]: errorCode: 393244, engine: 0
08-12 22:45:22.510 I/MicroDetector( 4493): Keeping mic open: false
08-12 22:45:22.511 I/MicroDetectionWorker( 4493): #onError(false)
08-12 22:45:25.612 E/BluetoothAdapter( 2075): Bluetooth binder is null
08-12 22:45:25.649 I/netd    ( 1763): trafficSwapActiveStatsMap() <16.48ms>
08-12 22:45:25.653 I/netd    ( 1763): tetherGetStats() <2.33ms>
08-12 22:45:27.515 I/MicroDetectionWorker( 4493): #startMicroDetector [speakerMode: 0]
08-12 22:45:27.518 W/ErrorReporter( 4493): reportError [type: 211, code: 393244, bug: 0]: errorCode: 393244, engine: 0
08-12 22:45:27.522 I/MicroDetector( 4493): Keeping mic open: false
08-12 22:45:27.522 I/MicroDetectionWorker( 4493): #onError(false)
08-12 22:45:32.528 I/MicroDetectionWorker( 4493): #startMicroDetector [speakerMode: 0]
08-12 22:45:32.532 W/ErrorReporter( 4493): reportError [type: 211, code: 393244, bug: 0]: errorCode: 393244, engine: 0
08-12 22:45:32.537 I/MicroDetector( 4493): Keeping mic open: false
08-12 22:45:32.537 I/MicroDetectionWorker( 4493): #onError(false)
08-12 22:45:37.541 I/MicroDetectionWorker( 4493): #startMicroDetector [speakerMode: 0]
08-12 22:45:37.545 W/ErrorReporter( 4493): reportError [type: 211, code: 393244, bug: 0]: errorCode: 393244, engine: 0
08-12 22:45:37.549 I/MicroDetector( 4493): Keeping mic open: false
08-12 22:45:37.549 I/MicroDetectionWorker( 4493): #onError(false)
08-12 22:45:42.555 I/MicroDetectionWorker( 4493): #startMicroDetector [speakerMode: 0]
08-12 22:45:42.562 W/ErrorReporter( 4493): reportError [type: 211, code: 393244, bug: 0]: errorCode: 393244, engine: 0
08-12 22:45:42.567 I/MicroDetector( 4493): Keeping mic open: false
08-12 22:45:42.567 I/MicroDetectionWorker( 4493): #onError(false)
08-12 22:45:47.574 I/MicroDetectionWorker( 4493): #startMicroDetector [speakerMode: 0]
08-12 22:45:47.578 W/ErrorReporter( 4493): reportError [type: 211, code: 393244, bug: 0]: errorCode: 393244, engine: 0
08-12 22:45:47.581 I/MicroDetector( 4493): Keeping mic open: false
08-12 22:45:47.581 I/MicroDetectionWorker( 4493): #onError(false)
08-12 22:45:51.329 E/netmgr  ( 1874): Failed to open QEMU pipe 'qemud:network': Invalid argument
08-12 22:45:52.586 I/MicroDetectionWorker( 4493): #startMicroDetector [speakerMode: 0]
08-12 22:45:52.591 W/ErrorReporter( 4493): reportError [type: 211, code: 393244, bug: 0]: errorCode: 393244, engine: 0
08-12 22:45:52.592 I/MicroDetector( 4493): Keeping mic open: false
08-12 22:45:52.592 I/MicroDetectionWorker( 4493): #onError(false)
08-12 22:45:54.335 E/wifi_forwarder( 1876): RemoteConnection failed to initialize: RemoteConnection failed to open pipe
08-12 22:45:57.597 I/MicroDetectionWorker( 4493): #startMicroDetector [speakerMode: 0]
08-12 22:45:57.601 W/ErrorReporter( 4493): reportError [type: 211, code: 393244, bug: 0]: errorCode: 393244, engine: 0
08-12 22:45:57.604 I/MicroDetector( 4493): Keeping mic open: false
08-12 22:45:57.604 I/MicroDetectionWorker( 4493): #onError(false)
08-12 22:46:00.024 D/KeyguardClockSwitch( 2355): Updating clock: 2246
08-12 22:46:02.610 I/MicroDetectionWorker( 4493): #startMicroDetector [speakerMode: 0]
08-12 22:46:02.614 W/ErrorReporter( 4493): reportError [type: 211, code: 393244, bug: 0]: errorCode: 393244, engine: 0
08-12 22:46:02.615 I/MicroDetector( 4493): Keeping mic open: false
08-12 22:46:02.615 I/MicroDetectionWorker( 4493): #onError(false)
08-12 22:46:07.620 I/MicroDetectionWorker( 4493): #startMicroDetector [speakerMode: 0]
08-12 22:46:07.625 W/ErrorReporter( 4493): reportError [type: 211, code: 393244, bug: 0]: errorCode: 393244, engine: 0
08-12 22:46:07.626 I/MicroDetector( 4493): Keeping mic open: false
08-12 22:46:07.626 I/MicroDetectionWorker( 4493): #onError(false)
08-12 22:46:12.631 I/MicroDetectionWorker( 4493): #startMicroDetector [speakerMode: 0]
08-12 22:46:12.639 W/ErrorReporter( 4493): reportError [type: 211, code: 393244, bug: 0]: errorCode: 393244, engine: 0
08-12 22:46:12.643 I/MicroDetector( 4493): Keeping mic open: false
08-12 22:46:12.643 I/MicroDetectionWorker( 4493): #onError(false)
08-12 22:46:17.648 I/MicroDetectionWorker( 4493): #startMicroDetector [speakerMode: 0]
08-12 22:46:17.653 W/ErrorReporter( 4493): reportError [type: 211, code: 393244, bug: 0]: errorCode: 393244, engine: 0
08-12 22:46:17.654 I/MicroDetector( 4493): Keeping mic open: false
08-12 22:46:17.654 I/MicroDetectionWorker( 4493): #onError(false)
08-12 22:46:22.660 I/MicroDetectionWorker( 4493): #startMicroDetector [speakerMode: 0]
08-12 22:46:22.664 W/ErrorReporter( 4493): reportError [type: 211, code: 393244, bug: 0]: errorCode: 393244, engine: 0
08-12 22:46:22.667 I/MicroDetector( 4493): Keeping mic open: false
08-12 22:46:22.667 I/MicroDetectionWorker( 4493): #onError(false)
08-12 22:46:27.672 I/MicroDetectionWorker( 4493): #startMicroDetector [speakerMode: 0]
08-12 22:46:27.676 W/ErrorReporter( 4493): reportError [type: 211, code: 393244, bug: 0]: errorCode: 393244, engine: 0
08-12 22:46:27.677 I/MicroDetector( 4493): Keeping mic open: false
08-12 22:46:27.678 I/MicroDetectionWorker( 4493): #onError(false)
08-12 22:46:32.683 I/MicroDetectionWorker( 4493): #startMicroDetector [speakerMode: 0]
08-12 22:46:32.687 W/ErrorReporter( 4493): reportError [type: 211, code: 393244, bug: 0]: errorCode: 393244, engine: 0
08-12 22:46:32.691 I/MicroDetector( 4493): Keeping mic open: false
08-12 22:46:32.691 I/MicroDetectionWorker( 4493): #onError(false)
08-12 22:46:37.697 I/MicroDetectionWorker( 4493): #startMicroDetector [speakerMode: 0]
08-12 22:46:37.702 W/ErrorReporter( 4493): reportError [type: 211, code: 393244, bug: 0]: errorCode: 393244, engine: 0
08-12 22:46:37.703 I/MicroDetector( 4493): Keeping mic open: false
08-12 22:46:37.703 I/MicroDetectionWorker( 4493): #onError(false)
08-12 22:46:42.710 I/MicroDetectionWorker( 4493): #startMicroDetector [speakerMode: 0]
08-12 22:46:42.715 W/ErrorReporter( 4493): reportError [type: 211, code: 393244, bug: 0]: errorCode: 393244, engine: 0
08-12 22:46:42.719 I/MicroDetector( 4493): Keeping mic open: false
08-12 22:46:42.720 I/MicroDetectionWorker( 4493): #onError(false)
08-12 22:46:47.725 I/MicroDetectionWorker( 4493): #startMicroDetector [speakerMode: 0]
08-12 22:46:47.732 W/ErrorReporter( 4493): reportError [type: 211, code: 393244, bug: 0]: errorCode: 393244, engine: 0
08-12 22:46:47.732 I/MicroDetector( 4493): Keeping mic open: false
08-12 22:46:47.733 I/MicroDetectionWorker( 4493): #onError(false)
08-12 22:46:51.385 E/netmgr  ( 1874): Failed to open QEMU pipe 'qemud:network': Invalid argument
08-12 22:46:52.737 I/MicroDetectionWorker( 4493): #startMicroDetector [speakerMode: 0]
08-12 22:46:52.741 W/ErrorReporter( 4493): reportError [type: 211, code: 393244, bug: 0]: errorCode: 393244, engine: 0
08-12 22:46:52.744 I/MicroDetector( 4493): Keeping mic open: false
08-12 22:46:52.744 I/MicroDetectionWorker( 4493): #onError(false)
08-12 22:46:54.352 E/wifi_forwarder( 1876): RemoteConnection failed to initialize: RemoteConnection failed to open pipe
08-12 22:46:57.750 I/MicroDetectionWorker( 4493): #startMicroDetector [speakerMode: 0]
08-12 22:46:57.754 W/ErrorReporter( 4493): reportError [type: 211, code: 393244, bug: 0]: errorCode: 393244, engine: 0
08-12 22:46:57.757 I/MicroDetector( 4493): Keeping mic open: false
08-12 22:46:57.758 I/MicroDetectionWorker( 4493): #onError(false)
08-12 22:47:00.019 D/KeyguardClockSwitch( 2355): Updating clock: 2247
08-12 22:47:02.762 I/MicroDetectionWorker( 4493): #startMicroDetector [speakerMode: 0]
08-12 22:47:02.766 W/ErrorReporter( 4493): reportError [type: 211, code: 393244, bug: 0]: errorCode: 393244, engine: 0
08-12 22:47:02.772 I/MicroDetector( 4493): Keeping mic open: false
08-12 22:47:02.772 I/MicroDetectionWorker( 4493): #onError(false)
08-12 22:47:07.777 I/MicroDetectionWorker( 4493): #startMicroDetector [speakerMode: 0]
08-12 22:47:07.781 W/ErrorReporter( 4493): reportError [type: 211, code: 393244, bug: 0]: errorCode: 393244, engine: 0
08-12 22:47:07.784 I/MicroDetector( 4493): Keeping mic open: false
08-12 22:47:07.784 I/MicroDetectionWorker( 4493): #onError(false)
08-12 22:47:12.790 I/MicroDetectionWorker( 4493): #startMicroDetector [speakerMode: 0]
08-12 22:47:12.793 W/ErrorReporter( 4493): reportError [type: 211, code: 393244, bug: 0]: errorCode: 393244, engine: 0
08-12 22:47:12.797 I/MicroDetector( 4493): Keeping mic open: false
08-12 22:47:12.797 I/MicroDetectionWorker( 4493): #onError(false)
08-12 22:47:17.802 I/MicroDetectionWorker( 4493): #startMicroDetector [speakerMode: 0]
08-12 22:47:17.807 W/ErrorReporter( 4493): reportError [type: 211, code: 393244, bug: 0]: errorCode: 393244, engine: 0
08-12 22:47:17.808 I/MicroDetector( 4493): Keeping mic open: false
08-12 22:47:17.808 I/MicroDetectionWorker( 4493): #onError(false)
08-12 22:47:21.000 E/memtrack( 2075): Couldn't load memtrack module
08-12 22:47:21.000 W/android.os.Debug( 2075): failed to get memory consumption info: -1
08-12 22:47:22.812 I/MicroDetectionWorker( 4493): #startMicroDetector [speakerMode: 0]
08-12 22:47:22.815 W/ErrorReporter( 4493): reportError [type: 211, code: 393244, bug: 0]: errorCode: 393244, engine: 0
08-12 22:47:22.818 I/MicroDetector( 4493): Keeping mic open: false
08-12 22:47:22.818 I/MicroDetectionWorker( 4493): #onError(false)
08-12 22:47:27.822 I/MicroDetectionWorker( 4493): #startMicroDetector [speakerMode: 0]
08-12 22:47:27.825 W/ErrorReporter( 4493): reportError [type: 211, code: 393244, bug: 0]: errorCode: 393244, engine: 0
08-12 22:47:27.830 I/MicroDetector( 4493): Keeping mic open: false
08-12 22:47:27.830 I/MicroDetectionWorker( 4493): #onError(false)
08-12 22:47:32.838 I/MicroDetectionWorker( 4493): #startMicroDetector [speakerMode: 0]
08-12 22:47:32.842 W/ErrorReporter( 4493): reportError [type: 211, code: 393244, bug: 0]: errorCode: 393244, engine: 0
08-12 22:47:32.846 I/MicroDetector( 4493): Keeping mic open: false
08-12 22:47:32.846 I/MicroDetectionWorker( 4493): #onError(false)
08-12 22:47:37.853 I/MicroDetectionWorker( 4493): #startMicroDetector [speakerMode: 0]
08-12 22:47:37.856 W/ErrorReporter( 4493): reportError [type: 211, code: 393244, bug: 0]: errorCode: 393244, engine: 0
08-12 22:47:37.860 I/MicroDetector( 4493): Keeping mic open: false
08-12 22:47:37.860 I/MicroDetectionWorker( 4493): #onError(false)
08-12 22:47:37.863 I/DeviceStateChecker( 4493): DeviceStateChecker cancelled
08-12 22:47:42.865 I/MicroDetectionWorker( 4493): #startMicroDetector [speakerMode: 0]
08-12 22:47:42.870 W/ErrorReporter( 4493): reportError [type: 211, code: 393244, bug: 0]: errorCode: 393244, engine: 0
08-12 22:47:42.871 I/MicroDetector( 4493): Keeping mic open: false
08-12 22:47:42.871 I/MicroDetectionWorker( 4493): #onError(false)
08-12 22:47:47.876 I/MicroDetectionWorker( 4493): #startMicroDetector [speakerMode: 0]
08-12 22:47:47.880 W/ErrorReporter( 4493): reportError [type: 211, code: 393244, bug: 0]: errorCode: 393244, engine: 0
08-12 22:47:47.885 I/MicroDetector( 4493): Keeping mic open: false
08-12 22:47:47.885 I/MicroDetectionWorker( 4493): #onError(false)
08-12 22:47:47.889 W/DeviceStateChecker( 4493): stopped because hotword detection is stopped but cancel is not called.
08-12 22:47:51.403 E/netmgr  ( 1874): Failed to open QEMU pipe 'qemud:network': Invalid argument
08-12 22:47:52.889 I/MicroDetectionWorker( 4493): #startMicroDetector [speakerMode: 0]
08-12 22:47:52.892 W/ErrorReporter( 4493): reportError [type: 211, code: 393244, bug: 0]: errorCode: 393244, engine: 0
08-12 22:47:52.894 I/MicroDetector( 4493): Keeping mic open: false
08-12 22:47:52.894 I/MicroDetectionWorker( 4493): #onError(false)
08-12 22:47:54.369 E/wifi_forwarder( 1876): RemoteConnection failed to initialize: RemoteConnection failed to open pipe
08-12 22:47:57.898 I/MicroDetectionWorker( 4493): #startMicroDetector [speakerMode: 0]
08-12 22:47:57.902 W/ErrorReporter( 4493): reportError [type: 211, code: 393244, bug: 0]: errorCode: 393244, engine: 0
08-12 22:47:57.908 I/MicroDetector( 4493): Keeping mic open: false
08-12 22:47:57.908 I/MicroDetectionWorker( 4493): #onError(false)
08-12 22:48:00.010 D/KeyguardClockSwitch( 2355): Updating clock: 2248
08-12 22:48:02.912 I/MicroDetectionWorker( 4493): #startMicroDetector [speakerMode: 0]
08-12 22:48:02.916 W/ErrorReporter( 4493): reportError [type: 211, code: 393244, bug: 0]: errorCode: 393244, engine: 0
08-12 22:48:02.920 I/MicroDetector( 4493): Keeping mic open: false
08-12 22:48:02.921 I/MicroDetectionWorker( 4493): #onError(false)
08-12 22:48:07.926 I/MicroDetectionWorker( 4493): #startMicroDetector [speakerMode: 0]
08-12 22:48:07.931 W/ErrorReporter( 4493): reportError [type: 211, code: 393244, bug: 0]: errorCode: 393244, engine: 0
08-12 22:48:07.932 I/MicroDetector( 4493): Keeping mic open: false
08-12 22:48:07.932 I/MicroDetectionWorker( 4493): #onError(false)
08-12 22:48:11.661 I/netd    ( 1763): trafficSwapActiveStatsMap() <26.14ms>
08-12 22:48:11.664 I/netd    ( 1763): tetherGetStats() <0.85ms>
08-12 22:48:11.674 D/NetworkTestingJobService(10756): onCreate
08-12 22:48:11.693 D/NetworkTestingJobService(10756): onStartJob
08-12 22:48:11.696 I/netd    ( 1763): bandwidthSetGlobalAlert(2097152) <0.22ms>
08-12 22:48:11.740 D/AuthenticationTask(10756): run
08-12 22:48:11.740 D/NetworkTestingProcess(10756): Authentication API Judgement:network:true Throughput:true ServerEnabletrue
08-12 22:48:11.741 D/UserCountryTask(10756): run
08-12 22:48:11.741 D/InfoTask(10756): run
08-12 22:48:11.746 D/InfoTask(10756): mobileDataOffFlag:0
08-12 22:48:11.747 D/InfoTask(10756): localeCountryCode:US
08-12 22:48:11.747 D/InfoTask(10756): localeLangCode:en
08-12 22:48:11.747 D/InfoTask(10756): localeCurrencyCode:USD
08-12 22:48:11.751 D/InfoTask(10756): batteryLevel:100
08-12 22:48:11.754 D/InfoTask(10756): batteryPluggedType:0
08-12 22:48:11.755 D/InfoTask(10756): batteryChargeType:4
08-12 22:48:11.759 D/InfoTask(10756): locationStatus:0
08-12 22:48:11.763 W/System  (10756): A resource failed to call close. 
08-12 22:48:11.766 D/WiFiTask(10756): run
08-12 22:48:11.773 D/TelephonyTask(10756): run
08-12 22:48:11.773 D/TelephonyTask(10756): bindTelephonyManager
08-12 22:48:11.819 D/TelephonyTask(10756): registedCellType:Gsm
08-12 22:48:11.819 D/PowerTask(10756): run
08-12 22:48:11.824 D/SingleLocationTask(10756): run
08-12 22:48:11.846 I/system_server( 2075): Background young concurrent copying GC freed 92278(3238KB) AllocSpace objects, 9(396KB) LOS objects, 18% free, 13MB/16MB, paused 89us total 209.367ms
08-12 22:48:11.865 D/TelephonyTask(10756): onServiceStateChanged
08-12 22:48:11.874 D/TelephonyTask(10756): NRState-1
08-12 22:48:11.893 D/TelephonyTask(10756): onCellLocationChanged
08-12 22:48:11.909 D/TelephonyTask(10756): onSignalStrengthsChanged
08-12 22:48:11.932 D/SingleLocationTask(10756): onLocationUpdate: Location[fused 37.421998,-122.084000 hAcc=17 et=+1h32m46s269ms alt=5.0 vel=0.0 bear=0.0 vAcc=40 sAcc=??? bAcc=??? {Bundle[mParcelledData.dataSize=52]}]
08-12 22:48:12.837 D/SingleLocationTask(10756): release resource
08-12 22:48:12.844 D/SaveLogTask(10756): run
08-12 22:48:12.851 W/SaveLogTask(10756): notifyToApp called.
08-12 22:48:12.880 D/ExampleReceiver(10756): onReceive
08-12 22:48:12.898 I/SaveLogTask(10756): ----SaveLogTask: isNetowrkTasktrue
08-12 22:48:12.899 I/SaveLogTask(10756): ----SaveLogTask: isThroughputTaskfalse
08-12 22:48:12.909 D/SaveLogTask(10756): {"wiFiSpeed":26,"pictBar":2,"batteryPluggedType":0,"frequencyRange":-1,"updateAt":"2020-08-12T22:48:11.856+0900","accuracy":16.603,"sessionID":"6be6028a-6b3a-4962-a653-1a1528d98f6c","powerSaveMode":0,"inactiveStatus":0,"batteryChargeType":4,"lac":-1,"serviceState":0,"nrState":-1,"simCarrier":"T-Mobile","dozeMode":0,"dataSaverMode":0,"createID":"7bc581a3-5a13-4576-8766-73237fd72fdf","networkIsoCc":"US","whiteListMode":0,"radioPhoneType":1,"applicationVersion":"5.15001Debug","deviceType":"Android SDK built for x86","simState":5,"endcAvailableFlag":0,"currentLongitude":-122.084,"localeCurrencyCode":"USD","timeZone":"Asia\/Tokyo","plmn":"310260","dataState":2,"dcnrRestrictedFlag":0,"simPlmn":"310260","radioNetworkType":0,"isCdmaCalling":false,"verticalAccuracy":40,"localeLangCode":"en","gpsType":"HPLfused","registedCellType":"Gsm","cid":-1,"screenState":1,"logType":35,"psc":-1,"altitude":5,"nrAllocatedFlag":0,"sameLoggingKey":"7bc581a3-5a13-4576-8766-73237fd72fdf","securityPatch":"2019-09-05","applicationState":2,"timeZoneOffset":32400,"mobileDataOffFlag":0,"speed":0,"createAt":"2020-08-12T22:48:12.845+0900","locationStatus":0,"wiFiRssi":-30,"osVersion":"10","moduleVersion":"5.15001","standbyBucketType":10,"course":0,"wiFiScanCount":1,"networkType":1,"batteryLevel":100,"localeCountryCode":"US","firmwareNo":"QSR1.200403.001","signalStrength":99,"actionType":8,"carrier":"Android","airplaneMode":0,"cellType":"UNKNOWN","currentLatitude":37.4219983,"mockLocationFlag":0,"simIsoCc":"US"}
08-12 22:48:12.932 D/SendLogTask(10756): run
08-12 22:48:12.937 I/MicroDetectionWorker( 4493): #startMicroDetector [speakerMode: 0]
08-12 22:48:12.940 W/ErrorReporter( 4493): reportError [type: 211, code: 393244, bug: 0]: errorCode: 393244, engine: 0
08-12 22:48:12.942 I/MicroDetector( 4493): Keeping mic open: false
08-12 22:48:12.942 I/MicroDetectionWorker( 4493): #onError(false)
08-12 22:48:12.950 D/ExampleReceiver(10756): ----saveLog----
08-12 22:48:12.985 E/ResolverController( 1763): No valid NAT64 prefix (100, <unspecified>/0)
08-12 22:48:12.998 D/ExampleReceiver(10756): ----saveLogList：3
08-12 22:48:13.007 D/ExampleReceiver(10756): jp.co.agoop.networkreachability.NetworkConnectivity$LogSerializableMap@f64ad7c
08-12 22:48:13.023 W/System  (10756): A resource failed to call close. 
08-12 22:48:14.888 D/AuthenticationTask(10756): releaseResource
08-12 22:48:14.888 D/InfoTask(10756): releaseResource
08-12 22:48:14.888 D/WiFiTask(10756): releaseResource
08-12 22:48:14.888 D/TelephonyTask(10756): releaseResource
08-12 22:48:14.894 D/PowerTask(10756): release resource
08-12 22:48:14.898 D/SaveLogTask(10756): releaseResource
08-12 22:48:14.898 D/SendLogTask(10756): releaseResource
08-12 22:48:14.917 D/NetworkTestingJobService(10756): onDestroy
08-12 22:48:15.620 D/WificondControl( 2075): Scan result ready event
08-12 22:48:17.947 I/MicroDetectionWorker( 4493): #startMicroDetector [speakerMode: 0]
08-12 22:48:17.953 W/ErrorReporter( 4493): reportError [type: 211, code: 393244, bug: 0]: errorCode: 393244, engine: 0
08-12 22:48:17.954 I/MicroDetector( 4493): Keeping mic open: false
08-12 22:48:17.954 I/MicroDetectionWorker( 4493): #onError(false)
08-12 22:48:22.958 I/MicroDetectionWorker( 4493): #startMicroDetector [speakerMode: 0]
08-12 22:48:22.962 W/ErrorReporter( 4493): reportError [type: 211, code: 393244, bug: 0]: errorCode: 393244, engine: 0
08-12 22:48:22.966 I/MicroDetector( 4493): Keeping mic open: false
08-12 22:48:22.966 I/MicroDetectionWorker( 4493): #onError(false)
08-12 22:48:27.972 I/MicroDetectionWorker( 4493): #startMicroDetector [speakerMode: 0]
08-12 22:48:27.976 W/ErrorReporter( 4493): reportError [type: 211, code: 393244, bug: 0]: errorCode: 393244, engine: 0
08-12 22:48:27.981 I/MicroDetector( 4493): Keeping mic open: false
08-12 22:48:27.984 I/MicroDetectionWorker( 4493): #onError(false)
08-12 22:48:32.990 I/MicroDetectionWorker( 4493): #startMicroDetector [speakerMode: 0]
08-12 22:48:32.994 W/ErrorReporter( 4493): reportError [type: 211, code: 393244, bug: 0]: errorCode: 393244, engine: 0
08-12 22:48:32.997 I/MicroDetector( 4493): Keeping mic open: false
08-12 22:48:32.997 I/MicroDetectionWorker( 4493): #onError(false)
08-12 22:48:38.002 I/MicroDetectionWorker( 4493): #startMicroDetector [speakerMode: 0]
08-12 22:48:38.007 W/ErrorReporter( 4493): reportError [type: 211, code: 393244, bug: 0]: errorCode: 393244, engine: 0
