08-10 23:37:13.072 I/MicroDetectionWorker( 3744): #startMicroDetector [speakerMode: 0]
08-10 23:37:13.077 W/ErrorReporter( 3744): reportError [type: 211, code: 393244, bug: 0]: errorCode: 393244, engine: 0
08-10 23:37:13.078 I/MicroDetector( 3744): Keeping mic open: false
08-10 23:37:13.078 I/MicroDetectionWorker( 3744): #onError(false)
08-10 23:37:14.771 E/netmgr  ( 1872): Failed to open QEMU pipe 'qemud:network': Invalid argument
08-10 23:37:16.936 E/wifi_forwarder( 1874): RemoteConnection failed to initialize: RemoteConnection failed to open pipe
08-10 23:37:18.083 I/MicroDetectionWorker( 3744): #startMicroDetector [speakerMode: 0]
08-10 23:37:18.088 W/ErrorReporter( 3744): reportError [type: 211, code: 393244, bug: 0]: errorCode: 393244, engine: 0
08-10 23:37:18.089 I/MicroDetector( 3744): Keeping mic open: false
08-10 23:37:18.089 I/MicroDetectionWorker( 3744): #onError(false)
08-10 23:37:23.093 I/MicroDetectionWorker( 3744): #startMicroDetector [speakerMode: 0]
08-10 23:37:23.095 W/ErrorReporter( 3744): reportError [type: 211, code: 393244, bug: 0]: errorCode: 393244, engine: 0
08-10 23:37:23.096 I/MicroDetector( 3744): Keeping mic open: false
08-10 23:37:23.096 I/MicroDetectionWorker( 3744): #onError(false)
08-10 23:37:26.912 E/memtrack( 2106): Couldn't load memtrack module
08-10 23:37:26.912 W/android.os.Debug( 2106): failed to get memory consumption info: -1
08-10 23:37:28.101 I/MicroDetectionWorker( 3744): #startMicroDetector [speakerMode: 0]
08-10 23:37:28.106 W/ErrorReporter( 3744): reportError [type: 211, code: 393244, bug: 0]: errorCode: 393244, engine: 0
08-10 23:37:28.109 I/MicroDetector( 3744): Keeping mic open: false
08-10 23:37:28.110 I/MicroDetectionWorker( 3744): #onError(false)
08-10 23:37:28.110 I/DeviceStateChecker( 3744): DeviceStateChecker cancelled
08-10 23:37:33.115 I/MicroDetectionWorker( 3744): #startMicroDetector [speakerMode: 0]
08-10 23:37:33.118 W/ErrorReporter( 3744): reportError [type: 211, code: 393244, bug: 0]: errorCode: 393244, engine: 0
08-10 23:37:33.119 I/MicroDetector( 3744): Keeping mic open: false
08-10 23:37:33.119 I/MicroDetectionWorker( 3744): #onError(false)
08-10 23:37:38.125 I/MicroDetectionWorker( 3744): #startMicroDetector [speakerMode: 0]
08-10 23:37:38.130 W/ErrorReporter( 3744): reportError [type: 211, code: 393244, bug: 0]: errorCode: 393244, engine: 0
08-10 23:37:38.131 I/MicroDetector( 3744): Keeping mic open: false
08-10 23:37:38.131 I/MicroDetectionWorker( 3744): #onError(false)
08-10 23:37:43.136 I/MicroDetectionWorker( 3744): #startMicroDetector [speakerMode: 0]
08-10 23:37:43.141 W/ErrorReporter( 3744): reportError [type: 211, code: 393244, bug: 0]: errorCode: 393244, engine: 0
08-10 23:37:43.142 I/MicroDetector( 3744): Keeping mic open: false
08-10 23:37:43.142 I/MicroDetectionWorker( 3744): #onError(false)
08-10 23:37:48.146 I/MicroDetectionWorker( 3744): #startMicroDetector [speakerMode: 0]
08-10 23:37:48.150 W/ErrorReporter( 3744): reportError [type: 211, code: 393244, bug: 0]: errorCode: 393244, engine: 0
08-10 23:37:48.154 I/MicroDetector( 3744): Keeping mic open: false
08-10 23:37:48.154 I/MicroDetectionWorker( 3744): #onError(false)
08-10 23:37:48.157 I/DeviceStateChecker( 3744): DeviceStateChecker cancelled
08-10 23:37:53.159 I/MicroDetectionWorker( 3744): #startMicroDetector [speakerMode: 0]
08-10 23:37:53.166 W/ErrorReporter( 3744): reportError [type: 211, code: 393244, bug: 0]: errorCode: 393244, engine: 0
08-10 23:37:53.166 I/MicroDetector( 3744): Keeping mic open: false
08-10 23:37:53.166 I/MicroDetectionWorker( 3744): #onError(false)
08-10 23:37:58.171 I/MicroDetectionWorker( 3744): #startMicroDetector [speakerMode: 0]
08-10 23:37:58.175 W/ErrorReporter( 3744): reportError [type: 211, code: 393244, bug: 0]: errorCode: 393244, engine: 0
08-10 23:37:58.178 I/MicroDetector( 3744): Keeping mic open: false
08-10 23:37:58.178 I/MicroDetectionWorker( 3744): #onError(false)
08-10 23:38:00.019 D/KeyguardClockSwitch( 4360): Updating clock: 1138
08-10 23:38:03.182 I/MicroDetectionWorker( 3744): #startMicroDetector [speakerMode: 0]
08-10 23:38:03.187 W/ErrorReporter( 3744): reportError [type: 211, code: 393244, bug: 0]: errorCode: 393244, engine: 0
08-10 23:38:03.191 I/MicroDetector( 3744): Keeping mic open: false
08-10 23:38:03.191 I/MicroDetectionWorker( 3744): #onError(false)
08-10 23:38:08.193 I/MicroDetectionWorker( 3744): #startMicroDetector [speakerMode: 0]
08-10 23:38:08.195 W/ErrorReporter( 3744): reportError [type: 211, code: 393244, bug: 0]: errorCode: 393244, engine: 0
08-10 23:38:08.196 I/MicroDetector( 3744): Keeping mic open: false
08-10 23:38:08.196 I/MicroDetectionWorker( 3744): #onError(false)
08-10 23:38:13.201 I/MicroDetectionWorker( 3744): #startMicroDetector [speakerMode: 0]
08-10 23:38:13.207 W/ErrorReporter( 3744): reportError [type: 211, code: 393244, bug: 0]: errorCode: 393244, engine: 0
08-10 23:38:13.208 I/MicroDetector( 3744): Keeping mic open: false
08-10 23:38:13.208 I/MicroDetectionWorker( 3744): #onError(false)
08-10 23:38:14.823 E/netmgr  ( 1872): Failed to open QEMU pipe 'qemud:network': Invalid argument
08-10 23:38:16.990 E/wifi_forwarder( 1874): RemoteConnection failed to initialize: RemoteConnection failed to open pipe
08-10 23:38:18.215 I/MicroDetectionWorker( 3744): #startMicroDetector [speakerMode: 0]
08-10 23:38:18.218 W/ErrorReporter( 3744): reportError [type: 211, code: 393244, bug: 0]: errorCode: 393244, engine: 0
08-10 23:38:18.224 I/MicroDetector( 3744): Keeping mic open: false
08-10 23:38:18.224 I/MicroDetectionWorker( 3744): #onError(false)
08-10 23:38:23.228 I/MicroDetectionWorker( 3744): #startMicroDetector [speakerMode: 0]
08-10 23:38:23.231 W/ErrorReporter( 3744): reportError [type: 211, code: 393244, bug: 0]: errorCode: 393244, engine: 0
08-10 23:38:23.237 I/MicroDetector( 3744): Keeping mic open: false
08-10 23:38:23.237 I/MicroDetectionWorker( 3744): #onError(false)
08-10 23:38:28.243 I/MicroDetectionWorker( 3744): #startMicroDetector [speakerMode: 0]
08-10 23:38:28.249 W/ErrorReporter( 3744): reportError [type: 211, code: 393244, bug: 0]: errorCode: 393244, engine: 0
08-10 23:38:28.250 I/MicroDetector( 3744): Keeping mic open: false
08-10 23:38:28.250 I/MicroDetectionWorker( 3744): #onError(false)
08-10 23:38:33.254 I/MicroDetectionWorker( 3744): #startMicroDetector [speakerMode: 0]
08-10 23:38:33.259 W/ErrorReporter( 3744): reportError [type: 211, code: 393244, bug: 0]: errorCode: 393244, engine: 0
08-10 23:38:33.259 I/MicroDetector( 3744): Keeping mic open: false
08-10 23:38:33.259 I/MicroDetectionWorker( 3744): #onError(false)
08-10 23:38:38.264 I/MicroDetectionWorker( 3744): #startMicroDetector [speakerMode: 0]
08-10 23:38:38.268 W/ErrorReporter( 3744): reportError [type: 211, code: 393244, bug: 0]: errorCode: 393244, engine: 0
08-10 23:38:38.271 I/MicroDetector( 3744): Keeping mic open: false
08-10 23:38:38.271 I/MicroDetectionWorker( 3744): #onError(false)
08-10 23:38:43.276 I/MicroDetectionWorker( 3744): #startMicroDetector [speakerMode: 0]
08-10 23:38:43.280 W/ErrorReporter( 3744): reportError [type: 211, code: 393244, bug: 0]: errorCode: 393244, engine: 0
08-10 23:38:43.281 I/MicroDetector( 3744): Keeping mic open: false
08-10 23:38:43.282 I/MicroDetectionWorker( 3744): #onError(false)
08-10 23:38:48.288 I/MicroDetectionWorker( 3744): #startMicroDetector [speakerMode: 0]
08-10 23:38:48.291 W/ErrorReporter( 3744): reportError [type: 211, code: 393244, bug: 0]: errorCode: 393244, engine: 0
08-10 23:38:48.296 I/MicroDetector( 3744): Keeping mic open: false
08-10 23:38:48.296 I/MicroDetectionWorker( 3744): #onError(false)
08-10 23:38:48.297 I/DeviceStateChecker( 3744): DeviceStateChecker cancelled
08-10 23:38:53.301 I/MicroDetectionWorker( 3744): #startMicroDetector [speakerMode: 0]
08-10 23:38:53.308 W/ErrorReporter( 3744): reportError [type: 211, code: 393244, bug: 0]: errorCode: 393244, engine: 0
08-10 23:38:53.308 I/MicroDetector( 3744): Keeping mic open: false
08-10 23:38:53.309 I/MicroDetectionWorker( 3744): #onError(false)
08-10 23:38:58.313 I/MicroDetectionWorker( 3744): #startMicroDetector [speakerMode: 0]
08-10 23:38:58.319 W/ErrorReporter( 3744): reportError [type: 211, code: 393244, bug: 0]: errorCode: 393244, engine: 0
08-10 23:38:58.324 I/MicroDetector( 3744): Keeping mic open: false
08-10 23:38:58.328 I/MicroDetectionWorker( 3744): #onError(false)
08-10 23:39:00.020 D/KeyguardClockSwitch( 4360): Updating clock: 1139
08-10 23:39:03.334 I/MicroDetectionWorker( 3744): #startMicroDetector [speakerMode: 0]
08-10 23:39:03.339 W/ErrorReporter( 3744): reportError [type: 211, code: 393244, bug: 0]: errorCode: 393244, engine: 0
08-10 23:39:03.340 I/MicroDetector( 3744): Keeping mic open: false
08-10 23:39:03.340 I/MicroDetectionWorker( 3744): #onError(false)
08-10 23:39:08.345 I/MicroDetectionWorker( 3744): #startMicroDetector [speakerMode: 0]
08-10 23:39:08.348 W/ErrorReporter( 3744): reportError [type: 211, code: 393244, bug: 0]: errorCode: 393244, engine: 0
08-10 23:39:08.349 I/MicroDetector( 3744): Keeping mic open: false
08-10 23:39:08.349 I/MicroDetectionWorker( 3744): #onError(false)
08-10 23:39:13.355 I/MicroDetectionWorker( 3744): #startMicroDetector [speakerMode: 0]
08-10 23:39:13.359 W/ErrorReporter( 3744): reportError [type: 211, code: 393244, bug: 0]: errorCode: 393244, engine: 0
08-10 23:39:13.363 I/MicroDetector( 3744): Keeping mic open: false
08-10 23:39:13.363 I/MicroDetectionWorker( 3744): #onError(false)
08-10 23:39:14.870 E/netmgr  ( 1872): Failed to open QEMU pipe 'qemud:network': Invalid argument
08-10 23:39:17.020 E/wifi_forwarder( 1874): RemoteConnection failed to initialize: RemoteConnection failed to open pipe
08-10 23:39:18.367 I/MicroDetectionWorker( 3744): #startMicroDetector [speakerMode: 0]
08-10 23:39:18.373 W/ErrorReporter( 3744): reportError [type: 211, code: 393244, bug: 0]: errorCode: 393244, engine: 0
08-10 23:39:18.374 I/MicroDetector( 3744): Keeping mic open: false
08-10 23:39:18.374 I/MicroDetectionWorker( 3744): #onError(false)
08-10 23:39:23.378 I/MicroDetectionWorker( 3744): #startMicroDetector [speakerMode: 0]
08-10 23:39:23.381 W/ErrorReporter( 3744): reportError [type: 211, code: 393244, bug: 0]: errorCode: 393244, engine: 0
08-10 23:39:23.385 I/MicroDetector( 3744): Keeping mic open: false
08-10 23:39:23.385 I/MicroDetectionWorker( 3744): #onError(false)
08-10 23:39:25.506 I/BgTaskExecutorImpl( 3744): Starting PERIODIC background task BACKGROUNDRETRY_CACHE_SWEEP.
08-10 23:39:25.510 E/memtrack( 2106): Couldn't load memtrack module
08-10 23:39:25.510 W/android.os.Debug( 2106): failed to get memory consumption info: -1
08-10 23:39:28.391 I/MicroDetectionWorker( 3744): #startMicroDetector [speakerMode: 0]
08-10 23:39:28.394 W/ErrorReporter( 3744): reportError [type: 211, code: 393244, bug: 0]: errorCode: 393244, engine: 0
08-10 23:39:28.398 I/MicroDetector( 3744): Keeping mic open: false
08-10 23:39:28.398 I/MicroDetectionWorker( 3744): #onError(false)
08-10 23:39:29.443 D/WificondControl( 2106): Scan result ready event
08-10 23:39:33.403 I/MicroDetectionWorker( 3744): #startMicroDetector [speakerMode: 0]
08-10 23:39:33.410 W/ErrorReporter( 3744): reportError [type: 211, code: 393244, bug: 0]: errorCode: 393244, engine: 0
08-10 23:39:33.410 I/MicroDetector( 3744): Keeping mic open: false
08-10 23:39:33.410 I/MicroDetectionWorker( 3744): #onError(false)
08-10 23:39:38.416 I/MicroDetectionWorker( 3744): #startMicroDetector [speakerMode: 0]
08-10 23:39:38.420 W/ErrorReporter( 3744): reportError [type: 211, code: 393244, bug: 0]: errorCode: 393244, engine: 0
08-10 23:39:38.424 I/MicroDetector( 3744): Keeping mic open: false
08-10 23:39:38.425 I/MicroDetectionWorker( 3744): #onError(false)
08-10 23:39:43.430 I/MicroDetectionWorker( 3744): #startMicroDetector [speakerMode: 0]
08-10 23:39:43.440 W/ErrorReporter( 3744): reportError [type: 211, code: 393244, bug: 0]: errorCode: 393244, engine: 0
08-10 23:39:43.441 I/MicroDetector( 3744): Keeping mic open: false
08-10 23:39:43.441 I/MicroDetectionWorker( 3744): #onError(false)
08-10 23:39:48.445 I/MicroDetectionWorker( 3744): #startMicroDetector [speakerMode: 0]
08-10 23:39:48.448 W/ErrorReporter( 3744): reportError [type: 211, code: 393244, bug: 0]: errorCode: 393244, engine: 0
08-10 23:39:48.449 I/MicroDetector( 3744): Keeping mic open: false
08-10 23:39:48.449 I/MicroDetectionWorker( 3744): #onError(false)
08-10 23:39:53.456 I/MicroDetectionWorker( 3744): #startMicroDetector [speakerMode: 0]
08-10 23:39:53.459 W/ErrorReporter( 3744): reportError [type: 211, code: 393244, bug: 0]: errorCode: 393244, engine: 0
08-10 23:39:53.460 I/MicroDetector( 3744): Keeping mic open: false
08-10 23:39:53.460 I/MicroDetectionWorker( 3744): #onError(false)
08-10 23:39:58.466 I/MicroDetectionWorker( 3744): #startMicroDetector [speakerMode: 0]
08-10 23:39:58.472 W/ErrorReporter( 3744): reportError [type: 211, code: 393244, bug: 0]: errorCode: 393244, engine: 0
08-10 23:39:58.477 I/MicroDetector( 3744): Keeping mic open: false
08-10 23:39:58.478 I/MicroDetectionWorker( 3744): #onError(false)
08-10 23:40:00.006 D/KeyguardClockSwitch( 4360): Updating clock: 1140
08-10 23:40:03.483 I/MicroDetectionWorker( 3744): #startMicroDetector [speakerMode: 0]
08-10 23:40:03.487 W/ErrorReporter( 3744): reportError [type: 211, code: 393244, bug: 0]: errorCode: 393244, engine: 0
08-10 23:40:03.493 I/MicroDetector( 3744): Keeping mic open: false
08-10 23:40:03.493 I/MicroDetectionWorker( 3744): #onError(false)
08-10 23:40:03.493 I/DeviceStateChecker( 3744): DeviceStateChecker cancelled
08-10 23:40:08.497 I/MicroDetectionWorker( 3744): #startMicroDetector [speakerMode: 0]
08-10 23:40:08.501 W/ErrorReporter( 3744): reportError [type: 211, code: 393244, bug: 0]: errorCode: 393244, engine: 0
08-10 23:40:08.506 I/MicroDetector( 3744): Keeping mic open: false
08-10 23:40:08.506 I/MicroDetectionWorker( 3744): #onError(false)
08-10 23:40:13.511 I/MicroDetectionWorker( 3744): #startMicroDetector [speakerMode: 0]
08-10 23:40:13.515 W/ErrorReporter( 3744): reportError [type: 211, code: 393244, bug: 0]: errorCode: 393244, engine: 0
08-10 23:40:13.517 I/MicroDetector( 3744): Keeping mic open: false
08-10 23:40:13.517 I/MicroDetectionWorker( 3744): #onError(false)
08-10 23:40:14.887 E/netmgr  ( 1872): Failed to open QEMU pipe 'qemud:network': Invalid argument
08-10 23:40:17.054 E/wifi_forwarder( 1874): RemoteConnection failed to initialize: RemoteConnection failed to open pipe
08-10 23:40:18.525 I/MicroDetectionWorker( 3744): #startMicroDetector [speakerMode: 0]
08-10 23:40:18.529 W/ErrorReporter( 3744): reportError [type: 211, code: 393244, bug: 0]: errorCode: 393244, engine: 0
08-10 23:40:18.529 I/MicroDetector( 3744): Keeping mic open: false
08-10 23:40:18.529 I/MicroDetectionWorker( 3744): #onError(false)
08-10 23:40:23.535 I/MicroDetectionWorker( 3744): #startMicroDetector [speakerMode: 0]
08-10 23:40:23.539 W/ErrorReporter( 3744): reportError [type: 211, code: 393244, bug: 0]: errorCode: 393244, engine: 0
08-10 23:40:23.539 I/MicroDetector( 3744): Keeping mic open: false
08-10 23:40:23.540 I/MicroDetectionWorker( 3744): #onError(false)
08-10 23:40:28.545 I/MicroDetectionWorker( 3744): #startMicroDetector [speakerMode: 0]
08-10 23:40:28.558 W/ErrorReporter( 3744): reportError [type: 211, code: 393244, bug: 0]: errorCode: 393244, engine: 0
08-10 23:40:28.558 I/MicroDetector( 3744): Keeping mic open: false
08-10 23:40:28.559 I/MicroDetectionWorker( 3744): #onError(false)
08-10 23:40:33.564 I/MicroDetectionWorker( 3744): #startMicroDetector [speakerMode: 0]
08-10 23:40:33.570 W/ErrorReporter( 3744): reportError [type: 211, code: 393244, bug: 0]: errorCode: 393244, engine: 0
08-10 23:40:33.571 I/MicroDetector( 3744): Keeping mic open: false
08-10 23:40:33.571 I/MicroDetectionWorker( 3744): #onError(false)
08-10 23:40:38.576 I/MicroDetectionWorker( 3744): #startMicroDetector [speakerMode: 0]
08-10 23:40:38.580 W/ErrorReporter( 3744): reportError [type: 211, code: 393244, bug: 0]: errorCode: 393244, engine: 0
08-10 23:40:38.587 I/MicroDetector( 3744): Keeping mic open: false
08-10 23:40:38.587 I/MicroDetectionWorker( 3744): #onError(false)
08-10 23:40:43.591 I/MicroDetectionWorker( 3744): #startMicroDetector [speakerMode: 0]
08-10 23:40:43.594 W/ErrorReporter( 3744): reportError [type: 211, code: 393244, bug: 0]: errorCode: 393244, engine: 0
08-10 23:40:43.595 I/MicroDetector( 3744): Keeping mic open: false
08-10 23:40:43.595 I/MicroDetectionWorker( 3744): #onError(false)
08-10 23:40:45.284 E/BluetoothAdapter( 2106): Bluetooth binder is null
08-10 23:40:45.333 I/netd    ( 1760): trafficSwapActiveStatsMap() <27.26ms>
08-10 23:40:45.339 I/netd    ( 1760): tetherGetStats() <1.36ms>
08-10 23:40:48.600 I/MicroDetectionWorker( 3744): #startMicroDetector [speakerMode: 0]
08-10 23:40:48.605 W/ErrorReporter( 3744): reportError [type: 211, code: 393244, bug: 0]: errorCode: 393244, engine: 0
08-10 23:40:48.606 I/MicroDetector( 3744): Keeping mic open: false
08-10 23:40:48.606 I/MicroDetectionWorker( 3744): #onError(false)
08-10 23:40:53.611 I/MicroDetectionWorker( 3744): #startMicroDetector [speakerMode: 0]
08-10 23:40:53.622 W/ErrorReporter( 3744): reportError [type: 211, code: 393244, bug: 0]: errorCode: 393244, engine: 0
08-10 23:40:53.623 I/MicroDetector( 3744): Keeping mic open: false
08-10 23:40:53.623 I/MicroDetectionWorker( 3744): #onError(false)
08-10 23:40:58.627 I/MicroDetectionWorker( 3744): #startMicroDetector [speakerMode: 0]
08-10 23:40:58.631 W/ErrorReporter( 3744): reportError [type: 211, code: 393244, bug: 0]: errorCode: 393244, engine: 0
08-10 23:40:58.631 I/MicroDetector( 3744): Keeping mic open: false
08-10 23:40:58.631 I/MicroDetectionWorker( 3744): #onError(false)
08-10 23:41:00.015 D/KeyguardClockSwitch( 4360): Updating clock: 1141
08-10 23:41:03.641 I/MicroDetectionWorker( 3744): #startMicroDetector [speakerMode: 0]
08-10 23:41:03.648 W/ErrorReporter( 3744): reportError [type: 211, code: 393244, bug: 0]: errorCode: 393244, engine: 0
08-10 23:41:03.649 I/MicroDetector( 3744): Keeping mic open: false
08-10 23:41:03.649 I/MicroDetectionWorker( 3744): #onError(false)
08-10 23:41:08.655 I/MicroDetectionWorker( 3744): #startMicroDetector [speakerMode: 0]
08-10 23:41:08.662 W/ErrorReporter( 3744): reportError [type: 211, code: 393244, bug: 0]: errorCode: 393244, engine: 0
08-10 23:41:08.663 I/MicroDetector( 3744): Keeping mic open: false
08-10 23:41:08.663 I/MicroDetectionWorker( 3744): #onError(false)
08-10 23:41:13.669 I/MicroDetectionWorker( 3744): #startMicroDetector [speakerMode: 0]
08-10 23:41:13.674 W/ErrorReporter( 3744): reportError [type: 211, code: 393244, bug: 0]: errorCode: 393244, engine: 0
08-10 23:41:13.675 I/MicroDetector( 3744): Keeping mic open: false
08-10 23:41:13.675 I/MicroDetectionWorker( 3744): #onError(false)
08-10 23:41:14.904 E/netmgr  ( 1872): Failed to open QEMU pipe 'qemud:network': Invalid argument
08-10 23:41:17.112 E/wifi_forwarder( 1874): RemoteConnection failed to initialize: RemoteConnection failed to open pipe
08-10 23:41:18.679 I/MicroDetectionWorker( 3744): #startMicroDetector [speakerMode: 0]
08-10 23:41:18.684 W/ErrorReporter( 3744): reportError [type: 211, code: 393244, bug: 0]: errorCode: 393244, engine: 0
08-10 23:41:18.685 I/MicroDetector( 3744): Keeping mic open: false
08-10 23:41:18.685 I/MicroDetectionWorker( 3744): #onError(false)
08-10 23:41:23.690 I/MicroDetectionWorker( 3744): #startMicroDetector [speakerMode: 0]
08-10 23:41:23.696 W/ErrorReporter( 3744): reportError [type: 211, code: 393244, bug: 0]: errorCode: 393244, engine: 0
08-10 23:41:23.697 I/MicroDetector( 3744): Keeping mic open: false
08-10 23:41:23.697 I/MicroDetectionWorker( 3744): #onError(false)
08-10 23:41:28.703 I/MicroDetectionWorker( 3744): #startMicroDetector [speakerMode: 0]
08-10 23:41:28.707 W/ErrorReporter( 3744): reportError [type: 211, code: 393244, bug: 0]: errorCode: 393244, engine: 0
08-10 23:41:28.708 I/MicroDetector( 3744): Keeping mic open: false
08-10 23:41:28.708 I/MicroDetectionWorker( 3744): #onError(false)
08-10 23:41:33.713 I/MicroDetectionWorker( 3744): #startMicroDetector [speakerMode: 0]
08-10 23:41:33.720 W/ErrorReporter( 3744): reportError [type: 211, code: 393244, bug: 0]: errorCode: 393244, engine: 0
08-10 23:41:33.724 I/MicroDetector( 3744): Keeping mic open: false
08-10 23:41:33.725 I/MicroDetectionWorker( 3744): #onError(false)
08-10 23:41:38.730 I/MicroDetectionWorker( 3744): #startMicroDetector [speakerMode: 0]
08-10 23:41:38.734 W/ErrorReporter( 3744): reportError [type: 211, code: 393244, bug: 0]: errorCode: 393244, engine: 0
08-10 23:41:38.738 I/MicroDetector( 3744): Keeping mic open: false
08-10 23:41:38.738 I/MicroDetectionWorker( 3744): #onError(false)
08-10 23:41:43.743 I/MicroDetectionWorker( 3744): #startMicroDetector [speakerMode: 0]
08-10 23:41:43.748 W/ErrorReporter( 3744): reportError [type: 211, code: 393244, bug: 0]: errorCode: 393244, engine: 0
08-10 23:41:43.749 I/MicroDetector( 3744): Keeping mic open: false
08-10 23:41:43.749 I/MicroDetectionWorker( 3744): #onError(false)
08-10 23:41:48.754 I/MicroDetectionWorker( 3744): #startMicroDetector [speakerMode: 0]
08-10 23:41:48.758 W/ErrorReporter( 3744): reportError [type: 211, code: 393244, bug: 0]: errorCode: 393244, engine: 0
08-10 23:41:48.758 I/MicroDetector( 3744): Keeping mic open: false
08-10 23:41:48.761 I/MicroDetectionWorker( 3744): #onError(false)
08-10 23:41:53.767 I/MicroDetectionWorker( 3744): #startMicroDetector [speakerMode: 0]
08-10 23:41:53.772 W/ErrorReporter( 3744): reportError [type: 211, code: 393244, bug: 0]: errorCode: 393244, engine: 0
08-10 23:41:53.777 I/MicroDetector( 3744): Keeping mic open: false
08-10 23:41:53.777 I/MicroDetectionWorker( 3744): #onError(false)
08-10 23:41:58.781 I/MicroDetectionWorker( 3744): #startMicroDetector [speakerMode: 0]
08-10 23:41:58.784 W/ErrorReporter( 3744): reportError [type: 211, code: 393244, bug: 0]: errorCode: 393244, engine: 0
08-10 23:41:58.787 I/MicroDetector( 3744): Keeping mic open: false
08-10 23:41:58.787 I/MicroDetectionWorker( 3744): #onError(false)
08-10 23:42:00.016 D/KeyguardClockSwitch( 4360): Updating clock: 1142
08-10 23:42:03.792 I/MicroDetectionWorker( 3744): #startMicroDetector [speakerMode: 0]
08-10 23:42:03.794 W/ErrorReporter( 3744): reportError [type: 211, code: 393244, bug: 0]: errorCode: 393244, engine: 0
08-10 23:42:03.795 I/MicroDetector( 3744): Keeping mic open: false
08-10 23:42:03.795 I/MicroDetectionWorker( 3744): #onError(false)
08-10 23:42:08.799 I/MicroDetectionWorker( 3744): #startMicroDetector [speakerMode: 0]
08-10 23:42:08.806 W/ErrorReporter( 3744): reportError [type: 211, code: 393244, bug: 0]: errorCode: 393244, engine: 0
08-10 23:42:08.807 I/MicroDetector( 3744): Keeping mic open: false
08-10 23:42:08.807 I/MicroDetectionWorker( 3744): #onError(false)
08-10 23:42:13.812 I/MicroDetectionWorker( 3744): #startMicroDetector [speakerMode: 0]
08-10 23:42:13.816 W/ErrorReporter( 3744): reportError [type: 211, code: 393244, bug: 0]: errorCode: 393244, engine: 0
08-10 23:42:13.817 I/MicroDetector( 3744): Keeping mic open: false
08-10 23:42:13.817 I/MicroDetectionWorker( 3744): #onError(false)
08-10 23:42:14.937 E/netmgr  ( 1872): Failed to open QEMU pipe 'qemud:network': Invalid argument
08-10 23:42:17.154 E/wifi_forwarder( 1874): RemoteConnection failed to initialize: RemoteConnection failed to open pipe
08-10 23:42:18.823 I/MicroDetectionWorker( 3744): #startMicroDetector [speakerMode: 0]
08-10 23:42:18.827 W/ErrorReporter( 3744): reportError [type: 211, code: 393244, bug: 0]: errorCode: 393244, engine: 0
08-10 23:42:18.828 I/MicroDetector( 3744): Keeping mic open: false
08-10 23:42:18.828 I/MicroDetectionWorker( 3744): #onError(false)
08-10 23:42:23.833 I/MicroDetectionWorker( 3744): #startMicroDetector [speakerMode: 0]
08-10 23:42:23.837 W/ErrorReporter( 3744): reportError [type: 211, code: 393244, bug: 0]: errorCode: 393244, engine: 0
08-10 23:42:23.839 I/MicroDetector( 3744): Keeping mic open: false
08-10 23:42:23.839 I/MicroDetectionWorker( 3744): #onError(false)
08-10 23:42:26.142 I/netd    ( 1760): trafficSwapActiveStatsMap() <24.59ms>
08-10 23:42:26.146 I/netd    ( 1760): tetherGetStats() <2.51ms>
08-10 23:42:26.164 I/netd    ( 1760): bandwidthSetGlobalAlert(2097152) <0.45ms>
08-10 23:42:27.046 E/memtrack( 2106): Couldn't load memtrack module
08-10 23:42:27.046 W/android.os.Debug( 2106): failed to get memory consumption info: -1
08-10 23:42:28.845 I/MicroDetectionWorker( 3744): #startMicroDetector [speakerMode: 0]
08-10 23:42:28.848 W/ErrorReporter( 3744): reportError [type: 211, code: 393244, bug: 0]: errorCode: 393244, engine: 0
08-10 23:42:28.849 I/MicroDetector( 3744): Keeping mic open: false
08-10 23:42:28.849 I/MicroDetectionWorker( 3744): #onError(false)
08-10 23:42:30.064 D/WificondControl( 2106): Scan result ready event
08-10 23:42:32.420 I/Checkin ( 3319): [EventLogChimeraService] Opted in for usage reporting: false
08-10 23:42:32.421 I/Checkin ( 3319): [EventLogChimeraService] Aggregate from 1597069012285 (log), 1597069012285 (data)
08-10 23:42:32.504 I/DropBoxManagerService( 2106): add tag=event_data isTagEnabled=true flags=0x2
08-10 23:42:32.509 W/BroadcastQueue( 2106): Background execution not allowed: receiving Intent { act=android.intent.action.DROPBOX_ENTRY_ADDED flg=0x10 (has extras) } to com.google.android.gms/.stats.service.DropBoxEntryAddedReceiver
08-10 23:42:32.509 W/BroadcastQueue( 2106): Background execution not allowed: receiving Intent { act=android.intent.action.DROPBOX_ENTRY_ADDED flg=0x10 (has extras) } to com.google.android.gms/.chimera.GmsIntentOperationService$PersistentTrustedReceiver
08-10 23:42:32.645 V/FA-SVC  ( 3319): Device PackageMeasurementTaskService is starting up
08-10 23:42:32.649 V/FA-SVC  ( 3319): Device ChimeraPackageMeasurementTaskService called.
08-10 23:42:32.664 D/FA-SVC  ( 3319): Uploading events. Elapsed time since last upload attempt (ms): 3787266
08-10 23:42:32.674 V/FA-SVC  ( 3319): No expired configs for apps with pending events
08-10 23:42:32.674 V/FA-SVC  ( 3319): Stopping uploading service(s)
08-10 23:42:32.674 V/FA-SVC  ( 3319): ChimeraPackageMeasurementTaskService processed last upload request.
08-10 23:42:32.681 V/FA-SVC  ( 3319): onUnbind called for intent. action: com.google.android.gms.gcm.ACTION_TASK_READY
08-10 23:42:32.681 V/FA-SVC  ( 3319): Device PackageMeasurementTaskService is shutting down
08-10 23:42:33.855 I/MicroDetectionWorker( 3744): #startMicroDetector [speakerMode: 0]
08-10 23:42:33.858 W/ErrorReporter( 3744): reportError [type: 211, code: 393244, bug: 0]: errorCode: 393244, engine: 0
08-10 23:42:33.865 I/MicroDetector( 3744): Keeping mic open: false
08-10 23:42:33.865 I/MicroDetectionWorker( 3744): #onError(false)
08-10 23:42:38.629 W/ocess.gservice( 3036): Reducing the number of considered missed Gc histogram windows from 154 to 100
08-10 23:42:38.870 I/MicroDetectionWorker( 3744): #startMicroDetector [speakerMode: 0]
08-10 23:42:38.874 W/ErrorReporter( 3744): reportError [type: 211, code: 393244, bug: 0]: errorCode: 393244, engine: 0
08-10 23:42:38.878 I/MicroDetector( 3744): Keeping mic open: false
08-10 23:42:38.885 I/MicroDetectionWorker( 3744): #onError(false)
08-10 23:42:43.889 I/MicroDetectionWorker( 3744): #startMicroDetector [speakerMode: 0]
08-10 23:42:43.892 W/ErrorReporter( 3744): reportError [type: 211, code: 393244, bug: 0]: errorCode: 393244, engine: 0
08-10 23:42:43.897 I/MicroDetector( 3744): Keeping mic open: false
08-10 23:42:43.897 I/MicroDetectionWorker( 3744): #onError(false)
08-10 23:42:48.901 I/MicroDetectionWorker( 3744): #startMicroDetector [speakerMode: 0]
08-10 23:42:48.905 W/ErrorReporter( 3744): reportError [type: 211, code: 393244, bug: 0]: errorCode: 393244, engine: 0
08-10 23:42:48.909 I/MicroDetector( 3744): Keeping mic open: false
08-10 23:42:48.909 I/MicroDetectionWorker( 3744): #onError(false)
08-10 23:42:53.915 I/MicroDetectionWorker( 3744): #startMicroDetector [speakerMode: 0]
08-10 23:42:53.918 W/ErrorReporter( 3744): reportError [type: 211, code: 393244, bug: 0]: errorCode: 393244, engine: 0
08-10 23:42:53.923 I/MicroDetector( 3744): Keeping mic open: false
08-10 23:42:53.923 I/MicroDetectionWorker( 3744): #onError(false)
08-10 23:42:58.927 I/MicroDetectionWorker( 3744): #startMicroDetector [speakerMode: 0]
08-10 23:42:58.931 W/ErrorReporter( 3744): reportError [type: 211, code: 393244, bug: 0]: errorCode: 393244, engine: 0
08-10 23:42:58.935 I/MicroDetector( 3744): Keeping mic open: false
08-10 23:42:58.935 I/MicroDetectionWorker( 3744): #onError(false)
08-10 23:43:00.008 D/KeyguardClockSwitch( 4360): Updating clock: 1143
08-10 23:43:03.940 I/MicroDetectionWorker( 3744): #startMicroDetector [speakerMode: 0]
08-10 23:43:03.944 W/ErrorReporter( 3744): reportError [type: 211, code: 393244, bug: 0]: errorCode: 393244, engine: 0
08-10 23:43:03.951 I/MicroDetector( 3744): Keeping mic open: false
08-10 23:43:03.951 I/MicroDetectionWorker( 3744): #onError(false)
08-10 23:43:03.952 I/DeviceStateChecker( 3744): DeviceStateChecker cancelled
08-10 23:43:08.956 I/MicroDetectionWorker( 3744): #startMicroDetector [speakerMode: 0]
08-10 23:43:08.960 W/ErrorReporter( 3744): reportError [type: 211, code: 393244, bug: 0]: errorCode: 393244, engine: 0
08-10 23:43:08.961 I/MicroDetector( 3744): Keeping mic open: false
08-10 23:43:08.964 I/MicroDetectionWorker( 3744): #onError(false)
08-10 23:43:13.969 I/MicroDetectionWorker( 3744): #startMicroDetector [speakerMode: 0]
08-10 23:43:13.975 W/ErrorReporter( 3744): reportError [type: 211, code: 393244, bug: 0]: errorCode: 393244, engine: 0
08-10 23:43:13.976 I/MicroDetector( 3744): Keeping mic open: false
08-10 23:43:13.976 I/MicroDetectionWorker( 3744): #onError(false)
08-10 23:43:14.974 E/netmgr  ( 1872): Failed to open QEMU pipe 'qemud:network': Invalid argument
08-10 23:43:17.203 E/wifi_forwarder( 1874): RemoteConnection failed to initialize: RemoteConnection failed to open pipe
08-10 23:43:18.980 I/MicroDetectionWorker( 3744): #startMicroDetector [speakerMode: 0]
08-10 23:43:18.984 W/ErrorReporter( 3744): reportError [type: 211, code: 393244, bug: 0]: errorCode: 393244, engine: 0
08-10 23:43:18.988 I/MicroDetector( 3744): Keeping mic open: false
08-10 23:43:18.988 I/MicroDetectionWorker( 3744): #onError(false)
08-10 23:43:23.994 I/MicroDetectionWorker( 3744): #startMicroDetector [speakerMode: 0]
08-10 23:43:23.998 W/ErrorReporter( 3744): reportError [type: 211, code: 393244, bug: 0]: errorCode: 393244, engine: 0
08-10 23:43:24.002 I/MicroDetector( 3744): Keeping mic open: false
08-10 23:43:24.002 I/MicroDetectionWorker( 3744): #onError(false)
08-10 23:43:29.008 I/MicroDetectionWorker( 3744): #startMicroDetector [speakerMode: 0]
08-10 23:43:29.011 W/ErrorReporter( 3744): reportError [type: 211, code: 393244, bug: 0]: errorCode: 393244, engine: 0
08-10 23:43:29.015 I/MicroDetector( 3744): Keeping mic open: false
08-10 23:43:29.015 I/MicroDetectionWorker( 3744): #onError(false)
08-10 23:43:34.020 I/MicroDetectionWorker( 3744): #startMicroDetector [speakerMode: 0]
08-10 23:43:34.026 W/ErrorReporter( 3744): reportError [type: 211, code: 393244, bug: 0]: errorCode: 393244, engine: 0
08-10 23:43:34.027 I/MicroDetector( 3744): Keeping mic open: false
08-10 23:43:34.027 I/MicroDetectionWorker( 3744): #onError(false)
08-10 23:43:39.032 I/MicroDetectionWorker( 3744): #startMicroDetector [speakerMode: 0]
08-10 23:43:39.036 W/ErrorReporter( 3744): reportError [type: 211, code: 393244, bug: 0]: errorCode: 393244, engine: 0
08-10 23:43:39.040 I/MicroDetector( 3744): Keeping mic open: false
08-10 23:43:39.040 I/MicroDetectionWorker( 3744): #onError(false)
08-10 23:43:39.046 W/DeviceStateChecker( 3744): stopped because hotword detection is stopped but cancel is not called.
08-10 23:43:44.046 I/MicroDetectionWorker( 3744): #startMicroDetector [speakerMode: 0]
08-10 23:43:44.049 W/ErrorReporter( 3744): reportError [type: 211, code: 393244, bug: 0]: errorCode: 393244, engine: 0
08-10 23:43:44.054 I/MicroDetector( 3744): Keeping mic open: false
08-10 23:43:44.054 I/MicroDetectionWorker( 3744): #onError(false)
08-10 23:43:49.058 I/MicroDetectionWorker( 3744): #startMicroDetector [speakerMode: 0]
08-10 23:43:49.062 W/ErrorReporter( 3744): reportError [type: 211, code: 393244, bug: 0]: errorCode: 393244, engine: 0
08-10 23:43:49.066 I/MicroDetector( 3744): Keeping mic open: false
08-10 23:43:49.066 I/MicroDetectionWorker( 3744): #onError(false)
08-10 23:43:54.073 I/MicroDetectionWorker( 3744): #startMicroDetector [speakerMode: 0]
08-10 23:43:54.077 W/ErrorReporter( 3744): reportError [type: 211, code: 393244, bug: 0]: errorCode: 393244, engine: 0
08-10 23:43:54.081 I/MicroDetector( 3744): Keeping mic open: false
08-10 23:43:54.081 I/MicroDetectionWorker( 3744): #onError(false)
08-10 23:43:59.086 I/MicroDetectionWorker( 3744): #startMicroDetector [speakerMode: 0]
08-10 23:43:59.090 W/ErrorReporter( 3744): reportError [type: 211, code: 393244, bug: 0]: errorCode: 393244, engine: 0
08-10 23:43:59.095 I/MicroDetector( 3744): Keeping mic open: false
08-10 23:43:59.096 I/MicroDetectionWorker( 3744): #onError(false)
08-10 23:44:00.008 D/KeyguardClockSwitch( 4360): Updating clock: 1144
08-10 23:44:04.100 I/MicroDetectionWorker( 3744): #startMicroDetector [speakerMode: 0]
08-10 23:44:04.104 W/ErrorReporter( 3744): reportError [type: 211, code: 393244, bug: 0]: errorCode: 393244, engine: 0
08-10 23:44:04.108 I/MicroDetector( 3744): Keeping mic open: false
08-10 23:44:04.108 I/MicroDetectionWorker( 3744): #onError(false)
08-10 23:44:09.114 I/MicroDetectionWorker( 3744): #startMicroDetector [speakerMode: 0]
08-10 23:44:09.125 W/ErrorReporter( 3744): reportError [type: 211, code: 393244, bug: 0]: errorCode: 393244, engine: 0
08-10 23:44:09.126 I/MicroDetector( 3744): Keeping mic open: false
08-10 23:44:09.126 I/MicroDetectionWorker( 3744): #onError(false)
08-10 23:44:14.130 I/MicroDetectionWorker( 3744): #startMicroDetector [speakerMode: 0]
08-10 23:44:14.137 W/ErrorReporter( 3744): reportError [type: 211, code: 393244, bug: 0]: errorCode: 393244, engine: 0
08-10 23:44:14.147 I/MicroDetector( 3744): Keeping mic open: false
08-10 23:44:14.148 I/MicroDetectionWorker( 3744): #onError(false)
08-10 23:44:14.987 E/netmgr  ( 1872): Failed to open QEMU pipe 'qemud:network': Invalid argument
08-10 23:44:17.237 E/wifi_forwarder( 1874): RemoteConnection failed to initialize: RemoteConnection failed to open pipe
08-10 23:44:19.154 I/MicroDetectionWorker( 3744): #startMicroDetector [speakerMode: 0]
08-10 23:44:19.159 W/ErrorReporter( 3744): reportError [type: 211, code: 393244, bug: 0]: errorCode: 393244, engine: 0
08-10 23:44:19.159 I/MicroDetector( 3744): Keeping mic open: false
08-10 23:44:19.159 I/MicroDetectionWorker( 3744): #onError(false)
08-10 23:44:24.165 I/MicroDetectionWorker( 3744): #startMicroDetector [speakerMode: 0]
08-10 23:44:24.168 W/ErrorReporter( 3744): reportError [type: 211, code: 393244, bug: 0]: errorCode: 393244, engine: 0
08-10 23:44:24.174 I/MicroDetector( 3744): Keeping mic open: false
08-10 23:44:24.174 I/MicroDetectionWorker( 3744): #onError(false)
08-10 23:44:24.174 I/DeviceStateChecker( 3744): DeviceStateChecker cancelled
08-10 23:44:29.179 I/MicroDetectionWorker( 3744): #startMicroDetector [speakerMode: 0]
08-10 23:44:29.183 W/ErrorReporter( 3744): reportError [type: 211, code: 393244, bug: 0]: errorCode: 393244, engine: 0
08-10 23:44:29.184 I/MicroDetector( 3744): Keeping mic open: false
08-10 23:44:29.184 I/MicroDetectionWorker( 3744): #onError(false)
08-10 23:44:34.189 I/MicroDetectionWorker( 3744): #startMicroDetector [speakerMode: 0]
08-10 23:44:34.194 W/ErrorReporter( 3744): reportError [type: 211, code: 393244, bug: 0]: errorCode: 393244, engine: 0
08-10 23:44:34.195 I/MicroDetector( 3744): Keeping mic open: false
08-10 23:44:34.195 I/MicroDetectionWorker( 3744): #onError(false)
08-10 23:44:39.201 I/MicroDetectionWorker( 3744): #startMicroDetector [speakerMode: 0]
08-10 23:44:39.208 W/ErrorReporter( 3744): reportError [type: 211, code: 393244, bug: 0]: errorCode: 393244, engine: 0
08-10 23:44:39.208 I/MicroDetector( 3744): Keeping mic open: false
08-10 23:44:39.209 I/MicroDetectionWorker( 3744): #onError(false)
08-10 23:44:44.213 I/MicroDetectionWorker( 3744): #startMicroDetector [speakerMode: 0]
08-10 23:44:44.217 W/ErrorReporter( 3744): reportError [type: 211, code: 393244, bug: 0]: errorCode: 393244, engine: 0
08-10 23:44:44.222 I/MicroDetector( 3744): Keeping mic open: false
08-10 23:44:44.222 I/MicroDetectionWorker( 3744): #onError(false)
08-10 23:44:49.227 I/MicroDetectionWorker( 3744): #startMicroDetector [speakerMode: 0]
08-10 23:44:49.230 W/ErrorReporter( 3744): reportError [type: 211, code: 393244, bug: 0]: errorCode: 393244, engine: 0
08-10 23:44:49.232 I/MicroDetector( 3744): Keeping mic open: false
08-10 23:44:49.232 I/MicroDetectionWorker( 3744): #onError(false)
08-10 23:44:54.236 I/MicroDetectionWorker( 3744): #startMicroDetector [speakerMode: 0]
08-10 23:44:54.242 W/ErrorReporter( 3744): reportError [type: 211, code: 393244, bug: 0]: errorCode: 393244, engine: 0
08-10 23:44:54.243 I/MicroDetector( 3744): Keeping mic open: false
08-10 23:44:54.243 I/MicroDetectionWorker( 3744): #onError(false)
08-10 23:44:59.249 I/MicroDetectionWorker( 3744): #startMicroDetector [speakerMode: 0]
08-10 23:44:59.254 W/ErrorReporter( 3744): reportError [type: 211, code: 393244, bug: 0]: errorCode: 393244, engine: 0
08-10 23:44:59.255 I/MicroDetector( 3744): Keeping mic open: false
08-10 23:44:59.255 I/MicroDetectionWorker( 3744): #onError(false)
08-10 23:45:00.010 D/KeyguardClockSwitch( 4360): Updating clock: 1145
08-10 23:45:04.261 I/MicroDetectionWorker( 3744): #startMicroDetector [speakerMode: 0]
08-10 23:45:04.268 W/ErrorReporter( 3744): reportError [type: 211, code: 393244, bug: 0]: errorCode: 393244, engine: 0
08-10 23:45:04.269 I/MicroDetector( 3744): Keeping mic open: false
08-10 23:45:04.269 I/MicroDetectionWorker( 3744): #onError(false)
08-10 23:45:09.273 I/MicroDetectionWorker( 3744): #startMicroDetector [speakerMode: 0]
08-10 23:45:09.280 W/ErrorReporter( 3744): reportError [type: 211, code: 393244, bug: 0]: errorCode: 393244, engine: 0
08-10 23:45:09.281 I/MicroDetector( 3744): Keeping mic open: false
08-10 23:45:09.281 I/MicroDetectionWorker( 3744): #onError(false)
08-10 23:45:14.285 I/MicroDetectionWorker( 3744): #startMicroDetector [speakerMode: 0]
08-10 23:45:14.289 W/ErrorReporter( 3744): reportError [type: 211, code: 393244, bug: 0]: errorCode: 393244, engine: 0
08-10 23:45:14.290 I/MicroDetector( 3744): Keeping mic open: false
08-10 23:45:14.290 I/MicroDetectionWorker( 3744): #onError(false)
08-10 23:45:15.003 E/netmgr  ( 1872): Failed to open QEMU pipe 'qemud:network': Invalid argument
08-10 23:45:17.287 E/wifi_forwarder( 1874): RemoteConnection failed to initialize: RemoteConnection failed to open pipe
08-10 23:45:19.295 I/MicroDetectionWorker( 3744): #startMicroDetector [speakerMode: 0]
08-10 23:45:19.298 W/ErrorReporter( 3744): reportError [type: 211, code: 393244, bug: 0]: errorCode: 393244, engine: 0
08-10 23:45:19.302 I/MicroDetector( 3744): Keeping mic open: false
08-10 23:45:19.302 I/MicroDetectionWorker( 3744): #onError(false)
08-10 23:45:24.306 I/MicroDetectionWorker( 3744): #startMicroDetector [speakerMode: 0]
08-10 23:45:24.312 W/ErrorReporter( 3744): reportError [type: 211, code: 393244, bug: 0]: errorCode: 393244, engine: 0
08-10 23:45:24.312 I/MicroDetector( 3744): Keeping mic open: false
08-10 23:45:24.312 I/MicroDetectionWorker( 3744): #onError(false)
08-10 23:45:26.820 I/BgTaskExecutorImpl( 3744): Starting PERIODIC background task MDH_FORCED_SYNC.
08-10 23:45:26.839 V/MDH     ( 3744): Opening MDH wipeout table.
08-10 23:45:26.855 I/MdhYoutubeWorker( 3744): Reading YouTube deletion data
08-10 23:45:26.855 I/MdhYoutubeWorker( 3744): There is no logged in account in AGSA.
08-10 23:45:29.318 I/MicroDetectionWorker( 3744): #startMicroDetector [speakerMode: 0]
08-10 23:45:29.324 W/ErrorReporter( 3744): reportError [type: 211, code: 393244, bug: 0]: errorCode: 393244, engine: 0
08-10 23:45:29.325 I/MicroDetector( 3744): Keeping mic open: false
08-10 23:45:29.325 I/MicroDetectionWorker( 3744): #onError(false)
08-10 23:45:30.774 D/WificondControl( 2106): Scan result ready event
08-10 23:45:34.331 I/MicroDetectionWorker( 3744): #startMicroDetector [speakerMode: 0]
08-10 23:45:34.334 W/ErrorReporter( 3744): reportError [type: 211, code: 393244, bug: 0]: errorCode: 393244, engine: 0
08-10 23:45:34.338 I/MicroDetector( 3744): Keeping mic open: false
08-10 23:45:34.340 I/MicroDetectionWorker( 3744): #onError(false)
08-10 23:45:39.344 I/MicroDetectionWorker( 3744): #startMicroDetector [speakerMode: 0]
08-10 23:45:39.348 W/ErrorReporter( 3744): reportError [type: 211, code: 393244, bug: 0]: errorCode: 393244, engine: 0
08-10 23:45:39.353 I/MicroDetector( 3744): Keeping mic open: false
08-10 23:45:39.353 I/MicroDetectionWorker( 3744): #onError(false)
08-10 23:45:44.357 I/MicroDetectionWorker( 3744): #startMicroDetector [speakerMode: 0]
08-10 23:45:44.361 W/ErrorReporter( 3744): reportError [type: 211, code: 393244, bug: 0]: errorCode: 393244, engine: 0
08-10 23:45:44.367 I/MicroDetector( 3744): Keeping mic open: false
08-10 23:45:44.368 I/MicroDetectionWorker( 3744): #onError(false)
08-10 23:45:49.373 I/MicroDetectionWorker( 3744): #startMicroDetector [speakerMode: 0]
08-10 23:45:49.378 W/ErrorReporter( 3744): reportError [type: 211, code: 393244, bug: 0]: errorCode: 393244, engine: 0
08-10 23:45:49.379 I/MicroDetector( 3744): Keeping mic open: false
08-10 23:45:49.379 I/MicroDetectionWorker( 3744): #onError(false)
08-10 23:45:54.383 I/MicroDetectionWorker( 3744): #startMicroDetector [speakerMode: 0]
08-10 23:45:54.389 W/ErrorReporter( 3744): reportError [type: 211, code: 393244, bug: 0]: errorCode: 393244, engine: 0
08-10 23:45:54.390 I/MicroDetector( 3744): Keeping mic open: false
08-10 23:45:54.390 I/MicroDetectionWorker( 3744): #onError(false)
08-10 23:45:59.395 I/MicroDetectionWorker( 3744): #startMicroDetector [speakerMode: 0]
08-10 23:45:59.399 W/ErrorReporter( 3744): reportError [type: 211, code: 393244, bug: 0]: errorCode: 393244, engine: 0
08-10 23:45:59.404 I/MicroDetector( 3744): Keeping mic open: false
08-10 23:45:59.404 I/MicroDetectionWorker( 3744): #onError(false)
08-10 23:46:00.019 D/KeyguardClockSwitch( 4360): Updating clock: 1146
08-10 23:46:04.409 I/MicroDetectionWorker( 3744): #startMicroDetector [speakerMode: 0]
08-10 23:46:04.412 W/ErrorReporter( 3744): reportError [type: 211, code: 393244, bug: 0]: errorCode: 393244, engine: 0
08-10 23:46:04.417 I/MicroDetector( 3744): Keeping mic open: false
08-10 23:46:04.418 I/MicroDetectionWorker( 3744): #onError(false)
08-10 23:46:09.424 I/MicroDetectionWorker( 3744): #startMicroDetector [speakerMode: 0]
08-10 23:46:09.427 W/ErrorReporter( 3744): reportError [type: 211, code: 393244, bug: 0]: errorCode: 393244, engine: 0
08-10 23:46:09.430 I/MicroDetector( 3744): Keeping mic open: false
08-10 23:46:09.431 I/MicroDetectionWorker( 3744): #onError(false)
08-10 23:46:14.436 I/MicroDetectionWorker( 3744): #startMicroDetector [speakerMode: 0]
08-10 23:46:14.439 W/ErrorReporter( 3744): reportError [type: 211, code: 393244, bug: 0]: errorCode: 393244, engine: 0
08-10 23:46:14.441 I/MicroDetector( 3744): Keeping mic open: false
08-10 23:46:14.441 I/MicroDetectionWorker( 3744): #onError(false)
08-10 23:46:15.021 E/netmgr  ( 1872): Failed to open QEMU pipe 'qemud:network': Invalid argument
08-10 23:46:17.337 E/wifi_forwarder( 1874): RemoteConnection failed to initialize: RemoteConnection failed to open pipe
08-10 23:46:19.445 I/MicroDetectionWorker( 3744): #startMicroDetector [speakerMode: 0]
08-10 23:46:19.449 W/ErrorReporter( 3744): reportError [type: 211, code: 393244, bug: 0]: errorCode: 393244, engine: 0
08-10 23:46:19.454 I/DeviceStateChecker( 3744): DeviceStateChecker cancelled
08-10 23:46:19.456 I/MicroDetector( 3744): Keeping mic open: false
08-10 23:46:19.456 I/MicroDetectionWorker( 3744): #onError(false)
08-10 23:46:24.461 I/MicroDetectionWorker( 3744): #startMicroDetector [speakerMode: 0]
08-10 23:46:24.465 W/ErrorReporter( 3744): reportError [type: 211, code: 393244, bug: 0]: errorCode: 393244, engine: 0
08-10 23:46:24.466 I/MicroDetector( 3744): Keeping mic open: false
08-10 23:46:24.466 I/MicroDetectionWorker( 3744): #onError(false)
08-10 23:46:29.471 I/MicroDetectionWorker( 3744): #startMicroDetector [speakerMode: 0]
08-10 23:46:29.480 W/ErrorReporter( 3744): reportError [type: 211, code: 393244, bug: 0]: errorCode: 393244, engine: 0
08-10 23:46:29.481 I/MicroDetector( 3744): Keeping mic open: false
08-10 23:46:29.481 I/MicroDetectionWorker( 3744): #onError(false)
08-10 23:46:34.485 I/MicroDetectionWorker( 3744): #startMicroDetector [speakerMode: 0]
08-10 23:46:34.492 W/ErrorReporter( 3744): reportError [type: 211, code: 393244, bug: 0]: errorCode: 393244, engine: 0
08-10 23:46:34.493 I/MicroDetector( 3744): Keeping mic open: false
08-10 23:46:34.493 I/MicroDetectionWorker( 3744): #onError(false)
08-10 23:46:39.497 I/MicroDetectionWorker( 3744): #startMicroDetector [speakerMode: 0]
08-10 23:46:39.501 W/ErrorReporter( 3744): reportError [type: 211, code: 393244, bug: 0]: errorCode: 393244, engine: 0
08-10 23:46:39.503 I/MicroDetector( 3744): Keeping mic open: false
08-10 23:46:39.503 I/MicroDetectionWorker( 3744): #onError(false)
08-10 23:46:44.508 I/MicroDetectionWorker( 3744): #startMicroDetector [speakerMode: 0]
08-10 23:46:44.511 W/ErrorReporter( 3744): reportError [type: 211, code: 393244, bug: 0]: errorCode: 393244, engine: 0
08-10 23:46:44.515 I/MicroDetector( 3744): Keeping mic open: false
08-10 23:46:44.515 I/MicroDetectionWorker( 3744): #onError(false)
08-10 23:46:49.519 I/MicroDetectionWorker( 3744): #startMicroDetector [speakerMode: 0]
08-10 23:46:49.524 W/ErrorReporter( 3744): reportError [type: 211, code: 393244, bug: 0]: errorCode: 393244, engine: 0
08-10 23:46:49.525 I/MicroDetector( 3744): Keeping mic open: false
08-10 23:46:49.525 I/MicroDetectionWorker( 3744): #onError(false)
08-10 23:46:54.530 I/MicroDetectionWorker( 3744): #startMicroDetector [speakerMode: 0]
08-10 23:46:54.533 W/ErrorReporter( 3744): reportError [type: 211, code: 393244, bug: 0]: errorCode: 393244, engine: 0
08-10 23:46:54.539 I/MicroDetector( 3744): Keeping mic open: false
08-10 23:46:54.539 I/MicroDetectionWorker( 3744): #onError(false)
08-10 23:46:59.545 I/MicroDetectionWorker( 3744): #startMicroDetector [speakerMode: 0]
08-10 23:46:59.549 W/ErrorReporter( 3744): reportError [type: 211, code: 393244, bug: 0]: errorCode: 393244, engine: 0
08-10 23:46:59.560 I/MicroDetector( 3744): Keeping mic open: false
08-10 23:46:59.560 I/MicroDetectionWorker( 3744): #onError(false)
08-10 23:47:00.021 D/KeyguardClockSwitch( 4360): Updating clock: 1147
08-10 23:47:04.566 I/MicroDetectionWorker( 3744): #startMicroDetector [speakerMode: 0]
08-10 23:47:04.569 W/ErrorReporter( 3744): reportError [type: 211, code: 393244, bug: 0]: errorCode: 393244, engine: 0
08-10 23:47:04.574 I/MicroDetector( 3744): Keeping mic open: false
08-10 23:47:04.574 I/MicroDetectionWorker( 3744): #onError(false)
08-10 23:47:09.580 I/MicroDetectionWorker( 3744): #startMicroDetector [speakerMode: 0]
08-10 23:47:09.584 W/ErrorReporter( 3744): reportError [type: 211, code: 393244, bug: 0]: errorCode: 393244, engine: 0
08-10 23:47:09.586 I/MicroDetector( 3744): Keeping mic open: false
08-10 23:47:09.586 I/MicroDetectionWorker( 3744): #onError(false)
08-10 23:47:14.591 I/MicroDetectionWorker( 3744): #startMicroDetector [speakerMode: 0]
08-10 23:47:14.593 W/ErrorReporter( 3744): reportError [type: 211, code: 393244, bug: 0]: errorCode: 393244, engine: 0
08-10 23:47:14.594 I/MicroDetector( 3744): Keeping mic open: false
08-10 23:47:14.594 I/MicroDetectionWorker( 3744): #onError(false)
08-10 23:47:15.036 E/netmgr  ( 1872): Failed to open QEMU pipe 'qemud:network': Invalid argument
08-10 23:47:17.370 E/wifi_forwarder( 1874): RemoteConnection failed to initialize: RemoteConnection failed to open pipe
08-10 23:47:19.598 I/MicroDetectionWorker( 3744): #startMicroDetector [speakerMode: 0]
08-10 23:47:19.602 W/ErrorReporter( 3744): reportError [type: 211, code: 393244, bug: 0]: errorCode: 393244, engine: 0
08-10 23:47:19.602 I/MicroDetector( 3744): Keeping mic open: false
08-10 23:47:19.602 I/MicroDetectionWorker( 3744): #onError(false)
08-10 23:47:24.610 I/MicroDetectionWorker( 3744): #startMicroDetector [speakerMode: 0]
08-10 23:47:24.613 W/ErrorReporter( 3744): reportError [type: 211, code: 393244, bug: 0]: errorCode: 393244, engine: 0
08-10 23:47:24.617 I/MicroDetector( 3744): Keeping mic open: false
08-10 23:47:24.618 I/MicroDetectionWorker( 3744): #onError(false)
08-10 23:47:27.272 E/memtrack( 2106): Couldn't load memtrack module
08-10 23:47:27.272 W/android.os.Debug( 2106): failed to get memory consumption info: -1
08-10 23:47:29.626 I/MicroDetectionWorker( 3744): #startMicroDetector [speakerMode: 0]
08-10 23:47:29.629 W/ErrorReporter( 3744): reportError [type: 211, code: 393244, bug: 0]: errorCode: 393244, engine: 0
08-10 23:47:29.634 I/MicroDetector( 3744): Keeping mic open: false
08-10 23:47:29.634 I/MicroDetectionWorker( 3744): #onError(false)
08-10 23:47:34.640 I/MicroDetectionWorker( 3744): #startMicroDetector [speakerMode: 0]
08-10 23:47:34.644 W/ErrorReporter( 3744): reportError [type: 211, code: 393244, bug: 0]: errorCode: 393244, engine: 0
08-10 23:47:34.645 I/MicroDetector( 3744): Keeping mic open: false
08-10 23:47:34.645 I/MicroDetectionWorker( 3744): #onError(false)
08-10 23:47:39.653 I/MicroDetectionWorker( 3744): #startMicroDetector [speakerMode: 0]
08-10 23:47:39.657 W/ErrorReporter( 3744): reportError [type: 211, code: 393244, bug: 0]: errorCode: 393244, engine: 0
08-10 23:47:39.661 I/MicroDetector( 3744): Keeping mic open: false
08-10 23:47:39.661 I/MicroDetectionWorker( 3744): #onError(false)
08-10 23:47:39.666 I/DeviceStateChecker( 3744): DeviceStateChecker cancelled
