08-12 22:15:47.243 I/MicroDetectionWorker( 4493): #startMicroDetector [speakerMode: 0]
08-12 22:15:47.246 W/ErrorReporter( 4493): reportError [type: 211, code: 393244, bug: 0]: errorCode: 393244, engine: 0
08-12 22:15:47.252 I/MicroDetector( 4493): Keeping mic open: false
08-12 22:15:47.252 I/MicroDetectionWorker( 4493): #onError(false)
08-12 22:15:50.485 E/netmgr  ( 1874): Failed to open QEMU pipe 'qemud:network': Invalid argument
08-12 22:15:52.261 I/MicroDetectionWorker( 4493): #startMicroDetector [speakerMode: 0]
08-12 22:15:52.264 W/ErrorReporter( 4493): reportError [type: 211, code: 393244, bug: 0]: errorCode: 393244, engine: 0
08-12 22:15:52.267 I/MicroDetector( 4493): Keeping mic open: false
08-12 22:15:52.268 I/MicroDetectionWorker( 4493): #onError(false)
08-12 22:15:53.553 E/wifi_forwarder( 1876): RemoteConnection failed to initialize: RemoteConnection failed to open pipe
08-12 22:15:57.273 I/MicroDetectionWorker( 4493): #startMicroDetector [speakerMode: 0]
08-12 22:15:57.278 W/ErrorReporter( 4493): reportError [type: 211, code: 393244, bug: 0]: errorCode: 393244, engine: 0
08-12 22:15:57.281 I/MicroDetector( 4493): Keeping mic open: false
08-12 22:15:57.281 I/MicroDetectionWorker( 4493): #onError(false)
08-12 22:16:00.030 D/KeyguardClockSwitch( 2355): Updating clock: 2216
08-12 22:16:02.287 I/MicroDetectionWorker( 4493): #startMicroDetector [speakerMode: 0]
08-12 22:16:02.292 W/ErrorReporter( 4493): reportError [type: 211, code: 393244, bug: 0]: errorCode: 393244, engine: 0
08-12 22:16:02.293 I/MicroDetector( 4493): Keeping mic open: false
08-12 22:16:02.293 I/MicroDetectionWorker( 4493): #onError(false)
08-12 22:16:07.300 I/MicroDetectionWorker( 4493): #startMicroDetector [speakerMode: 0]
08-12 22:16:07.305 W/ErrorReporter( 4493): reportError [type: 211, code: 393244, bug: 0]: errorCode: 393244, engine: 0
08-12 22:16:07.306 I/MicroDetector( 4493): Keeping mic open: false
08-12 22:16:07.306 I/MicroDetectionWorker( 4493): #onError(false)
08-12 22:16:12.312 I/MicroDetectionWorker( 4493): #startMicroDetector [speakerMode: 0]
08-12 22:16:12.316 W/ErrorReporter( 4493): reportError [type: 211, code: 393244, bug: 0]: errorCode: 393244, engine: 0
08-12 22:16:12.321 I/MicroDetector( 4493): Keeping mic open: false
08-12 22:16:12.321 I/MicroDetectionWorker( 4493): #onError(false)
08-12 22:16:17.327 I/MicroDetectionWorker( 4493): #startMicroDetector [speakerMode: 0]
08-12 22:16:17.331 W/ErrorReporter( 4493): reportError [type: 211, code: 393244, bug: 0]: errorCode: 393244, engine: 0
08-12 22:16:17.336 I/MicroDetector( 4493): Keeping mic open: false
08-12 22:16:17.336 I/MicroDetectionWorker( 4493): #onError(false)
08-12 22:16:22.342 I/MicroDetectionWorker( 4493): #startMicroDetector [speakerMode: 0]
08-12 22:16:22.345 W/ErrorReporter( 4493): reportError [type: 211, code: 393244, bug: 0]: errorCode: 393244, engine: 0
08-12 22:16:22.349 I/MicroDetector( 4493): Keeping mic open: false
08-12 22:16:22.351 I/MicroDetectionWorker( 4493): #onError(false)
08-12 22:16:27.358 I/MicroDetectionWorker( 4493): #startMicroDetector [speakerMode: 0]
08-12 22:16:27.363 W/ErrorReporter( 4493): reportError [type: 211, code: 393244, bug: 0]: errorCode: 393244, engine: 0
08-12 22:16:27.364 I/MicroDetector( 4493): Keeping mic open: false
08-12 22:16:27.364 I/MicroDetectionWorker( 4493): #onError(false)
08-12 22:16:32.371 I/MicroDetectionWorker( 4493): #startMicroDetector [speakerMode: 0]
08-12 22:16:32.376 W/ErrorReporter( 4493): reportError [type: 211, code: 393244, bug: 0]: errorCode: 393244, engine: 0
08-12 22:16:32.377 I/MicroDetector( 4493): Keeping mic open: false
08-12 22:16:32.377 I/MicroDetectionWorker( 4493): #onError(false)
08-12 22:16:37.382 I/MicroDetectionWorker( 4493): #startMicroDetector [speakerMode: 0]
08-12 22:16:37.386 W/ErrorReporter( 4493): reportError [type: 211, code: 393244, bug: 0]: errorCode: 393244, engine: 0
08-12 22:16:37.391 I/MicroDetector( 4493): Keeping mic open: false
08-12 22:16:37.391 I/MicroDetectionWorker( 4493): #onError(false)
08-12 22:16:42.396 I/MicroDetectionWorker( 4493): #startMicroDetector [speakerMode: 0]
08-12 22:16:42.402 W/ErrorReporter( 4493): reportError [type: 211, code: 393244, bug: 0]: errorCode: 393244, engine: 0
08-12 22:16:42.403 I/MicroDetector( 4493): Keeping mic open: false
08-12 22:16:42.403 I/MicroDetectionWorker( 4493): #onError(false)
08-12 22:16:47.410 I/MicroDetectionWorker( 4493): #startMicroDetector [speakerMode: 0]
08-12 22:16:47.415 W/ErrorReporter( 4493): reportError [type: 211, code: 393244, bug: 0]: errorCode: 393244, engine: 0
08-12 22:16:47.416 I/MicroDetector( 4493): Keeping mic open: false
08-12 22:16:47.416 I/MicroDetectionWorker( 4493): #onError(false)
08-12 22:16:50.503 E/netmgr  ( 1874): Failed to open QEMU pipe 'qemud:network': Invalid argument
08-12 22:16:52.422 I/MicroDetectionWorker( 4493): #startMicroDetector [speakerMode: 0]
08-12 22:16:52.433 W/ErrorReporter( 4493): reportError [type: 211, code: 393244, bug: 0]: errorCode: 393244, engine: 0
08-12 22:16:52.438 I/MicroDetector( 4493): Keeping mic open: false
08-12 22:16:52.438 I/MicroDetectionWorker( 4493): #onError(false)
08-12 22:16:53.569 E/wifi_forwarder( 1876): RemoteConnection failed to initialize: RemoteConnection failed to open pipe
08-12 22:16:57.444 I/MicroDetectionWorker( 4493): #startMicroDetector [speakerMode: 0]
08-12 22:16:57.451 W/ErrorReporter( 4493): reportError [type: 211, code: 393244, bug: 0]: errorCode: 393244, engine: 0
08-12 22:16:57.452 I/MicroDetector( 4493): Keeping mic open: false
08-12 22:16:57.452 I/MicroDetectionWorker( 4493): #onError(false)
08-12 22:17:00.026 D/KeyguardClockSwitch( 2355): Updating clock: 2217
08-12 22:17:02.461 I/MicroDetectionWorker( 4493): #startMicroDetector [speakerMode: 0]
08-12 22:17:02.480 W/ErrorReporter( 4493): reportError [type: 211, code: 393244, bug: 0]: errorCode: 393244, engine: 0
08-12 22:17:02.481 I/MicroDetector( 4493): Keeping mic open: false
08-12 22:17:02.481 I/MicroDetectionWorker( 4493): #onError(false)
08-12 22:17:07.487 I/MicroDetectionWorker( 4493): #startMicroDetector [speakerMode: 0]
08-12 22:17:07.491 W/ErrorReporter( 4493): reportError [type: 211, code: 393244, bug: 0]: errorCode: 393244, engine: 0
08-12 22:17:07.496 I/MicroDetector( 4493): Keeping mic open: false
08-12 22:17:07.496 I/MicroDetectionWorker( 4493): #onError(false)
08-12 22:17:10.836 I/UsageStatsService( 2075): User[0] Flushing usage stats to disk
08-12 22:17:10.879 E/AppIdleHistory( 2075): Error writing app idle file for user 0
08-12 22:17:12.501 I/MicroDetectionWorker( 4493): #startMicroDetector [speakerMode: 0]
08-12 22:17:12.506 W/ErrorReporter( 4493): reportError [type: 211, code: 393244, bug: 0]: errorCode: 393244, engine: 0
08-12 22:17:12.507 I/MicroDetector( 4493): Keeping mic open: false
08-12 22:17:12.507 I/MicroDetectionWorker( 4493): #onError(false)
08-12 22:17:17.513 I/MicroDetectionWorker( 4493): #startMicroDetector [speakerMode: 0]
08-12 22:17:17.521 W/ErrorReporter( 4493): reportError [type: 211, code: 393244, bug: 0]: errorCode: 393244, engine: 0
08-12 22:17:17.522 I/MicroDetector( 4493): Keeping mic open: false
08-12 22:17:17.522 I/MicroDetectionWorker( 4493): #onError(false)
08-12 22:17:19.893 E/memtrack( 2075): Couldn't load memtrack module
08-12 22:17:19.893 W/android.os.Debug( 2075): failed to get memory consumption info: -1
08-12 22:17:22.528 I/MicroDetectionWorker( 4493): #startMicroDetector [speakerMode: 0]
08-12 22:17:22.532 W/ErrorReporter( 4493): reportError [type: 211, code: 393244, bug: 0]: errorCode: 393244, engine: 0
08-12 22:17:22.535 I/MicroDetector( 4493): Keeping mic open: false
08-12 22:17:22.535 I/MicroDetectionWorker( 4493): #onError(false)
08-12 22:17:27.541 I/MicroDetectionWorker( 4493): #startMicroDetector [speakerMode: 0]
08-12 22:17:27.545 W/ErrorReporter( 4493): reportError [type: 211, code: 393244, bug: 0]: errorCode: 393244, engine: 0
08-12 22:17:27.550 I/MicroDetector( 4493): Keeping mic open: false
08-12 22:17:27.550 I/MicroDetectionWorker( 4493): #onError(false)
08-12 22:17:32.555 I/MicroDetectionWorker( 4493): #startMicroDetector [speakerMode: 0]
08-12 22:17:32.560 W/ErrorReporter( 4493): reportError [type: 211, code: 393244, bug: 0]: errorCode: 393244, engine: 0
08-12 22:17:32.561 I/MicroDetector( 4493): Keeping mic open: false
08-12 22:17:32.561 I/MicroDetectionWorker( 4493): #onError(false)
08-12 22:17:37.568 I/MicroDetectionWorker( 4493): #startMicroDetector [speakerMode: 0]
08-12 22:17:37.575 W/ErrorReporter( 4493): reportError [type: 211, code: 393244, bug: 0]: errorCode: 393244, engine: 0
08-12 22:17:37.576 I/MicroDetector( 4493): Keeping mic open: false
08-12 22:17:37.576 I/MicroDetectionWorker( 4493): #onError(false)
08-12 22:17:42.582 I/MicroDetectionWorker( 4493): #startMicroDetector [speakerMode: 0]
08-12 22:17:42.587 W/ErrorReporter( 4493): reportError [type: 211, code: 393244, bug: 0]: errorCode: 393244, engine: 0
08-12 22:17:42.588 I/MicroDetector( 4493): Keeping mic open: false
08-12 22:17:42.588 I/MicroDetectionWorker( 4493): #onError(false)
08-12 22:17:47.600 I/MicroDetectionWorker( 4493): #startMicroDetector [speakerMode: 0]
08-12 22:17:47.606 W/ErrorReporter( 4493): reportError [type: 211, code: 393244, bug: 0]: errorCode: 393244, engine: 0
08-12 22:17:47.607 I/MicroDetector( 4493): Keeping mic open: false
08-12 22:17:47.607 I/MicroDetectionWorker( 4493): #onError(false)
08-12 22:17:50.562 E/netmgr  ( 1874): Failed to open QEMU pipe 'qemud:network': Invalid argument
08-12 22:17:52.614 I/MicroDetectionWorker( 4493): #startMicroDetector [speakerMode: 0]
08-12 22:17:52.620 W/ErrorReporter( 4493): reportError [type: 211, code: 393244, bug: 0]: errorCode: 393244, engine: 0
08-12 22:17:52.622 I/MicroDetector( 4493): Keeping mic open: false
08-12 22:17:52.622 I/MicroDetectionWorker( 4493): #onError(false)
08-12 22:17:53.602 E/wifi_forwarder( 1876): RemoteConnection failed to initialize: RemoteConnection failed to open pipe
08-12 22:17:57.627 I/MicroDetectionWorker( 4493): #startMicroDetector [speakerMode: 0]
08-12 22:17:57.631 W/ErrorReporter( 4493): reportError [type: 211, code: 393244, bug: 0]: errorCode: 393244, engine: 0
08-12 22:17:57.632 I/MicroDetector( 4493): Keeping mic open: false
08-12 22:17:57.632 I/MicroDetectionWorker( 4493): #onError(false)
08-12 22:18:00.014 D/KeyguardClockSwitch( 2355): Updating clock: 2218
08-12 22:18:00.774 D/Zygote  ( 1764): Forked child process 10756
08-12 22:18:00.776 I/ActivityManager( 2075): Start proc 10756:jp.co.agoop.com.example/u0a134 for service {jp.co.agoop.com.example/jp.co.agoop.networkreachability.service.NetworkTestingJobService}
08-12 22:18:00.778 I/netd    ( 1763): trafficSwapActiveStatsMap() <27.41ms>
08-12 22:18:00.780 I/netd    ( 1763): tetherGetStats() <1.42ms>
08-12 22:18:00.792 I/netd    ( 1763): bandwidthSetGlobalAlert(2097152) <0.22ms>
08-12 22:18:00.802 E/memtrack( 2075): Couldn't load memtrack module
08-12 22:18:00.802 W/android.os.Debug( 2075): failed to get memory consumption info: -1
08-12 22:18:00.813 I/oop.com.exampl(10756): Not late-enabling -Xcheck:jni (already on)
08-12 22:18:00.841 E/oop.com.exampl(10756): Unknown bits set in runtime_flags: 0x8000
08-12 22:18:00.842 W/oop.com.exampl(10756): Unexpected CPU variant for X86 using defaults: x86
08-12 22:18:01.155 D/NetworkConnectivity(10756): Reschedule the sdk is running.
08-12 22:18:01.155 I/ServiceScheduler(10756): ----ServiceScheduler: isNetowrkTasktrue
08-12 22:18:01.159 I/ServiceScheduler(10756): ----ServiceScheduler: isThroughputTaskfalse
08-12 22:18:01.159 D/ServiceScheduler(10756): Schedule periodic using JobScheduler
08-12 22:18:01.161 W/JobInfo (10756): Requested flex +2m54s0ms for job 889001 is too small; raising to +5m0s0ms
08-12 22:18:01.164 I/ExampleApplication(10756): ----ExampleApplication: isNetowrkTask: true
08-12 22:18:01.164 I/ExampleApplication(10756): ----ExampleApplication: isThroughputTask: false
08-12 22:18:01.168 D/NetworkTestingJobService(10756): onCreate
08-12 22:18:01.173 D/NetworkTestingJobService(10756): onStartJob
08-12 22:18:01.212 D/AuthenticationTask(10756): run
08-12 22:18:01.223 D/NetworkSecurityConfig(10756): No Network Security Config specified, using platform default
08-12 22:18:01.313 E/ResolverController( 1763): No valid NAT64 prefix (100, <unspecified>/0)
08-12 22:18:02.073 D/NetworkTestingProcess(10756): Authentication API Judgement:network:true Throughput:true ServerEnabletrue
08-12 22:18:02.073 D/UserCountryTask(10756): run
08-12 22:18:02.226 D/InfoTask(10756): run
08-12 22:18:02.250 D/InfoTask(10756): mobileDataOffFlag:0
08-12 22:18:02.251 D/InfoTask(10756): localeCountryCode:US
08-12 22:18:02.251 D/InfoTask(10756): localeLangCode:en
08-12 22:18:02.252 D/InfoTask(10756): localeCurrencyCode:USD
08-12 22:18:02.260 D/InfoTask(10756): batteryLevel:100
08-12 22:18:02.264 D/InfoTask(10756): batteryPluggedType:0
08-12 22:18:02.270 D/InfoTask(10756): batteryChargeType:4
08-12 22:18:02.275 D/InfoTask(10756): locationStatus:0
08-12 22:18:02.282 D/WiFiTask(10756): run
08-12 22:18:02.290 D/TelephonyTask(10756): run
08-12 22:18:02.290 D/TelephonyTask(10756): bindTelephonyManager
08-12 22:18:02.342 D/TelephonyTask(10756): registedCellType:Gsm
08-12 22:18:02.344 D/PowerTask(10756): run
08-12 22:18:02.349 D/SingleLocationTask(10756): run
08-12 22:18:02.381 D/TelephonyTask(10756): onServiceStateChanged
08-12 22:18:02.394 D/TelephonyTask(10756): NRState-1
08-12 22:18:02.411 D/TelephonyTask(10756): onCellLocationChanged
08-12 22:18:02.428 D/TelephonyTask(10756): onSignalStrengthsChanged
08-12 22:18:02.448 D/SingleLocationTask(10756): onLocationUpdate: Location[fused 37.421998,-122.084000 hAcc=17 et=+1h2m36s783ms alt=5.0 vel=0.0 bear=0.0 vAcc=40 sAcc=??? bAcc=??? {Bundle[mParcelledData.dataSize=52]}]
08-12 22:18:02.637 I/MicroDetectionWorker( 4493): #startMicroDetector [speakerMode: 0]
08-12 22:18:02.646 W/ErrorReporter( 4493): reportError [type: 211, code: 393244, bug: 0]: errorCode: 393244, engine: 0
08-12 22:18:02.647 I/MicroDetector( 4493): Keeping mic open: false
08-12 22:18:02.647 I/MicroDetectionWorker( 4493): #onError(false)
08-12 22:18:03.394 D/SingleLocationTask(10756): release resource
08-12 22:18:03.403 D/SaveLogTask(10756): run
08-12 22:18:03.409 W/SaveLogTask(10756): notifyToApp called.
08-12 22:18:03.452 D/ExampleReceiver(10756): onReceive
08-12 22:18:03.461 I/SaveLogTask(10756): ----SaveLogTask: isNetowrkTasktrue
08-12 22:18:03.461 I/SaveLogTask(10756): ----SaveLogTask: isThroughputTaskfalse
08-12 22:18:03.470 D/SaveLogTask(10756): {"wiFiSpeed":26,"pictBar":2,"batteryPluggedType":0,"frequencyRange":-1,"updateAt":"2020-08-12T22:18:02.370+0900","accuracy":16.603,"sessionID":"6be6028a-6b3a-4962-a653-1a1528d98f6c","powerSaveMode":0,"inactiveStatus":0,"batteryChargeType":4,"lac":-1,"serviceState":0,"nrState":-1,"simCarrier":"T-Mobile","dozeMode":0,"dataSaverMode":0,"createID":"9b276bbb-3c27-4655-a47c-d6498cf01197","networkIsoCc":"US","whiteListMode":0,"radioPhoneType":1,"applicationVersion":"5.15001Debug","deviceType":"Android SDK built for x86","simState":5,"endcAvailableFlag":0,"currentLongitude":-122.084,"localeCurrencyCode":"USD","timeZone":"Asia\/Tokyo","plmn":"310260","dataState":2,"dcnrRestrictedFlag":0,"simPlmn":"310260","radioNetworkType":0,"isCdmaCalling":false,"verticalAccuracy":40,"localeLangCode":"en","gpsType":"HPLfused","registedCellType":"Gsm","cid":-1,"screenState":1,"logType":35,"psc":-1,"altitude":5,"nrAllocatedFlag":0,"sameLoggingKey":"9b276bbb-3c27-4655-a47c-d6498cf01197","securityPatch":"2019-09-05","applicationState":2,"timeZoneOffset":32400,"mobileDataOffFlag":0,"speed":0,"createAt":"2020-08-12T22:18:03.404+0900","locationStatus":0,"wiFiRssi":-30,"osVersion":"10","moduleVersion":"5.15001","standbyBucketType":10,"course":0,"wiFiScanCount":1,"networkType":1,"batteryLevel":100,"localeCountryCode":"US","firmwareNo":"QSR1.200403.001","signalStrength":99,"actionType":8,"carrier":"Android","airplaneMode":0,"cellType":"UNKNOWN","currentLatitude":37.4219983,"mockLocationFlag":0,"simIsoCc":"US"}
08-12 22:18:03.477 D/SendLogTask(10756): run
08-12 22:18:03.487 D/ExampleReceiver(10756): ----saveLog----
08-12 22:18:03.494 D/ExampleReceiver(10756): jp.co.agoop.networkreachability.NetworkConnectivity$LogSerializableMap@e90eaa8
08-12 22:18:03.747 E/ResolverController( 1763): No valid NAT64 prefix (100, <unspecified>/0)
08-12 22:18:04.300 D/AuthenticationTask(10756): releaseResource
08-12 22:18:04.300 D/InfoTask(10756): releaseResource
08-12 22:18:04.300 D/WiFiTask(10756): releaseResource
08-12 22:18:04.300 D/TelephonyTask(10756): releaseResource
08-12 22:18:04.307 D/PowerTask(10756): release resource
08-12 22:18:04.310 D/SaveLogTask(10756): releaseResource
08-12 22:18:04.310 D/SendLogTask(10756): releaseResource
08-12 22:18:04.329 D/NetworkTestingJobService(10756): onDestroy
08-12 22:18:04.337 I/ActivityManager( 2075): Killing 10232:com.google.android.apps.docs/u0a128 (adj 999): empty for 2687s
08-12 22:18:04.349 I/libprocessgroup( 2075): Successfully killed process cgroup uid 10128 pid 10232 in 0ms
08-12 22:18:04.367 I/Zygote  ( 1764): Process 10232 exited due to signal 9 (Killed)
08-12 22:18:04.749 D/WificondControl( 2075): Scan result ready event
08-12 22:18:07.653 I/MicroDetectionWorker( 4493): #startMicroDetector [speakerMode: 0]
08-12 22:18:07.656 W/ErrorReporter( 4493): reportError [type: 211, code: 393244, bug: 0]: errorCode: 393244, engine: 0
08-12 22:18:07.661 I/MicroDetector( 4493): Keeping mic open: false
08-12 22:18:07.661 I/MicroDetectionWorker( 4493): #onError(false)
08-12 22:18:12.666 I/MicroDetectionWorker( 4493): #startMicroDetector [speakerMode: 0]
08-12 22:18:12.670 W/ErrorReporter( 4493): reportError [type: 211, code: 393244, bug: 0]: errorCode: 393244, engine: 0
08-12 22:18:12.671 I/MicroDetector( 4493): Keeping mic open: false
08-12 22:18:12.671 I/MicroDetectionWorker( 4493): #onError(false)
08-12 22:18:17.677 I/MicroDetectionWorker( 4493): #startMicroDetector [speakerMode: 0]
08-12 22:18:17.684 W/ErrorReporter( 4493): reportError [type: 211, code: 393244, bug: 0]: errorCode: 393244, engine: 0
08-12 22:18:17.685 I/MicroDetector( 4493): Keeping mic open: false
08-12 22:18:17.685 I/MicroDetectionWorker( 4493): #onError(false)
08-12 22:18:22.692 I/MicroDetectionWorker( 4493): #startMicroDetector [speakerMode: 0]
08-12 22:18:22.697 W/ErrorReporter( 4493): reportError [type: 211, code: 393244, bug: 0]: errorCode: 393244, engine: 0
08-12 22:18:22.698 I/MicroDetector( 4493): Keeping mic open: false
08-12 22:18:22.698 I/MicroDetectionWorker( 4493): #onError(false)
08-12 22:18:27.705 I/MicroDetectionWorker( 4493): #startMicroDetector [speakerMode: 0]
08-12 22:18:27.716 W/ErrorReporter( 4493): reportError [type: 211, code: 393244, bug: 0]: errorCode: 393244, engine: 0
08-12 22:18:27.717 I/MicroDetector( 4493): Keeping mic open: false
08-12 22:18:27.717 I/MicroDetectionWorker( 4493): #onError(false)
08-12 22:18:32.723 I/MicroDetectionWorker( 4493): #startMicroDetector [speakerMode: 0]
08-12 22:18:32.727 W/ErrorReporter( 4493): reportError [type: 211, code: 393244, bug: 0]: errorCode: 393244, engine: 0
08-12 22:18:32.731 I/MicroDetector( 4493): Keeping mic open: false
08-12 22:18:32.731 I/MicroDetectionWorker( 4493): #onError(false)
08-12 22:18:36.747 E/memtrack( 2075): Couldn't load memtrack module
08-12 22:18:36.747 W/android.os.Debug( 2075): failed to get memory consumption info: -1
08-12 22:18:37.736 I/MicroDetectionWorker( 4493): #startMicroDetector [speakerMode: 0]
08-12 22:18:37.740 W/ErrorReporter( 4493): reportError [type: 211, code: 393244, bug: 0]: errorCode: 393244, engine: 0
08-12 22:18:37.747 I/MicroDetector( 4493): Keeping mic open: false
08-12 22:18:37.747 I/MicroDetectionWorker( 4493): #onError(false)
08-12 22:18:37.747 I/DeviceStateChecker( 4493): DeviceStateChecker cancelled
08-12 22:18:42.752 I/MicroDetectionWorker( 4493): #startMicroDetector [speakerMode: 0]
08-12 22:18:42.757 W/ErrorReporter( 4493): reportError [type: 211, code: 393244, bug: 0]: errorCode: 393244, engine: 0
08-12 22:18:42.758 I/MicroDetector( 4493): Keeping mic open: false
08-12 22:18:42.758 I/MicroDetectionWorker( 4493): #onError(false)
08-12 22:18:47.764 I/MicroDetectionWorker( 4493): #startMicroDetector [speakerMode: 0]
08-12 22:18:47.768 W/ErrorReporter( 4493): reportError [type: 211, code: 393244, bug: 0]: errorCode: 393244, engine: 0
08-12 22:18:47.771 I/MicroDetector( 4493): Keeping mic open: false
08-12 22:18:47.772 I/MicroDetectionWorker( 4493): #onError(false)
08-12 22:18:50.568 E/netmgr  ( 1874): Failed to open QEMU pipe 'qemud:network': Invalid argument
08-12 22:18:52.777 I/MicroDetectionWorker( 4493): #startMicroDetector [speakerMode: 0]
08-12 22:18:52.781 W/ErrorReporter( 4493): reportError [type: 211, code: 393244, bug: 0]: errorCode: 393244, engine: 0
08-12 22:18:52.784 I/MicroDetector( 4493): Keeping mic open: false
08-12 22:18:52.785 I/MicroDetectionWorker( 4493): #onError(false)
08-12 22:18:53.652 E/wifi_forwarder( 1876): RemoteConnection failed to initialize: RemoteConnection failed to open pipe
08-12 22:18:57.792 I/MicroDetectionWorker( 4493): #startMicroDetector [speakerMode: 0]
08-12 22:18:57.797 W/ErrorReporter( 4493): reportError [type: 211, code: 393244, bug: 0]: errorCode: 393244, engine: 0
08-12 22:18:57.798 I/MicroDetector( 4493): Keeping mic open: false
08-12 22:18:57.798 I/MicroDetectionWorker( 4493): #onError(false)
08-12 22:19:00.010 D/KeyguardClockSwitch( 2355): Updating clock: 2219
08-12 22:19:02.804 I/MicroDetectionWorker( 4493): #startMicroDetector [speakerMode: 0]
08-12 22:19:02.808 W/ErrorReporter( 4493): reportError [type: 211, code: 393244, bug: 0]: errorCode: 393244, engine: 0
08-12 22:19:02.814 I/MicroDetector( 4493): Keeping mic open: false
08-12 22:19:02.814 I/MicroDetectionWorker( 4493): #onError(false)
08-12 22:19:02.814 I/DeviceStateChecker( 4493): DeviceStateChecker cancelled
08-12 22:19:07.819 I/MicroDetectionWorker( 4493): #startMicroDetector [speakerMode: 0]
08-12 22:19:07.823 W/ErrorReporter( 4493): reportError [type: 211, code: 393244, bug: 0]: errorCode: 393244, engine: 0
08-12 22:19:07.826 I/MicroDetector( 4493): Keeping mic open: false
08-12 22:19:07.827 I/MicroDetectionWorker( 4493): #onError(false)
08-12 22:19:12.833 I/MicroDetectionWorker( 4493): #startMicroDetector [speakerMode: 0]
08-12 22:19:12.837 W/ErrorReporter( 4493): reportError [type: 211, code: 393244, bug: 0]: errorCode: 393244, engine: 0
08-12 22:19:12.839 I/MicroDetector( 4493): Keeping mic open: false
08-12 22:19:12.840 I/MicroDetectionWorker( 4493): #onError(false)
08-12 22:19:17.844 I/MicroDetectionWorker( 4493): #startMicroDetector [speakerMode: 0]
08-12 22:19:17.851 W/ErrorReporter( 4493): reportError [type: 211, code: 393244, bug: 0]: errorCode: 393244, engine: 0
08-12 22:19:17.852 I/MicroDetector( 4493): Keeping mic open: false
08-12 22:19:17.852 I/MicroDetectionWorker( 4493): #onError(false)
08-12 22:19:22.856 I/MicroDetectionWorker( 4493): #startMicroDetector [speakerMode: 0]
08-12 22:19:22.861 W/ErrorReporter( 4493): reportError [type: 211, code: 393244, bug: 0]: errorCode: 393244, engine: 0
08-12 22:19:22.865 I/MicroDetector( 4493): Keeping mic open: false
08-12 22:19:22.869 I/MicroDetectionWorker( 4493): #onError(false)
08-12 22:19:27.875 I/MicroDetectionWorker( 4493): #startMicroDetector [speakerMode: 0]
08-12 22:19:27.879 W/ErrorReporter( 4493): reportError [type: 211, code: 393244, bug: 0]: errorCode: 393244, engine: 0
08-12 22:19:27.883 I/MicroDetector( 4493): Keeping mic open: false
08-12 22:19:27.884 I/MicroDetectionWorker( 4493): #onError(false)
08-12 22:19:32.889 I/MicroDetectionWorker( 4493): #startMicroDetector [speakerMode: 0]
08-12 22:19:32.894 W/ErrorReporter( 4493): reportError [type: 211, code: 393244, bug: 0]: errorCode: 393244, engine: 0
08-12 22:19:32.901 I/MicroDetector( 4493): Keeping mic open: false
08-12 22:19:32.902 I/MicroDetectionWorker( 4493): #onError(false)
08-12 22:19:37.908 I/MicroDetectionWorker( 4493): #startMicroDetector [speakerMode: 0]
08-12 22:19:37.912 W/ErrorReporter( 4493): reportError [type: 211, code: 393244, bug: 0]: errorCode: 393244, engine: 0
08-12 22:19:37.917 I/MicroDetector( 4493): Keeping mic open: false
08-12 22:19:37.917 I/MicroDetectionWorker( 4493): #onError(false)
08-12 22:19:42.922 I/MicroDetectionWorker( 4493): #startMicroDetector [speakerMode: 0]
08-12 22:19:42.934 W/ErrorReporter( 4493): reportError [type: 211, code: 393244, bug: 0]: errorCode: 393244, engine: 0
08-12 22:19:42.938 I/MicroDetector( 4493): Keeping mic open: false
08-12 22:19:42.938 I/MicroDetectionWorker( 4493): #onError(false)
08-12 22:19:47.943 I/MicroDetectionWorker( 4493): #startMicroDetector [speakerMode: 0]
08-12 22:19:47.951 W/ErrorReporter( 4493): reportError [type: 211, code: 393244, bug: 0]: errorCode: 393244, engine: 0
08-12 22:19:47.952 I/MicroDetector( 4493): Keeping mic open: false
08-12 22:19:47.952 I/MicroDetectionWorker( 4493): #onError(false)
08-12 22:19:48.712 E/memtrack( 2075): Couldn't load memtrack module
08-12 22:19:48.712 W/android.os.Debug( 2075): failed to get memory consumption info: -1
08-12 22:19:50.569 E/netmgr  ( 1874): Failed to open QEMU pipe 'qemud:network': Invalid argument
08-12 22:19:52.957 I/MicroDetectionWorker( 4493): #startMicroDetector [speakerMode: 0]
08-12 22:19:52.961 W/ErrorReporter( 4493): reportError [type: 211, code: 393244, bug: 0]: errorCode: 393244, engine: 0
08-12 22:19:52.966 I/MicroDetector( 4493): Keeping mic open: false
08-12 22:19:52.966 I/MicroDetectionWorker( 4493): #onError(false)
08-12 22:19:53.668 E/wifi_forwarder( 1876): RemoteConnection failed to initialize: RemoteConnection failed to open pipe
08-12 22:19:57.972 I/MicroDetectionWorker( 4493): #startMicroDetector [speakerMode: 0]
08-12 22:19:57.976 W/ErrorReporter( 4493): reportError [type: 211, code: 393244, bug: 0]: errorCode: 393244, engine: 0
08-12 22:19:57.982 I/MicroDetector( 4493): Keeping mic open: false
08-12 22:19:57.982 I/MicroDetectionWorker( 4493): #onError(false)
08-12 22:19:57.982 I/DeviceStateChecker( 4493): DeviceStateChecker cancelled
08-12 22:20:00.013 D/KeyguardClockSwitch( 2355): Updating clock: 2220
08-12 22:20:02.988 I/MicroDetectionWorker( 4493): #startMicroDetector [speakerMode: 0]
08-12 22:20:02.992 W/ErrorReporter( 4493): reportError [type: 211, code: 393244, bug: 0]: errorCode: 393244, engine: 0
08-12 22:20:02.995 I/MicroDetector( 4493): Keeping mic open: false
08-12 22:20:02.995 I/MicroDetectionWorker( 4493): #onError(false)
08-12 22:20:08.004 I/MicroDetectionWorker( 4493): #startMicroDetector [speakerMode: 0]
08-12 22:20:08.009 W/ErrorReporter( 4493): reportError [type: 211, code: 393244, bug: 0]: errorCode: 393244, engine: 0
08-12 22:20:08.010 I/MicroDetector( 4493): Keeping mic open: false
08-12 22:20:08.010 I/MicroDetectionWorker( 4493): #onError(false)
08-12 22:20:13.016 I/MicroDetectionWorker( 4493): #startMicroDetector [speakerMode: 0]
08-12 22:20:13.022 W/ErrorReporter( 4493): reportError [type: 211, code: 393244, bug: 0]: errorCode: 393244, engine: 0
08-12 22:20:13.028 I/MicroDetector( 4493): Keeping mic open: false
08-12 22:20:13.037 I/MicroDetectionWorker( 4493): #onError(false)
08-12 22:20:18.044 I/MicroDetectionWorker( 4493): #startMicroDetector [speakerMode: 0]
08-12 22:20:18.048 W/ErrorReporter( 4493): reportError [type: 211, code: 393244, bug: 0]: errorCode: 393244, engine: 0
08-12 22:20:18.053 I/MicroDetector( 4493): Keeping mic open: false
08-12 22:20:18.053 I/MicroDetectionWorker( 4493): #onError(false)
08-12 22:20:23.058 I/MicroDetectionWorker( 4493): #startMicroDetector [speakerMode: 0]
08-12 22:20:23.062 W/ErrorReporter( 4493): reportError [type: 211, code: 393244, bug: 0]: errorCode: 393244, engine: 0
08-12 22:20:23.063 I/MicroDetector( 4493): Keeping mic open: false
08-12 22:20:23.063 I/MicroDetectionWorker( 4493): #onError(false)
08-12 22:20:28.068 I/MicroDetectionWorker( 4493): #startMicroDetector [speakerMode: 0]
08-12 22:20:28.074 W/ErrorReporter( 4493): reportError [type: 211, code: 393244, bug: 0]: errorCode: 393244, engine: 0
08-12 22:20:28.079 I/MicroDetector( 4493): Keeping mic open: false
08-12 22:20:28.080 I/MicroDetectionWorker( 4493): #onError(false)
08-12 22:20:32.747 I/Places  ( 6047): Converted 0 out of 1 WiFi scans
08-12 22:20:32.770 I/Places  ( 6047): ?: Couldn't find platform key file.
08-12 22:20:32.772 I/Places  ( 6047): ?: Couldn't find platform key file.
08-12 22:20:32.772 I/Places  ( 6047): ?: Couldn't find platform key file.
08-12 22:20:32.779 E/memtrack( 2075): Couldn't load memtrack module
08-12 22:20:32.779 W/android.os.Debug( 2075): failed to get memory consumption info: -1
08-12 22:20:32.840 I/PlaceInferenceEngine( 6047): No beacon scan available - ignoring candidates.
08-12 22:20:32.851 I/Places  ( 6047): ?: Couldn't find platform key file.
08-12 22:20:32.864 I/Places  ( 6047): ?: Couldn't find platform key file.
08-12 22:20:33.086 I/MicroDetectionWorker( 4493): #startMicroDetector [speakerMode: 0]
08-12 22:20:33.090 W/ErrorReporter( 4493): reportError [type: 211, code: 393244, bug: 0]: errorCode: 393244, engine: 0
08-12 22:20:33.093 I/MicroDetector( 4493): Keeping mic open: false
08-12 22:20:33.093 I/MicroDetectionWorker( 4493): #onError(false)
08-12 22:20:38.100 I/MicroDetectionWorker( 4493): #startMicroDetector [speakerMode: 0]
08-12 22:20:38.105 W/ErrorReporter( 4493): reportError [type: 211, code: 393244, bug: 0]: errorCode: 393244, engine: 0
08-12 22:20:38.108 I/MicroDetector( 4493): Keeping mic open: false
08-12 22:20:38.108 I/MicroDetectionWorker( 4493): #onError(false)
08-12 22:20:43.116 I/MicroDetectionWorker( 4493): #startMicroDetector [speakerMode: 0]
08-12 22:20:43.121 W/ErrorReporter( 4493): reportError [type: 211, code: 393244, bug: 0]: errorCode: 393244, engine: 0
08-12 22:20:43.122 I/MicroDetector( 4493): Keeping mic open: false
08-12 22:20:43.122 I/MicroDetectionWorker( 4493): #onError(false)
08-12 22:20:48.127 I/MicroDetectionWorker( 4493): #startMicroDetector [speakerMode: 0]
08-12 22:20:48.131 W/ErrorReporter( 4493): reportError [type: 211, code: 393244, bug: 0]: errorCode: 393244, engine: 0
08-12 22:20:48.132 I/MicroDetector( 4493): Keeping mic open: false
08-12 22:20:48.135 I/MicroDetectionWorker( 4493): #onError(false)
08-12 22:20:50.586 E/netmgr  ( 1874): Failed to open QEMU pipe 'qemud:network': Invalid argument
08-12 22:20:53.140 I/MicroDetectionWorker( 4493): #startMicroDetector [speakerMode: 0]
08-12 22:20:53.146 W/ErrorReporter( 4493): reportError [type: 211, code: 393244, bug: 0]: errorCode: 393244, engine: 0
08-12 22:20:53.150 I/MicroDetector( 4493): Keeping mic open: false
08-12 22:20:53.150 I/MicroDetectionWorker( 4493): #onError(false)
08-12 22:20:53.150 I/DeviceStateChecker( 4493): DeviceStateChecker cancelled
08-12 22:20:53.669 E/wifi_forwarder( 1876): RemoteConnection failed to initialize: RemoteConnection failed to open pipe
08-12 22:20:58.155 I/MicroDetectionWorker( 4493): #startMicroDetector [speakerMode: 0]
08-12 22:20:58.161 W/ErrorReporter( 4493): reportError [type: 211, code: 393244, bug: 0]: errorCode: 393244, engine: 0
08-12 22:20:58.161 I/MicroDetector( 4493): Keeping mic open: false
08-12 22:20:58.162 I/MicroDetectionWorker( 4493): #onError(false)
08-12 22:21:00.015 D/KeyguardClockSwitch( 2355): Updating clock: 2221
08-12 22:21:01.461 E/memtrack( 2075): Couldn't load memtrack module
08-12 22:21:01.461 W/android.os.Debug( 2075): failed to get memory consumption info: -1
08-12 22:21:01.538 I/FirebaseJobDispatcher( 2786): onStartJob(): PeriodicContextualMetrics.
08-12 22:21:01.539 I/PContextMetricsRunner( 2786): call()
08-12 22:21:01.546 I/PContextMetricsRunner( 2786): call() : Finished in 1 ms
08-12 22:21:01.551 I/FirebaseJobDispatcher( 2786): Task: PeriodicContextualMetrics successes.
08-12 22:21:01.915 I/ModuleSetMgr( 3456): Discarding container Zapp APKs.
08-12 22:21:01.984 I/ChmraDebugLogger( 3456): [73] 1801
08-12 22:21:02.015 I/ChmraDebugLogger( 3456): [30] MapsDynamite.integ:201512001000000 permitMetered=true,
08-12 22:21:02.048 W/ChimeraConfigService( 3456): Retry attempt was throttled.
08-12 22:21:03.171 I/MicroDetectionWorker( 4493): #startMicroDetector [speakerMode: 0]
08-12 22:21:03.175 W/ErrorReporter( 4493): reportError [type: 211, code: 393244, bug: 0]: errorCode: 393244, engine: 0
08-12 22:21:03.181 I/MicroDetector( 4493): Keeping mic open: false
08-12 22:21:03.181 I/MicroDetectionWorker( 4493): #onError(false)
08-12 22:21:05.410 D/WificondControl( 2075): Scan result ready event
08-12 22:21:08.186 I/MicroDetectionWorker( 4493): #startMicroDetector [speakerMode: 0]
08-12 22:21:08.191 W/ErrorReporter( 4493): reportError [type: 211, code: 393244, bug: 0]: errorCode: 393244, engine: 0
08-12 22:21:08.192 I/MicroDetector( 4493): Keeping mic open: false
08-12 22:21:08.192 I/MicroDetectionWorker( 4493): #onError(false)
08-12 22:21:13.198 I/MicroDetectionWorker( 4493): #startMicroDetector [speakerMode: 0]
08-12 22:21:13.203 W/ErrorReporter( 4493): reportError [type: 211, code: 393244, bug: 0]: errorCode: 393244, engine: 0
08-12 22:21:13.207 I/MicroDetector( 4493): Keeping mic open: false
08-12 22:21:13.208 I/MicroDetectionWorker( 4493): #onError(false)
08-12 22:21:18.213 I/MicroDetectionWorker( 4493): #startMicroDetector [speakerMode: 0]
08-12 22:21:18.217 W/ErrorReporter( 4493): reportError [type: 211, code: 393244, bug: 0]: errorCode: 393244, engine: 0
08-12 22:21:18.221 I/MicroDetector( 4493): Keeping mic open: false
08-12 22:21:18.221 I/MicroDetectionWorker( 4493): #onError(false)
08-12 22:21:18.225 I/DeviceStateChecker( 4493): DeviceStateChecker cancelled
08-12 22:21:23.227 I/MicroDetectionWorker( 4493): #startMicroDetector [speakerMode: 0]
08-12 22:21:23.235 W/ErrorReporter( 4493): reportError [type: 211, code: 393244, bug: 0]: errorCode: 393244, engine: 0
08-12 22:21:23.236 I/MicroDetector( 4493): Keeping mic open: false
08-12 22:21:23.239 I/MicroDetectionWorker( 4493): #onError(false)
08-12 22:21:28.246 I/MicroDetectionWorker( 4493): #startMicroDetector [speakerMode: 0]
08-12 22:21:28.250 W/ErrorReporter( 4493): reportError [type: 211, code: 393244, bug: 0]: errorCode: 393244, engine: 0
08-12 22:21:28.253 I/MicroDetector( 4493): Keeping mic open: false
08-12 22:21:28.256 I/MicroDetectionWorker( 4493): #onError(false)
08-12 22:21:33.262 I/MicroDetectionWorker( 4493): #startMicroDetector [speakerMode: 0]
08-12 22:21:33.266 W/ErrorReporter( 4493): reportError [type: 211, code: 393244, bug: 0]: errorCode: 393244, engine: 0
08-12 22:21:33.267 I/MicroDetector( 4493): Keeping mic open: false
08-12 22:21:33.268 I/MicroDetectionWorker( 4493): #onError(false)
08-12 22:21:38.277 I/MicroDetectionWorker( 4493): #startMicroDetector [speakerMode: 0]
08-12 22:21:38.289 W/ErrorReporter( 4493): reportError [type: 211, code: 393244, bug: 0]: errorCode: 393244, engine: 0
08-12 22:21:38.291 I/MicroDetector( 4493): Keeping mic open: false
08-12 22:21:38.291 I/MicroDetectionWorker( 4493): #onError(false)
08-12 22:21:43.296 I/MicroDetectionWorker( 4493): #startMicroDetector [speakerMode: 0]
08-12 22:21:43.302 W/ErrorReporter( 4493): reportError [type: 211, code: 393244, bug: 0]: errorCode: 393244, engine: 0
08-12 22:21:43.303 I/MicroDetector( 4493): Keeping mic open: false
08-12 22:21:43.303 I/MicroDetectionWorker( 4493): #onError(false)
08-12 22:21:48.309 I/MicroDetectionWorker( 4493): #startMicroDetector [speakerMode: 0]
08-12 22:21:48.314 W/ErrorReporter( 4493): reportError [type: 211, code: 393244, bug: 0]: errorCode: 393244, engine: 0
08-12 22:21:48.315 I/MicroDetector( 4493): Keeping mic open: false
08-12 22:21:48.315 I/MicroDetectionWorker( 4493): #onError(false)
08-12 22:21:50.602 E/netmgr  ( 1874): Failed to open QEMU pipe 'qemud:network': Invalid argument
08-12 22:21:53.322 I/MicroDetectionWorker( 4493): #startMicroDetector [speakerMode: 0]
08-12 22:21:53.326 W/ErrorReporter( 4493): reportError [type: 211, code: 393244, bug: 0]: errorCode: 393244, engine: 0
08-12 22:21:53.334 I/MicroDetector( 4493): Keeping mic open: false
08-12 22:21:53.334 I/MicroDetectionWorker( 4493): #onError(false)
08-12 22:21:53.334 I/DeviceStateChecker( 4493): DeviceStateChecker cancelled
08-12 22:21:53.686 E/wifi_forwarder( 1876): RemoteConnection failed to initialize: RemoteConnection failed to open pipe
08-12 22:21:58.341 I/MicroDetectionWorker( 4493): #startMicroDetector [speakerMode: 0]
08-12 22:21:58.344 W/ErrorReporter( 4493): reportError [type: 211, code: 393244, bug: 0]: errorCode: 393244, engine: 0
08-12 22:21:58.350 I/MicroDetector( 4493): Keeping mic open: false
08-12 22:21:58.350 I/MicroDetectionWorker( 4493): #onError(false)
08-12 22:22:00.010 D/KeyguardClockSwitch( 2355): Updating clock: 2222
08-12 22:22:03.357 I/MicroDetectionWorker( 4493): #startMicroDetector [speakerMode: 0]
08-12 22:22:03.363 W/ErrorReporter( 4493): reportError [type: 211, code: 393244, bug: 0]: errorCode: 393244, engine: 0
08-12 22:22:03.363 I/MicroDetector( 4493): Keeping mic open: false
08-12 22:22:03.364 I/MicroDetectionWorker( 4493): #onError(false)
08-12 22:22:08.370 I/MicroDetectionWorker( 4493): #startMicroDetector [speakerMode: 0]
08-12 22:22:08.374 W/ErrorReporter( 4493): reportError [type: 211, code: 393244, bug: 0]: errorCode: 393244, engine: 0
08-12 22:22:08.375 I/MicroDetector( 4493): Keeping mic open: false
08-12 22:22:08.375 I/MicroDetectionWorker( 4493): #onError(false)
08-12 22:22:13.382 I/MicroDetectionWorker( 4493): #startMicroDetector [speakerMode: 0]
08-12 22:22:13.387 W/ErrorReporter( 4493): reportError [type: 211, code: 393244, bug: 0]: errorCode: 393244, engine: 0
08-12 22:22:13.398 I/MicroDetector( 4493): Keeping mic open: false
08-12 22:22:13.398 I/MicroDetectionWorker( 4493): #onError(false)
08-12 22:22:13.398 I/DeviceStateChecker( 4493): DeviceStateChecker cancelled
08-12 22:22:18.405 I/MicroDetectionWorker( 4493): #startMicroDetector [speakerMode: 0]
08-12 22:22:18.409 W/ErrorReporter( 4493): reportError [type: 211, code: 393244, bug: 0]: errorCode: 393244, engine: 0
08-12 22:22:18.411 I/MicroDetector( 4493): Keeping mic open: false
08-12 22:22:18.411 I/MicroDetectionWorker( 4493): #onError(false)
08-12 22:22:20.073 E/memtrack( 2075): Couldn't load memtrack module
08-12 22:22:20.073 W/android.os.Debug( 2075): failed to get memory consumption info: -1
08-12 22:22:23.417 I/MicroDetectionWorker( 4493): #startMicroDetector [speakerMode: 0]
08-12 22:22:23.430 W/ErrorReporter( 4493): reportError [type: 211, code: 393244, bug: 0]: errorCode: 393244, engine: 0
08-12 22:22:23.431 I/MicroDetector( 4493): Keeping mic open: false
08-12 22:22:23.431 I/MicroDetectionWorker( 4493): #onError(false)
08-12 22:22:28.437 I/MicroDetectionWorker( 4493): #startMicroDetector [speakerMode: 0]
08-12 22:22:28.444 W/ErrorReporter( 4493): reportError [type: 211, code: 393244, bug: 0]: errorCode: 393244, engine: 0
08-12 22:22:28.445 I/MicroDetector( 4493): Keeping mic open: false
08-12 22:22:28.445 I/MicroDetectionWorker( 4493): #onError(false)
08-12 22:22:31.463 W/Conscrypt( 6047): Could not set socket write timeout: java.net.SocketException: Socket closed
08-12 22:22:31.490 W/Conscrypt( 6047): 	at com.google.android.gms.org.conscrypt.Platform.setSocketWriteTimeout(:com.google.android.gms@200414022@20.04.14 (040700-294335909):2)
08-12 22:22:31.490 W/Conscrypt( 6047): 	at com.google.android.gms.org.conscrypt.ConscryptFileDescriptorSocket.setSoWriteTimeout(:com.google.android.gms@200414022@20.04.14 (040700-294335909):0)
08-12 22:22:31.565 W/Conscrypt( 6047): Could not set socket write timeout: java.net.SocketException: Socket closed
08-12 22:22:31.566 W/Conscrypt( 6047): 	at com.google.android.gms.org.conscrypt.Platform.setSocketWriteTimeout(:com.google.android.gms@200414022@20.04.14 (040700-294335909):2)
08-12 22:22:31.566 W/Conscrypt( 6047): 	at com.google.android.gms.org.conscrypt.ConscryptFileDescriptorSocket.setSoWriteTimeout(:com.google.android.gms@200414022@20.04.14 (040700-294335909):0)
08-12 22:22:32.463 W/Conscrypt( 6047): Could not set socket write timeout: java.net.SocketException: Socket closed
08-12 22:22:32.464 W/Conscrypt( 6047): 	at com.google.android.gms.org.conscrypt.Platform.setSocketWriteTimeout(:com.google.android.gms@200414022@20.04.14 (040700-294335909):2)
08-12 22:22:32.464 W/Conscrypt( 6047): 	at com.google.android.gms.org.conscrypt.ConscryptFileDescriptorSocket.setSoWriteTimeout(:com.google.android.gms@200414022@20.04.14 (040700-294335909):0)
08-12 22:22:32.541 W/Conscrypt( 6047): Could not set socket write timeout: java.net.SocketException: Socket closed
08-12 22:22:32.541 W/Conscrypt( 6047): 	at com.google.android.gms.org.conscrypt.Platform.setSocketWriteTimeout(:com.google.android.gms@200414022@20.04.14 (040700-294335909):2)
08-12 22:22:32.541 W/Conscrypt( 6047): 	at com.google.android.gms.org.conscrypt.ConscryptFileDescriptorSocket.setSoWriteTimeout(:com.google.android.gms@200414022@20.04.14 (040700-294335909):0)
08-12 22:22:33.450 I/MicroDetectionWorker( 4493): #startMicroDetector [speakerMode: 0]
08-12 22:22:33.455 W/ErrorReporter( 4493): reportError [type: 211, code: 393244, bug: 0]: errorCode: 393244, engine: 0
08-12 22:22:33.463 I/MicroDetector( 4493): Keeping mic open: false
08-12 22:22:33.463 I/MicroDetectionWorker( 4493): #onError(false)
08-12 22:22:38.469 I/MicroDetectionWorker( 4493): #startMicroDetector [speakerMode: 0]
08-12 22:22:38.476 W/ErrorReporter( 4493): reportError [type: 211, code: 393244, bug: 0]: errorCode: 393244, engine: 0
08-12 22:22:38.477 I/MicroDetector( 4493): Keeping mic open: false
08-12 22:22:38.477 I/MicroDetectionWorker( 4493): #onError(false)
08-12 22:22:43.482 I/MicroDetectionWorker( 4493): #startMicroDetector [speakerMode: 0]
08-12 22:22:43.487 W/ErrorReporter( 4493): reportError [type: 211, code: 393244, bug: 0]: errorCode: 393244, engine: 0
08-12 22:22:43.488 I/MicroDetector( 4493): Keeping mic open: false
08-12 22:22:43.488 I/MicroDetectionWorker( 4493): #onError(false)
08-12 22:22:48.493 I/MicroDetectionWorker( 4493): #startMicroDetector [speakerMode: 0]
08-12 22:22:48.497 W/ErrorReporter( 4493): reportError [type: 211, code: 393244, bug: 0]: errorCode: 393244, engine: 0
08-12 22:22:48.501 I/MicroDetector( 4493): Keeping mic open: false
08-12 22:22:48.501 I/MicroDetectionWorker( 4493): #onError(false)
08-12 22:22:50.607 E/netmgr  ( 1874): Failed to open QEMU pipe 'qemud:network': Invalid argument
08-12 22:22:53.507 I/MicroDetectionWorker( 4493): #startMicroDetector [speakerMode: 0]
08-12 22:22:53.512 W/ErrorReporter( 4493): reportError [type: 211, code: 393244, bug: 0]: errorCode: 393244, engine: 0
08-12 22:22:53.513 I/MicroDetector( 4493): Keeping mic open: false
08-12 22:22:53.514 I/MicroDetectionWorker( 4493): #onError(false)
08-12 22:22:53.686 E/wifi_forwarder( 1876): RemoteConnection failed to initialize: RemoteConnection failed to open pipe
08-12 22:22:58.519 I/MicroDetectionWorker( 4493): #startMicroDetector [speakerMode: 0]
08-12 22:22:58.524 W/ErrorReporter( 4493): reportError [type: 211, code: 393244, bug: 0]: errorCode: 393244, engine: 0
08-12 22:22:58.525 I/MicroDetector( 4493): Keeping mic open: false
08-12 22:22:58.525 I/MicroDetectionWorker( 4493): #onError(false)
08-12 22:23:00.010 D/KeyguardClockSwitch( 2355): Updating clock: 2223
08-12 22:23:03.531 I/MicroDetectionWorker( 4493): #startMicroDetector [speakerMode: 0]
08-12 22:23:03.536 W/ErrorReporter( 4493): reportError [type: 211, code: 393244, bug: 0]: errorCode: 393244, engine: 0
08-12 22:23:03.537 I/MicroDetector( 4493): Keeping mic open: false
08-12 22:23:03.537 I/MicroDetectionWorker( 4493): #onError(false)
08-12 22:23:08.543 I/MicroDetectionWorker( 4493): #startMicroDetector [speakerMode: 0]
08-12 22:23:08.550 W/ErrorReporter( 4493): reportError [type: 211, code: 393244, bug: 0]: errorCode: 393244, engine: 0
08-12 22:23:08.551 I/MicroDetector( 4493): Keeping mic open: false
08-12 22:23:08.551 I/MicroDetectionWorker( 4493): #onError(false)
08-12 22:23:13.556 I/MicroDetectionWorker( 4493): #startMicroDetector [speakerMode: 0]
08-12 22:23:13.560 W/ErrorReporter( 4493): reportError [type: 211, code: 393244, bug: 0]: errorCode: 393244, engine: 0
08-12 22:23:13.561 I/MicroDetector( 4493): Keeping mic open: false
08-12 22:23:13.562 I/MicroDetectionWorker( 4493): #onError(false)
08-12 22:23:18.567 I/MicroDetectionWorker( 4493): #startMicroDetector [speakerMode: 0]
08-12 22:23:18.582 W/ErrorReporter( 4493): reportError [type: 211, code: 393244, bug: 0]: errorCode: 393244, engine: 0
08-12 22:23:18.582 I/MicroDetector( 4493): Keeping mic open: false
08-12 22:23:18.583 I/MicroDetectionWorker( 4493): #onError(false)
08-12 22:23:23.589 I/MicroDetectionWorker( 4493): #startMicroDetector [speakerMode: 0]
08-12 22:23:23.601 W/ErrorReporter( 4493): reportError [type: 211, code: 393244, bug: 0]: errorCode: 393244, engine: 0
08-12 22:23:23.602 I/MicroDetector( 4493): Keeping mic open: false
08-12 22:23:23.602 I/MicroDetectionWorker( 4493): #onError(false)
08-12 22:23:28.608 I/MicroDetectionWorker( 4493): #startMicroDetector [speakerMode: 0]
08-12 22:23:28.612 W/ErrorReporter( 4493): reportError [type: 211, code: 393244, bug: 0]: errorCode: 393244, engine: 0
08-12 22:23:28.615 I/MicroDetector( 4493): Keeping mic open: false
08-12 22:23:28.615 I/MicroDetectionWorker( 4493): #onError(false)
08-12 22:23:30.723 E/memtrack( 2075): Couldn't load memtrack module
08-12 22:23:30.723 W/android.os.Debug( 2075): failed to get memory consumption info: -1
08-12 22:23:30.745 E/memtrack( 2075): Couldn't load memtrack module
08-12 22:23:30.745 W/android.os.Debug( 2075): failed to get memory consumption info: -1
08-12 22:23:33.621 I/MicroDetectionWorker( 4493): #startMicroDetector [speakerMode: 0]
08-12 22:23:33.624 W/ErrorReporter( 4493): reportError [type: 211, code: 393244, bug: 0]: errorCode: 393244, engine: 0
08-12 22:23:33.630 I/MicroDetector( 4493): Keeping mic open: false
08-12 22:23:33.630 I/MicroDetectionWorker( 4493): #onError(false)
08-12 22:23:38.635 I/MicroDetectionWorker( 4493): #startMicroDetector [speakerMode: 0]
08-12 22:23:38.642 W/ErrorReporter( 4493): reportError [type: 211, code: 393244, bug: 0]: errorCode: 393244, engine: 0
08-12 22:23:38.643 I/MicroDetector( 4493): Keeping mic open: false
08-12 22:23:38.643 I/MicroDetectionWorker( 4493): #onError(false)
08-12 22:23:43.648 I/MicroDetectionWorker( 4493): #startMicroDetector [speakerMode: 0]
08-12 22:23:43.650 W/ErrorReporter( 4493): reportError [type: 211, code: 393244, bug: 0]: errorCode: 393244, engine: 0
08-12 22:23:43.651 I/MicroDetector( 4493): Keeping mic open: false
08-12 22:23:43.651 I/MicroDetectionWorker( 4493): #onError(false)
08-12 22:23:48.657 I/MicroDetectionWorker( 4493): #startMicroDetector [speakerMode: 0]
08-12 22:23:48.661 W/ErrorReporter( 4493): reportError [type: 211, code: 393244, bug: 0]: errorCode: 393244, engine: 0
08-12 22:23:48.667 I/MicroDetector( 4493): Keeping mic open: false
08-12 22:23:48.667 I/MicroDetectionWorker( 4493): #onError(false)
08-12 22:23:50.619 E/netmgr  ( 1874): Failed to open QEMU pipe 'qemud:network': Invalid argument
08-12 22:23:53.672 I/MicroDetectionWorker( 4493): #startMicroDetector [speakerMode: 0]
08-12 22:23:53.677 W/ErrorReporter( 4493): reportError [type: 211, code: 393244, bug: 0]: errorCode: 393244, engine: 0
08-12 22:23:53.678 I/MicroDetector( 4493): Keeping mic open: false
08-12 22:23:53.678 I/MicroDetectionWorker( 4493): #onError(false)
08-12 22:23:53.718 E/wifi_forwarder( 1876): RemoteConnection failed to initialize: RemoteConnection failed to open pipe
08-12 22:23:58.683 I/MicroDetectionWorker( 4493): #startMicroDetector [speakerMode: 0]
08-12 22:23:58.692 W/ErrorReporter( 4493): reportError [type: 211, code: 393244, bug: 0]: errorCode: 393244, engine: 0
08-12 22:23:58.693 I/MicroDetector( 4493): Keeping mic open: false
08-12 22:23:58.693 I/MicroDetectionWorker( 4493): #onError(false)
08-12 22:24:00.011 D/KeyguardClockSwitch( 2355): Updating clock: 2224
08-12 22:24:02.147 W/id.partnersetu(10824): Unexpected CPU variant for X86 using defaults: x86
08-12 22:24:02.153 D/Zygote  ( 1764): Forked child process 10824
08-12 22:24:02.160 I/ActivityManager( 2075): Start proc 10824:com.google.android.partnersetup/u0a90 for service {com.google.android.partnersetup/com.google.android.partnersetup.InstalledAppJobService}
08-12 22:24:02.185 I/id.partnersetu(10824): The ClassLoaderContext is a special shared library.
08-12 22:24:02.416 I/ActivityManager( 2075): Killing 10198:android.process.media/u0a42 (adj 995): empty for 3045s
08-12 22:24:02.279 I/id.partnersetu(10824): The ClassLoaderContext is a special shared library.
08-12 22:24:02.418 I/libprocessgroup( 2075): Successfully killed process cgroup uid 10042 pid 10198 in 0ms
08-12 22:24:02.445 I/Zygote  ( 1764): Process 10198 exited due to signal 9 (Killed)
08-12 22:24:03.698 I/MicroDetectionWorker( 4493): #startMicroDetector [speakerMode: 0]
08-12 22:24:03.704 W/ErrorReporter( 4493): reportError [type: 211, code: 393244, bug: 0]: errorCode: 393244, engine: 0
08-12 22:24:03.705 I/MicroDetector( 4493): Keeping mic open: false
08-12 22:24:03.705 I/MicroDetectionWorker( 4493): #onError(false)
08-12 22:24:06.080 D/WificondControl( 2075): Scan result ready event
08-12 22:24:08.710 I/MicroDetectionWorker( 4493): #startMicroDetector [speakerMode: 0]
08-12 22:24:08.714 W/ErrorReporter( 4493): reportError [type: 211, code: 393244, bug: 0]: errorCode: 393244, engine: 0
08-12 22:24:08.715 I/MicroDetector( 4493): Keeping mic open: false
08-12 22:24:08.715 I/MicroDetectionWorker( 4493): #onError(false)
08-12 22:24:13.722 I/MicroDetectionWorker( 4493): #startMicroDetector [speakerMode: 0]
08-12 22:24:13.725 W/ErrorReporter( 4493): reportError [type: 211, code: 393244, bug: 0]: errorCode: 393244, engine: 0
08-12 22:24:13.728 I/MicroDetector( 4493): Keeping mic open: false
08-12 22:24:13.728 I/MicroDetectionWorker( 4493): #onError(false)
08-12 22:24:18.733 I/MicroDetectionWorker( 4493): #startMicroDetector [speakerMode: 0]
08-12 22:24:18.739 W/ErrorReporter( 4493): reportError [type: 211, code: 393244, bug: 0]: errorCode: 393244, engine: 0
08-12 22:24:18.740 I/MicroDetector( 4493): Keeping mic open: false
