08-10 22:31:32.892 I/MicroDetectionWorker( 3744): #startMicroDetector [speakerMode: 0]
08-10 22:31:32.896 W/ErrorReporter( 3744): reportError [type: 211, code: 393244, bug: 0]: errorCode: 393244, engine: 0
08-10 22:31:32.908 I/MicroDetector( 3744): Keeping mic open: false
08-10 22:31:32.908 I/MicroDetectionWorker( 3744): #onError(false)
08-10 22:31:37.914 I/MicroDetectionWorker( 3744): #startMicroDetector [speakerMode: 0]
08-10 22:31:37.924 W/ErrorReporter( 3744): reportError [type: 211, code: 393244, bug: 0]: errorCode: 393244, engine: 0
08-10 22:31:37.944 I/MicroDetector( 3744): Keeping mic open: false
08-10 22:31:37.945 I/MicroDetectionWorker( 3744): #onError(false)
08-10 22:31:42.950 I/MicroDetectionWorker( 3744): #startMicroDetector [speakerMode: 0]
08-10 22:31:42.954 W/ErrorReporter( 3744): reportError [type: 211, code: 393244, bug: 0]: errorCode: 393244, engine: 0
08-10 22:31:42.955 I/MicroDetector( 3744): Keeping mic open: false
08-10 22:31:42.955 I/MicroDetectionWorker( 3744): #onError(false)
08-10 22:31:47.960 I/MicroDetectionWorker( 3744): #startMicroDetector [speakerMode: 0]
08-10 22:31:47.964 W/ErrorReporter( 3744): reportError [type: 211, code: 393244, bug: 0]: errorCode: 393244, engine: 0
08-10 22:31:47.965 I/MicroDetector( 3744): Keeping mic open: false
08-10 22:31:47.966 I/MicroDetectionWorker( 3744): #onError(false)
08-10 22:31:52.972 I/MicroDetectionWorker( 3744): #startMicroDetector [speakerMode: 0]
08-10 22:31:52.977 W/ErrorReporter( 3744): reportError [type: 211, code: 393244, bug: 0]: errorCode: 393244, engine: 0
08-10 22:31:52.978 I/MicroDetector( 3744): Keeping mic open: false
08-10 22:31:52.978 I/MicroDetectionWorker( 3744): #onError(false)
08-10 22:31:57.986 I/MicroDetectionWorker( 3744): #startMicroDetector [speakerMode: 0]
08-10 22:31:57.993 W/ErrorReporter( 3744): reportError [type: 211, code: 393244, bug: 0]: errorCode: 393244, engine: 0
08-10 22:31:57.994 I/MicroDetector( 3744): Keeping mic open: false
08-10 22:31:57.994 I/MicroDetectionWorker( 3744): #onError(false)
08-10 22:32:00.005 D/KeyguardClockSwitch( 4360): Updating clock: 1032
08-10 22:32:02.999 I/MicroDetectionWorker( 3744): #startMicroDetector [speakerMode: 0]
08-10 22:32:03.008 W/ErrorReporter( 3744): reportError [type: 211, code: 393244, bug: 0]: errorCode: 393244, engine: 0
08-10 22:32:03.012 I/MicroDetector( 3744): Keeping mic open: false
08-10 22:32:03.013 I/MicroDetectionWorker( 3744): #onError(false)
08-10 22:32:08.019 I/MicroDetectionWorker( 3744): #startMicroDetector [speakerMode: 0]
08-10 22:32:08.023 W/ErrorReporter( 3744): reportError [type: 211, code: 393244, bug: 0]: errorCode: 393244, engine: 0
08-10 22:32:08.027 I/MicroDetector( 3744): Keeping mic open: false
08-10 22:32:08.027 I/MicroDetectionWorker( 3744): #onError(false)
08-10 22:32:13.033 I/MicroDetectionWorker( 3744): #startMicroDetector [speakerMode: 0]
08-10 22:32:13.040 W/ErrorReporter( 3744): reportError [type: 211, code: 393244, bug: 0]: errorCode: 393244, engine: 0
08-10 22:32:13.041 I/MicroDetector( 3744): Keeping mic open: false
08-10 22:32:13.041 I/MicroDetectionWorker( 3744): #onError(false)
08-10 22:32:13.136 E/netmgr  ( 1872): Failed to open QEMU pipe 'qemud:network': Invalid argument
08-10 22:32:14.970 E/wifi_forwarder( 1874): RemoteConnection failed to initialize: RemoteConnection failed to open pipe
08-10 22:32:18.044 I/MicroDetectionWorker( 3744): #startMicroDetector [speakerMode: 0]
08-10 22:32:18.046 W/ErrorReporter( 3744): reportError [type: 211, code: 393244, bug: 0]: errorCode: 393244, engine: 0
08-10 22:32:18.047 I/MicroDetector( 3744): Keeping mic open: false
08-10 22:32:18.047 I/MicroDetectionWorker( 3744): #onError(false)
08-10 22:32:23.053 I/MicroDetectionWorker( 3744): #startMicroDetector [speakerMode: 0]
08-10 22:32:23.062 W/ErrorReporter( 3744): reportError [type: 211, code: 393244, bug: 0]: errorCode: 393244, engine: 0
08-10 22:32:23.063 I/MicroDetector( 3744): Keeping mic open: false
08-10 22:32:23.064 I/MicroDetectionWorker( 3744): #onError(false)
08-10 22:32:24.592 E/memtrack( 2106): Couldn't load memtrack module
08-10 22:32:24.592 W/android.os.Debug( 2106): failed to get memory consumption info: -1
08-10 22:32:28.070 I/MicroDetectionWorker( 3744): #startMicroDetector [speakerMode: 0]
08-10 22:32:28.076 W/ErrorReporter( 3744): reportError [type: 211, code: 393244, bug: 0]: errorCode: 393244, engine: 0
08-10 22:32:28.077 I/MicroDetector( 3744): Keeping mic open: false
08-10 22:32:28.077 I/MicroDetectionWorker( 3744): #onError(false)
08-10 22:32:33.082 I/MicroDetectionWorker( 3744): #startMicroDetector [speakerMode: 0]
08-10 22:32:33.086 W/ErrorReporter( 3744): reportError [type: 211, code: 393244, bug: 0]: errorCode: 393244, engine: 0
08-10 22:32:33.094 I/MicroDetector( 3744): Keeping mic open: false
08-10 22:32:33.094 I/MicroDetectionWorker( 3744): #onError(false)
08-10 22:32:37.371 I/UsageStatsService( 2106): User[0] Flushing usage stats to disk
08-10 22:32:37.418 E/AppIdleHistory( 2106): Error writing app idle file for user 0
08-10 22:32:38.100 I/MicroDetectionWorker( 3744): #startMicroDetector [speakerMode: 0]
08-10 22:32:38.108 W/ErrorReporter( 3744): reportError [type: 211, code: 393244, bug: 0]: errorCode: 393244, engine: 0
08-10 22:32:38.109 I/MicroDetector( 3744): Keeping mic open: false
08-10 22:32:38.109 I/MicroDetectionWorker( 3744): #onError(false)
08-10 22:32:43.115 I/MicroDetectionWorker( 3744): #startMicroDetector [speakerMode: 0]
08-10 22:32:43.119 W/ErrorReporter( 3744): reportError [type: 211, code: 393244, bug: 0]: errorCode: 393244, engine: 0
08-10 22:32:43.125 I/MicroDetector( 3744): Keeping mic open: false
08-10 22:32:43.125 I/MicroDetectionWorker( 3744): #onError(false)
08-10 22:32:48.130 I/MicroDetectionWorker( 3744): #startMicroDetector [speakerMode: 0]
08-10 22:32:48.139 W/ErrorReporter( 3744): reportError [type: 211, code: 393244, bug: 0]: errorCode: 393244, engine: 0
08-10 22:32:48.140 I/MicroDetector( 3744): Keeping mic open: false
08-10 22:32:48.140 I/MicroDetectionWorker( 3744): #onError(false)
08-10 22:32:53.146 I/MicroDetectionWorker( 3744): #startMicroDetector [speakerMode: 0]
08-10 22:32:53.150 W/ErrorReporter( 3744): reportError [type: 211, code: 393244, bug: 0]: errorCode: 393244, engine: 0
08-10 22:32:53.150 I/MicroDetector( 3744): Keeping mic open: false
08-10 22:32:53.151 I/MicroDetectionWorker( 3744): #onError(false)
08-10 22:32:58.161 I/MicroDetectionWorker( 3744): #startMicroDetector [speakerMode: 0]
08-10 22:32:58.164 W/ErrorReporter( 3744): reportError [type: 211, code: 393244, bug: 0]: errorCode: 393244, engine: 0
08-10 22:32:58.167 I/MicroDetector( 3744): Keeping mic open: false
08-10 22:32:58.167 I/MicroDetectionWorker( 3744): #onError(false)
08-10 22:32:58.167 I/DeviceStateChecker( 3744): DeviceStateChecker cancelled
08-10 22:33:00.010 D/KeyguardClockSwitch( 4360): Updating clock: 1033
08-10 22:33:03.173 I/MicroDetectionWorker( 3744): #startMicroDetector [speakerMode: 0]
08-10 22:33:03.177 W/ErrorReporter( 3744): reportError [type: 211, code: 393244, bug: 0]: errorCode: 393244, engine: 0
08-10 22:33:03.177 I/MicroDetector( 3744): Keeping mic open: false
08-10 22:33:03.178 I/MicroDetectionWorker( 3744): #onError(false)
08-10 22:33:08.184 I/MicroDetectionWorker( 3744): #startMicroDetector [speakerMode: 0]
08-10 22:33:08.187 W/ErrorReporter( 3744): reportError [type: 211, code: 393244, bug: 0]: errorCode: 393244, engine: 0
08-10 22:33:08.191 I/MicroDetector( 3744): Keeping mic open: false
08-10 22:33:08.191 I/MicroDetectionWorker( 3744): #onError(false)
08-10 22:33:13.196 E/netmgr  ( 1872): Failed to open QEMU pipe 'qemud:network': Invalid argument
08-10 22:33:13.199 I/MicroDetectionWorker( 3744): #startMicroDetector [speakerMode: 0]
08-10 22:33:13.207 W/ErrorReporter( 3744): reportError [type: 211, code: 393244, bug: 0]: errorCode: 393244, engine: 0
08-10 22:33:13.208 I/MicroDetector( 3744): Keeping mic open: false
08-10 22:33:13.208 I/MicroDetectionWorker( 3744): #onError(false)
08-10 22:33:14.970 E/wifi_forwarder( 1874): RemoteConnection failed to initialize: RemoteConnection failed to open pipe
08-10 22:33:18.213 I/MicroDetectionWorker( 3744): #startMicroDetector [speakerMode: 0]
08-10 22:33:18.221 W/ErrorReporter( 3744): reportError [type: 211, code: 393244, bug: 0]: errorCode: 393244, engine: 0
08-10 22:33:18.221 I/MicroDetector( 3744): Keeping mic open: false
08-10 22:33:18.222 I/MicroDetectionWorker( 3744): #onError(false)
08-10 22:33:23.227 I/MicroDetectionWorker( 3744): #startMicroDetector [speakerMode: 0]
08-10 22:33:23.233 W/ErrorReporter( 3744): reportError [type: 211, code: 393244, bug: 0]: errorCode: 393244, engine: 0
08-10 22:33:23.233 I/MicroDetector( 3744): Keeping mic open: false
08-10 22:33:23.234 I/MicroDetectionWorker( 3744): #onError(false)
08-10 22:33:27.434 D/WificondControl( 2106): Scan result ready event
08-10 22:33:28.239 I/MicroDetectionWorker( 3744): #startMicroDetector [speakerMode: 0]
08-10 22:33:28.245 W/ErrorReporter( 3744): reportError [type: 211, code: 393244, bug: 0]: errorCode: 393244, engine: 0
08-10 22:33:28.246 I/MicroDetector( 3744): Keeping mic open: false
08-10 22:33:28.246 I/MicroDetectionWorker( 3744): #onError(false)
08-10 22:33:33.251 I/MicroDetectionWorker( 3744): #startMicroDetector [speakerMode: 0]
08-10 22:33:33.255 W/ErrorReporter( 3744): reportError [type: 211, code: 393244, bug: 0]: errorCode: 393244, engine: 0
08-10 22:33:33.258 I/MicroDetector( 3744): Keeping mic open: false
08-10 22:33:33.259 I/MicroDetectionWorker( 3744): #onError(false)
08-10 22:33:38.265 I/MicroDetectionWorker( 3744): #startMicroDetector [speakerMode: 0]
08-10 22:33:38.271 W/ErrorReporter( 3744): reportError [type: 211, code: 393244, bug: 0]: errorCode: 393244, engine: 0
08-10 22:33:38.272 I/MicroDetector( 3744): Keeping mic open: false
08-10 22:33:38.272 I/MicroDetectionWorker( 3744): #onError(false)
08-10 22:33:43.277 I/MicroDetectionWorker( 3744): #startMicroDetector [speakerMode: 0]
08-10 22:33:43.286 W/ErrorReporter( 3744): reportError [type: 211, code: 393244, bug: 0]: errorCode: 393244, engine: 0
08-10 22:33:43.290 I/MicroDetector( 3744): Keeping mic open: false
08-10 22:33:43.290 I/MicroDetectionWorker( 3744): #onError(false)
08-10 22:33:48.297 I/MicroDetectionWorker( 3744): #startMicroDetector [speakerMode: 0]
08-10 22:33:48.302 W/ErrorReporter( 3744): reportError [type: 211, code: 393244, bug: 0]: errorCode: 393244, engine: 0
08-10 22:33:48.308 I/MicroDetector( 3744): Keeping mic open: false
08-10 22:33:48.308 I/MicroDetectionWorker( 3744): #onError(false)
08-10 22:33:53.322 I/MicroDetectionWorker( 3744): #startMicroDetector [speakerMode: 0]
08-10 22:33:53.327 W/ErrorReporter( 3744): reportError [type: 211, code: 393244, bug: 0]: errorCode: 393244, engine: 0
08-10 22:33:53.328 I/MicroDetector( 3744): Keeping mic open: false
08-10 22:33:53.328 I/MicroDetectionWorker( 3744): #onError(false)
08-10 22:33:58.332 I/MicroDetectionWorker( 3744): #startMicroDetector [speakerMode: 0]
08-10 22:33:58.336 W/ErrorReporter( 3744): reportError [type: 211, code: 393244, bug: 0]: errorCode: 393244, engine: 0
08-10 22:33:58.338 I/MicroDetector( 3744): Keeping mic open: false
08-10 22:33:58.338 I/MicroDetectionWorker( 3744): #onError(false)
08-10 22:34:00.027 D/KeyguardClockSwitch( 4360): Updating clock: 1034
08-10 22:34:03.346 I/MicroDetectionWorker( 3744): #startMicroDetector [speakerMode: 0]
08-10 22:34:03.351 W/ErrorReporter( 3744): reportError [type: 211, code: 393244, bug: 0]: errorCode: 393244, engine: 0
08-10 22:34:03.352 I/MicroDetector( 3744): Keeping mic open: false
08-10 22:34:03.352 I/MicroDetectionWorker( 3744): #onError(false)
08-10 22:34:08.356 I/MicroDetectionWorker( 3744): #startMicroDetector [speakerMode: 0]
08-10 22:34:08.363 W/ErrorReporter( 3744): reportError [type: 211, code: 393244, bug: 0]: errorCode: 393244, engine: 0
08-10 22:34:08.364 I/MicroDetector( 3744): Keeping mic open: false
08-10 22:34:08.364 I/MicroDetectionWorker( 3744): #onError(false)
08-10 22:34:13.204 E/netmgr  ( 1872): Failed to open QEMU pipe 'qemud:network': Invalid argument
08-10 22:34:13.369 I/MicroDetectionWorker( 3744): #startMicroDetector [speakerMode: 0]
08-10 22:34:13.377 W/ErrorReporter( 3744): reportError [type: 211, code: 393244, bug: 0]: errorCode: 393244, engine: 0
08-10 22:34:13.378 I/MicroDetector( 3744): Keeping mic open: false
08-10 22:34:13.378 I/MicroDetectionWorker( 3744): #onError(false)
08-10 22:34:14.987 E/wifi_forwarder( 1874): RemoteConnection failed to initialize: RemoteConnection failed to open pipe
08-10 22:34:18.381 I/MicroDetectionWorker( 3744): #startMicroDetector [speakerMode: 0]
08-10 22:34:18.383 W/ErrorReporter( 3744): reportError [type: 211, code: 393244, bug: 0]: errorCode: 393244, engine: 0
08-10 22:34:18.387 I/MicroDetector( 3744): Keeping mic open: false
08-10 22:34:18.387 I/MicroDetectionWorker( 3744): #onError(false)
08-10 22:34:23.391 I/MicroDetectionWorker( 3744): #startMicroDetector [speakerMode: 0]
08-10 22:34:23.395 W/ErrorReporter( 3744): reportError [type: 211, code: 393244, bug: 0]: errorCode: 393244, engine: 0
08-10 22:34:23.395 I/MicroDetector( 3744): Keeping mic open: false
08-10 22:34:23.395 I/MicroDetectionWorker( 3744): #onError(false)
08-10 22:34:28.398 I/MicroDetectionWorker( 3744): #startMicroDetector [speakerMode: 0]
08-10 22:34:28.400 W/ErrorReporter( 3744): reportError [type: 211, code: 393244, bug: 0]: errorCode: 393244, engine: 0
08-10 22:34:28.401 I/MicroDetector( 3744): Keeping mic open: false
08-10 22:34:28.401 I/MicroDetectionWorker( 3744): #onError(false)
08-10 22:34:33.406 I/MicroDetectionWorker( 3744): #startMicroDetector [speakerMode: 0]
08-10 22:34:33.410 W/ErrorReporter( 3744): reportError [type: 211, code: 393244, bug: 0]: errorCode: 393244, engine: 0
08-10 22:34:33.414 I/MicroDetector( 3744): Keeping mic open: false
08-10 22:34:33.414 I/MicroDetectionWorker( 3744): #onError(false)
08-10 22:34:38.421 I/MicroDetectionWorker( 3744): #startMicroDetector [speakerMode: 0]
08-10 22:34:38.425 W/ErrorReporter( 3744): reportError [type: 211, code: 393244, bug: 0]: errorCode: 393244, engine: 0
08-10 22:34:38.430 I/MicroDetector( 3744): Keeping mic open: false
08-10 22:34:38.430 I/MicroDetectionWorker( 3744): #onError(false)
08-10 22:34:43.436 I/MicroDetectionWorker( 3744): #startMicroDetector [speakerMode: 0]
08-10 22:34:43.440 W/ErrorReporter( 3744): reportError [type: 211, code: 393244, bug: 0]: errorCode: 393244, engine: 0
08-10 22:34:43.444 I/MicroDetector( 3744): Keeping mic open: false
08-10 22:34:43.444 I/MicroDetectionWorker( 3744): #onError(false)
08-10 22:34:48.447 I/MicroDetectionWorker( 3744): #startMicroDetector [speakerMode: 0]
08-10 22:34:48.449 W/ErrorReporter( 3744): reportError [type: 211, code: 393244, bug: 0]: errorCode: 393244, engine: 0
08-10 22:34:48.451 I/MicroDetector( 3744): Keeping mic open: false
08-10 22:34:48.451 I/MicroDetectionWorker( 3744): #onError(false)
08-10 22:34:53.457 I/MicroDetectionWorker( 3744): #startMicroDetector [speakerMode: 0]
08-10 22:34:53.462 W/ErrorReporter( 3744): reportError [type: 211, code: 393244, bug: 0]: errorCode: 393244, engine: 0
08-10 22:34:53.465 I/MicroDetector( 3744): Keeping mic open: false
08-10 22:34:53.465 I/MicroDetectionWorker( 3744): #onError(false)
08-10 22:34:58.472 I/MicroDetectionWorker( 3744): #startMicroDetector [speakerMode: 0]
08-10 22:34:58.476 W/ErrorReporter( 3744): reportError [type: 211, code: 393244, bug: 0]: errorCode: 393244, engine: 0
08-10 22:34:58.478 I/MicroDetector( 3744): Keeping mic open: false
08-10 22:34:58.478 I/MicroDetectionWorker( 3744): #onError(false)
08-10 22:35:00.017 D/KeyguardClockSwitch( 4360): Updating clock: 1035
08-10 22:35:03.483 I/MicroDetectionWorker( 3744): #startMicroDetector [speakerMode: 0]
08-10 22:35:03.489 W/ErrorReporter( 3744): reportError [type: 211, code: 393244, bug: 0]: errorCode: 393244, engine: 0
08-10 22:35:03.490 I/MicroDetector( 3744): Keeping mic open: false
08-10 22:35:03.490 I/MicroDetectionWorker( 3744): #onError(false)
08-10 22:35:08.495 I/MicroDetectionWorker( 3744): #startMicroDetector [speakerMode: 0]
08-10 22:35:08.499 W/ErrorReporter( 3744): reportError [type: 211, code: 393244, bug: 0]: errorCode: 393244, engine: 0
08-10 22:35:08.504 I/MicroDetector( 3744): Keeping mic open: false
08-10 22:35:08.504 I/MicroDetectionWorker( 3744): #onError(false)
08-10 22:35:13.221 E/netmgr  ( 1872): Failed to open QEMU pipe 'qemud:network': Invalid argument
08-10 22:35:13.509 I/MicroDetectionWorker( 3744): #startMicroDetector [speakerMode: 0]
08-10 22:35:13.514 W/ErrorReporter( 3744): reportError [type: 211, code: 393244, bug: 0]: errorCode: 393244, engine: 0
08-10 22:35:13.515 I/MicroDetector( 3744): Keeping mic open: false
08-10 22:35:13.516 I/MicroDetectionWorker( 3744): #onError(false)
08-10 22:35:15.004 E/wifi_forwarder( 1874): RemoteConnection failed to initialize: RemoteConnection failed to open pipe
08-10 22:35:18.522 I/MicroDetectionWorker( 3744): #startMicroDetector [speakerMode: 0]
08-10 22:35:18.527 W/ErrorReporter( 3744): reportError [type: 211, code: 393244, bug: 0]: errorCode: 393244, engine: 0
08-10 22:35:18.528 I/MicroDetector( 3744): Keeping mic open: false
08-10 22:35:18.528 I/MicroDetectionWorker( 3744): #onError(false)
08-10 22:35:23.534 I/MicroDetectionWorker( 3744): #startMicroDetector [speakerMode: 0]
08-10 22:35:23.539 W/ErrorReporter( 3744): reportError [type: 211, code: 393244, bug: 0]: errorCode: 393244, engine: 0
08-10 22:35:23.540 I/MicroDetector( 3744): Keeping mic open: false
08-10 22:35:23.540 I/MicroDetectionWorker( 3744): #onError(false)
08-10 22:35:28.544 I/MicroDetectionWorker( 3744): #startMicroDetector [speakerMode: 0]
08-10 22:35:28.548 W/ErrorReporter( 3744): reportError [type: 211, code: 393244, bug: 0]: errorCode: 393244, engine: 0
08-10 22:35:28.549 I/MicroDetector( 3744): Keeping mic open: false
08-10 22:35:28.550 I/MicroDetectionWorker( 3744): #onError(false)
08-10 22:35:33.557 I/MicroDetectionWorker( 3744): #startMicroDetector [speakerMode: 0]
08-10 22:35:33.560 W/ErrorReporter( 3744): reportError [type: 211, code: 393244, bug: 0]: errorCode: 393244, engine: 0
08-10 22:35:33.564 I/MicroDetector( 3744): Keeping mic open: false
08-10 22:35:33.564 I/MicroDetectionWorker( 3744): #onError(false)
08-10 22:35:38.568 I/MicroDetectionWorker( 3744): #startMicroDetector [speakerMode: 0]
08-10 22:35:38.573 W/ErrorReporter( 3744): reportError [type: 211, code: 393244, bug: 0]: errorCode: 393244, engine: 0
08-10 22:35:38.576 I/MicroDetector( 3744): Keeping mic open: false
08-10 22:35:38.576 I/MicroDetectionWorker( 3744): #onError(false)
08-10 22:35:43.581 I/MicroDetectionWorker( 3744): #startMicroDetector [speakerMode: 0]
08-10 22:35:43.595 W/ErrorReporter( 3744): reportError [type: 211, code: 393244, bug: 0]: errorCode: 393244, engine: 0
08-10 22:35:43.596 I/MicroDetector( 3744): Keeping mic open: false
08-10 22:35:43.596 I/MicroDetectionWorker( 3744): #onError(false)
08-10 22:35:48.599 I/MicroDetectionWorker( 3744): #startMicroDetector [speakerMode: 0]
08-10 22:35:48.601 W/ErrorReporter( 3744): reportError [type: 211, code: 393244, bug: 0]: errorCode: 393244, engine: 0
08-10 22:35:48.602 I/MicroDetector( 3744): Keeping mic open: false
08-10 22:35:48.602 I/MicroDetectionWorker( 3744): #onError(false)
08-10 22:35:53.608 I/MicroDetectionWorker( 3744): #startMicroDetector [speakerMode: 0]
08-10 22:35:53.610 W/ErrorReporter( 3744): reportError [type: 211, code: 393244, bug: 0]: errorCode: 393244, engine: 0
08-10 22:35:53.610 I/MicroDetector( 3744): Keeping mic open: false
08-10 22:35:53.611 I/MicroDetectionWorker( 3744): #onError(false)
08-10 22:35:58.615 I/MicroDetectionWorker( 3744): #startMicroDetector [speakerMode: 0]
08-10 22:35:58.624 W/ErrorReporter( 3744): reportError [type: 211, code: 393244, bug: 0]: errorCode: 393244, engine: 0
08-10 22:35:58.627 I/MicroDetector( 3744): Keeping mic open: false
08-10 22:35:58.627 I/MicroDetectionWorker( 3744): #onError(false)
08-10 22:36:00.014 D/KeyguardClockSwitch( 4360): Updating clock: 1036
08-10 22:36:03.631 I/MicroDetectionWorker( 3744): #startMicroDetector [speakerMode: 0]
08-10 22:36:03.637 W/ErrorReporter( 3744): reportError [type: 211, code: 393244, bug: 0]: errorCode: 393244, engine: 0
08-10 22:36:03.638 I/MicroDetector( 3744): Keeping mic open: false
08-10 22:36:03.638 I/MicroDetectionWorker( 3744): #onError(false)
08-10 22:36:08.641 I/MicroDetectionWorker( 3744): #startMicroDetector [speakerMode: 0]
08-10 22:36:08.644 W/ErrorReporter( 3744): reportError [type: 211, code: 393244, bug: 0]: errorCode: 393244, engine: 0
08-10 22:36:08.646 I/MicroDetector( 3744): Keeping mic open: false
08-10 22:36:08.646 I/MicroDetectionWorker( 3744): #onError(false)
08-10 22:36:08.646 I/DeviceStateChecker( 3744): DeviceStateChecker cancelled
08-10 22:36:13.237 E/netmgr  ( 1872): Failed to open QEMU pipe 'qemud:network': Invalid argument
08-10 22:36:13.650 I/MicroDetectionWorker( 3744): #startMicroDetector [speakerMode: 0]
08-10 22:36:13.652 W/ErrorReporter( 3744): reportError [type: 211, code: 393244, bug: 0]: errorCode: 393244, engine: 0
08-10 22:36:13.652 I/MicroDetector( 3744): Keeping mic open: false
08-10 22:36:13.652 I/MicroDetectionWorker( 3744): #onError(false)
08-10 22:36:15.058 E/wifi_forwarder( 1874): RemoteConnection failed to initialize: RemoteConnection failed to open pipe
08-10 22:36:18.657 I/MicroDetectionWorker( 3744): #startMicroDetector [speakerMode: 0]
08-10 22:36:18.661 W/ErrorReporter( 3744): reportError [type: 211, code: 393244, bug: 0]: errorCode: 393244, engine: 0
08-10 22:36:18.665 I/MicroDetector( 3744): Keeping mic open: false
08-10 22:36:18.665 I/MicroDetectionWorker( 3744): #onError(false)
08-10 22:36:18.666 I/DeviceStateChecker( 3744): DeviceStateChecker cancelled
08-10 22:36:23.675 I/MicroDetectionWorker( 3744): #startMicroDetector [speakerMode: 0]
08-10 22:36:23.679 W/ErrorReporter( 3744): reportError [type: 211, code: 393244, bug: 0]: errorCode: 393244, engine: 0
08-10 22:36:23.680 I/MicroDetector( 3744): Keeping mic open: false
08-10 22:36:23.685 I/MicroDetectionWorker( 3744): #onError(false)
08-10 22:36:24.750 I/.gms.persisten( 2781): Waiting for a blocking GC ProfileSaver
08-10 22:36:24.763 I/.gms.persisten( 2781): WaitForGcToComplete blocked ProfileSaver on HeapTrim for 13.266ms
08-10 22:36:28.034 D/WificondControl( 2106): Scan result ready event
08-10 22:36:28.690 I/MicroDetectionWorker( 3744): #startMicroDetector [speakerMode: 0]
08-10 22:36:28.694 W/ErrorReporter( 3744): reportError [type: 211, code: 393244, bug: 0]: errorCode: 393244, engine: 0
08-10 22:36:28.697 I/MicroDetector( 3744): Keeping mic open: false
08-10 22:36:28.698 I/MicroDetectionWorker( 3744): #onError(false)
08-10 22:36:33.704 I/MicroDetectionWorker( 3744): #startMicroDetector [speakerMode: 0]
08-10 22:36:33.708 W/ErrorReporter( 3744): reportError [type: 211, code: 393244, bug: 0]: errorCode: 393244, engine: 0
08-10 22:36:33.711 I/MicroDetector( 3744): Keeping mic open: false
08-10 22:36:33.712 I/MicroDetectionWorker( 3744): #onError(false)
08-10 22:36:38.718 I/MicroDetectionWorker( 3744): #startMicroDetector [speakerMode: 0]
08-10 22:36:38.725 W/ErrorReporter( 3744): reportError [type: 211, code: 393244, bug: 0]: errorCode: 393244, engine: 0
08-10 22:36:38.728 I/MicroDetector( 3744): Keeping mic open: false
08-10 22:36:38.728 I/MicroDetectionWorker( 3744): #onError(false)
08-10 22:36:43.736 I/MicroDetectionWorker( 3744): #startMicroDetector [speakerMode: 0]
08-10 22:36:43.740 W/ErrorReporter( 3744): reportError [type: 211, code: 393244, bug: 0]: errorCode: 393244, engine: 0
08-10 22:36:43.745 I/MicroDetector( 3744): Keeping mic open: false
08-10 22:36:43.745 I/MicroDetectionWorker( 3744): #onError(false)
08-10 22:36:48.750 I/MicroDetectionWorker( 3744): #startMicroDetector [speakerMode: 0]
08-10 22:36:48.754 W/ErrorReporter( 3744): reportError [type: 211, code: 393244, bug: 0]: errorCode: 393244, engine: 0
08-10 22:36:48.758 I/MicroDetector( 3744): Keeping mic open: false
08-10 22:36:48.758 I/MicroDetectionWorker( 3744): #onError(false)
08-10 22:36:53.764 I/MicroDetectionWorker( 3744): #startMicroDetector [speakerMode: 0]
08-10 22:36:53.767 W/ErrorReporter( 3744): reportError [type: 211, code: 393244, bug: 0]: errorCode: 393244, engine: 0
08-10 22:36:53.775 I/MicroDetector( 3744): Keeping mic open: false
08-10 22:36:53.775 I/MicroDetectionWorker( 3744): #onError(false)
08-10 22:36:58.780 I/MicroDetectionWorker( 3744): #startMicroDetector [speakerMode: 0]
08-10 22:36:58.784 W/ErrorReporter( 3744): reportError [type: 211, code: 393244, bug: 0]: errorCode: 393244, engine: 0
08-10 22:36:58.792 I/MicroDetector( 3744): Keeping mic open: false
08-10 22:36:58.795 I/MicroDetectionWorker( 3744): #onError(false)
08-10 22:36:59.749 E/memtrack( 2106): Couldn't load memtrack module
08-10 22:36:59.749 W/android.os.Debug( 2106): failed to get memory consumption info: -1
08-10 22:37:00.023 D/KeyguardClockSwitch( 4360): Updating clock: 1037
08-10 22:37:03.800 I/MicroDetectionWorker( 3744): #startMicroDetector [speakerMode: 0]
08-10 22:37:03.802 W/ErrorReporter( 3744): reportError [type: 211, code: 393244, bug: 0]: errorCode: 393244, engine: 0
08-10 22:37:03.803 I/MicroDetector( 3744): Keeping mic open: false
08-10 22:37:03.803 I/MicroDetectionWorker( 3744): #onError(false)
08-10 22:37:08.808 I/MicroDetectionWorker( 3744): #startMicroDetector [speakerMode: 0]
08-10 22:37:08.811 W/ErrorReporter( 3744): reportError [type: 211, code: 393244, bug: 0]: errorCode: 393244, engine: 0
08-10 22:37:08.815 I/MicroDetector( 3744): Keeping mic open: false
08-10 22:37:08.815 I/MicroDetectionWorker( 3744): #onError(false)
08-10 22:37:08.816 I/DeviceStateChecker( 3744): DeviceStateChecker cancelled
08-10 22:37:13.254 E/netmgr  ( 1872): Failed to open QEMU pipe 'qemud:network': Invalid argument
08-10 22:37:13.821 I/MicroDetectionWorker( 3744): #startMicroDetector [speakerMode: 0]
08-10 22:37:13.825 W/ErrorReporter( 3744): reportError [type: 211, code: 393244, bug: 0]: errorCode: 393244, engine: 0
08-10 22:37:13.828 I/MicroDetector( 3744): Keeping mic open: false
08-10 22:37:13.828 I/MicroDetectionWorker( 3744): #onError(false)
08-10 22:37:15.119 E/wifi_forwarder( 1874): RemoteConnection failed to initialize: RemoteConnection failed to open pipe
08-10 22:37:18.836 I/MicroDetectionWorker( 3744): #startMicroDetector [speakerMode: 0]
08-10 22:37:18.841 W/ErrorReporter( 3744): reportError [type: 211, code: 393244, bug: 0]: errorCode: 393244, engine: 0
08-10 22:37:18.842 I/MicroDetector( 3744): Keeping mic open: false
08-10 22:37:18.842 I/MicroDetectionWorker( 3744): #onError(false)
08-10 22:37:21.877 I/Places  ( 2781): Converted 1 out of 1 WiFi scans
08-10 22:37:21.891 I/Places  ( 2781): ?: Couldn't find platform key file.
08-10 22:37:21.899 E/memtrack( 2106): Couldn't load memtrack module
08-10 22:37:21.899 W/android.os.Debug( 2106): failed to get memory consumption info: -1
08-10 22:37:21.913 I/Places  ( 2781): ?: Couldn't find platform key file.
08-10 22:37:21.916 I/Places  ( 2781): ?: Couldn't find platform key file.
08-10 22:37:21.943 I/Places  ( 2781): ?: Couldn't find platform key file.
08-10 22:37:21.945 I/PlaceInferenceEngine( 2781): No beacon scan available - ignoring candidates.
08-10 22:37:21.977 I/Places  ( 2781): ?: Couldn't find platform key file.
08-10 22:37:23.846 I/MicroDetectionWorker( 3744): #startMicroDetector [speakerMode: 0]
08-10 22:37:23.857 W/ErrorReporter( 3744): reportError [type: 211, code: 393244, bug: 0]: errorCode: 393244, engine: 0
08-10 22:37:23.871 I/MicroDetector( 3744): Keeping mic open: false
08-10 22:37:23.871 I/MicroDetectionWorker( 3744): #onError(false)
08-10 22:37:23.882 W/DeviceStateChecker( 3744): stopped because hotword detection is stopped but cancel is not called.
08-10 22:37:24.819 E/memtrack( 2106): Couldn't load memtrack module
08-10 22:37:24.819 W/android.os.Debug( 2106): failed to get memory consumption info: -1
08-10 22:37:28.878 I/MicroDetectionWorker( 3744): #startMicroDetector [speakerMode: 0]
08-10 22:37:28.883 W/ErrorReporter( 3744): reportError [type: 211, code: 393244, bug: 0]: errorCode: 393244, engine: 0
08-10 22:37:28.889 I/MicroDetector( 3744): Keeping mic open: false
08-10 22:37:28.890 I/MicroDetectionWorker( 3744): #onError(false)
08-10 22:37:33.895 I/MicroDetectionWorker( 3744): #startMicroDetector [speakerMode: 0]
08-10 22:37:33.898 W/ErrorReporter( 3744): reportError [type: 211, code: 393244, bug: 0]: errorCode: 393244, engine: 0
08-10 22:37:33.899 I/MicroDetector( 3744): Keeping mic open: false
08-10 22:37:33.899 I/MicroDetectionWorker( 3744): #onError(false)
08-10 22:37:38.904 I/MicroDetectionWorker( 3744): #startMicroDetector [speakerMode: 0]
08-10 22:37:38.909 W/ErrorReporter( 3744): reportError [type: 211, code: 393244, bug: 0]: errorCode: 393244, engine: 0
08-10 22:37:38.910 I/MicroDetector( 3744): Keeping mic open: false
08-10 22:37:38.910 I/MicroDetectionWorker( 3744): #onError(false)
08-10 22:37:43.916 I/MicroDetectionWorker( 3744): #startMicroDetector [speakerMode: 0]
08-10 22:37:43.923 W/ErrorReporter( 3744): reportError [type: 211, code: 393244, bug: 0]: errorCode: 393244, engine: 0
08-10 22:37:43.927 I/MicroDetector( 3744): Keeping mic open: false
08-10 22:37:43.927 I/MicroDetectionWorker( 3744): #onError(false)
08-10 22:37:48.935 I/MicroDetectionWorker( 3744): #startMicroDetector [speakerMode: 0]
08-10 22:37:48.939 W/ErrorReporter( 3744): reportError [type: 211, code: 393244, bug: 0]: errorCode: 393244, engine: 0
08-10 22:37:48.944 I/MicroDetector( 3744): Keeping mic open: false
08-10 22:37:48.944 I/MicroDetectionWorker( 3744): #onError(false)
08-10 22:37:53.949 I/MicroDetectionWorker( 3744): #startMicroDetector [speakerMode: 0]
08-10 22:37:53.954 W/ErrorReporter( 3744): reportError [type: 211, code: 393244, bug: 0]: errorCode: 393244, engine: 0
08-10 22:37:53.957 I/MicroDetector( 3744): Keeping mic open: false
08-10 22:37:53.957 I/MicroDetectionWorker( 3744): #onError(false)
08-10 22:37:58.964 I/MicroDetectionWorker( 3744): #startMicroDetector [speakerMode: 0]
08-10 22:37:58.968 W/ErrorReporter( 3744): reportError [type: 211, code: 393244, bug: 0]: errorCode: 393244, engine: 0
08-10 22:37:58.973 I/MicroDetector( 3744): Keeping mic open: false
08-10 22:37:58.976 I/MicroDetectionWorker( 3744): #onError(false)
08-10 22:38:00.013 D/KeyguardClockSwitch( 4360): Updating clock: 1038
08-10 22:38:03.985 I/MicroDetectionWorker( 3744): #startMicroDetector [speakerMode: 0]
08-10 22:38:03.990 W/ErrorReporter( 3744): reportError [type: 211, code: 393244, bug: 0]: errorCode: 393244, engine: 0
08-10 22:38:03.991 I/MicroDetector( 3744): Keeping mic open: false
08-10 22:38:03.991 I/MicroDetectionWorker( 3744): #onError(false)
08-10 22:38:08.997 I/MicroDetectionWorker( 3744): #startMicroDetector [speakerMode: 0]
08-10 22:38:09.001 W/ErrorReporter( 3744): reportError [type: 211, code: 393244, bug: 0]: errorCode: 393244, engine: 0
08-10 22:38:09.005 I/MicroDetector( 3744): Keeping mic open: false
08-10 22:38:09.005 I/MicroDetectionWorker( 3744): #onError(false)
08-10 22:38:13.270 E/netmgr  ( 1872): Failed to open QEMU pipe 'qemud:network': Invalid argument
08-10 22:38:14.011 I/MicroDetectionWorker( 3744): #startMicroDetector [speakerMode: 0]
08-10 22:38:14.015 W/ErrorReporter( 3744): reportError [type: 211, code: 393244, bug: 0]: errorCode: 393244, engine: 0
08-10 22:38:14.019 I/MicroDetector( 3744): Keeping mic open: false
08-10 22:38:14.024 I/MicroDetectionWorker( 3744): #onError(false)
08-10 22:38:15.173 E/wifi_forwarder( 1874): RemoteConnection failed to initialize: RemoteConnection failed to open pipe
08-10 22:38:19.027 I/MicroDetectionWorker( 3744): #startMicroDetector [speakerMode: 0]
08-10 22:38:19.029 W/ErrorReporter( 3744): reportError [type: 211, code: 393244, bug: 0]: errorCode: 393244, engine: 0
08-10 22:38:19.030 I/MicroDetector( 3744): Keeping mic open: false
08-10 22:38:19.031 I/MicroDetectionWorker( 3744): #onError(false)
08-10 22:38:24.040 I/MicroDetectionWorker( 3744): #startMicroDetector [speakerMode: 0]
08-10 22:38:24.044 W/ErrorReporter( 3744): reportError [type: 211, code: 393244, bug: 0]: errorCode: 393244, engine: 0
08-10 22:38:24.049 I/MicroDetector( 3744): Keeping mic open: false
08-10 22:38:24.049 I/MicroDetectionWorker( 3744): #onError(false)
08-10 22:38:24.049 I/DeviceStateChecker( 3744): DeviceStateChecker cancelled
08-10 22:38:29.052 I/MicroDetectionWorker( 3744): #startMicroDetector [speakerMode: 0]
08-10 22:38:29.054 W/ErrorReporter( 3744): reportError [type: 211, code: 393244, bug: 0]: errorCode: 393244, engine: 0
08-10 22:38:29.058 I/MicroDetector( 3744): Keeping mic open: false
08-10 22:38:29.058 I/MicroDetectionWorker( 3744): #onError(false)
08-10 22:38:29.060 W/DeviceStateChecker( 3744): stopped because hotword detection is stopped but cancel is not called.
08-10 22:38:34.064 I/MicroDetectionWorker( 3744): #startMicroDetector [speakerMode: 0]
08-10 22:38:34.068 W/ErrorReporter( 3744): reportError [type: 211, code: 393244, bug: 0]: errorCode: 393244, engine: 0
08-10 22:38:34.069 I/MicroDetector( 3744): Keeping mic open: false
08-10 22:38:34.069 I/MicroDetectionWorker( 3744): #onError(false)
08-10 22:38:39.074 I/MicroDetectionWorker( 3744): #startMicroDetector [speakerMode: 0]
08-10 22:38:39.078 W/ErrorReporter( 3744): reportError [type: 211, code: 393244, bug: 0]: errorCode: 393244, engine: 0
08-10 22:38:39.083 I/MicroDetector( 3744): Keeping mic open: false
08-10 22:38:39.083 I/MicroDetectionWorker( 3744): #onError(false)
08-10 22:38:44.086 I/MicroDetectionWorker( 3744): #startMicroDetector [speakerMode: 0]
08-10 22:38:44.089 W/ErrorReporter( 3744): reportError [type: 211, code: 393244, bug: 0]: errorCode: 393244, engine: 0
08-10 22:38:44.089 I/MicroDetector( 3744): Keeping mic open: false
08-10 22:38:44.089 I/MicroDetectionWorker( 3744): #onError(false)
08-10 22:38:49.095 I/MicroDetectionWorker( 3744): #startMicroDetector [speakerMode: 0]
08-10 22:38:49.099 W/ErrorReporter( 3744): reportError [type: 211, code: 393244, bug: 0]: errorCode: 393244, engine: 0
08-10 22:38:49.105 I/MicroDetector( 3744): Keeping mic open: false
08-10 22:38:49.105 I/MicroDetectionWorker( 3744): #onError(false)
08-10 22:38:54.110 I/MicroDetectionWorker( 3744): #startMicroDetector [speakerMode: 0]
08-10 22:38:54.114 W/ErrorReporter( 3744): reportError [type: 211, code: 393244, bug: 0]: errorCode: 393244, engine: 0
08-10 22:38:54.118 I/MicroDetector( 3744): Keeping mic open: false
08-10 22:38:54.118 I/MicroDetectionWorker( 3744): #onError(false)
08-10 22:38:59.127 I/MicroDetectionWorker( 3744): #startMicroDetector [speakerMode: 0]
08-10 22:38:59.131 W/ErrorReporter( 3744): reportError [type: 211, code: 393244, bug: 0]: errorCode: 393244, engine: 0
08-10 22:38:59.134 I/MicroDetector( 3744): Keeping mic open: false
08-10 22:38:59.134 I/MicroDetectionWorker( 3744): #onError(false)
08-10 22:38:59.135 I/DeviceStateChecker( 3744): DeviceStateChecker cancelled
08-10 22:39:00.007 D/KeyguardClockSwitch( 4360): Updating clock: 1039
08-10 22:39:04.141 I/MicroDetectionWorker( 3744): #startMicroDetector [speakerMode: 0]
08-10 22:39:04.144 W/ErrorReporter( 3744): reportError [type: 211, code: 393244, bug: 0]: errorCode: 393244, engine: 0
08-10 22:39:04.147 I/MicroDetector( 3744): Keeping mic open: false
08-10 22:39:04.148 I/MicroDetectionWorker( 3744): #onError(false)
08-10 22:39:09.152 I/MicroDetectionWorker( 3744): #startMicroDetector [speakerMode: 0]
08-10 22:39:09.156 W/ErrorReporter( 3744): reportError [type: 211, code: 393244, bug: 0]: errorCode: 393244, engine: 0
08-10 22:39:09.156 I/MicroDetector( 3744): Keeping mic open: false
08-10 22:39:09.156 I/MicroDetectionWorker( 3744): #onError(false)
08-10 22:39:13.323 E/netmgr  ( 1872): Failed to open QEMU pipe 'qemud:network': Invalid argument
08-10 22:39:14.162 I/MicroDetectionWorker( 3744): #startMicroDetector [speakerMode: 0]
08-10 22:39:14.170 W/ErrorReporter( 3744): reportError [type: 211, code: 393244, bug: 0]: errorCode: 393244, engine: 0
08-10 22:39:14.171 I/MicroDetector( 3744): Keeping mic open: false
08-10 22:39:14.172 I/MicroDetectionWorker( 3744): #onError(false)
08-10 22:39:15.186 E/wifi_forwarder( 1874): RemoteConnection failed to initialize: RemoteConnection failed to open pipe
08-10 22:39:19.177 I/MicroDetectionWorker( 3744): #startMicroDetector [speakerMode: 0]
08-10 22:39:19.181 W/ErrorReporter( 3744): reportError [type: 211, code: 393244, bug: 0]: errorCode: 393244, engine: 0
08-10 22:39:19.185 I/MicroDetector( 3744): Keeping mic open: false
08-10 22:39:19.185 I/MicroDetectionWorker( 3744): #onError(false)
08-10 22:39:24.190 I/MicroDetectionWorker( 3744): #startMicroDetector [speakerMode: 0]
08-10 22:39:24.194 W/ErrorReporter( 3744): reportError [type: 211, code: 393244, bug: 0]: errorCode: 393244, engine: 0
08-10 22:39:24.199 I/MicroDetector( 3744): Keeping mic open: false
08-10 22:39:24.199 I/MicroDetectionWorker( 3744): #onError(false)
08-10 22:39:24.778 V/FA-SVC  ( 3319): Device PackageMeasurementTaskService is starting up
08-10 22:39:24.783 V/FA-SVC  ( 3319): Device ChimeraPackageMeasurementTaskService called.
08-10 22:39:24.800 D/FA-SVC  ( 3319): Uploading events. Elapsed time since last upload attempt (ms): 4024546
08-10 22:39:24.808 V/FA-SVC  ( 3319): Fetching remote configuration: jp.co.agoop.com.example
08-10 22:39:24.808 V/FA-SVC  ( 3319): Not stopping services. fetch, network, upload: true, false, false
08-10 22:39:25.032 V/FA-SVC  ( 3319): onConfigFetched. Response size: 0
08-10 22:39:25.035 V/FA-SVC  ( 3319): Successfully fetched config. Got network response. code, size: 304, 0
08-10 22:39:25.044 V/FA-SVC  ( 3319): Updated engagement user property. scope, value: lifetime, 3770373
08-10 22:39:25.047 V/FA-SVC  ( 3319): Updated engagement user property. scope, value: session-scoped, 3770372
08-10 22:39:25.047 V/FA-SVC  ( 3319): Checking account type status for ad personalization signals
08-10 22:39:25.055 W/SystemServiceRegistry( 2781): No service published for: persistent_data_block
08-10 22:39:25.061 W/ChimeraUtils( 2781): Non Chimera context
08-10 22:39:25.077 I/chatty  ( 2781): uid=10098 com.google.android.gms.persistent identical 2 lines
08-10 22:39:25.077 W/ChimeraUtils( 2781): Non Chimera context
08-10 22:39:25.092 V/FA-SVC  ( 3319): Saving bundle, size: 488
08-10 22:39:25.093 D/FA-SVC  ( 3319): Uploading events. Elapsed time since last upload attempt (ms): 4024790
08-10 22:39:25.100 V/FA-SVC  ( 3319): Uploading data. app, uncompressed size, data: jp.co.agoop.com.example, 559, 
08-10 22:39:25.100 V/FA-SVC  ( 3319): batch {
08-10 22:39:25.100 V/FA-SVC  ( 3319):   bundle {
08-10 22:39:25.100 V/FA-SVC  ( 3319):     protocol_version: 1
08-10 22:39:25.100 V/FA-SVC  ( 3319):     platform: android
08-10 22:39:25.100 V/FA-SVC  ( 3319):     gmp_version: 29000
08-10 22:39:25.100 V/FA-SVC  ( 3319):     uploading_gmp_version: 200414
08-10 22:39:25.100 V/FA-SVC  ( 3319):     dynamite_version: 14
08-10 22:39:25.100 V/FA-SVC  ( 3319):     config_version: 1595408734499321
08-10 22:39:25.100 V/FA-SVC  ( 3319):     gmp_app_id: 1:575178226899:android:2bf1c6ed478f588e146826
08-10 22:39:25.100 V/FA-SVC  ( 3319):     admob_app_id: 
08-10 22:39:25.100 V/FA-SVC  ( 3319):     app_id: jp.co.agoop.com.example
08-10 22:39:25.100 V/FA-SVC  ( 3319):     app_version: 5.15Debug
08-10 22:39:25.100 V/FA-SVC  ( 3319):     app_version_major: 1
08-10 22:39:25.100 V/FA-SVC  ( 3319):     firebase_instance_id: ee5rYloPSledKTorOFtpEN
08-10 22:39:25.100 V/FA-SVC  ( 3319):     app_store: manual_install
08-10 22:39:25.100 V/FA-SVC  ( 3319):     upload_timestamp_millis: 1597066765040
08-10 22:39:25.100 V/FA-SVC  ( 3319):     start_timestamp_millis: 1597064233291
08-10 22:39:25.100 V/FA-SVC  ( 3319):     end_timestamp_millis: 1597064233373
08-10 22:39:25.100 V/FA-SVC  ( 3319):     previous_bundle_start_timestamp_millis: 1597060451090
08-10 22:39:25.100 V/FA-SVC  ( 3319):     previous_bundle_end_timestamp_millis: 1597060452954
08-10 22:39:25.100 V/FA-SVC  ( 3319):     app_instance_id: d043f8245541d927ce7f4b5474399f10
08-10 22:39:25.100 V/FA-SVC  ( 3319):     resettable_device_id: 1d38bbaf-64df-4bf4-ae76-07be0dd562eb
08-10 22:39:25.100 V/FA-SVC  ( 3319):     device_id: 
08-10 22:39:25.100 V/FA-SVC  ( 3319):     ds_id: 
08-10 22:39:25.100 V/FA-SVC  ( 3319):     limited_ad_tracking: false
08-10 22:39:25.100 V/FA-SVC  ( 3319):     os_version: 10
08-10 22:39:25.100 V/FA-SVC  ( 3319):     device_model: Android SDK built for x86
08-10 22:39:25.100 V/FA-SVC  ( 3319):     user_default_language: en-us
08-10 22:39:25.100 V/FA-SVC  ( 3319):     time_zone_offset_minutes: 540
08-10 22:39:25.100 V/FA-SVC  ( 3319):     bundle_sequential_index: 4
08-10 22:39:25.100 V/FA-SVC  ( 3319):     service_upload: true
08-10 22:39:25.100 V/FA-SVC  ( 3319):     health_monitor: 
08-10 22:39:25.100 V/FA-SVC  ( 3319):     user_property {
08-10 22:39:25.100 V/FA-SVC  ( 3319):       set_timestamp_millis: 1597058506618
08-10 22:39:25.100 V/FA-SVC  ( 3319):       name: first_open_time(_fot)
08-10 22:39:25.100 V/FA-SVC  ( 3319):       string_value: 
08-10 22:39:25.100 V/FA-SVC  ( 3319):       int_value: 1597060800000
08-10 22:39:25.100 V/FA-SVC  ( 3319):     }
08-10 22:39:25.100 V/FA-SVC  ( 3319):     user_property {
08-10 22:39:25.100 V/FA-SVC  ( 3319):       set_timestamp_millis: 1597058506618
08-10 22:39:25.100 V/FA-SVC  ( 3319):       name: first_open_after_install(_fi)
08-10 22:39:25.100 V/FA-SVC  ( 3319):       string_value: 
08-10 22:39:25.100 V/FA-SVC  ( 3319):       int_value: 1
08-10 22:39:25.100 V/FA-SVC  ( 3319):     }
08-10 22:39:25.100 V/FA-SVC  ( 3319):     user_property {
08-10 22:39:25.100 V/FA-SVC  ( 3319):       set_timestamp_millis: 1597066765043
08-10 22:39:25.100 V/FA-SVC  ( 3319):       name: lifetime_user_engagement(_lte)
08-10 22:39:25.100 V/FA-SVC  ( 3319):       string_value: 
08-10 22:39:25.100 V/FA-SVC  ( 3319):       int_value: 3770373
08-10 22:39:25.100 V/FA-SVC  ( 3319):     }
08-10 22:39:25.100 V/FA-SVC  ( 3319):     user_property {
08-10 22:39:25.100 V/FA-SVC  ( 3319):       set_timestamp_millis: 1597060451090
08-10 22:39:25.100 V/FA-SVC  ( 3319):       name: ga_session_number(_sno)
08-10 22:39:25.100 V/FA-SVC  ( 3319):       string_value: 
08-10 22:39:25.100 V/FA-SVC  ( 3319):       int_value: 2
08-10 22:39:25.100 V/FA-SVC  ( 3319):     }
08-10 22:39:25.100 V/FA-SVC  ( 3319):     user_property {
08-10 22:39:25.100 V/FA-SVC  ( 3319):       set_timestamp_millis: 1597060451090
08-10 22:39:25.100 V/FA-SVC  ( 3319):       name: ga_session_id(_sid)
08-10 22:39:25.100 V/FA-SVC  ( 3319):       string_value: 
08-10 22:39:25.100 V/FA-SVC  ( 3319):       int_value: 1597060451
08-10 22:39:25.100 V/FA-SVC  ( 3319):     }
08-10 22:39:25.100 V/FA-SVC  ( 3319):     user_property {
08-10 22:39:25.100 V/FA-SVC  ( 3319):       set_timestamp_millis: 1597066765046
08-10 22:39:25.100 V/FA-SVC  ( 3319):       name: session_user_engagement(_se)
08-10 22:39:25.100 V/FA-SVC  ( 3319):       string_value: 
08-10 22:39:25.100 V/FA-SVC  ( 3319):       int_value: 3770372
08-10 22:39:25.100 V/FA-SVC  ( 3319):     }
08-10 22:39:25.100 V/FA-SVC  ( 3319):     event {
08-10 22:39:25.100 V/FA-SVC  ( 3319):       name: user_engagement(_e)
08-10 22:39:25.100 V/FA-SVC  ( 3319):       timestamp_millis: 1597064233291
08-10 22:39:25.100 V/FA-SVC  ( 3319):       previous_timestamp_millis: 1597058506618
08-10 22:39:25.100 V/FA-SVC  ( 3319):       param {
08-10 22:39:25.100 V/FA-SVC  ( 3319):         name: ga_event_origin(_o)
08-10 22:39:25.100 V/FA-SVC  ( 3319):         string_value: auto
08-10 22:39:25.100 V/FA-SVC  ( 3319):       }
08-10 22:39:25.100 V/FA-SVC  ( 3319):       param {
08-10 22:39:25.100 V/FA-SVC  ( 3319):         name: engagement_time_msec(_et)
08-10 22:39:25.100 V/FA-SVC  ( 3319):         string_value: 
08-10 22:39:25.100 V/FA-SVC  ( 3319):         int_value: 3770372
08-10 22:39:25.100 V/FA-SVC  ( 3319):       }
08-10 22:39:25.100 V/FA-SVC  ( 3319):       param {
08-10 22:39:25.100 V/FA-SVC  ( 3319):         name: ga_screen_class(_sc)
08-10 22:39:25.100 V/FA-SVC  ( 3319):         string_value: MainActivity
08-10 22:39:25.100 V/FA-SVC  ( 3319):       }
08-10 22:39:25.100 V/FA-SVC  ( 3319):       param {
08-10 22:39:25.100 V/FA-SVC  ( 3319):         name: ga_screen_id(_si)
08-10 22:39:25.100 V/FA-SVC  ( 3319):         string_value: 
08-10 22:39:25.100 V/FA-SVC  ( 3319):         int_value: 4299800407178329652
08-10 22:39:25.100 V/FA-SVC  ( 3319):       }
08-10 22:39:25.100 V/FA-SVC  ( 3319):     }
08-10 22:39:25.100 V/FA-SVC  ( 3319):     event {
08-10 22:39:25.100 V/FA-SVC  ( 3319):       name: app_background(_ab)
08-10 22:39:25.100 V/FA-SVC  ( 3319):       timestamp_millis: 1597064233373
08-10 22:39:25.100 V/FA-SVC  ( 3319):       previous_timestamp_millis: 1597060452954
08-10 22:39:25.100 V/FA-SVC  ( 3319):       param {
08-10 22:39:25.100 V/FA-SVC  ( 3319):         name: ga_event_origin(_o)
08-10 22:39:25.100 V/FA-SVC  ( 3319):         string_value: auto
08-10 22:39:25.100 V/FA-SVC  ( 3319):       }
08-10 22:39:25.100 V/FA-SVC  ( 3319):     }
08-10 22:39:25.100 V/FA-SVC  ( 3319):   }
08-10 22:39:25.100 V/FA-SVC  ( 3319): }
08-10 22:39:25.100 V/FA-SVC  ( 3319): Not stopping services. fetch, network, upload: true, true, false
08-10 22:39:25.106 V/FA-SVC  ( 3319): Uploading data. size: 503
08-10 22:39:25.114 V/FA-SVC  ( 3319): Not stopping services. fetch, network, upload: false, true, false
08-10 22:39:25.188 V/FA-SVC  ( 3319): Upload scheduled in approximately ms: 3599996
08-10 22:39:25.188 V/FA-SVC  ( 3319): Unscheduling upload
08-10 22:39:25.198 V/FA-SVC  ( 3319): Scheduling upload, millis: 3599996
08-10 22:39:25.209 V/FA-SVC  ( 3319): onUnbind called for intent. action: com.google.android.gms.gcm.ACTION_TASK_READY
08-10 22:39:25.213 V/FA-SVC  ( 3319): Device PackageMeasurementTaskService is shutting down
08-10 22:39:25.213 W/FA-SVC  ( 3319): Interrupted in onRunTask while uploading
08-10 22:39:25.226 V/FA-SVC  ( 3319): Successful upload. Got network response. code, size: 204, 0
08-10 22:39:25.256 V/FA-SVC  ( 3319): Updated engagement user property. scope, value: lifetime, 3838283
08-10 22:39:25.258 V/FA-SVC  ( 3319): Updated engagement user property. scope, value: session-scoped, 3838282
08-10 22:39:25.258 V/FA-SVC  ( 3319): Checking account type status for ad personalization signals
08-10 22:39:25.269 V/FA-SVC  ( 3319): Saving bundle, size: 501
08-10 22:39:25.278 D/FA-SVC  ( 3319): Uploading events. Elapsed time since last upload attempt (ms): 63
08-10 22:39:25.294 V/FA-SVC  ( 3319): Uploading data. app, uncompressed size, data: jp.co.agoop.com.example, 596, 
08-10 22:39:25.294 V/FA-SVC  ( 3319): batch {
08-10 22:39:25.294 V/FA-SVC  ( 3319):   bundle {
08-10 22:39:25.294 V/FA-SVC  ( 3319):     protocol_version: 1
08-10 22:39:25.294 V/FA-SVC  ( 3319):     platform: android
08-10 22:39:25.294 V/FA-SVC  ( 3319):     gmp_version: 29000
08-10 22:39:25.294 V/FA-SVC  ( 3319):     uploading_gmp_version: 200414
08-10 22:39:25.294 V/FA-SVC  ( 3319):     dynamite_version: 14
08-10 22:39:25.294 V/FA-SVC  ( 3319):     config_version: 1595408734499321
08-10 22:39:25.294 V/FA-SVC  ( 3319):     gmp_app_id: 1:575178226899:android:2bf1c6ed478f588e146826
08-10 22:39:25.294 V/FA-SVC  ( 3319):     admob_app_id: 
08-10 22:39:25.294 V/FA-SVC  ( 3319):     app_id: jp.co.agoop.com.example
08-10 22:39:25.294 V/FA-SVC  ( 3319):     app_version: 5.15Debug
08-10 22:39:25.294 V/FA-SVC  ( 3319):     app_version_major: 1
08-10 22:39:25.294 V/FA-SVC  ( 3319):     firebase_instance_id: ee5rYloPSledKTorOFtpEN
08-10 22:39:25.294 V/FA-SVC  ( 3319):     app_store: manual_install
08-10 22:39:25.294 V/FA-SVC  ( 3319):     upload_timestamp_millis: 1597066765247
08-10 22:39:25.294 V/FA-SVC  ( 3319):     start_timestamp_millis: 1597065970443
08-10 22:39:25.294 V/FA-SVC  ( 3319):     end_timestamp_millis: 1597066041841
08-10 22:39:25.294 V/FA-SVC  ( 3319):     previous_bundle_start_timestamp_millis: 1597064233291
08-10 22:39:25.294 V/FA-SVC  ( 3319):     previous_bundle_end_timestamp_millis: 1597064233373
08-10 22:39:25.294 V/FA-SVC  ( 3319):     app_instance_id: d043f8245541d927ce7f4b5474399f10
08-10 22:39:25.294 V/FA-SVC  ( 3319):     resettable_device_id: 1d38bbaf-64df-4bf4-ae76-07be0dd562eb
08-10 22:39:25.294 V/FA-SVC  ( 3319):     device_id: 
08-10 22:39:25.294 V/FA-SVC  ( 3319):     ds_id: 
08-10 22:39:25.294 V/FA-SVC  ( 3319):     limited_ad_tracking: false
08-10 22:39:25.294 V/FA-SVC  ( 3319):     os_version: 10
08-10 22:39:25.294 V/FA-SVC  ( 3319):     device_model: Android SDK built for x86
08-10 22:39:25.294 V/FA-SVC  ( 3319):     user_default_language: en-us
08-10 22:39:25.294 V/FA-SVC  ( 3319):     time_zone_offset_minutes: 540
08-10 22:39:25.294 V/FA-SVC  ( 3319):     bundle_sequential_index: 5
08-10 22:39:25.294 V/FA-SVC  ( 3319):     service_upload: true
08-10 22:39:25.294 V/FA-SVC  ( 3319):     health_monitor: 
08-10 22:39:25.294 V/FA-SVC  ( 3319):     user_property {
08-10 22:39:25.294 V/FA-SVC  ( 3319):       set_timestamp_millis: 1597058506618
08-10 22:39:25.294 V/FA-SVC  ( 3319):       name: first_open_time(_fot)
08-10 22:39:25.294 V/FA-SVC  ( 3319):       string_value: 
08-10 22:39:25.294 V/FA-SVC  ( 3319):       int_value: 1597060800000
08-10 22:39:25.294 V/FA-SVC  ( 3319):     }
08-10 22:39:25.294 V/FA-SVC  ( 3319):     user_property {
08-10 22:39:25.294 V/FA-SVC  ( 3319):       set_timestamp_millis: 1597058506618
08-10 22:39:25.294 V/FA-SVC  ( 3319):       name: first_open_after_install(_fi)
08-10 22:39:25.294 V/FA-SVC  ( 3319):       string_value: 
08-10 22:39:25.294 V/FA-SVC  ( 3319):       int_value: 1
08-10 22:39:25.294 V/FA-SVC  ( 3319):     }
08-10 22:39:25.294 V/FA-SVC  ( 3319):     user_property {
08-10 22:39:25.294 V/FA-SVC  ( 3319):       set_timestamp_millis: 1597066765255
08-10 22:39:25.294 V/FA-SVC  ( 3319):       name: lifetime_user_engagement(_lte)
08-10 22:39:25.294 V/FA-SVC  ( 3319):       string_value: 
08-10 22:39:25.294 V/FA-SVC  ( 3319):       int_value: 3838283
08-10 22:39:25.294 V/FA-SVC  ( 3319):     }
08-10 22:39:25.294 V/FA-SVC  ( 3319):     user_property {
