08-12 22:32:10.237 I/MicroDetector( 4493): Keeping mic open: false
08-12 22:32:10.237 I/MicroDetectionWorker( 4493): #onError(false)
08-12 22:32:15.243 I/MicroDetectionWorker( 4493): #startMicroDetector [speakerMode: 0]
08-12 22:32:15.248 W/ErrorReporter( 4493): reportError [type: 211, code: 393244, bug: 0]: errorCode: 393244, engine: 0
08-12 22:32:15.249 I/MicroDetector( 4493): Keeping mic open: false
08-12 22:32:15.249 I/MicroDetectionWorker( 4493): #onError(false)
08-12 22:32:20.255 I/MicroDetectionWorker( 4493): #startMicroDetector [speakerMode: 0]
08-12 22:32:20.259 W/ErrorReporter( 4493): reportError [type: 211, code: 393244, bug: 0]: errorCode: 393244, engine: 0
08-12 22:32:20.263 I/MicroDetector( 4493): Keeping mic open: false
08-12 22:32:20.263 I/MicroDetectionWorker( 4493): #onError(false)
08-12 22:32:20.423 E/memtrack( 2075): Couldn't load memtrack module
08-12 22:32:20.423 W/android.os.Debug( 2075): failed to get memory consumption info: -1
08-12 22:32:25.272 I/MicroDetectionWorker( 4493): #startMicroDetector [speakerMode: 0]
08-12 22:32:25.283 W/ErrorReporter( 4493): reportError [type: 211, code: 393244, bug: 0]: errorCode: 393244, engine: 0
08-12 22:32:25.284 I/MicroDetector( 4493): Keeping mic open: false
08-12 22:32:25.284 I/MicroDetectionWorker( 4493): #onError(false)
08-12 22:32:30.288 I/MicroDetectionWorker( 4493): #startMicroDetector [speakerMode: 0]
08-12 22:32:30.293 W/ErrorReporter( 4493): reportError [type: 211, code: 393244, bug: 0]: errorCode: 393244, engine: 0
08-12 22:32:30.294 I/MicroDetector( 4493): Keeping mic open: false
08-12 22:32:30.294 I/MicroDetectionWorker( 4493): #onError(false)
08-12 22:32:35.299 I/MicroDetectionWorker( 4493): #startMicroDetector [speakerMode: 0]
08-12 22:32:35.304 W/ErrorReporter( 4493): reportError [type: 211, code: 393244, bug: 0]: errorCode: 393244, engine: 0
08-12 22:32:35.307 I/MicroDetector( 4493): Keeping mic open: false
08-12 22:32:35.307 I/MicroDetectionWorker( 4493): #onError(false)
08-12 22:32:40.312 I/MicroDetectionWorker( 4493): #startMicroDetector [speakerMode: 0]
08-12 22:32:40.317 W/ErrorReporter( 4493): reportError [type: 211, code: 393244, bug: 0]: errorCode: 393244, engine: 0
08-12 22:32:40.330 I/MicroDetector( 4493): Keeping mic open: false
08-12 22:32:40.330 I/MicroDetectionWorker( 4493): #onError(false)
08-12 22:32:45.335 I/MicroDetectionWorker( 4493): #startMicroDetector [speakerMode: 0]
08-12 22:32:45.343 W/ErrorReporter( 4493): reportError [type: 211, code: 393244, bug: 0]: errorCode: 393244, engine: 0
08-12 22:32:45.344 I/MicroDetector( 4493): Keeping mic open: false
08-12 22:32:45.344 I/MicroDetectionWorker( 4493): #onError(false)
08-12 22:32:50.355 I/MicroDetectionWorker( 4493): #startMicroDetector [speakerMode: 0]
08-12 22:32:50.360 W/ErrorReporter( 4493): reportError [type: 211, code: 393244, bug: 0]: errorCode: 393244, engine: 0
08-12 22:32:50.361 I/MicroDetector( 4493): Keeping mic open: false
08-12 22:32:50.361 I/MicroDetectionWorker( 4493): #onError(false)
08-12 22:32:50.881 E/netmgr  ( 1874): Failed to open QEMU pipe 'qemud:network': Invalid argument
08-12 22:32:53.953 E/wifi_forwarder( 1876): RemoteConnection failed to initialize: RemoteConnection failed to open pipe
08-12 22:32:55.367 I/MicroDetectionWorker( 4493): #startMicroDetector [speakerMode: 0]
08-12 22:32:55.372 W/ErrorReporter( 4493): reportError [type: 211, code: 393244, bug: 0]: errorCode: 393244, engine: 0
08-12 22:32:55.375 I/MicroDetector( 4493): Keeping mic open: false
08-12 22:32:55.379 I/MicroDetectionWorker( 4493): #onError(false)
08-12 22:33:00.013 D/KeyguardClockSwitch( 2355): Updating clock: 2233
08-12 22:33:00.383 I/MicroDetectionWorker( 4493): #startMicroDetector [speakerMode: 0]
08-12 22:33:00.390 W/ErrorReporter( 4493): reportError [type: 211, code: 393244, bug: 0]: errorCode: 393244, engine: 0
08-12 22:33:00.395 I/MicroDetector( 4493): Keeping mic open: false
08-12 22:33:00.395 I/MicroDetectionWorker( 4493): #onError(false)
08-12 22:33:05.402 I/MicroDetectionWorker( 4493): #startMicroDetector [speakerMode: 0]
08-12 22:33:05.408 W/ErrorReporter( 4493): reportError [type: 211, code: 393244, bug: 0]: errorCode: 393244, engine: 0
08-12 22:33:05.412 I/MicroDetector( 4493): Keeping mic open: false
08-12 22:33:05.416 I/MicroDetectionWorker( 4493): #onError(false)
08-12 22:33:10.426 I/MicroDetectionWorker( 4493): #startMicroDetector [speakerMode: 0]
08-12 22:33:10.432 W/ErrorReporter( 4493): reportError [type: 211, code: 393244, bug: 0]: errorCode: 393244, engine: 0
08-12 22:33:10.434 I/MicroDetector( 4493): Keeping mic open: false
08-12 22:33:10.434 I/MicroDetectionWorker( 4493): #onError(false)
08-12 22:33:12.249 D/WificondControl( 2075): Scan result ready event
08-12 22:33:15.441 I/MicroDetectionWorker( 4493): #startMicroDetector [speakerMode: 0]
08-12 22:33:15.445 W/ErrorReporter( 4493): reportError [type: 211, code: 393244, bug: 0]: errorCode: 393244, engine: 0
08-12 22:33:15.448 I/MicroDetector( 4493): Keeping mic open: false
08-12 22:33:15.448 I/MicroDetectionWorker( 4493): #onError(false)
08-12 22:33:20.459 I/MicroDetectionWorker( 4493): #startMicroDetector [speakerMode: 0]
08-12 22:33:20.470 W/ErrorReporter( 4493): reportError [type: 211, code: 393244, bug: 0]: errorCode: 393244, engine: 0
08-12 22:33:20.471 I/MicroDetector( 4493): Keeping mic open: false
08-12 22:33:20.471 I/MicroDetectionWorker( 4493): #onError(false)
08-12 22:33:25.479 I/MicroDetectionWorker( 4493): #startMicroDetector [speakerMode: 0]
08-12 22:33:25.483 W/ErrorReporter( 4493): reportError [type: 211, code: 393244, bug: 0]: errorCode: 393244, engine: 0
08-12 22:33:25.489 I/MicroDetector( 4493): Keeping mic open: false
08-12 22:33:25.490 I/MicroDetectionWorker( 4493): #onError(false)
08-12 22:33:30.494 I/MicroDetectionWorker( 4493): #startMicroDetector [speakerMode: 0]
08-12 22:33:30.500 W/ErrorReporter( 4493): reportError [type: 211, code: 393244, bug: 0]: errorCode: 393244, engine: 0
08-12 22:33:30.501 I/MicroDetector( 4493): Keeping mic open: false
08-12 22:33:30.501 I/MicroDetectionWorker( 4493): #onError(false)
08-12 22:33:35.505 I/MicroDetectionWorker( 4493): #startMicroDetector [speakerMode: 0]
08-12 22:33:35.518 W/ErrorReporter( 4493): reportError [type: 211, code: 393244, bug: 0]: errorCode: 393244, engine: 0
08-12 22:33:35.519 I/MicroDetector( 4493): Keeping mic open: false
08-12 22:33:35.519 I/MicroDetectionWorker( 4493): #onError(false)
08-12 22:33:40.525 I/MicroDetectionWorker( 4493): #startMicroDetector [speakerMode: 0]
08-12 22:33:40.535 W/ErrorReporter( 4493): reportError [type: 211, code: 393244, bug: 0]: errorCode: 393244, engine: 0
08-12 22:33:40.541 I/MicroDetector( 4493): Keeping mic open: false
08-12 22:33:40.541 I/MicroDetectionWorker( 4493): #onError(false)
08-12 22:33:45.547 I/MicroDetectionWorker( 4493): #startMicroDetector [speakerMode: 0]
08-12 22:33:45.552 W/ErrorReporter( 4493): reportError [type: 211, code: 393244, bug: 0]: errorCode: 393244, engine: 0
08-12 22:33:45.555 I/MicroDetector( 4493): Keeping mic open: false
08-12 22:33:45.559 I/MicroDetectionWorker( 4493): #onError(false)
08-12 22:33:50.565 I/MicroDetectionWorker( 4493): #startMicroDetector [speakerMode: 0]
08-12 22:33:50.573 W/ErrorReporter( 4493): reportError [type: 211, code: 393244, bug: 0]: errorCode: 393244, engine: 0
08-12 22:33:50.574 I/MicroDetector( 4493): Keeping mic open: false
08-12 22:33:50.575 I/MicroDetectionWorker( 4493): #onError(false)
08-12 22:33:50.886 E/netmgr  ( 1874): Failed to open QEMU pipe 'qemud:network': Invalid argument
08-12 22:33:53.969 E/wifi_forwarder( 1876): RemoteConnection failed to initialize: RemoteConnection failed to open pipe
08-12 22:33:55.580 I/MicroDetectionWorker( 4493): #startMicroDetector [speakerMode: 0]
08-12 22:33:55.587 W/ErrorReporter( 4493): reportError [type: 211, code: 393244, bug: 0]: errorCode: 393244, engine: 0
08-12 22:33:55.588 I/MicroDetector( 4493): Keeping mic open: false
08-12 22:33:55.588 I/MicroDetectionWorker( 4493): #onError(false)
08-12 22:34:00.015 D/KeyguardClockSwitch( 2355): Updating clock: 2234
08-12 22:34:00.593 I/MicroDetectionWorker( 4493): #startMicroDetector [speakerMode: 0]
08-12 22:34:00.597 W/ErrorReporter( 4493): reportError [type: 211, code: 393244, bug: 0]: errorCode: 393244, engine: 0
08-12 22:34:00.602 I/MicroDetector( 4493): Keeping mic open: false
08-12 22:34:00.603 I/MicroDetectionWorker( 4493): #onError(false)
08-12 22:34:05.609 I/MicroDetectionWorker( 4493): #startMicroDetector [speakerMode: 0]
08-12 22:34:05.614 W/ErrorReporter( 4493): reportError [type: 211, code: 393244, bug: 0]: errorCode: 393244, engine: 0
08-12 22:34:05.615 I/MicroDetector( 4493): Keeping mic open: false
08-12 22:34:05.617 I/MicroDetectionWorker( 4493): #onError(false)
08-12 22:34:10.624 I/MicroDetectionWorker( 4493): #startMicroDetector [speakerMode: 0]
08-12 22:34:10.629 W/ErrorReporter( 4493): reportError [type: 211, code: 393244, bug: 0]: errorCode: 393244, engine: 0
08-12 22:34:10.630 I/MicroDetector( 4493): Keeping mic open: false
08-12 22:34:10.630 I/MicroDetectionWorker( 4493): #onError(false)
08-12 22:34:15.636 I/MicroDetectionWorker( 4493): #startMicroDetector [speakerMode: 0]
08-12 22:34:15.640 W/ErrorReporter( 4493): reportError [type: 211, code: 393244, bug: 0]: errorCode: 393244, engine: 0
08-12 22:34:15.643 I/MicroDetector( 4493): Keeping mic open: false
08-12 22:34:15.644 I/MicroDetectionWorker( 4493): #onError(false)
08-12 22:34:20.648 I/MicroDetectionWorker( 4493): #startMicroDetector [speakerMode: 0]
08-12 22:34:20.658 W/ErrorReporter( 4493): reportError [type: 211, code: 393244, bug: 0]: errorCode: 393244, engine: 0
08-12 22:34:20.663 I/MicroDetector( 4493): Keeping mic open: false
08-12 22:34:20.663 I/MicroDetectionWorker( 4493): #onError(false)
08-12 22:34:25.669 I/MicroDetectionWorker( 4493): #startMicroDetector [speakerMode: 0]
08-12 22:34:25.672 W/ErrorReporter( 4493): reportError [type: 211, code: 393244, bug: 0]: errorCode: 393244, engine: 0
08-12 22:34:25.676 I/MicroDetector( 4493): Keeping mic open: false
08-12 22:34:25.676 I/MicroDetectionWorker( 4493): #onError(false)
08-12 22:34:30.681 I/MicroDetectionWorker( 4493): #startMicroDetector [speakerMode: 0]
08-12 22:34:30.686 W/ErrorReporter( 4493): reportError [type: 211, code: 393244, bug: 0]: errorCode: 393244, engine: 0
08-12 22:34:30.687 I/MicroDetector( 4493): Keeping mic open: false
08-12 22:34:30.687 I/MicroDetectionWorker( 4493): #onError(false)
08-12 22:34:35.691 I/MicroDetectionWorker( 4493): #startMicroDetector [speakerMode: 0]
08-12 22:34:35.695 W/ErrorReporter( 4493): reportError [type: 211, code: 393244, bug: 0]: errorCode: 393244, engine: 0
08-12 22:34:35.698 I/MicroDetector( 4493): Keeping mic open: false
08-12 22:34:35.698 I/MicroDetectionWorker( 4493): #onError(false)
08-12 22:34:40.704 I/MicroDetectionWorker( 4493): #startMicroDetector [speakerMode: 0]
08-12 22:34:40.708 W/ErrorReporter( 4493): reportError [type: 211, code: 393244, bug: 0]: errorCode: 393244, engine: 0
08-12 22:34:40.711 I/MicroDetector( 4493): Keeping mic open: false
08-12 22:34:40.711 I/MicroDetectionWorker( 4493): #onError(false)
08-12 22:34:45.719 I/MicroDetectionWorker( 4493): #startMicroDetector [speakerMode: 0]
08-12 22:34:45.722 W/ErrorReporter( 4493): reportError [type: 211, code: 393244, bug: 0]: errorCode: 393244, engine: 0
08-12 22:34:45.724 I/MicroDetector( 4493): Keeping mic open: false
08-12 22:34:45.724 I/MicroDetectionWorker( 4493): #onError(false)
08-12 22:34:50.728 I/MicroDetectionWorker( 4493): #startMicroDetector [speakerMode: 0]
08-12 22:34:50.733 W/ErrorReporter( 4493): reportError [type: 211, code: 393244, bug: 0]: errorCode: 393244, engine: 0
08-12 22:34:50.734 I/MicroDetector( 4493): Keeping mic open: false
08-12 22:34:50.734 I/MicroDetectionWorker( 4493): #onError(false)
08-12 22:34:50.902 E/netmgr  ( 1874): Failed to open QEMU pipe 'qemud:network': Invalid argument
08-12 22:34:54.002 E/wifi_forwarder( 1876): RemoteConnection failed to initialize: RemoteConnection failed to open pipe
08-12 22:34:55.751 I/MicroDetectionWorker( 4493): #startMicroDetector [speakerMode: 0]
08-12 22:34:55.756 W/ErrorReporter( 4493): reportError [type: 211, code: 393244, bug: 0]: errorCode: 393244, engine: 0
08-12 22:34:55.757 I/MicroDetector( 4493): Keeping mic open: false
08-12 22:34:55.757 I/MicroDetectionWorker( 4493): #onError(false)
08-12 22:35:00.013 D/KeyguardClockSwitch( 2355): Updating clock: 2235
08-12 22:35:00.763 I/MicroDetectionWorker( 4493): #startMicroDetector [speakerMode: 0]
08-12 22:35:00.766 W/ErrorReporter( 4493): reportError [type: 211, code: 393244, bug: 0]: errorCode: 393244, engine: 0
08-12 22:35:00.771 I/MicroDetector( 4493): Keeping mic open: false
08-12 22:35:00.771 I/MicroDetectionWorker( 4493): #onError(false)
08-12 22:35:05.776 I/MicroDetectionWorker( 4493): #startMicroDetector [speakerMode: 0]
08-12 22:35:05.780 W/ErrorReporter( 4493): reportError [type: 211, code: 393244, bug: 0]: errorCode: 393244, engine: 0
08-12 22:35:05.781 I/MicroDetector( 4493): Keeping mic open: false
08-12 22:35:05.781 I/MicroDetectionWorker( 4493): #onError(false)
08-12 22:35:08.808 D/NetworkSecurityConfig(10875): No Network Security Config specified, using platform default
08-12 22:35:09.125 W/PlayCommon(10875): [689] PlayEventLogger.getAuthToken: No account for auth token provided
08-12 22:35:10.787 I/MicroDetectionWorker( 4493): #startMicroDetector [speakerMode: 0]
08-12 22:35:10.791 W/ErrorReporter( 4493): reportError [type: 211, code: 393244, bug: 0]: errorCode: 393244, engine: 0
08-12 22:35:10.794 I/MicroDetector( 4493): Keeping mic open: false
08-12 22:35:10.794 I/MicroDetectionWorker( 4493): #onError(false)
08-12 22:35:15.804 I/MicroDetectionWorker( 4493): #startMicroDetector [speakerMode: 0]
08-12 22:35:15.807 W/ErrorReporter( 4493): reportError [type: 211, code: 393244, bug: 0]: errorCode: 393244, engine: 0
08-12 22:35:15.809 I/MicroDetector( 4493): Keeping mic open: false
08-12 22:35:15.809 I/MicroDetectionWorker( 4493): #onError(false)
08-12 22:35:20.816 I/MicroDetectionWorker( 4493): #startMicroDetector [speakerMode: 0]
08-12 22:35:20.820 W/ErrorReporter( 4493): reportError [type: 211, code: 393244, bug: 0]: errorCode: 393244, engine: 0
08-12 22:35:20.821 I/MicroDetector( 4493): Keeping mic open: false
08-12 22:35:20.821 I/MicroDetectionWorker( 4493): #onError(false)
08-12 22:35:25.826 I/MicroDetectionWorker( 4493): #startMicroDetector [speakerMode: 0]
08-12 22:35:25.830 W/ErrorReporter( 4493): reportError [type: 211, code: 393244, bug: 0]: errorCode: 393244, engine: 0
08-12 22:35:25.833 I/MicroDetector( 4493): Keeping mic open: false
08-12 22:35:25.833 I/MicroDetectionWorker( 4493): #onError(false)
08-12 22:35:28.907 W/m.android.phon( 2639): Reducing the number of considered missed Gc histogram windows from 122 to 100
08-12 22:35:30.839 I/MicroDetectionWorker( 4493): #startMicroDetector [speakerMode: 0]
08-12 22:35:30.844 W/ErrorReporter( 4493): reportError [type: 211, code: 393244, bug: 0]: errorCode: 393244, engine: 0
08-12 22:35:30.845 I/MicroDetector( 4493): Keeping mic open: false
08-12 22:35:30.845 I/MicroDetectionWorker( 4493): #onError(false)
08-12 22:35:35.850 I/MicroDetectionWorker( 4493): #startMicroDetector [speakerMode: 0]
08-12 22:35:35.855 W/ErrorReporter( 4493): reportError [type: 211, code: 393244, bug: 0]: errorCode: 393244, engine: 0
08-12 22:35:35.860 I/MicroDetector( 4493): Keeping mic open: false
08-12 22:35:35.860 I/MicroDetectionWorker( 4493): #onError(false)
08-12 22:35:40.865 I/MicroDetectionWorker( 4493): #startMicroDetector [speakerMode: 0]
08-12 22:35:40.872 W/ErrorReporter( 4493): reportError [type: 211, code: 393244, bug: 0]: errorCode: 393244, engine: 0
08-12 22:35:40.873 I/MicroDetector( 4493): Keeping mic open: false
08-12 22:35:40.873 I/MicroDetectionWorker( 4493): #onError(false)
08-12 22:35:45.879 I/MicroDetectionWorker( 4493): #startMicroDetector [speakerMode: 0]
08-12 22:35:45.883 W/ErrorReporter( 4493): reportError [type: 211, code: 393244, bug: 0]: errorCode: 393244, engine: 0
08-12 22:35:45.884 I/MicroDetector( 4493): Keeping mic open: false
08-12 22:35:45.885 I/MicroDetectionWorker( 4493): #onError(false)
08-12 22:35:50.890 I/MicroDetectionWorker( 4493): #startMicroDetector [speakerMode: 0]
08-12 22:35:50.902 W/ErrorReporter( 4493): reportError [type: 211, code: 393244, bug: 0]: errorCode: 393244, engine: 0
08-12 22:35:50.906 I/MicroDetector( 4493): Keeping mic open: false
08-12 22:35:50.906 I/MicroDetectionWorker( 4493): #onError(false)
08-12 22:35:50.935 E/netmgr  ( 1874): Failed to open QEMU pipe 'qemud:network': Invalid argument
08-12 22:35:54.056 E/wifi_forwarder( 1876): RemoteConnection failed to initialize: RemoteConnection failed to open pipe
08-12 22:35:55.911 I/MicroDetectionWorker( 4493): #startMicroDetector [speakerMode: 0]
08-12 22:35:55.915 W/ErrorReporter( 4493): reportError [type: 211, code: 393244, bug: 0]: errorCode: 393244, engine: 0
08-12 22:35:55.922 I/MicroDetector( 4493): Keeping mic open: false
08-12 22:35:55.922 I/MicroDetectionWorker( 4493): #onError(false)
08-12 22:36:00.011 D/KeyguardClockSwitch( 2355): Updating clock: 2236
08-12 22:36:00.928 I/MicroDetectionWorker( 4493): #startMicroDetector [speakerMode: 0]
08-12 22:36:00.935 W/ErrorReporter( 4493): reportError [type: 211, code: 393244, bug: 0]: errorCode: 393244, engine: 0
08-12 22:36:00.936 I/MicroDetector( 4493): Keeping mic open: false
08-12 22:36:00.936 I/MicroDetectionWorker( 4493): #onError(false)
08-12 22:36:05.943 I/MicroDetectionWorker( 4493): #startMicroDetector [speakerMode: 0]
08-12 22:36:05.946 W/ErrorReporter( 4493): reportError [type: 211, code: 393244, bug: 0]: errorCode: 393244, engine: 0
08-12 22:36:05.947 I/MicroDetector( 4493): Keeping mic open: false
08-12 22:36:05.951 I/MicroDetectionWorker( 4493): #onError(false)
08-12 22:36:10.955 I/MicroDetectionWorker( 4493): #startMicroDetector [speakerMode: 0]
08-12 22:36:10.960 W/ErrorReporter( 4493): reportError [type: 211, code: 393244, bug: 0]: errorCode: 393244, engine: 0
08-12 22:36:10.961 I/MicroDetector( 4493): Keeping mic open: false
08-12 22:36:10.961 I/MicroDetectionWorker( 4493): #onError(false)
08-12 22:36:12.889 D/WificondControl( 2075): Scan result ready event
08-12 22:36:15.967 I/MicroDetectionWorker( 4493): #startMicroDetector [speakerMode: 0]
08-12 22:36:15.971 W/ErrorReporter( 4493): reportError [type: 211, code: 393244, bug: 0]: errorCode: 393244, engine: 0
08-12 22:36:15.972 I/MicroDetector( 4493): Keeping mic open: false
08-12 22:36:15.972 I/MicroDetectionWorker( 4493): #onError(false)
08-12 22:36:20.979 I/MicroDetectionWorker( 4493): #startMicroDetector [speakerMode: 0]
08-12 22:36:20.985 W/ErrorReporter( 4493): reportError [type: 211, code: 393244, bug: 0]: errorCode: 393244, engine: 0
08-12 22:36:20.990 I/MicroDetector( 4493): Keeping mic open: false
08-12 22:36:20.990 I/MicroDetectionWorker( 4493): #onError(false)
08-12 22:36:25.995 I/MicroDetectionWorker( 4493): #startMicroDetector [speakerMode: 0]
08-12 22:36:25.999 W/ErrorReporter( 4493): reportError [type: 211, code: 393244, bug: 0]: errorCode: 393244, engine: 0
08-12 22:36:26.004 I/MicroDetector( 4493): Keeping mic open: false
08-12 22:36:26.004 I/MicroDetectionWorker( 4493): #onError(false)
08-12 22:36:31.011 I/MicroDetectionWorker( 4493): #startMicroDetector [speakerMode: 0]
08-12 22:36:31.015 W/ErrorReporter( 4493): reportError [type: 211, code: 393244, bug: 0]: errorCode: 393244, engine: 0
08-12 22:36:31.018 I/MicroDetector( 4493): Keeping mic open: false
08-12 22:36:31.018 I/MicroDetectionWorker( 4493): #onError(false)
08-12 22:36:36.023 I/MicroDetectionWorker( 4493): #startMicroDetector [speakerMode: 0]
08-12 22:36:36.028 W/ErrorReporter( 4493): reportError [type: 211, code: 393244, bug: 0]: errorCode: 393244, engine: 0
08-12 22:36:36.029 I/MicroDetector( 4493): Keeping mic open: false
08-12 22:36:36.029 I/MicroDetectionWorker( 4493): #onError(false)
08-12 22:36:41.034 I/MicroDetectionWorker( 4493): #startMicroDetector [speakerMode: 0]
08-12 22:36:41.040 W/ErrorReporter( 4493): reportError [type: 211, code: 393244, bug: 0]: errorCode: 393244, engine: 0
08-12 22:36:41.044 I/MicroDetector( 4493): Keeping mic open: false
08-12 22:36:41.045 I/MicroDetectionWorker( 4493): #onError(false)
08-12 22:36:46.051 I/MicroDetectionWorker( 4493): #startMicroDetector [speakerMode: 0]
08-12 22:36:46.055 W/ErrorReporter( 4493): reportError [type: 211, code: 393244, bug: 0]: errorCode: 393244, engine: 0
08-12 22:36:46.060 I/MicroDetector( 4493): Keeping mic open: false
08-12 22:36:46.060 I/MicroDetectionWorker( 4493): #onError(false)
08-12 22:36:50.990 E/netmgr  ( 1874): Failed to open QEMU pipe 'qemud:network': Invalid argument
08-12 22:36:51.066 I/MicroDetectionWorker( 4493): #startMicroDetector [speakerMode: 0]
08-12 22:36:51.071 W/ErrorReporter( 4493): reportError [type: 211, code: 393244, bug: 0]: errorCode: 393244, engine: 0
08-12 22:36:51.072 I/MicroDetector( 4493): Keeping mic open: false
08-12 22:36:51.072 I/MicroDetectionWorker( 4493): #onError(false)
08-12 22:36:54.086 E/wifi_forwarder( 1876): RemoteConnection failed to initialize: RemoteConnection failed to open pipe
08-12 22:36:56.077 I/MicroDetectionWorker( 4493): #startMicroDetector [speakerMode: 0]
08-12 22:36:56.081 W/ErrorReporter( 4493): reportError [type: 211, code: 393244, bug: 0]: errorCode: 393244, engine: 0
08-12 22:36:56.086 I/MicroDetector( 4493): Keeping mic open: false
08-12 22:36:56.087 I/MicroDetectionWorker( 4493): #onError(false)
08-12 22:36:56.087 I/DeviceStateChecker( 4493): DeviceStateChecker cancelled
08-12 22:37:00.011 D/KeyguardClockSwitch( 2355): Updating clock: 2237
08-12 22:37:01.094 I/MicroDetectionWorker( 4493): #startMicroDetector [speakerMode: 0]
08-12 22:37:01.098 W/ErrorReporter( 4493): reportError [type: 211, code: 393244, bug: 0]: errorCode: 393244, engine: 0
08-12 22:37:01.109 I/MicroDetector( 4493): Keeping mic open: false
08-12 22:37:01.109 I/MicroDetectionWorker( 4493): #onError(false)
08-12 22:37:06.114 I/MicroDetectionWorker( 4493): #startMicroDetector [speakerMode: 0]
08-12 22:37:06.117 W/ErrorReporter( 4493): reportError [type: 211, code: 393244, bug: 0]: errorCode: 393244, engine: 0
08-12 22:37:06.118 I/MicroDetector( 4493): Keeping mic open: false
08-12 22:37:06.118 I/MicroDetectionWorker( 4493): #onError(false)
08-12 22:37:11.125 I/MicroDetectionWorker( 4493): #startMicroDetector [speakerMode: 0]
08-12 22:37:11.128 W/ErrorReporter( 4493): reportError [type: 211, code: 393244, bug: 0]: errorCode: 393244, engine: 0
08-12 22:37:11.134 I/MicroDetector( 4493): Keeping mic open: false
08-12 22:37:11.134 I/MicroDetectionWorker( 4493): #onError(false)
08-12 22:37:16.151 I/MicroDetectionWorker( 4493): #startMicroDetector [speakerMode: 0]
08-12 22:37:16.157 W/ErrorReporter( 4493): reportError [type: 211, code: 393244, bug: 0]: errorCode: 393244, engine: 0
08-12 22:37:16.158 I/MicroDetector( 4493): Keeping mic open: false
08-12 22:37:16.158 I/MicroDetectionWorker( 4493): #onError(false)
08-12 22:37:20.619 E/memtrack( 2075): Couldn't load memtrack module
08-12 22:37:20.619 W/android.os.Debug( 2075): failed to get memory consumption info: -1
08-12 22:37:21.164 I/MicroDetectionWorker( 4493): #startMicroDetector [speakerMode: 0]
08-12 22:37:21.167 W/ErrorReporter( 4493): reportError [type: 211, code: 393244, bug: 0]: errorCode: 393244, engine: 0
08-12 22:37:21.172 I/MicroDetector( 4493): Keeping mic open: false
08-12 22:37:21.172 I/MicroDetectionWorker( 4493): #onError(false)
08-12 22:37:26.177 I/MicroDetectionWorker( 4493): #startMicroDetector [speakerMode: 0]
08-12 22:37:26.181 W/ErrorReporter( 4493): reportError [type: 211, code: 393244, bug: 0]: errorCode: 393244, engine: 0
08-12 22:37:26.182 I/MicroDetector( 4493): Keeping mic open: false
08-12 22:37:26.183 I/MicroDetectionWorker( 4493): #onError(false)
08-12 22:37:31.186 I/MicroDetectionWorker( 4493): #startMicroDetector [speakerMode: 0]
08-12 22:37:31.190 W/ErrorReporter( 4493): reportError [type: 211, code: 393244, bug: 0]: errorCode: 393244, engine: 0
08-12 22:37:31.190 I/MicroDetector( 4493): Keeping mic open: false
08-12 22:37:31.190 I/MicroDetectionWorker( 4493): #onError(false)
08-12 22:37:36.194 I/MicroDetectionWorker( 4493): #startMicroDetector [speakerMode: 0]
08-12 22:37:36.198 W/ErrorReporter( 4493): reportError [type: 211, code: 393244, bug: 0]: errorCode: 393244, engine: 0
08-12 22:37:36.209 I/MicroDetector( 4493): Keeping mic open: false
08-12 22:37:36.210 I/MicroDetectionWorker( 4493): #onError(false)
08-12 22:37:41.215 I/MicroDetectionWorker( 4493): #startMicroDetector [speakerMode: 0]
08-12 22:37:41.218 W/ErrorReporter( 4493): reportError [type: 211, code: 393244, bug: 0]: errorCode: 393244, engine: 0
08-12 22:37:41.222 I/MicroDetector( 4493): Keeping mic open: false
08-12 22:37:41.222 I/MicroDetectionWorker( 4493): #onError(false)
08-12 22:37:46.227 I/MicroDetectionWorker( 4493): #startMicroDetector [speakerMode: 0]
08-12 22:37:46.230 W/ErrorReporter( 4493): reportError [type: 211, code: 393244, bug: 0]: errorCode: 393244, engine: 0
08-12 22:37:46.235 I/MicroDetector( 4493): Keeping mic open: false
08-12 22:37:46.236 I/MicroDetectionWorker( 4493): #onError(false)
08-12 22:37:51.019 E/netmgr  ( 1874): Failed to open QEMU pipe 'qemud:network': Invalid argument
08-12 22:37:51.244 I/MicroDetectionWorker( 4493): #startMicroDetector [speakerMode: 0]
08-12 22:37:51.253 W/ErrorReporter( 4493): reportError [type: 211, code: 393244, bug: 0]: errorCode: 393244, engine: 0
08-12 22:37:51.254 I/MicroDetector( 4493): Keeping mic open: false
08-12 22:37:51.254 I/MicroDetectionWorker( 4493): #onError(false)
08-12 22:37:54.103 E/wifi_forwarder( 1876): RemoteConnection failed to initialize: RemoteConnection failed to open pipe
08-12 22:37:56.260 I/MicroDetectionWorker( 4493): #startMicroDetector [speakerMode: 0]
08-12 22:37:56.265 W/ErrorReporter( 4493): reportError [type: 211, code: 393244, bug: 0]: errorCode: 393244, engine: 0
08-12 22:37:56.266 I/MicroDetector( 4493): Keeping mic open: false
08-12 22:37:56.266 I/MicroDetectionWorker( 4493): #onError(false)
08-12 22:38:00.011 D/KeyguardClockSwitch( 2355): Updating clock: 2238
08-12 22:38:01.272 I/MicroDetectionWorker( 4493): #startMicroDetector [speakerMode: 0]
08-12 22:38:01.277 W/ErrorReporter( 4493): reportError [type: 211, code: 393244, bug: 0]: errorCode: 393244, engine: 0
08-12 22:38:01.278 I/MicroDetector( 4493): Keeping mic open: false
08-12 22:38:01.280 I/MicroDetectionWorker( 4493): #onError(false)
08-12 22:38:06.286 I/MicroDetectionWorker( 4493): #startMicroDetector [speakerMode: 0]
08-12 22:38:06.290 W/ErrorReporter( 4493): reportError [type: 211, code: 393244, bug: 0]: errorCode: 393244, engine: 0
08-12 22:38:06.294 I/MicroDetector( 4493): Keeping mic open: false
08-12 22:38:06.295 I/MicroDetectionWorker( 4493): #onError(false)
08-12 22:38:11.300 I/MicroDetectionWorker( 4493): #startMicroDetector [speakerMode: 0]
08-12 22:38:11.304 W/ErrorReporter( 4493): reportError [type: 211, code: 393244, bug: 0]: errorCode: 393244, engine: 0
08-12 22:38:11.305 I/MicroDetector( 4493): Keeping mic open: false
08-12 22:38:11.305 I/MicroDetectionWorker( 4493): #onError(false)
08-12 22:38:16.311 I/MicroDetectionWorker( 4493): #startMicroDetector [speakerMode: 0]
08-12 22:38:16.314 W/ErrorReporter( 4493): reportError [type: 211, code: 393244, bug: 0]: errorCode: 393244, engine: 0
08-12 22:38:16.315 I/MicroDetector( 4493): Keeping mic open: false
08-12 22:38:16.315 I/MicroDetectionWorker( 4493): #onError(false)
08-12 22:38:21.321 I/MicroDetectionWorker( 4493): #startMicroDetector [speakerMode: 0]
08-12 22:38:21.326 W/ErrorReporter( 4493): reportError [type: 211, code: 393244, bug: 0]: errorCode: 393244, engine: 0
08-12 22:38:21.327 I/MicroDetector( 4493): Keeping mic open: false
08-12 22:38:21.327 I/MicroDetectionWorker( 4493): #onError(false)
08-12 22:38:26.332 I/MicroDetectionWorker( 4493): #startMicroDetector [speakerMode: 0]
08-12 22:38:26.338 W/ErrorReporter( 4493): reportError [type: 211, code: 393244, bug: 0]: errorCode: 393244, engine: 0
08-12 22:38:26.339 I/MicroDetector( 4493): Keeping mic open: false
08-12 22:38:26.339 I/MicroDetectionWorker( 4493): #onError(false)
08-12 22:38:31.344 I/MicroDetectionWorker( 4493): #startMicroDetector [speakerMode: 0]
08-12 22:38:31.350 W/ErrorReporter( 4493): reportError [type: 211, code: 393244, bug: 0]: errorCode: 393244, engine: 0
08-12 22:38:31.351 I/MicroDetector( 4493): Keeping mic open: false
08-12 22:38:31.351 I/MicroDetectionWorker( 4493): #onError(false)
08-12 22:38:36.356 I/MicroDetectionWorker( 4493): #startMicroDetector [speakerMode: 0]
08-12 22:38:36.362 W/ErrorReporter( 4493): reportError [type: 211, code: 393244, bug: 0]: errorCode: 393244, engine: 0
08-12 22:38:36.363 I/MicroDetector( 4493): Keeping mic open: false
08-12 22:38:36.363 I/MicroDetectionWorker( 4493): #onError(false)
08-12 22:38:36.835 I/UsageStatsService( 2075): User[0] Flushing usage stats to disk
08-12 22:38:36.873 E/AppIdleHistory( 2075): Error writing app idle file for user 0
08-12 22:38:41.368 I/MicroDetectionWorker( 4493): #startMicroDetector [speakerMode: 0]
08-12 22:38:41.374 W/ErrorReporter( 4493): reportError [type: 211, code: 393244, bug: 0]: errorCode: 393244, engine: 0
08-12 22:38:41.375 I/MicroDetector( 4493): Keeping mic open: false
08-12 22:38:41.375 I/MicroDetectionWorker( 4493): #onError(false)
08-12 22:38:46.381 I/MicroDetectionWorker( 4493): #startMicroDetector [speakerMode: 0]
08-12 22:38:46.386 W/ErrorReporter( 4493): reportError [type: 211, code: 393244, bug: 0]: errorCode: 393244, engine: 0
08-12 22:38:46.390 I/MicroDetector( 4493): Keeping mic open: false
08-12 22:38:46.391 I/MicroDetectionWorker( 4493): #onError(false)
08-12 22:38:51.079 E/netmgr  ( 1874): Failed to open QEMU pipe 'qemud:network': Invalid argument
08-12 22:38:51.396 I/MicroDetectionWorker( 4493): #startMicroDetector [speakerMode: 0]
08-12 22:38:51.401 W/ErrorReporter( 4493): reportError [type: 211, code: 393244, bug: 0]: errorCode: 393244, engine: 0
08-12 22:38:51.402 I/MicroDetector( 4493): Keeping mic open: false
08-12 22:38:51.402 I/MicroDetectionWorker( 4493): #onError(false)
08-12 22:38:54.151 E/wifi_forwarder( 1876): RemoteConnection failed to initialize: RemoteConnection failed to open pipe
08-12 22:38:56.408 I/MicroDetectionWorker( 4493): #startMicroDetector [speakerMode: 0]
08-12 22:38:56.413 W/ErrorReporter( 4493): reportError [type: 211, code: 393244, bug: 0]: errorCode: 393244, engine: 0
08-12 22:38:56.414 I/MicroDetector( 4493): Keeping mic open: false
08-12 22:38:56.414 I/MicroDetectionWorker( 4493): #onError(false)
08-12 22:39:00.010 D/KeyguardClockSwitch( 2355): Updating clock: 2239
08-12 22:39:01.418 I/MicroDetectionWorker( 4493): #startMicroDetector [speakerMode: 0]
08-12 22:39:01.422 W/ErrorReporter( 4493): reportError [type: 211, code: 393244, bug: 0]: errorCode: 393244, engine: 0
08-12 22:39:01.425 I/MicroDetector( 4493): Keeping mic open: false
08-12 22:39:01.425 I/MicroDetectionWorker( 4493): #onError(false)
08-12 22:39:06.431 I/MicroDetectionWorker( 4493): #startMicroDetector [speakerMode: 0]
08-12 22:39:06.439 W/ErrorReporter( 4493): reportError [type: 211, code: 393244, bug: 0]: errorCode: 393244, engine: 0
08-12 22:39:06.440 I/MicroDetector( 4493): Keeping mic open: false
08-12 22:39:06.441 I/MicroDetectionWorker( 4493): #onError(false)
08-12 22:39:09.588 E/memtrack( 2075): Couldn't load memtrack module
08-12 22:39:09.588 W/android.os.Debug( 2075): failed to get memory consumption info: -1
08-12 22:39:09.595 E/memtrack( 2075): Couldn't load memtrack module
08-12 22:39:09.595 W/android.os.Debug( 2075): failed to get memory consumption info: -1
08-12 22:39:11.446 I/MicroDetectionWorker( 4493): #startMicroDetector [speakerMode: 0]
08-12 22:39:11.454 W/ErrorReporter( 4493): reportError [type: 211, code: 393244, bug: 0]: errorCode: 393244, engine: 0
08-12 22:39:11.460 I/MicroDetector( 4493): Keeping mic open: false
08-12 22:39:11.460 I/MicroDetectionWorker( 4493): #onError(false)
08-12 22:39:13.509 D/WificondControl( 2075): Scan result ready event
08-12 22:39:16.465 I/MicroDetectionWorker( 4493): #startMicroDetector [speakerMode: 0]
08-12 22:39:16.473 W/ErrorReporter( 4493): reportError [type: 211, code: 393244, bug: 0]: errorCode: 393244, engine: 0
08-12 22:39:16.474 I/MicroDetector( 4493): Keeping mic open: false
08-12 22:39:16.474 I/MicroDetectionWorker( 4493): #onError(false)
08-12 22:39:21.479 I/MicroDetectionWorker( 4493): #startMicroDetector [speakerMode: 0]
08-12 22:39:21.483 W/ErrorReporter( 4493): reportError [type: 211, code: 393244, bug: 0]: errorCode: 393244, engine: 0
08-12 22:39:21.487 I/MicroDetector( 4493): Keeping mic open: false
08-12 22:39:21.487 I/MicroDetectionWorker( 4493): #onError(false)
08-12 22:39:26.492 I/MicroDetectionWorker( 4493): #startMicroDetector [speakerMode: 0]
08-12 22:39:26.496 W/ErrorReporter( 4493): reportError [type: 211, code: 393244, bug: 0]: errorCode: 393244, engine: 0
08-12 22:39:26.501 I/MicroDetector( 4493): Keeping mic open: false
08-12 22:39:26.506 I/MicroDetectionWorker( 4493): #onError(false)
08-12 22:39:31.511 I/MicroDetectionWorker( 4493): #startMicroDetector [speakerMode: 0]
08-12 22:39:31.518 W/ErrorReporter( 4493): reportError [type: 211, code: 393244, bug: 0]: errorCode: 393244, engine: 0
08-12 22:39:31.523 I/MicroDetector( 4493): Keeping mic open: false
08-12 22:39:31.523 I/MicroDetectionWorker( 4493): #onError(false)
08-12 22:39:36.528 I/MicroDetectionWorker( 4493): #startMicroDetector [speakerMode: 0]
08-12 22:39:36.533 W/ErrorReporter( 4493): reportError [type: 211, code: 393244, bug: 0]: errorCode: 393244, engine: 0
08-12 22:39:36.534 I/MicroDetector( 4493): Keeping mic open: false
08-12 22:39:36.534 I/MicroDetectionWorker( 4493): #onError(false)
08-12 22:39:41.539 I/MicroDetectionWorker( 4493): #startMicroDetector [speakerMode: 0]
08-12 22:39:41.546 W/ErrorReporter( 4493): reportError [type: 211, code: 393244, bug: 0]: errorCode: 393244, engine: 0
08-12 22:39:41.547 I/MicroDetector( 4493): Keeping mic open: false
08-12 22:39:41.547 I/MicroDetectionWorker( 4493): #onError(false)
08-12 22:39:45.224 E/memtrack( 2075): Couldn't load memtrack module
08-12 22:39:45.224 W/android.os.Debug( 2075): failed to get memory consumption info: -1
08-12 22:39:46.551 I/MicroDetectionWorker( 4493): #startMicroDetector [speakerMode: 0]
08-12 22:39:46.556 W/ErrorReporter( 4493): reportError [type: 211, code: 393244, bug: 0]: errorCode: 393244, engine: 0
08-12 22:39:46.557 I/MicroDetector( 4493): Keeping mic open: false
08-12 22:39:46.557 I/MicroDetectionWorker( 4493): #onError(false)
08-12 22:39:51.136 E/netmgr  ( 1874): Failed to open QEMU pipe 'qemud:network': Invalid argument
08-12 22:39:51.563 I/MicroDetectionWorker( 4493): #startMicroDetector [speakerMode: 0]
08-12 22:39:51.566 W/ErrorReporter( 4493): reportError [type: 211, code: 393244, bug: 0]: errorCode: 393244, engine: 0
08-12 22:39:51.571 I/MicroDetector( 4493): Keeping mic open: false
08-12 22:39:51.571 I/MicroDetectionWorker( 4493): #onError(false)
08-12 22:39:54.186 E/wifi_forwarder( 1876): RemoteConnection failed to initialize: RemoteConnection failed to open pipe
08-12 22:39:56.577 I/MicroDetectionWorker( 4493): #startMicroDetector [speakerMode: 0]
08-12 22:39:56.580 W/ErrorReporter( 4493): reportError [type: 211, code: 393244, bug: 0]: errorCode: 393244, engine: 0
08-12 22:39:56.584 I/MicroDetector( 4493): Keeping mic open: false
08-12 22:39:56.584 I/MicroDetectionWorker( 4493): #onError(false)
08-12 22:40:00.011 D/KeyguardClockSwitch( 2355): Updating clock: 2240
08-12 22:40:01.591 I/MicroDetectionWorker( 4493): #startMicroDetector [speakerMode: 0]
08-12 22:40:01.595 W/ErrorReporter( 4493): reportError [type: 211, code: 393244, bug: 0]: errorCode: 393244, engine: 0
08-12 22:40:01.599 I/MicroDetector( 4493): Keeping mic open: false
08-12 22:40:01.599 I/MicroDetectionWorker( 4493): #onError(false)
08-12 22:40:06.605 I/MicroDetectionWorker( 4493): #startMicroDetector [speakerMode: 0]
08-12 22:40:06.610 W/ErrorReporter( 4493): reportError [type: 211, code: 393244, bug: 0]: errorCode: 393244, engine: 0
08-12 22:40:06.611 I/MicroDetector( 4493): Keeping mic open: false
08-12 22:40:06.611 I/MicroDetectionWorker( 4493): #onError(false)
08-12 22:40:11.617 I/MicroDetectionWorker( 4493): #startMicroDetector [speakerMode: 0]
08-12 22:40:11.621 W/ErrorReporter( 4493): reportError [type: 211, code: 393244, bug: 0]: errorCode: 393244, engine: 0
08-12 22:40:11.625 I/MicroDetector( 4493): Keeping mic open: false
08-12 22:40:11.625 I/MicroDetectionWorker( 4493): #onError(false)
08-12 22:40:16.630 I/MicroDetectionWorker( 4493): #startMicroDetector [speakerMode: 0]
08-12 22:40:16.633 W/ErrorReporter( 4493): reportError [type: 211, code: 393244, bug: 0]: errorCode: 393244, engine: 0
08-12 22:40:16.638 I/MicroDetector( 4493): Keeping mic open: false
08-12 22:40:16.638 I/MicroDetectionWorker( 4493): #onError(false)
08-12 22:40:21.645 I/MicroDetectionWorker( 4493): #startMicroDetector [speakerMode: 0]
08-12 22:40:21.648 W/ErrorReporter( 4493): reportError [type: 211, code: 393244, bug: 0]: errorCode: 393244, engine: 0
08-12 22:40:21.656 I/MicroDetector( 4493): Keeping mic open: false
08-12 22:40:21.656 I/MicroDetectionWorker( 4493): #onError(false)
08-12 22:40:26.662 I/MicroDetectionWorker( 4493): #startMicroDetector [speakerMode: 0]
08-12 22:40:26.667 W/ErrorReporter( 4493): reportError [type: 211, code: 393244, bug: 0]: errorCode: 393244, engine: 0
08-12 22:40:26.668 I/MicroDetector( 4493): Keeping mic open: false
08-12 22:40:26.668 I/MicroDetectionWorker( 4493): #onError(false)
08-12 22:40:31.674 I/MicroDetectionWorker( 4493): #startMicroDetector [speakerMode: 0]
08-12 22:40:31.677 W/ErrorReporter( 4493): reportError [type: 211, code: 393244, bug: 0]: errorCode: 393244, engine: 0
08-12 22:40:31.681 I/MicroDetector( 4493): Keeping mic open: false
08-12 22:40:31.681 I/MicroDetectionWorker( 4493): #onError(false)
08-12 22:40:32.789 I/Places  ( 6047): Converted 0 out of 1 WiFi scans
08-12 22:40:32.810 I/Places  ( 6047): ?: Couldn't find platform key file.
08-12 22:40:32.814 E/memtrack( 2075): Couldn't load memtrack module
08-12 22:40:32.814 W/android.os.Debug( 2075): failed to get memory consumption info: -1
08-12 22:40:32.823 I/Places  ( 6047): ?: Couldn't find platform key file.
08-12 22:40:32.841 I/Places  ( 6047): ?: Couldn't find platform key file.
08-12 22:40:32.855 E/memtrack( 2075): Couldn't load memtrack module
08-12 22:40:32.855 W/android.os.Debug( 2075): failed to get memory consumption info: -1
08-12 22:40:32.883 I/PlaceInferenceEngine( 6047): No beacon scan available - ignoring candidates.
08-12 22:40:32.890 E/memtrack( 2075): Couldn't load memtrack module
08-12 22:40:32.890 W/android.os.Debug( 2075): failed to get memory consumption info: -1
08-12 22:40:32.897 I/Places  ( 6047): ?: Couldn't find platform key file.
08-12 22:40:32.931 E/memtrack( 2075): Couldn't load memtrack module
08-12 22:40:32.931 W/android.os.Debug( 2075): failed to get memory consumption info: -1
08-12 22:40:32.939 E/memtrack( 2075): Couldn't load memtrack module
08-12 22:40:32.939 W/android.os.Debug( 2075): failed to get memory consumption info: -1
08-12 22:40:32.946 E/memtrack( 2075): Couldn't load memtrack module
08-12 22:40:32.946 W/android.os.Debug( 2075): failed to get memory consumption info: -1
08-12 22:40:32.953 E/memtrack( 2075): Couldn't load memtrack module
08-12 22:40:32.953 W/android.os.Debug( 2075): failed to get memory consumption info: -1
08-12 22:40:32.965 I/Places  ( 6047): ?: Couldn't find platform key file.
08-12 22:40:36.687 I/MicroDetectionWorker( 4493): #startMicroDetector [speakerMode: 0]
08-12 22:40:36.691 W/ErrorReporter( 4493): reportError [type: 211, code: 393244, bug: 0]: errorCode: 393244, engine: 0
08-12 22:40:36.692 I/MicroDetector( 4493): Keeping mic open: false
08-12 22:40:36.692 I/MicroDetectionWorker( 4493): #onError(false)
08-12 22:40:41.697 I/MicroDetectionWorker( 4493): #startMicroDetector [speakerMode: 0]
08-12 22:40:41.706 W/ErrorReporter( 4493): reportError [type: 211, code: 393244, bug: 0]: errorCode: 393244, engine: 0
08-12 22:40:41.710 I/MicroDetector( 4493): Keeping mic open: false
08-12 22:40:41.710 I/MicroDetectionWorker( 4493): #onError(false)
08-12 22:40:46.716 I/MicroDetectionWorker( 4493): #startMicroDetector [speakerMode: 0]
08-12 22:40:46.723 W/ErrorReporter( 4493): reportError [type: 211, code: 393244, bug: 0]: errorCode: 393244, engine: 0
08-12 22:40:46.724 I/MicroDetector( 4493): Keeping mic open: false
08-12 22:40:46.724 I/MicroDetectionWorker( 4493): #onError(false)
08-12 22:40:51.092 E/ResolverController( 1763): No valid NAT64 prefix (100, <unspecified>/0)
08-12 22:40:51.106 W/Conscrypt( 6047): Could not set socket write timeout: java.net.SocketException: Socket closed
08-12 22:40:51.106 W/Conscrypt( 6047): 	at com.google.android.gms.org.conscrypt.Platform.setSocketWriteTimeout(:com.google.android.gms@200414022@20.04.14 (040700-294335909):2)
08-12 22:40:51.106 W/Conscrypt( 6047): 	at com.google.android.gms.org.conscrypt.ConscryptFileDescriptorSocket.setSoWriteTimeout(:com.google.android.gms@200414022@20.04.14 (040700-294335909):0)
08-12 22:40:51.119 W/Conscrypt( 6047): Could not set socket write timeout: java.net.SocketException: Socket closed
08-12 22:40:51.119 W/Conscrypt( 6047): 	at com.google.android.gms.org.conscrypt.Platform.setSocketWriteTimeout(:com.google.android.gms@200414022@20.04.14 (040700-294335909):2)
08-12 22:40:51.119 W/Conscrypt( 6047): 	at com.google.android.gms.org.conscrypt.ConscryptFileDescriptorSocket.setSoWriteTimeout(:com.google.android.gms@200414022@20.04.14 (040700-294335909):0)
08-12 22:40:51.190 E/netmgr  ( 1874): Failed to open QEMU pipe 'qemud:network': Invalid argument
08-12 22:40:51.198 W/GLSUser ( 6047): [AppCertManager] Failed to get security token.
08-12 22:40:51.198 W/GLSUser ( 6047): java.io.IOException: INVALID_SENDER
08-12 22:40:51.198 W/GLSUser ( 6047): 	at adcc.b(:com.google.android.gms@200414022@20.04.14 (040700-294335909):24)
08-12 22:40:51.198 W/GLSUser ( 6047): 	at adcc.a(:com.google.android.gms@200414022@20.04.14 (040700-294335909):21)
08-12 22:40:51.198 W/GLSUser ( 6047): 	at adcc.a(:com.google.android.gms@200414022@20.04.14 (040700-294335909):11)
08-12 22:40:51.198 W/GLSUser ( 6047): 	at iko.a(:com.google.android.gms@200414022@20.04.14 (040700-294335909):16)
08-12 22:40:51.198 W/GLSUser ( 6047): 	at ikm.a(:com.google.android.gms@200414022@20.04.14 (040700-294335909):42)
08-12 22:40:51.198 W/GLSUser ( 6047): 	at ikh.a(:com.google.android.gms@200414022@20.04.14 (040700-294335909):0)
08-12 22:40:51.198 W/GLSUser ( 6047): 	at ikk.a(:com.google.android.gms@200414022@20.04.14 (040700-294335909):10)
08-12 22:40:51.198 W/GLSUser ( 6047): 	at gyc.call(:com.google.android.gms@200414022@20.04.14 (040700-294335909):9)
08-12 22:40:51.198 W/GLSUser ( 6047): 	at java.util.concurrent.FutureTask.run(FutureTask.java:266)
08-12 22:40:51.198 W/GLSUser ( 6047): 	at srw.b(:com.google.android.gms@200414022@20.04.14 (040700-294335909):14)
08-12 22:40:51.198 W/GLSUser ( 6047): 	at srw.run(:com.google.android.gms@200414022@20.04.14 (040700-294335909):2)
08-12 22:40:51.198 W/GLSUser ( 6047): 	at java.util.concurrent.ThreadPoolExecutor.runWorker(ThreadPoolExecutor.java:1167)
08-12 22:40:51.198 W/GLSUser ( 6047): 	at java.util.concurrent.ThreadPoolExecutor$Worker.run(ThreadPoolExecutor.java:641)
08-12 22:40:51.198 W/GLSUser ( 6047): 	at sxw.run(:com.google.android.gms@200414022@20.04.14 (040700-294335909):0)
08-12 22:40:51.198 W/GLSUser ( 6047): 	at java.lang.Thread.run(Thread.java:919)
08-12 22:40:51.260 W/Conscrypt( 6047): Could not set socket write timeout: java.net.SocketException: Socket closed
08-12 22:40:51.260 W/Conscrypt( 6047): 	at com.google.android.gms.org.conscrypt.Platform.setSocketWriteTimeout(:com.google.android.gms@200414022@20.04.14 (040700-294335909):2)
08-12 22:40:51.260 W/Conscrypt( 6047): 	at com.google.android.gms.org.conscrypt.ConscryptFileDescriptorSocket.setSoWriteTimeout(:com.google.android.gms@200414022@20.04.14 (040700-294335909):0)
08-12 22:40:51.276 W/Conscrypt( 6047): Could not set socket write timeout: java.net.SocketException: Socket closed
08-12 22:40:51.276 W/Conscrypt( 6047): 	at com.google.android.gms.org.conscrypt.Platform.setSocketWriteTimeout(:com.google.android.gms@200414022@20.04.14 (040700-294335909):2)
08-12 22:40:51.276 W/Conscrypt( 6047): 	at com.google.android.gms.org.conscrypt.ConscryptFileDescriptorSocket.setSoWriteTimeout(:com.google.android.gms@200414022@20.04.14 (040700-294335909):0)
08-12 22:40:51.338 W/GLSUser ( 6047): [AppCertManager] IOException while requesting key: 
08-12 22:40:51.338 W/GLSUser ( 6047): java.io.IOException: Invalid device key response.
08-12 22:40:51.338 W/GLSUser ( 6047): 	at iko.a(:com.google.android.gms@200414022@20.04.14 (040700-294335909):50)
08-12 22:40:51.338 W/GLSUser ( 6047): 	at ikm.a(:com.google.android.gms@200414022@20.04.14 (040700-294335909):42)
08-12 22:40:51.338 W/GLSUser ( 6047): 	at ikh.a(:com.google.android.gms@200414022@20.04.14 (040700-294335909):0)
08-12 22:40:51.338 W/GLSUser ( 6047): 	at ikk.a(:com.google.android.gms@200414022@20.04.14 (040700-294335909):10)
08-12 22:40:51.338 W/GLSUser ( 6047): 	at gyc.call(:com.google.android.gms@200414022@20.04.14 (040700-294335909):9)
08-12 22:40:51.338 W/GLSUser ( 6047): 	at java.util.concurrent.FutureTask.run(FutureTask.java:266)
08-12 22:40:51.338 W/GLSUser ( 6047): 	at srw.b(:com.google.android.gms@200414022@20.04.14 (040700-294335909):14)
08-12 22:40:51.338 W/GLSUser ( 6047): 	at srw.run(:com.google.android.gms@200414022@20.04.14 (040700-294335909):2)
08-12 22:40:51.338 W/GLSUser ( 6047): 	at java.util.concurrent.ThreadPoolExecutor.runWorker(ThreadPoolExecutor.java:1167)
08-12 22:40:51.338 W/GLSUser ( 6047): 	at java.util.concurrent.ThreadPoolExecutor$Worker.run(ThreadPoolExecutor.java:641)
08-12 22:40:51.338 W/GLSUser ( 6047): 	at sxw.run(:com.google.android.gms@200414022@20.04.14 (040700-294335909):0)
08-12 22:40:51.338 W/GLSUser ( 6047): 	at java.lang.Thread.run(Thread.java:919)
08-12 22:40:51.729 I/MicroDetectionWorker( 4493): #startMicroDetector [speakerMode: 0]
08-12 22:40:51.734 W/ErrorReporter( 4493): reportError [type: 211, code: 393244, bug: 0]: errorCode: 393244, engine: 0
08-12 22:40:51.735 I/MicroDetector( 4493): Keeping mic open: false
08-12 22:40:51.735 I/MicroDetectionWorker( 4493): #onError(false)
08-12 22:40:54.203 E/wifi_forwarder( 1876): RemoteConnection failed to initialize: RemoteConnection failed to open pipe
08-12 22:40:56.741 I/MicroDetectionWorker( 4493): #startMicroDetector [speakerMode: 0]
08-12 22:40:56.744 W/ErrorReporter( 4493): reportError [type: 211, code: 393244, bug: 0]: errorCode: 393244, engine: 0
08-12 22:40:56.745 I/MicroDetector( 4493): Keeping mic open: false
08-12 22:40:56.748 I/MicroDetectionWorker( 4493): #onError(false)
08-12 22:41:00.011 D/KeyguardClockSwitch( 2355): Updating clock: 2241
08-12 22:41:01.755 I/MicroDetectionWorker( 4493): #startMicroDetector [speakerMode: 0]
08-12 22:41:01.760 W/ErrorReporter( 4493): reportError [type: 211, code: 393244, bug: 0]: errorCode: 393244, engine: 0
08-12 22:41:01.761 I/MicroDetector( 4493): Keeping mic open: false
08-12 22:41:01.762 I/MicroDetectionWorker( 4493): #onError(false)
08-12 22:41:06.767 I/MicroDetectionWorker( 4493): #startMicroDetector [speakerMode: 0]
08-12 22:41:06.771 W/ErrorReporter( 4493): reportError [type: 211, code: 393244, bug: 0]: errorCode: 393244, engine: 0
08-12 22:41:06.775 I/MicroDetector( 4493): Keeping mic open: false
08-12 22:41:06.775 I/MicroDetectionWorker( 4493): #onError(false)
08-12 22:41:07.948 E/memtrack( 2075): Couldn't load memtrack module
08-12 22:41:07.948 W/android.os.Debug( 2075): failed to get memory consumption info: -1
08-12 22:41:11.781 I/MicroDetectionWorker( 4493): #startMicroDetector [speakerMode: 0]
08-12 22:41:11.785 W/ErrorReporter( 4493): reportError [type: 211, code: 393244, bug: 0]: errorCode: 393244, engine: 0
08-12 22:41:11.792 I/MicroDetector( 4493): Keeping mic open: false
08-12 22:41:11.792 I/MicroDetectionWorker( 4493): #onError(false)
08-12 22:41:16.797 I/MicroDetectionWorker( 4493): #startMicroDetector [speakerMode: 0]
08-12 22:41:16.806 W/ErrorReporter( 4493): reportError [type: 211, code: 393244, bug: 0]: errorCode: 393244, engine: 0
08-12 22:41:16.807 I/MicroDetector( 4493): Keeping mic open: false
08-12 22:41:16.807 I/MicroDetectionWorker( 4493): #onError(false)
08-12 22:41:21.812 I/MicroDetectionWorker( 4493): #startMicroDetector [speakerMode: 0]
08-12 22:41:21.816 W/ErrorReporter( 4493): reportError [type: 211, code: 393244, bug: 0]: errorCode: 393244, engine: 0
08-12 22:41:21.821 I/MicroDetector( 4493): Keeping mic open: false
08-12 22:41:21.821 I/MicroDetectionWorker( 4493): #onError(false)
08-12 22:41:26.827 I/MicroDetectionWorker( 4493): #startMicroDetector [speakerMode: 0]
08-12 22:41:26.831 W/ErrorReporter( 4493): reportError [type: 211, code: 393244, bug: 0]: errorCode: 393244, engine: 0
08-12 22:41:26.834 I/MicroDetector( 4493): Keeping mic open: false
08-12 22:41:26.836 I/MicroDetectionWorker( 4493): #onError(false)
08-12 22:41:31.841 I/MicroDetectionWorker( 4493): #startMicroDetector [speakerMode: 0]
08-12 22:41:31.853 W/ErrorReporter( 4493): reportError [type: 211, code: 393244, bug: 0]: errorCode: 393244, engine: 0
08-12 22:41:31.854 I/MicroDetector( 4493): Keeping mic open: false
08-12 22:41:31.855 I/MicroDetectionWorker( 4493): #onError(false)
08-12 22:41:36.857 I/MicroDetectionWorker( 4493): #startMicroDetector [speakerMode: 0]
08-12 22:41:36.859 W/ErrorReporter( 4493): reportError [type: 211, code: 393244, bug: 0]: errorCode: 393244, engine: 0
08-12 22:41:36.860 I/MicroDetector( 4493): Keeping mic open: false
08-12 22:41:36.860 I/MicroDetectionWorker( 4493): #onError(false)
08-12 22:41:41.865 I/MicroDetectionWorker( 4493): #startMicroDetector [speakerMode: 0]
08-12 22:41:41.873 W/ErrorReporter( 4493): reportError [type: 211, code: 393244, bug: 0]: errorCode: 393244, engine: 0
