08-12 22:05:35.334 I/MicroDetector( 4493): Keeping mic open: false
08-12 22:05:35.335 I/MicroDetectionWorker( 4493): #onError(false)
08-12 22:05:40.341 I/MicroDetectionWorker( 4493): #startMicroDetector [speakerMode: 0]
08-12 22:05:40.347 W/ErrorReporter( 4493): reportError [type: 211, code: 393244, bug: 0]: errorCode: 393244, engine: 0
08-12 22:05:40.348 I/MicroDetector( 4493): Keeping mic open: false
08-12 22:05:40.348 I/MicroDetectionWorker( 4493): #onError(false)
08-12 22:05:45.354 I/MicroDetectionWorker( 4493): #startMicroDetector [speakerMode: 0]
08-12 22:05:45.358 W/ErrorReporter( 4493): reportError [type: 211, code: 393244, bug: 0]: errorCode: 393244, engine: 0
08-12 22:05:45.359 I/MicroDetector( 4493): Keeping mic open: false
08-12 22:05:45.359 I/MicroDetectionWorker( 4493): #onError(false)
08-12 22:05:50.269 E/netmgr  ( 1874): Failed to open QEMU pipe 'qemud:network': Invalid argument
08-12 22:05:50.364 I/MicroDetectionWorker( 4493): #startMicroDetector [speakerMode: 0]
08-12 22:05:50.379 W/ErrorReporter( 4493): reportError [type: 211, code: 393244, bug: 0]: errorCode: 393244, engine: 0
08-12 22:05:50.384 I/MicroDetector( 4493): Keeping mic open: false
08-12 22:05:50.384 I/MicroDetectionWorker( 4493): #onError(false)
08-12 22:05:53.253 E/wifi_forwarder( 1876): RemoteConnection failed to initialize: RemoteConnection failed to open pipe
08-12 22:05:55.391 I/MicroDetectionWorker( 4493): #startMicroDetector [speakerMode: 0]
08-12 22:05:55.397 W/ErrorReporter( 4493): reportError [type: 211, code: 393244, bug: 0]: errorCode: 393244, engine: 0
08-12 22:05:55.398 I/MicroDetector( 4493): Keeping mic open: false
08-12 22:05:55.398 I/MicroDetectionWorker( 4493): #onError(false)
08-12 22:05:58.131 E/memtrack( 2075): Couldn't load memtrack module
08-12 22:05:58.131 W/android.os.Debug( 2075): failed to get memory consumption info: -1
08-12 22:06:00.014 D/KeyguardClockSwitch( 2355): Updating clock: 2206
08-12 22:06:00.408 I/MicroDetectionWorker( 4493): #startMicroDetector [speakerMode: 0]
08-12 22:06:00.415 W/ErrorReporter( 4493): reportError [type: 211, code: 393244, bug: 0]: errorCode: 393244, engine: 0
08-12 22:06:00.416 I/MicroDetector( 4493): Keeping mic open: false
08-12 22:06:00.416 I/MicroDetectionWorker( 4493): #onError(false)
08-12 22:06:02.020 D/WificondControl( 2075): Scan result ready event
08-12 22:06:05.422 I/MicroDetectionWorker( 4493): #startMicroDetector [speakerMode: 0]
08-12 22:06:05.426 W/ErrorReporter( 4493): reportError [type: 211, code: 393244, bug: 0]: errorCode: 393244, engine: 0
08-12 22:06:05.431 I/MicroDetector( 4493): Keeping mic open: false
08-12 22:06:05.432 I/MicroDetectionWorker( 4493): #onError(false)
08-12 22:06:10.439 I/MicroDetectionWorker( 4493): #startMicroDetector [speakerMode: 0]
08-12 22:06:10.443 W/ErrorReporter( 4493): reportError [type: 211, code: 393244, bug: 0]: errorCode: 393244, engine: 0
08-12 22:06:10.448 I/MicroDetector( 4493): Keeping mic open: false
08-12 22:06:10.448 I/MicroDetectionWorker( 4493): #onError(false)
08-12 22:06:13.756 E/memtrack( 2075): Couldn't load memtrack module
08-12 22:06:13.756 W/android.os.Debug( 2075): failed to get memory consumption info: -1
08-12 22:06:13.765 E/memtrack( 2075): Couldn't load memtrack module
08-12 22:06:13.765 W/android.os.Debug( 2075): failed to get memory consumption info: -1
08-12 22:06:13.774 E/memtrack( 2075): Couldn't load memtrack module
08-12 22:06:13.774 W/android.os.Debug( 2075): failed to get memory consumption info: -1
08-12 22:06:13.785 E/memtrack( 2075): Couldn't load memtrack module
08-12 22:06:13.785 W/android.os.Debug( 2075): failed to get memory consumption info: -1
08-12 22:06:13.793 E/memtrack( 2075): Couldn't load memtrack module
08-12 22:06:13.793 W/android.os.Debug( 2075): failed to get memory consumption info: -1
08-12 22:06:13.799 E/memtrack( 2075): Couldn't load memtrack module
08-12 22:06:13.799 W/android.os.Debug( 2075): failed to get memory consumption info: -1
08-12 22:06:15.455 I/MicroDetectionWorker( 4493): #startMicroDetector [speakerMode: 0]
08-12 22:06:15.459 W/ErrorReporter( 4493): reportError [type: 211, code: 393244, bug: 0]: errorCode: 393244, engine: 0
08-12 22:06:15.462 I/MicroDetector( 4493): Keeping mic open: false
08-12 22:06:15.462 I/MicroDetectionWorker( 4493): #onError(false)
08-12 22:06:20.468 I/MicroDetectionWorker( 4493): #startMicroDetector [speakerMode: 0]
08-12 22:06:20.477 W/ErrorReporter( 4493): reportError [type: 211, code: 393244, bug: 0]: errorCode: 393244, engine: 0
08-12 22:06:20.478 I/MicroDetector( 4493): Keeping mic open: false
08-12 22:06:20.478 I/MicroDetectionWorker( 4493): #onError(false)
08-12 22:06:25.484 I/MicroDetectionWorker( 4493): #startMicroDetector [speakerMode: 0]
08-12 22:06:25.489 W/ErrorReporter( 4493): reportError [type: 211, code: 393244, bug: 0]: errorCode: 393244, engine: 0
08-12 22:06:25.494 I/MicroDetector( 4493): Keeping mic open: false
08-12 22:06:25.494 I/MicroDetectionWorker( 4493): #onError(false)
08-12 22:06:30.501 I/MicroDetectionWorker( 4493): #startMicroDetector [speakerMode: 0]
08-12 22:06:30.505 W/ErrorReporter( 4493): reportError [type: 211, code: 393244, bug: 0]: errorCode: 393244, engine: 0
08-12 22:06:30.506 I/MicroDetector( 4493): Keeping mic open: false
08-12 22:06:30.511 I/MicroDetectionWorker( 4493): #onError(false)
08-12 22:06:35.521 I/MicroDetectionWorker( 4493): #startMicroDetector [speakerMode: 0]
08-12 22:06:35.528 W/ErrorReporter( 4493): reportError [type: 211, code: 393244, bug: 0]: errorCode: 393244, engine: 0
08-12 22:06:35.529 I/MicroDetector( 4493): Keeping mic open: false
08-12 22:06:35.529 I/MicroDetectionWorker( 4493): #onError(false)
08-12 22:06:40.536 I/MicroDetectionWorker( 4493): #startMicroDetector [speakerMode: 0]
08-12 22:06:40.544 W/ErrorReporter( 4493): reportError [type: 211, code: 393244, bug: 0]: errorCode: 393244, engine: 0
08-12 22:06:40.545 I/MicroDetector( 4493): Keeping mic open: false
08-12 22:06:40.545 I/MicroDetectionWorker( 4493): #onError(false)
08-12 22:06:45.552 I/MicroDetectionWorker( 4493): #startMicroDetector [speakerMode: 0]
08-12 22:06:45.558 W/ErrorReporter( 4493): reportError [type: 211, code: 393244, bug: 0]: errorCode: 393244, engine: 0
08-12 22:06:45.559 I/MicroDetector( 4493): Keeping mic open: false
08-12 22:06:45.559 I/MicroDetectionWorker( 4493): #onError(false)
08-12 22:06:50.319 E/netmgr  ( 1874): Failed to open QEMU pipe 'qemud:network': Invalid argument
08-12 22:06:50.565 I/MicroDetectionWorker( 4493): #startMicroDetector [speakerMode: 0]
08-12 22:06:50.571 W/ErrorReporter( 4493): reportError [type: 211, code: 393244, bug: 0]: errorCode: 393244, engine: 0
08-12 22:06:50.572 I/MicroDetector( 4493): Keeping mic open: false
08-12 22:06:50.572 I/MicroDetectionWorker( 4493): #onError(false)
08-12 22:06:53.269 E/wifi_forwarder( 1876): RemoteConnection failed to initialize: RemoteConnection failed to open pipe
08-12 22:06:55.578 I/MicroDetectionWorker( 4493): #startMicroDetector [speakerMode: 0]
08-12 22:06:55.584 W/ErrorReporter( 4493): reportError [type: 211, code: 393244, bug: 0]: errorCode: 393244, engine: 0
08-12 22:06:55.585 I/MicroDetector( 4493): Keeping mic open: false
08-12 22:06:55.585 I/MicroDetectionWorker( 4493): #onError(false)
08-12 22:07:00.012 D/KeyguardClockSwitch( 2355): Updating clock: 2207
08-12 22:07:00.590 I/MicroDetectionWorker( 4493): #startMicroDetector [speakerMode: 0]
08-12 22:07:00.594 W/ErrorReporter( 4493): reportError [type: 211, code: 393244, bug: 0]: errorCode: 393244, engine: 0
08-12 22:07:00.598 I/MicroDetector( 4493): Keeping mic open: false
08-12 22:07:00.599 I/MicroDetectionWorker( 4493): #onError(false)
08-12 22:07:05.606 I/MicroDetectionWorker( 4493): #startMicroDetector [speakerMode: 0]
08-12 22:07:05.611 W/ErrorReporter( 4493): reportError [type: 211, code: 393244, bug: 0]: errorCode: 393244, engine: 0
08-12 22:07:05.615 I/MicroDetector( 4493): Keeping mic open: false
08-12 22:07:05.615 I/MicroDetectionWorker( 4493): #onError(false)
08-12 22:07:10.624 I/MicroDetectionWorker( 4493): #startMicroDetector [speakerMode: 0]
08-12 22:07:10.628 W/ErrorReporter( 4493): reportError [type: 211, code: 393244, bug: 0]: errorCode: 393244, engine: 0
08-12 22:07:10.634 I/MicroDetector( 4493): Keeping mic open: false
08-12 22:07:10.634 I/MicroDetectionWorker( 4493): #onError(false)
08-12 22:07:15.641 I/MicroDetectionWorker( 4493): #startMicroDetector [speakerMode: 0]
08-12 22:07:15.645 W/ErrorReporter( 4493): reportError [type: 211, code: 393244, bug: 0]: errorCode: 393244, engine: 0
08-12 22:07:15.646 I/MicroDetector( 4493): Keeping mic open: false
08-12 22:07:15.646 I/MicroDetectionWorker( 4493): #onError(false)
08-12 22:07:19.466 E/memtrack( 2075): Couldn't load memtrack module
08-12 22:07:19.466 W/android.os.Debug( 2075): failed to get memory consumption info: -1
08-12 22:07:20.652 I/MicroDetectionWorker( 4493): #startMicroDetector [speakerMode: 0]
08-12 22:07:20.660 W/ErrorReporter( 4493): reportError [type: 211, code: 393244, bug: 0]: errorCode: 393244, engine: 0
08-12 22:07:20.661 I/MicroDetector( 4493): Keeping mic open: false
08-12 22:07:20.661 I/MicroDetectionWorker( 4493): #onError(false)
08-12 22:07:25.668 I/MicroDetectionWorker( 4493): #startMicroDetector [speakerMode: 0]
08-12 22:07:25.672 W/ErrorReporter( 4493): reportError [type: 211, code: 393244, bug: 0]: errorCode: 393244, engine: 0
08-12 22:07:25.673 I/MicroDetector( 4493): Keeping mic open: false
08-12 22:07:25.677 I/MicroDetectionWorker( 4493): #onError(false)
08-12 22:07:30.683 I/MicroDetectionWorker( 4493): #startMicroDetector [speakerMode: 0]
08-12 22:07:30.691 W/ErrorReporter( 4493): reportError [type: 211, code: 393244, bug: 0]: errorCode: 393244, engine: 0
08-12 22:07:30.692 I/MicroDetector( 4493): Keeping mic open: false
08-12 22:07:30.692 I/MicroDetectionWorker( 4493): #onError(false)
08-12 22:07:35.701 I/MicroDetectionWorker( 4493): #startMicroDetector [speakerMode: 0]
08-12 22:07:35.710 W/ErrorReporter( 4493): reportError [type: 211, code: 393244, bug: 0]: errorCode: 393244, engine: 0
08-12 22:07:35.711 I/MicroDetector( 4493): Keeping mic open: false
08-12 22:07:35.712 I/MicroDetectionWorker( 4493): #onError(false)
08-12 22:07:40.717 I/MicroDetectionWorker( 4493): #startMicroDetector [speakerMode: 0]
08-12 22:07:40.721 W/ErrorReporter( 4493): reportError [type: 211, code: 393244, bug: 0]: errorCode: 393244, engine: 0
08-12 22:07:40.722 I/MicroDetector( 4493): Keeping mic open: false
08-12 22:07:40.722 I/MicroDetectionWorker( 4493): #onError(false)
08-12 22:07:45.727 I/MicroDetectionWorker( 4493): #startMicroDetector [speakerMode: 0]
08-12 22:07:45.732 W/ErrorReporter( 4493): reportError [type: 211, code: 393244, bug: 0]: errorCode: 393244, engine: 0
08-12 22:07:45.733 I/MicroDetector( 4493): Keeping mic open: false
08-12 22:07:45.733 I/MicroDetectionWorker( 4493): #onError(false)
08-12 22:07:50.324 E/netmgr  ( 1874): Failed to open QEMU pipe 'qemud:network': Invalid argument
08-12 22:07:50.741 I/MicroDetectionWorker( 4493): #startMicroDetector [speakerMode: 0]
08-12 22:07:50.752 W/ErrorReporter( 4493): reportError [type: 211, code: 393244, bug: 0]: errorCode: 393244, engine: 0
08-12 22:07:50.753 I/MicroDetector( 4493): Keeping mic open: false
08-12 22:07:50.753 I/MicroDetectionWorker( 4493): #onError(false)
08-12 22:07:53.318 E/wifi_forwarder( 1876): RemoteConnection failed to initialize: RemoteConnection failed to open pipe
08-12 22:07:55.761 I/MicroDetectionWorker( 4493): #startMicroDetector [speakerMode: 0]
08-12 22:07:55.772 W/ErrorReporter( 4493): reportError [type: 211, code: 393244, bug: 0]: errorCode: 393244, engine: 0
08-12 22:07:55.776 I/MicroDetector( 4493): Keeping mic open: false
08-12 22:07:55.780 I/MicroDetectionWorker( 4493): #onError(false)
08-12 22:08:00.011 D/KeyguardClockSwitch( 2355): Updating clock: 2208
08-12 22:08:00.788 I/MicroDetectionWorker( 4493): #startMicroDetector [speakerMode: 0]
08-12 22:08:00.794 W/ErrorReporter( 4493): reportError [type: 211, code: 393244, bug: 0]: errorCode: 393244, engine: 0
08-12 22:08:00.795 I/MicroDetector( 4493): Keeping mic open: false
08-12 22:08:00.795 I/MicroDetectionWorker( 4493): #onError(false)
08-12 22:08:05.801 I/MicroDetectionWorker( 4493): #startMicroDetector [speakerMode: 0]
08-12 22:08:05.806 W/ErrorReporter( 4493): reportError [type: 211, code: 393244, bug: 0]: errorCode: 393244, engine: 0
08-12 22:08:05.810 I/MicroDetector( 4493): Keeping mic open: false
08-12 22:08:05.811 I/MicroDetectionWorker( 4493): #onError(false)
08-12 22:08:05.811 I/DeviceStateChecker( 4493): DeviceStateChecker cancelled
08-12 22:08:10.817 I/MicroDetectionWorker( 4493): #startMicroDetector [speakerMode: 0]
08-12 22:08:10.824 W/ErrorReporter( 4493): reportError [type: 211, code: 393244, bug: 0]: errorCode: 393244, engine: 0
08-12 22:08:10.825 I/MicroDetector( 4493): Keeping mic open: false
08-12 22:08:10.825 I/MicroDetectionWorker( 4493): #onError(false)
08-12 22:08:15.831 I/MicroDetectionWorker( 4493): #startMicroDetector [speakerMode: 0]
08-12 22:08:15.835 W/ErrorReporter( 4493): reportError [type: 211, code: 393244, bug: 0]: errorCode: 393244, engine: 0
08-12 22:08:15.841 I/MicroDetector( 4493): Keeping mic open: false
08-12 22:08:15.841 I/MicroDetectionWorker( 4493): #onError(false)
08-12 22:08:20.849 I/MicroDetectionWorker( 4493): #startMicroDetector [speakerMode: 0]
08-12 22:08:20.856 W/ErrorReporter( 4493): reportError [type: 211, code: 393244, bug: 0]: errorCode: 393244, engine: 0
08-12 22:08:20.856 I/MicroDetector( 4493): Keeping mic open: false
08-12 22:08:20.857 I/MicroDetectionWorker( 4493): #onError(false)
08-12 22:08:25.865 I/MicroDetectionWorker( 4493): #startMicroDetector [speakerMode: 0]
08-12 22:08:25.871 W/ErrorReporter( 4493): reportError [type: 211, code: 393244, bug: 0]: errorCode: 393244, engine: 0
08-12 22:08:25.872 I/MicroDetector( 4493): Keeping mic open: false
08-12 22:08:25.872 I/MicroDetectionWorker( 4493): #onError(false)
08-12 22:08:30.879 I/MicroDetectionWorker( 4493): #startMicroDetector [speakerMode: 0]
08-12 22:08:30.886 W/ErrorReporter( 4493): reportError [type: 211, code: 393244, bug: 0]: errorCode: 393244, engine: 0
08-12 22:08:30.887 I/MicroDetector( 4493): Keeping mic open: false
08-12 22:08:30.887 I/MicroDetectionWorker( 4493): #onError(false)
08-12 22:08:35.896 I/MicroDetectionWorker( 4493): #startMicroDetector [speakerMode: 0]
08-12 22:08:35.900 W/ErrorReporter( 4493): reportError [type: 211, code: 393244, bug: 0]: errorCode: 393244, engine: 0
08-12 22:08:35.905 I/MicroDetector( 4493): Keeping mic open: false
08-12 22:08:35.908 I/MicroDetectionWorker( 4493): #onError(false)
08-12 22:08:35.911 W/DeviceStateChecker( 4493): stopped because hotword detection is stopped but cancel is not called.
08-12 22:08:40.913 I/MicroDetectionWorker( 4493): #startMicroDetector [speakerMode: 0]
08-12 22:08:40.917 W/ErrorReporter( 4493): reportError [type: 211, code: 393244, bug: 0]: errorCode: 393244, engine: 0
08-12 22:08:40.921 I/MicroDetector( 4493): Keeping mic open: false
08-12 22:08:40.927 I/MicroDetectionWorker( 4493): #onError(false)
08-12 22:08:45.940 I/MicroDetectionWorker( 4493): #startMicroDetector [speakerMode: 0]
08-12 22:08:45.944 W/ErrorReporter( 4493): reportError [type: 211, code: 393244, bug: 0]: errorCode: 393244, engine: 0
08-12 22:08:45.956 I/MicroDetector( 4493): Keeping mic open: false
08-12 22:08:45.956 I/MicroDetectionWorker( 4493): #onError(false)
08-12 22:08:50.373 E/netmgr  ( 1874): Failed to open QEMU pipe 'qemud:network': Invalid argument
08-12 22:08:50.963 I/MicroDetectionWorker( 4493): #startMicroDetector [speakerMode: 0]
08-12 22:08:50.967 W/ErrorReporter( 4493): reportError [type: 211, code: 393244, bug: 0]: errorCode: 393244, engine: 0
08-12 22:08:50.971 I/MicroDetector( 4493): Keeping mic open: false
08-12 22:08:50.971 I/MicroDetectionWorker( 4493): #onError(false)
08-12 22:08:53.371 E/wifi_forwarder( 1876): RemoteConnection failed to initialize: RemoteConnection failed to open pipe
08-12 22:08:55.982 I/MicroDetectionWorker( 4493): #startMicroDetector [speakerMode: 0]
08-12 22:08:55.985 W/ErrorReporter( 4493): reportError [type: 211, code: 393244, bug: 0]: errorCode: 393244, engine: 0
08-12 22:08:55.988 I/MicroDetector( 4493): Keeping mic open: false
08-12 22:08:55.988 I/MicroDetectionWorker( 4493): #onError(false)
08-12 22:09:00.010 D/KeyguardClockSwitch( 2355): Updating clock: 2209
08-12 22:09:00.993 I/MicroDetectionWorker( 4493): #startMicroDetector [speakerMode: 0]
08-12 22:09:00.997 W/ErrorReporter( 4493): reportError [type: 211, code: 393244, bug: 0]: errorCode: 393244, engine: 0
08-12 22:09:01.003 I/MicroDetector( 4493): Keeping mic open: false
08-12 22:09:01.003 I/MicroDetectionWorker( 4493): #onError(false)
08-12 22:09:01.003 I/DeviceStateChecker( 4493): DeviceStateChecker cancelled
08-12 22:09:02.689 D/WificondControl( 2075): Scan result ready event
08-12 22:09:06.009 I/MicroDetectionWorker( 4493): #startMicroDetector [speakerMode: 0]
08-12 22:09:06.014 W/ErrorReporter( 4493): reportError [type: 211, code: 393244, bug: 0]: errorCode: 393244, engine: 0
08-12 22:09:06.020 I/MicroDetector( 4493): Keeping mic open: false
08-12 22:09:06.020 I/MicroDetectionWorker( 4493): #onError(false)
08-12 22:09:11.025 I/MicroDetectionWorker( 4493): #startMicroDetector [speakerMode: 0]
08-12 22:09:11.033 W/ErrorReporter( 4493): reportError [type: 211, code: 393244, bug: 0]: errorCode: 393244, engine: 0
08-12 22:09:11.034 I/MicroDetector( 4493): Keeping mic open: false
08-12 22:09:11.034 I/MicroDetectionWorker( 4493): #onError(false)
08-12 22:09:16.041 I/MicroDetectionWorker( 4493): #startMicroDetector [speakerMode: 0]
08-12 22:09:16.046 W/ErrorReporter( 4493): reportError [type: 211, code: 393244, bug: 0]: errorCode: 393244, engine: 0
08-12 22:09:16.051 I/MicroDetector( 4493): Keeping mic open: false
08-12 22:09:16.051 I/MicroDetectionWorker( 4493): #onError(false)
08-12 22:09:21.058 I/MicroDetectionWorker( 4493): #startMicroDetector [speakerMode: 0]
08-12 22:09:21.062 W/ErrorReporter( 4493): reportError [type: 211, code: 393244, bug: 0]: errorCode: 393244, engine: 0
08-12 22:09:21.067 I/MicroDetector( 4493): Keeping mic open: false
08-12 22:09:21.067 I/MicroDetectionWorker( 4493): #onError(false)
08-12 22:09:26.072 I/MicroDetectionWorker( 4493): #startMicroDetector [speakerMode: 0]
08-12 22:09:26.076 W/ErrorReporter( 4493): reportError [type: 211, code: 393244, bug: 0]: errorCode: 393244, engine: 0
08-12 22:09:26.080 I/MicroDetector( 4493): Keeping mic open: false
08-12 22:09:26.083 I/MicroDetectionWorker( 4493): #onError(false)
08-12 22:09:31.090 I/MicroDetectionWorker( 4493): #startMicroDetector [speakerMode: 0]
08-12 22:09:31.094 W/ErrorReporter( 4493): reportError [type: 211, code: 393244, bug: 0]: errorCode: 393244, engine: 0
08-12 22:09:31.100 I/MicroDetector( 4493): Keeping mic open: false
08-12 22:09:31.100 I/MicroDetectionWorker( 4493): #onError(false)
08-12 22:09:36.107 I/MicroDetectionWorker( 4493): #startMicroDetector [speakerMode: 0]
08-12 22:09:36.114 W/ErrorReporter( 4493): reportError [type: 211, code: 393244, bug: 0]: errorCode: 393244, engine: 0
08-12 22:09:36.115 I/MicroDetector( 4493): Keeping mic open: false
08-12 22:09:36.115 I/MicroDetectionWorker( 4493): #onError(false)
08-12 22:09:41.121 I/MicroDetectionWorker( 4493): #startMicroDetector [speakerMode: 0]
08-12 22:09:41.126 W/ErrorReporter( 4493): reportError [type: 211, code: 393244, bug: 0]: errorCode: 393244, engine: 0
08-12 22:09:41.127 I/MicroDetector( 4493): Keeping mic open: false
08-12 22:09:41.128 I/MicroDetectionWorker( 4493): #onError(false)
08-12 22:09:46.133 I/MicroDetectionWorker( 4493): #startMicroDetector [speakerMode: 0]
08-12 22:09:46.139 W/ErrorReporter( 4493): reportError [type: 211, code: 393244, bug: 0]: errorCode: 393244, engine: 0
08-12 22:09:46.140 I/MicroDetector( 4493): Keeping mic open: false
08-12 22:09:46.140 I/MicroDetectionWorker( 4493): #onError(false)
08-12 22:09:50.384 E/netmgr  ( 1874): Failed to open QEMU pipe 'qemud:network': Invalid argument
08-12 22:09:51.147 I/MicroDetectionWorker( 4493): #startMicroDetector [speakerMode: 0]
08-12 22:09:51.164 W/ErrorReporter( 4493): reportError [type: 211, code: 393244, bug: 0]: errorCode: 393244, engine: 0
08-12 22:09:51.165 I/MicroDetector( 4493): Keeping mic open: false
08-12 22:09:51.165 I/MicroDetectionWorker( 4493): #onError(false)
08-12 22:09:53.385 E/wifi_forwarder( 1876): RemoteConnection failed to initialize: RemoteConnection failed to open pipe
08-12 22:09:56.172 I/MicroDetectionWorker( 4493): #startMicroDetector [speakerMode: 0]
08-12 22:09:56.177 W/ErrorReporter( 4493): reportError [type: 211, code: 393244, bug: 0]: errorCode: 393244, engine: 0
08-12 22:09:56.182 I/MicroDetector( 4493): Keeping mic open: false
08-12 22:09:56.182 I/MicroDetectionWorker( 4493): #onError(false)
08-12 22:09:56.183 I/DeviceStateChecker( 4493): DeviceStateChecker cancelled
08-12 22:10:00.011 D/KeyguardClockSwitch( 2355): Updating clock: 2210
08-12 22:10:01.188 I/MicroDetectionWorker( 4493): #startMicroDetector [speakerMode: 0]
08-12 22:10:01.192 W/ErrorReporter( 4493): reportError [type: 211, code: 393244, bug: 0]: errorCode: 393244, engine: 0
08-12 22:10:01.195 I/MicroDetector( 4493): Keeping mic open: false
08-12 22:10:01.200 I/MicroDetectionWorker( 4493): #onError(false)
08-12 22:10:06.206 I/MicroDetectionWorker( 4493): #startMicroDetector [speakerMode: 0]
08-12 22:10:06.210 W/ErrorReporter( 4493): reportError [type: 211, code: 393244, bug: 0]: errorCode: 393244, engine: 0
08-12 22:10:06.213 I/MicroDetector( 4493): Keeping mic open: false
08-12 22:10:06.213 I/MicroDetectionWorker( 4493): #onError(false)
08-12 22:10:11.220 I/MicroDetectionWorker( 4493): #startMicroDetector [speakerMode: 0]
08-12 22:10:11.223 W/ErrorReporter( 4493): reportError [type: 211, code: 393244, bug: 0]: errorCode: 393244, engine: 0
08-12 22:10:11.226 I/MicroDetector( 4493): Keeping mic open: false
08-12 22:10:11.226 I/MicroDetectionWorker( 4493): #onError(false)
08-12 22:10:16.232 I/MicroDetectionWorker( 4493): #startMicroDetector [speakerMode: 0]
08-12 22:10:16.240 W/ErrorReporter( 4493): reportError [type: 211, code: 393244, bug: 0]: errorCode: 393244, engine: 0
08-12 22:10:16.241 I/MicroDetector( 4493): Keeping mic open: false
08-12 22:10:16.241 I/MicroDetectionWorker( 4493): #onError(false)
08-12 22:10:21.248 I/MicroDetectionWorker( 4493): #startMicroDetector [speakerMode: 0]
08-12 22:10:21.254 W/ErrorReporter( 4493): reportError [type: 211, code: 393244, bug: 0]: errorCode: 393244, engine: 0
08-12 22:10:21.255 I/MicroDetector( 4493): Keeping mic open: false
08-12 22:10:21.255 I/MicroDetectionWorker( 4493): #onError(false)
08-12 22:10:26.262 I/MicroDetectionWorker( 4493): #startMicroDetector [speakerMode: 0]
08-12 22:10:26.265 W/ErrorReporter( 4493): reportError [type: 211, code: 393244, bug: 0]: errorCode: 393244, engine: 0
08-12 22:10:26.270 I/MicroDetector( 4493): Keeping mic open: false
08-12 22:10:26.270 I/MicroDetectionWorker( 4493): #onError(false)
08-12 22:10:31.277 I/MicroDetectionWorker( 4493): #startMicroDetector [speakerMode: 0]
08-12 22:10:31.281 W/ErrorReporter( 4493): reportError [type: 211, code: 393244, bug: 0]: errorCode: 393244, engine: 0
08-12 22:10:31.287 I/MicroDetector( 4493): Keeping mic open: false
08-12 22:10:31.287 I/MicroDetectionWorker( 4493): #onError(false)
08-12 22:10:32.737 I/Places  ( 6047): Converted 0 out of 1 WiFi scans
08-12 22:10:32.755 I/Places  ( 6047): ?: Couldn't find platform key file.
08-12 22:10:32.756 I/Places  ( 6047): ?: Couldn't find platform key file.
08-12 22:10:32.767 I/PlaceInferenceEngine( 6047): [anon] Changed inference mode: 1
08-12 22:10:32.769 I/Places  ( 6047): ?: Couldn't find platform key file.
08-12 22:10:32.851 I/PlaceInferenceEngine( 6047): No beacon scan available - ignoring candidates.
08-12 22:10:32.852 I/Places  ( 6047): ?: Couldn't find platform key file.
08-12 22:10:32.876 I/Places  ( 6047): ?: Couldn't find platform key file.
08-12 22:10:36.292 I/MicroDetectionWorker( 4493): #startMicroDetector [speakerMode: 0]
08-12 22:10:36.310 W/ErrorReporter( 4493): reportError [type: 211, code: 393244, bug: 0]: errorCode: 393244, engine: 0
08-12 22:10:36.311 I/MicroDetector( 4493): Keeping mic open: false
08-12 22:10:36.311 I/MicroDetectionWorker( 4493): #onError(false)
08-12 22:10:41.316 I/MicroDetectionWorker( 4493): #startMicroDetector [speakerMode: 0]
08-12 22:10:41.321 W/ErrorReporter( 4493): reportError [type: 211, code: 393244, bug: 0]: errorCode: 393244, engine: 0
08-12 22:10:41.325 I/MicroDetector( 4493): Keeping mic open: false
08-12 22:10:41.328 I/MicroDetectionWorker( 4493): #onError(false)
08-12 22:10:46.333 I/MicroDetectionWorker( 4493): #startMicroDetector [speakerMode: 0]
08-12 22:10:46.338 W/ErrorReporter( 4493): reportError [type: 211, code: 393244, bug: 0]: errorCode: 393244, engine: 0
08-12 22:10:46.340 I/MicroDetector( 4493): Keeping mic open: false
08-12 22:10:46.340 I/MicroDetectionWorker( 4493): #onError(false)
08-12 22:10:50.419 E/netmgr  ( 1874): Failed to open QEMU pipe 'qemud:network': Invalid argument
08-12 22:10:51.345 I/MicroDetectionWorker( 4493): #startMicroDetector [speakerMode: 0]
08-12 22:10:51.348 W/ErrorReporter( 4493): reportError [type: 211, code: 393244, bug: 0]: errorCode: 393244, engine: 0
08-12 22:10:51.354 I/MicroDetector( 4493): Keeping mic open: false
08-12 22:10:51.354 I/MicroDetectionWorker( 4493): #onError(false)
08-12 22:10:53.386 E/wifi_forwarder( 1876): RemoteConnection failed to initialize: RemoteConnection failed to open pipe
08-12 22:10:56.362 I/MicroDetectionWorker( 4493): #startMicroDetector [speakerMode: 0]
08-12 22:10:56.370 W/ErrorReporter( 4493): reportError [type: 211, code: 393244, bug: 0]: errorCode: 393244, engine: 0
08-12 22:10:56.371 I/MicroDetector( 4493): Keeping mic open: false
08-12 22:10:56.372 I/MicroDetectionWorker( 4493): #onError(false)
08-12 22:11:00.010 D/KeyguardClockSwitch( 2355): Updating clock: 2211
08-12 22:11:01.378 I/MicroDetectionWorker( 4493): #startMicroDetector [speakerMode: 0]
08-12 22:11:01.382 W/ErrorReporter( 4493): reportError [type: 211, code: 393244, bug: 0]: errorCode: 393244, engine: 0
08-12 22:11:01.387 I/MicroDetector( 4493): Keeping mic open: false
08-12 22:11:01.388 I/MicroDetectionWorker( 4493): #onError(false)
08-12 22:11:06.392 I/MicroDetectionWorker( 4493): #startMicroDetector [speakerMode: 0]
08-12 22:11:06.406 W/ErrorReporter( 4493): reportError [type: 211, code: 393244, bug: 0]: errorCode: 393244, engine: 0
08-12 22:11:06.411 I/MicroDetector( 4493): Keeping mic open: false
08-12 22:11:06.411 I/MicroDetectionWorker( 4493): #onError(false)
08-12 22:11:11.417 I/MicroDetectionWorker( 4493): #startMicroDetector [speakerMode: 0]
08-12 22:11:11.424 W/ErrorReporter( 4493): reportError [type: 211, code: 393244, bug: 0]: errorCode: 393244, engine: 0
08-12 22:11:11.429 I/MicroDetector( 4493): Keeping mic open: false
08-12 22:11:11.431 I/MicroDetectionWorker( 4493): #onError(false)
08-12 22:11:16.438 I/MicroDetectionWorker( 4493): #startMicroDetector [speakerMode: 0]
08-12 22:11:16.444 W/ErrorReporter( 4493): reportError [type: 211, code: 393244, bug: 0]: errorCode: 393244, engine: 0
08-12 22:11:16.445 I/MicroDetector( 4493): Keeping mic open: false
08-12 22:11:16.445 I/MicroDetectionWorker( 4493): #onError(false)
08-12 22:11:21.450 I/MicroDetectionWorker( 4493): #startMicroDetector [speakerMode: 0]
08-12 22:11:21.454 W/ErrorReporter( 4493): reportError [type: 211, code: 393244, bug: 0]: errorCode: 393244, engine: 0
08-12 22:11:21.460 I/MicroDetector( 4493): Keeping mic open: false
08-12 22:11:21.461 I/MicroDetectionWorker( 4493): #onError(false)
08-12 22:11:26.469 I/MicroDetectionWorker( 4493): #startMicroDetector [speakerMode: 0]
08-12 22:11:26.474 W/ErrorReporter( 4493): reportError [type: 211, code: 393244, bug: 0]: errorCode: 393244, engine: 0
08-12 22:11:26.475 I/MicroDetector( 4493): Keeping mic open: false
08-12 22:11:26.475 I/MicroDetectionWorker( 4493): #onError(false)
08-12 22:11:31.482 I/MicroDetectionWorker( 4493): #startMicroDetector [speakerMode: 0]
08-12 22:11:31.488 W/ErrorReporter( 4493): reportError [type: 211, code: 393244, bug: 0]: errorCode: 393244, engine: 0
08-12 22:11:31.489 I/MicroDetector( 4493): Keeping mic open: false
08-12 22:11:31.489 I/MicroDetectionWorker( 4493): #onError(false)
08-12 22:11:36.499 I/MicroDetectionWorker( 4493): #startMicroDetector [speakerMode: 0]
08-12 22:11:36.504 W/ErrorReporter( 4493): reportError [type: 211, code: 393244, bug: 0]: errorCode: 393244, engine: 0
08-12 22:11:36.507 I/MicroDetector( 4493): Keeping mic open: false
08-12 22:11:36.507 I/MicroDetectionWorker( 4493): #onError(false)
08-12 22:11:41.514 I/MicroDetectionWorker( 4493): #startMicroDetector [speakerMode: 0]
08-12 22:11:41.517 W/ErrorReporter( 4493): reportError [type: 211, code: 393244, bug: 0]: errorCode: 393244, engine: 0
08-12 22:11:41.526 I/MicroDetector( 4493): Keeping mic open: false
08-12 22:11:41.526 I/MicroDetectionWorker( 4493): #onError(false)
08-12 22:11:41.527 I/DeviceStateChecker( 4493): DeviceStateChecker cancelled
08-12 22:11:46.532 I/MicroDetectionWorker( 4493): #startMicroDetector [speakerMode: 0]
08-12 22:11:46.536 W/ErrorReporter( 4493): reportError [type: 211, code: 393244, bug: 0]: errorCode: 393244, engine: 0
08-12 22:11:46.542 I/MicroDetector( 4493): Keeping mic open: false
08-12 22:11:46.542 I/MicroDetectionWorker( 4493): #onError(false)
08-12 22:11:50.468 E/netmgr  ( 1874): Failed to open QEMU pipe 'qemud:network': Invalid argument
08-12 22:11:51.548 I/MicroDetectionWorker( 4493): #startMicroDetector [speakerMode: 0]
08-12 22:11:51.552 W/ErrorReporter( 4493): reportError [type: 211, code: 393244, bug: 0]: errorCode: 393244, engine: 0
08-12 22:11:51.558 I/MicroDetector( 4493): Keeping mic open: false
08-12 22:11:51.558 I/MicroDetectionWorker( 4493): #onError(false)
08-12 22:11:53.402 E/wifi_forwarder( 1876): RemoteConnection failed to initialize: RemoteConnection failed to open pipe
08-12 22:11:56.562 I/MicroDetectionWorker( 4493): #startMicroDetector [speakerMode: 0]
08-12 22:11:56.566 W/ErrorReporter( 4493): reportError [type: 211, code: 393244, bug: 0]: errorCode: 393244, engine: 0
08-12 22:11:56.571 I/MicroDetector( 4493): Keeping mic open: false
08-12 22:11:56.572 I/MicroDetectionWorker( 4493): #onError(false)
08-12 22:12:00.007 D/KeyguardClockSwitch( 2355): Updating clock: 2212
08-12 22:12:01.578 I/MicroDetectionWorker( 4493): #startMicroDetector [speakerMode: 0]
08-12 22:12:01.583 W/ErrorReporter( 4493): reportError [type: 211, code: 393244, bug: 0]: errorCode: 393244, engine: 0
08-12 22:12:01.584 I/MicroDetector( 4493): Keeping mic open: false
08-12 22:12:01.585 I/MicroDetectionWorker( 4493): #onError(false)
08-12 22:12:03.321 D/WificondControl( 2075): Scan result ready event
08-12 22:12:06.592 I/MicroDetectionWorker( 4493): #startMicroDetector [speakerMode: 0]
08-12 22:12:06.595 W/ErrorReporter( 4493): reportError [type: 211, code: 393244, bug: 0]: errorCode: 393244, engine: 0
08-12 22:12:06.601 I/MicroDetector( 4493): Keeping mic open: false
08-12 22:12:06.601 I/MicroDetectionWorker( 4493): #onError(false)
08-12 22:12:06.601 I/DeviceStateChecker( 4493): DeviceStateChecker cancelled
08-12 22:12:11.608 I/MicroDetectionWorker( 4493): #startMicroDetector [speakerMode: 0]
08-12 22:12:11.613 W/ErrorReporter( 4493): reportError [type: 211, code: 393244, bug: 0]: errorCode: 393244, engine: 0
08-12 22:12:11.614 I/MicroDetector( 4493): Keeping mic open: false
08-12 22:12:11.617 I/MicroDetectionWorker( 4493): #onError(false)
08-12 22:12:16.623 I/MicroDetectionWorker( 4493): #startMicroDetector [speakerMode: 0]
08-12 22:12:16.626 W/ErrorReporter( 4493): reportError [type: 211, code: 393244, bug: 0]: errorCode: 393244, engine: 0
08-12 22:12:16.627 I/MicroDetector( 4493): Keeping mic open: false
08-12 22:12:16.628 I/MicroDetectionWorker( 4493): #onError(false)
08-12 22:12:19.677 E/memtrack( 2075): Couldn't load memtrack module
08-12 22:12:19.677 W/android.os.Debug( 2075): failed to get memory consumption info: -1
08-12 22:12:21.633 I/MicroDetectionWorker( 4493): #startMicroDetector [speakerMode: 0]
08-12 22:12:21.636 W/ErrorReporter( 4493): reportError [type: 211, code: 393244, bug: 0]: errorCode: 393244, engine: 0
08-12 22:12:21.637 I/MicroDetector( 4493): Keeping mic open: false
08-12 22:12:21.637 I/MicroDetectionWorker( 4493): #onError(false)
08-12 22:12:26.642 I/MicroDetectionWorker( 4493): #startMicroDetector [speakerMode: 0]
08-12 22:12:26.652 W/ErrorReporter( 4493): reportError [type: 211, code: 393244, bug: 0]: errorCode: 393244, engine: 0
08-12 22:12:26.657 I/MicroDetector( 4493): Keeping mic open: false
08-12 22:12:26.657 I/MicroDetectionWorker( 4493): #onError(false)
08-12 22:12:31.662 I/MicroDetectionWorker( 4493): #startMicroDetector [speakerMode: 0]
08-12 22:12:31.665 W/ErrorReporter( 4493): reportError [type: 211, code: 393244, bug: 0]: errorCode: 393244, engine: 0
08-12 22:12:31.670 I/MicroDetector( 4493): Keeping mic open: false
08-12 22:12:31.671 I/MicroDetectionWorker( 4493): #onError(false)
08-12 22:12:36.676 I/MicroDetectionWorker( 4493): #startMicroDetector [speakerMode: 0]
08-12 22:12:36.681 W/ErrorReporter( 4493): reportError [type: 211, code: 393244, bug: 0]: errorCode: 393244, engine: 0
08-12 22:12:36.682 I/MicroDetector( 4493): Keeping mic open: false
08-12 22:12:36.682 I/MicroDetectionWorker( 4493): #onError(false)
08-12 22:12:41.688 I/MicroDetectionWorker( 4493): #startMicroDetector [speakerMode: 0]
08-12 22:12:41.693 W/ErrorReporter( 4493): reportError [type: 211, code: 393244, bug: 0]: errorCode: 393244, engine: 0
08-12 22:12:41.699 I/MicroDetector( 4493): Keeping mic open: false
08-12 22:12:41.700 I/MicroDetectionWorker( 4493): #onError(false)
08-12 22:12:41.700 I/DeviceStateChecker( 4493): DeviceStateChecker cancelled
08-12 22:12:46.706 I/MicroDetectionWorker( 4493): #startMicroDetector [speakerMode: 0]
08-12 22:12:46.710 W/ErrorReporter( 4493): reportError [type: 211, code: 393244, bug: 0]: errorCode: 393244, engine: 0
08-12 22:12:46.713 I/MicroDetector( 4493): Keeping mic open: false
08-12 22:12:46.713 I/MicroDetectionWorker( 4493): #onError(false)
08-12 22:12:50.469 E/netmgr  ( 1874): Failed to open QEMU pipe 'qemud:network': Invalid argument
08-12 22:12:51.719 I/MicroDetectionWorker( 4493): #startMicroDetector [speakerMode: 0]
08-12 22:12:51.727 W/ErrorReporter( 4493): reportError [type: 211, code: 393244, bug: 0]: errorCode: 393244, engine: 0
08-12 22:12:51.728 I/MicroDetector( 4493): Keeping mic open: false
08-12 22:12:51.728 I/MicroDetectionWorker( 4493): #onError(false)
08-12 22:12:53.460 E/wifi_forwarder( 1876): RemoteConnection failed to initialize: RemoteConnection failed to open pipe
08-12 22:12:56.733 I/MicroDetectionWorker( 4493): #startMicroDetector [speakerMode: 0]
08-12 22:12:56.737 W/ErrorReporter( 4493): reportError [type: 211, code: 393244, bug: 0]: errorCode: 393244, engine: 0
08-12 22:12:56.741 I/MicroDetector( 4493): Keeping mic open: false
08-12 22:12:56.741 I/MicroDetectionWorker( 4493): #onError(false)
08-12 22:13:00.013 D/KeyguardClockSwitch( 2355): Updating clock: 2213
08-12 22:13:01.746 I/MicroDetectionWorker( 4493): #startMicroDetector [speakerMode: 0]
08-12 22:13:01.751 W/ErrorReporter( 4493): reportError [type: 211, code: 393244, bug: 0]: errorCode: 393244, engine: 0
08-12 22:13:01.754 I/MicroDetector( 4493): Keeping mic open: false
08-12 22:13:01.754 I/MicroDetectionWorker( 4493): #onError(false)
08-12 22:13:06.758 I/MicroDetectionWorker( 4493): #startMicroDetector [speakerMode: 0]
08-12 22:13:06.764 W/ErrorReporter( 4493): reportError [type: 211, code: 393244, bug: 0]: errorCode: 393244, engine: 0
08-12 22:13:06.764 I/MicroDetector( 4493): Keeping mic open: false
08-12 22:13:06.765 I/MicroDetectionWorker( 4493): #onError(false)
08-12 22:13:11.770 I/MicroDetectionWorker( 4493): #startMicroDetector [speakerMode: 0]
08-12 22:13:11.774 W/ErrorReporter( 4493): reportError [type: 211, code: 393244, bug: 0]: errorCode: 393244, engine: 0
08-12 22:13:11.780 I/MicroDetector( 4493): Keeping mic open: false
08-12 22:13:11.780 I/MicroDetectionWorker( 4493): #onError(false)
08-12 22:13:16.788 I/MicroDetectionWorker( 4493): #startMicroDetector [speakerMode: 0]
08-12 22:13:16.793 W/ErrorReporter( 4493): reportError [type: 211, code: 393244, bug: 0]: errorCode: 393244, engine: 0
08-12 22:13:16.794 I/MicroDetector( 4493): Keeping mic open: false
08-12 22:13:16.794 I/MicroDetectionWorker( 4493): #onError(false)
08-12 22:13:20.635 E/memtrack( 2075): Couldn't load memtrack module
08-12 22:13:20.635 W/android.os.Debug( 2075): failed to get memory consumption info: -1
08-12 22:13:20.646 E/memtrack( 2075): Couldn't load memtrack module
08-12 22:13:20.646 W/android.os.Debug( 2075): failed to get memory consumption info: -1
08-12 22:13:21.799 I/MicroDetectionWorker( 4493): #startMicroDetector [speakerMode: 0]
08-12 22:13:21.801 W/ErrorReporter( 4493): reportError [type: 211, code: 393244, bug: 0]: errorCode: 393244, engine: 0
08-12 22:13:21.802 I/MicroDetector( 4493): Keeping mic open: false
08-12 22:13:21.802 I/MicroDetectionWorker( 4493): #onError(false)
08-12 22:13:26.807 I/MicroDetectionWorker( 4493): #startMicroDetector [speakerMode: 0]
08-12 22:13:26.814 W/ErrorReporter( 4493): reportError [type: 211, code: 393244, bug: 0]: errorCode: 393244, engine: 0
08-12 22:13:26.815 I/MicroDetector( 4493): Keeping mic open: false
08-12 22:13:26.815 I/MicroDetectionWorker( 4493): #onError(false)
08-12 22:13:31.821 I/MicroDetectionWorker( 4493): #startMicroDetector [speakerMode: 0]
08-12 22:13:31.825 W/ErrorReporter( 4493): reportError [type: 211, code: 393244, bug: 0]: errorCode: 393244, engine: 0
08-12 22:13:31.827 I/MicroDetector( 4493): Keeping mic open: false
08-12 22:13:31.827 I/MicroDetectionWorker( 4493): #onError(false)
08-12 22:13:36.832 I/MicroDetectionWorker( 4493): #startMicroDetector [speakerMode: 0]
08-12 22:13:36.840 W/ErrorReporter( 4493): reportError [type: 211, code: 393244, bug: 0]: errorCode: 393244, engine: 0
08-12 22:13:36.841 I/MicroDetector( 4493): Keeping mic open: false
08-12 22:13:36.841 I/MicroDetectionWorker( 4493): #onError(false)
08-12 22:13:41.847 I/MicroDetectionWorker( 4493): #startMicroDetector [speakerMode: 0]
08-12 22:13:41.853 W/ErrorReporter( 4493): reportError [type: 211, code: 393244, bug: 0]: errorCode: 393244, engine: 0
08-12 22:13:41.854 I/MicroDetector( 4493): Keeping mic open: false
08-12 22:13:41.854 I/MicroDetectionWorker( 4493): #onError(false)
08-12 22:13:46.860 I/MicroDetectionWorker( 4493): #startMicroDetector [speakerMode: 0]
08-12 22:13:46.864 W/ErrorReporter( 4493): reportError [type: 211, code: 393244, bug: 0]: errorCode: 393244, engine: 0
08-12 22:13:46.867 I/MicroDetector( 4493): Keeping mic open: false
08-12 22:13:46.867 I/MicroDetectionWorker( 4493): #onError(false)
08-12 22:13:50.470 E/netmgr  ( 1874): Failed to open QEMU pipe 'qemud:network': Invalid argument
08-12 22:13:51.877 I/MicroDetectionWorker( 4493): #startMicroDetector [speakerMode: 0]
08-12 22:13:51.881 W/ErrorReporter( 4493): reportError [type: 211, code: 393244, bug: 0]: errorCode: 393244, engine: 0
08-12 22:13:51.886 I/MicroDetector( 4493): Keeping mic open: false
08-12 22:13:51.887 I/MicroDetectionWorker( 4493): #onError(false)
08-12 22:13:53.520 E/wifi_forwarder( 1876): RemoteConnection failed to initialize: RemoteConnection failed to open pipe
08-12 22:13:56.892 I/MicroDetectionWorker( 4493): #startMicroDetector [speakerMode: 0]
08-12 22:13:56.896 W/ErrorReporter( 4493): reportError [type: 211, code: 393244, bug: 0]: errorCode: 393244, engine: 0
08-12 22:13:56.897 I/MicroDetector( 4493): Keeping mic open: false
08-12 22:13:56.897 I/MicroDetectionWorker( 4493): #onError(false)
08-12 22:14:00.012 D/KeyguardClockSwitch( 2355): Updating clock: 2214
08-12 22:14:01.906 I/MicroDetectionWorker( 4493): #startMicroDetector [speakerMode: 0]
08-12 22:14:01.910 W/ErrorReporter( 4493): reportError [type: 211, code: 393244, bug: 0]: errorCode: 393244, engine: 0
08-12 22:14:01.911 I/MicroDetector( 4493): Keeping mic open: false
08-12 22:14:01.917 I/MicroDetectionWorker( 4493): #onError(false)
08-12 22:14:06.923 I/MicroDetectionWorker( 4493): #startMicroDetector [speakerMode: 0]
08-12 22:14:06.932 W/ErrorReporter( 4493): reportError [type: 211, code: 393244, bug: 0]: errorCode: 393244, engine: 0
08-12 22:14:06.937 I/MicroDetector( 4493): Keeping mic open: false
08-12 22:14:06.938 I/MicroDetectionWorker( 4493): #onError(false)
08-12 22:14:11.944 I/MicroDetectionWorker( 4493): #startMicroDetector [speakerMode: 0]
08-12 22:14:11.948 W/ErrorReporter( 4493): reportError [type: 211, code: 393244, bug: 0]: errorCode: 393244, engine: 0
08-12 22:14:11.954 I/MicroDetector( 4493): Keeping mic open: false
08-12 22:14:11.954 I/MicroDetectionWorker( 4493): #onError(false)
08-12 22:14:16.959 I/MicroDetectionWorker( 4493): #startMicroDetector [speakerMode: 0]
08-12 22:14:16.964 W/ErrorReporter( 4493): reportError [type: 211, code: 393244, bug: 0]: errorCode: 393244, engine: 0
08-12 22:14:16.965 I/MicroDetector( 4493): Keeping mic open: false
08-12 22:14:16.965 I/MicroDetectionWorker( 4493): #onError(false)
08-12 22:14:20.617 E/memtrack( 2075): Couldn't load memtrack module
08-12 22:14:20.617 W/android.os.Debug( 2075): failed to get memory consumption info: -1
08-12 22:14:20.641 E/memtrack( 2075): Couldn't load memtrack module
08-12 22:14:20.641 W/android.os.Debug( 2075): failed to get memory consumption info: -1
08-12 22:14:21.971 I/MicroDetectionWorker( 4493): #startMicroDetector [speakerMode: 0]
08-12 22:14:21.974 W/ErrorReporter( 4493): reportError [type: 211, code: 393244, bug: 0]: errorCode: 393244, engine: 0
08-12 22:14:21.975 I/MicroDetector( 4493): Keeping mic open: false
08-12 22:14:21.975 I/MicroDetectionWorker( 4493): #onError(false)
08-12 22:14:26.981 I/MicroDetectionWorker( 4493): #startMicroDetector [speakerMode: 0]
08-12 22:14:26.985 W/ErrorReporter( 4493): reportError [type: 211, code: 393244, bug: 0]: errorCode: 393244, engine: 0
08-12 22:14:26.991 I/DeviceStateChecker( 4493): DeviceStateChecker cancelled
08-12 22:14:26.992 I/MicroDetector( 4493): Keeping mic open: false
08-12 22:14:26.993 I/MicroDetectionWorker( 4493): #onError(false)
08-12 22:14:31.999 I/MicroDetectionWorker( 4493): #startMicroDetector [speakerMode: 0]
08-12 22:14:32.005 W/ErrorReporter( 4493): reportError [type: 211, code: 393244, bug: 0]: errorCode: 393244, engine: 0
08-12 22:14:32.016 I/MicroDetector( 4493): Keeping mic open: false
08-12 22:14:32.016 I/MicroDetectionWorker( 4493): #onError(false)
08-12 22:14:37.022 I/MicroDetectionWorker( 4493): #startMicroDetector [speakerMode: 0]
08-12 22:14:37.025 W/ErrorReporter( 4493): reportError [type: 211, code: 393244, bug: 0]: errorCode: 393244, engine: 0
08-12 22:14:37.032 I/MicroDetector( 4493): Keeping mic open: false
08-12 22:14:37.032 I/MicroDetectionWorker( 4493): #onError(false)
08-12 22:14:42.037 I/MicroDetectionWorker( 4493): #startMicroDetector [speakerMode: 0]
08-12 22:14:42.041 W/ErrorReporter( 4493): reportError [type: 211, code: 393244, bug: 0]: errorCode: 393244, engine: 0
08-12 22:14:42.047 I/MicroDetector( 4493): Keeping mic open: false
08-12 22:14:42.047 I/MicroDetectionWorker( 4493): #onError(false)
08-12 22:14:47.053 I/MicroDetectionWorker( 4493): #startMicroDetector [speakerMode: 0]
08-12 22:14:47.057 W/ErrorReporter( 4493): reportError [type: 211, code: 393244, bug: 0]: errorCode: 393244, engine: 0
08-12 22:14:47.075 I/MicroDetector( 4493): Keeping mic open: false
08-12 22:14:47.075 I/MicroDetectionWorker( 4493): #onError(false)
08-12 22:14:50.475 E/netmgr  ( 1874): Failed to open QEMU pipe 'qemud:network': Invalid argument
08-12 22:14:52.081 I/MicroDetectionWorker( 4493): #startMicroDetector [speakerMode: 0]
08-12 22:14:52.090 W/ErrorReporter( 4493): reportError [type: 211, code: 393244, bug: 0]: errorCode: 393244, engine: 0
08-12 22:14:52.091 I/MicroDetector( 4493): Keeping mic open: false
08-12 22:14:52.091 I/MicroDetectionWorker( 4493): #onError(false)
08-12 22:14:53.536 E/wifi_forwarder( 1876): RemoteConnection failed to initialize: RemoteConnection failed to open pipe
08-12 22:14:57.096 I/MicroDetectionWorker( 4493): #startMicroDetector [speakerMode: 0]
08-12 22:14:57.101 W/ErrorReporter( 4493): reportError [type: 211, code: 393244, bug: 0]: errorCode: 393244, engine: 0
08-12 22:14:57.102 I/MicroDetector( 4493): Keeping mic open: false
08-12 22:14:57.102 I/MicroDetectionWorker( 4493): #onError(false)
08-12 22:15:00.029 E/memtrack( 2075): Couldn't load memtrack module
08-12 22:15:00.030 W/android.os.Debug( 2075): failed to get memory consumption info: -1
08-12 22:15:00.035 D/KeyguardClockSwitch( 2355): Updating clock: 2215
08-12 22:15:00.039 I/MS_RegisterService( 3456): Tachyon host: instantmessaging-pa.googleapis.com, Tachyon port: 443
08-12 22:15:00.215 W/system_server( 2075): Long monitor contention with owner android.bg (2111) at void com.android.server.am.ActivityManagerService$5.handleMessage(android.os.Message)(ActivityManagerService.java:1992) waiters=0 in int com.android.server.am.ActivityManagerService.bindIsolatedService(android.app.IApplicationThread, android.os.IBinder, android.content.Intent, java.lang.String, android.app.IServiceConnection, int, java.lang.String, java.lang.String, int) for 109ms
08-12 22:15:00.225 I/MS_RegisterService( 3456): RegisterService intent:Intent { act=com.google.android.gms.matchstick.register_intent_action cat=[targeted_intent_op_prefix:com.google.android.libraries.matchstick.net.SilentRegisterIntentOperation] flg=0x4 cmp=com.google.android.gms/.chimera.GmsIntentOperationService (has extras) } isPeriodic:false
08-12 22:15:00.250 W/DynamiteModule( 3456): Local module descriptor class for providerinstaller not found.
08-12 22:15:00.250 W/ProviderHelper( 3456): Unknown dynamite feature providerinstaller
08-12 22:15:00.250 I/DynamiteModule( 3456): Considering local module providerinstaller:0 and remote module providerinstaller:0
08-12 22:15:00.250 W/ProviderInstaller( 3456): Failed to load providerinstaller module: No acceptable module found. Local version is 0 and remote version is 0.
08-12 22:15:00.324 W/gle.android.gm( 3456): Reducing the number of considered missed Gc histogram windows from 165 to 100
08-12 22:15:00.326 W/System  ( 3456): A resource failed to call close. 
08-12 22:15:00.326 W/System  ( 3456): A resource failed to call close. 
08-12 22:15:02.112 I/MicroDetectionWorker( 4493): #startMicroDetector [speakerMode: 0]
08-12 22:15:02.116 W/ErrorReporter( 4493): reportError [type: 211, code: 393244, bug: 0]: errorCode: 393244, engine: 0
08-12 22:15:02.121 I/MicroDetector( 4493): Keeping mic open: false
08-12 22:15:02.121 I/MicroDetectionWorker( 4493): #onError(false)
08-12 22:15:03.970 D/WificondControl( 2075): Scan result ready event
08-12 22:15:07.128 I/MicroDetectionWorker( 4493): #startMicroDetector [speakerMode: 0]
08-12 22:15:07.132 W/ErrorReporter( 4493): reportError [type: 211, code: 393244, bug: 0]: errorCode: 393244, engine: 0
08-12 22:15:07.134 I/MicroDetector( 4493): Keeping mic open: false
08-12 22:15:07.134 I/MicroDetectionWorker( 4493): #onError(false)
08-12 22:15:08.412 I/m.android.phon( 2639): Background young concurrent copying GC freed 37384(2905KB) AllocSpace objects, 0(0B) LOS objects, 56% free, 2361KB/5370KB, paused 49us total 150.580ms
08-12 22:15:08.412 W/m.android.phon( 2639): Reducing the number of considered missed Gc histogram windows from 128 to 100
08-12 22:15:12.139 I/MicroDetectionWorker( 4493): #startMicroDetector [speakerMode: 0]
08-12 22:15:12.143 W/ErrorReporter( 4493): reportError [type: 211, code: 393244, bug: 0]: errorCode: 393244, engine: 0
08-12 22:15:12.147 I/MicroDetector( 4493): Keeping mic open: false
08-12 22:15:12.148 I/MicroDetectionWorker( 4493): #onError(false)
08-12 22:15:17.154 I/MicroDetectionWorker( 4493): #startMicroDetector [speakerMode: 0]
08-12 22:15:17.159 W/ErrorReporter( 4493): reportError [type: 211, code: 393244, bug: 0]: errorCode: 393244, engine: 0
08-12 22:15:17.160 I/MicroDetector( 4493): Keeping mic open: false
08-12 22:15:17.160 I/MicroDetectionWorker( 4493): #onError(false)
08-12 22:15:22.166 I/MicroDetectionWorker( 4493): #startMicroDetector [speakerMode: 0]
08-12 22:15:22.171 W/ErrorReporter( 4493): reportError [type: 211, code: 393244, bug: 0]: errorCode: 393244, engine: 0
08-12 22:15:22.174 I/MicroDetector( 4493): Keeping mic open: false
08-12 22:15:22.176 I/MicroDetectionWorker( 4493): #onError(false)
08-12 22:15:25.608 E/BluetoothAdapter( 2075): Bluetooth binder is null
08-12 22:15:25.639 I/netd    ( 1763): trafficSwapActiveStatsMap() <16.08ms>
08-12 22:15:25.644 I/netd    ( 1763): tetherGetStats() <1.37ms>
08-12 22:15:27.182 I/MicroDetectionWorker( 4493): #startMicroDetector [speakerMode: 0]
08-12 22:15:27.187 W/ErrorReporter( 4493): reportError [type: 211, code: 393244, bug: 0]: errorCode: 393244, engine: 0
08-12 22:15:27.189 I/MicroDetector( 4493): Keeping mic open: false
08-12 22:15:27.189 I/MicroDetectionWorker( 4493): #onError(false)
08-12 22:15:32.194 I/MicroDetectionWorker( 4493): #startMicroDetector [speakerMode: 0]
08-12 22:15:32.198 W/ErrorReporter( 4493): reportError [type: 211, code: 393244, bug: 0]: errorCode: 393244, engine: 0
08-12 22:15:32.204 I/MicroDetector( 4493): Keeping mic open: false
08-12 22:15:32.204 I/MicroDetectionWorker( 4493): #onError(false)
08-12 22:15:37.212 I/MicroDetectionWorker( 4493): #startMicroDetector [speakerMode: 0]
08-12 22:15:37.215 W/ErrorReporter( 4493): reportError [type: 211, code: 393244, bug: 0]: errorCode: 393244, engine: 0
08-12 22:15:37.219 I/MicroDetector( 4493): Keeping mic open: false
08-12 22:15:37.221 I/MicroDetectionWorker( 4493): #onError(false)
08-12 22:15:42.230 I/MicroDetectionWorker( 4493): #startMicroDetector [speakerMode: 0]
08-12 22:15:42.237 W/ErrorReporter( 4493): reportError [type: 211, code: 393244, bug: 0]: errorCode: 393244, engine: 0
08-12 22:15:42.237 I/MicroDetector( 4493): Keeping mic open: false
08-12 22:15:42.238 I/MicroDetectionWorker( 4493): #onError(false)
