08-10 22:48:50.515 W/ErrorReporter( 3744): reportError [type: 211, code: 393244, bug: 0]: errorCode: 393244, engine: 0
08-10 22:48:50.516 I/MicroDetector( 3744): Keeping mic open: false
08-10 22:48:50.518 I/MicroDetectionWorker( 3744): #onError(false)
08-10 22:48:55.523 I/MicroDetectionWorker( 3744): #startMicroDetector [speakerMode: 0]
08-10 22:48:55.527 W/ErrorReporter( 3744): reportError [type: 211, code: 393244, bug: 0]: errorCode: 393244, engine: 0
08-10 22:48:55.531 I/MicroDetector( 3744): Keeping mic open: false
08-10 22:48:55.531 I/MicroDetectionWorker( 3744): #onError(false)
08-10 22:49:00.014 D/KeyguardClockSwitch( 4360): Updating clock: 1049
08-10 22:49:00.535 I/MicroDetectionWorker( 3744): #startMicroDetector [speakerMode: 0]
08-10 22:49:00.538 W/ErrorReporter( 3744): reportError [type: 211, code: 393244, bug: 0]: errorCode: 393244, engine: 0
08-10 22:49:00.539 I/MicroDetector( 3744): Keeping mic open: false
08-10 22:49:00.539 I/MicroDetectionWorker( 3744): #onError(false)
08-10 22:49:02.356 E/memtrack( 2106): Couldn't load memtrack module
08-10 22:49:02.357 W/android.os.Debug( 2106): failed to get memory consumption info: -1
08-10 22:49:05.546 I/MicroDetectionWorker( 3744): #startMicroDetector [speakerMode: 0]
08-10 22:49:05.551 W/ErrorReporter( 3744): reportError [type: 211, code: 393244, bug: 0]: errorCode: 393244, engine: 0
08-10 22:49:05.552 I/MicroDetector( 3744): Keeping mic open: false
08-10 22:49:05.552 I/MicroDetectionWorker( 3744): #onError(false)
08-10 22:49:10.556 I/MicroDetectionWorker( 3744): #startMicroDetector [speakerMode: 0]
08-10 22:49:10.560 W/ErrorReporter( 3744): reportError [type: 211, code: 393244, bug: 0]: errorCode: 393244, engine: 0
08-10 22:49:10.561 I/MicroDetector( 3744): Keeping mic open: false
08-10 22:49:10.561 I/MicroDetectionWorker( 3744): #onError(false)
08-10 22:49:13.554 E/netmgr  ( 1872): Failed to open QEMU pipe 'qemud:network': Invalid argument
08-10 22:49:15.566 I/MicroDetectionWorker( 3744): #startMicroDetector [speakerMode: 0]
08-10 22:49:15.570 W/ErrorReporter( 3744): reportError [type: 211, code: 393244, bug: 0]: errorCode: 393244, engine: 0
08-10 22:49:15.574 I/MicroDetector( 3744): Keeping mic open: false
08-10 22:49:15.574 I/MicroDetectionWorker( 3744): #onError(false)
08-10 22:49:15.587 E/wifi_forwarder( 1874): RemoteConnection failed to initialize: RemoteConnection failed to open pipe
08-10 22:49:20.579 I/MicroDetectionWorker( 3744): #startMicroDetector [speakerMode: 0]
08-10 22:49:20.583 W/ErrorReporter( 3744): reportError [type: 211, code: 393244, bug: 0]: errorCode: 393244, engine: 0
08-10 22:49:20.584 I/MicroDetector( 3744): Keeping mic open: false
08-10 22:49:20.584 I/MicroDetectionWorker( 3744): #onError(false)
08-10 22:49:25.590 I/MicroDetectionWorker( 3744): #startMicroDetector [speakerMode: 0]
08-10 22:49:25.599 W/ErrorReporter( 3744): reportError [type: 211, code: 393244, bug: 0]: errorCode: 393244, engine: 0
08-10 22:49:25.600 I/MicroDetector( 3744): Keeping mic open: false
08-10 22:49:25.600 I/MicroDetectionWorker( 3744): #onError(false)
08-10 22:49:30.606 I/MicroDetectionWorker( 3744): #startMicroDetector [speakerMode: 0]
08-10 22:49:30.610 W/ErrorReporter( 3744): reportError [type: 211, code: 393244, bug: 0]: errorCode: 393244, engine: 0
08-10 22:49:30.611 I/MicroDetector( 3744): Keeping mic open: false
08-10 22:49:30.611 I/MicroDetectionWorker( 3744): #onError(false)
08-10 22:49:35.617 I/MicroDetectionWorker( 3744): #startMicroDetector [speakerMode: 0]
08-10 22:49:35.623 W/ErrorReporter( 3744): reportError [type: 211, code: 393244, bug: 0]: errorCode: 393244, engine: 0
08-10 22:49:35.623 I/MicroDetector( 3744): Keeping mic open: false
08-10 22:49:35.623 I/MicroDetectionWorker( 3744): #onError(false)
08-10 22:49:40.628 I/MicroDetectionWorker( 3744): #startMicroDetector [speakerMode: 0]
08-10 22:49:40.632 W/ErrorReporter( 3744): reportError [type: 211, code: 393244, bug: 0]: errorCode: 393244, engine: 0
08-10 22:49:40.635 I/MicroDetector( 3744): Keeping mic open: false
08-10 22:49:40.635 I/MicroDetectionWorker( 3744): #onError(false)
08-10 22:49:45.641 I/MicroDetectionWorker( 3744): #startMicroDetector [speakerMode: 0]
08-10 22:49:45.645 W/ErrorReporter( 3744): reportError [type: 211, code: 393244, bug: 0]: errorCode: 393244, engine: 0
08-10 22:49:45.648 I/MicroDetector( 3744): Keeping mic open: false
08-10 22:49:45.649 I/MicroDetectionWorker( 3744): #onError(false)
08-10 22:49:50.652 I/MicroDetectionWorker( 3744): #startMicroDetector [speakerMode: 0]
08-10 22:49:50.656 W/ErrorReporter( 3744): reportError [type: 211, code: 393244, bug: 0]: errorCode: 393244, engine: 0
08-10 22:49:50.656 I/MicroDetector( 3744): Keeping mic open: false
08-10 22:49:50.656 I/MicroDetectionWorker( 3744): #onError(false)
08-10 22:49:55.661 I/MicroDetectionWorker( 3744): #startMicroDetector [speakerMode: 0]
08-10 22:49:55.665 W/ErrorReporter( 3744): reportError [type: 211, code: 393244, bug: 0]: errorCode: 393244, engine: 0
08-10 22:49:55.671 I/MicroDetector( 3744): Keeping mic open: false
08-10 22:49:55.671 I/MicroDetectionWorker( 3744): #onError(false)
08-10 22:49:55.672 I/DeviceStateChecker( 3744): DeviceStateChecker cancelled
08-10 22:50:00.023 D/KeyguardClockSwitch( 4360): Updating clock: 1050
08-10 22:50:00.676 I/MicroDetectionWorker( 3744): #startMicroDetector [speakerMode: 0]
08-10 22:50:00.678 W/ErrorReporter( 3744): reportError [type: 211, code: 393244, bug: 0]: errorCode: 393244, engine: 0
08-10 22:50:00.679 I/MicroDetector( 3744): Keeping mic open: false
08-10 22:50:00.679 I/MicroDetectionWorker( 3744): #onError(false)
08-10 22:50:05.684 I/MicroDetectionWorker( 3744): #startMicroDetector [speakerMode: 0]
08-10 22:50:05.690 W/ErrorReporter( 3744): reportError [type: 211, code: 393244, bug: 0]: errorCode: 393244, engine: 0
08-10 22:50:05.691 I/MicroDetector( 3744): Keeping mic open: false
08-10 22:50:05.691 I/MicroDetectionWorker( 3744): #onError(false)
08-10 22:50:10.696 I/MicroDetectionWorker( 3744): #startMicroDetector [speakerMode: 0]
08-10 22:50:10.703 W/ErrorReporter( 3744): reportError [type: 211, code: 393244, bug: 0]: errorCode: 393244, engine: 0
08-10 22:50:10.704 I/MicroDetector( 3744): Keeping mic open: false
08-10 22:50:10.704 I/MicroDetectionWorker( 3744): #onError(false)
08-10 22:50:13.571 E/netmgr  ( 1872): Failed to open QEMU pipe 'qemud:network': Invalid argument
08-10 22:50:15.638 E/wifi_forwarder( 1874): RemoteConnection failed to initialize: RemoteConnection failed to open pipe
08-10 22:50:15.721 I/MicroDetectionWorker( 3744): #startMicroDetector [speakerMode: 0]
08-10 22:50:15.725 W/ErrorReporter( 3744): reportError [type: 211, code: 393244, bug: 0]: errorCode: 393244, engine: 0
08-10 22:50:15.729 I/MicroDetector( 3744): Keeping mic open: false
08-10 22:50:15.729 I/MicroDetectionWorker( 3744): #onError(false)
08-10 22:50:20.734 I/MicroDetectionWorker( 3744): #startMicroDetector [speakerMode: 0]
08-10 22:50:20.738 W/ErrorReporter( 3744): reportError [type: 211, code: 393244, bug: 0]: errorCode: 393244, engine: 0
08-10 22:50:20.739 I/MicroDetector( 3744): Keeping mic open: false
08-10 22:50:20.740 I/MicroDetectionWorker( 3744): #onError(false)
08-10 22:50:25.743 I/MicroDetectionWorker( 3744): #startMicroDetector [speakerMode: 0]
08-10 22:50:25.745 W/ErrorReporter( 3744): reportError [type: 211, code: 393244, bug: 0]: errorCode: 393244, engine: 0
08-10 22:50:25.747 I/MicroDetector( 3744): Keeping mic open: false
08-10 22:50:25.747 I/MicroDetectionWorker( 3744): #onError(false)
08-10 22:50:30.751 I/MicroDetectionWorker( 3744): #startMicroDetector [speakerMode: 0]
08-10 22:50:30.756 W/ErrorReporter( 3744): reportError [type: 211, code: 393244, bug: 0]: errorCode: 393244, engine: 0
08-10 22:50:30.759 I/MicroDetector( 3744): Keeping mic open: false
08-10 22:50:30.759 I/MicroDetectionWorker( 3744): #onError(false)
08-10 22:50:35.763 I/MicroDetectionWorker( 3744): #startMicroDetector [speakerMode: 0]
08-10 22:50:35.770 W/ErrorReporter( 3744): reportError [type: 211, code: 393244, bug: 0]: errorCode: 393244, engine: 0
08-10 22:50:35.771 I/MicroDetector( 3744): Keeping mic open: false
08-10 22:50:35.771 I/MicroDetectionWorker( 3744): #onError(false)
08-10 22:50:40.775 I/MicroDetectionWorker( 3744): #startMicroDetector [speakerMode: 0]
08-10 22:50:40.779 W/ErrorReporter( 3744): reportError [type: 211, code: 393244, bug: 0]: errorCode: 393244, engine: 0
08-10 22:50:40.782 I/MicroDetector( 3744): Keeping mic open: false
08-10 22:50:40.782 I/MicroDetectionWorker( 3744): #onError(false)
08-10 22:50:45.791 I/MicroDetectionWorker( 3744): #startMicroDetector [speakerMode: 0]
08-10 22:50:45.795 W/ErrorReporter( 3744): reportError [type: 211, code: 393244, bug: 0]: errorCode: 393244, engine: 0
08-10 22:50:45.799 I/MicroDetector( 3744): Keeping mic open: false
08-10 22:50:45.799 I/MicroDetectionWorker( 3744): #onError(false)
08-10 22:50:50.805 I/MicroDetectionWorker( 3744): #startMicroDetector [speakerMode: 0]
08-10 22:50:50.809 W/ErrorReporter( 3744): reportError [type: 211, code: 393244, bug: 0]: errorCode: 393244, engine: 0
08-10 22:50:50.814 I/MicroDetector( 3744): Keeping mic open: false
08-10 22:50:50.814 I/MicroDetectionWorker( 3744): #onError(false)
08-10 22:50:55.817 I/MicroDetectionWorker( 3744): #startMicroDetector [speakerMode: 0]
08-10 22:50:55.820 W/ErrorReporter( 3744): reportError [type: 211, code: 393244, bug: 0]: errorCode: 393244, engine: 0
08-10 22:50:55.821 I/MicroDetector( 3744): Keeping mic open: false
08-10 22:50:55.821 I/MicroDetectionWorker( 3744): #onError(false)
08-10 22:51:00.007 D/KeyguardClockSwitch( 4360): Updating clock: 1051
08-10 22:51:00.826 I/MicroDetectionWorker( 3744): #startMicroDetector [speakerMode: 0]
08-10 22:51:00.829 W/ErrorReporter( 3744): reportError [type: 211, code: 393244, bug: 0]: errorCode: 393244, engine: 0
08-10 22:51:00.832 I/MicroDetector( 3744): Keeping mic open: false
08-10 22:51:00.832 I/MicroDetectionWorker( 3744): #onError(false)
08-10 22:51:05.839 I/MicroDetectionWorker( 3744): #startMicroDetector [speakerMode: 0]
08-10 22:51:05.843 W/ErrorReporter( 3744): reportError [type: 211, code: 393244, bug: 0]: errorCode: 393244, engine: 0
08-10 22:51:05.847 I/MicroDetector( 3744): Keeping mic open: false
08-10 22:51:05.847 I/MicroDetectionWorker( 3744): #onError(false)
08-10 22:51:10.851 I/MicroDetectionWorker( 3744): #startMicroDetector [speakerMode: 0]
08-10 22:51:10.855 W/ErrorReporter( 3744): reportError [type: 211, code: 393244, bug: 0]: errorCode: 393244, engine: 0
08-10 22:51:10.860 I/MicroDetector( 3744): Keeping mic open: false
08-10 22:51:10.860 I/MicroDetectionWorker( 3744): #onError(false)
08-10 22:51:13.619 E/netmgr  ( 1872): Failed to open QEMU pipe 'qemud:network': Invalid argument
08-10 22:51:15.670 E/wifi_forwarder( 1874): RemoteConnection failed to initialize: RemoteConnection failed to open pipe
08-10 22:51:15.866 I/MicroDetectionWorker( 3744): #startMicroDetector [speakerMode: 0]
08-10 22:51:15.869 W/ErrorReporter( 3744): reportError [type: 211, code: 393244, bug: 0]: errorCode: 393244, engine: 0
08-10 22:51:15.875 I/MicroDetector( 3744): Keeping mic open: false
08-10 22:51:15.875 I/MicroDetectionWorker( 3744): #onError(false)
08-10 22:51:20.881 I/MicroDetectionWorker( 3744): #startMicroDetector [speakerMode: 0]
08-10 22:51:20.885 W/ErrorReporter( 3744): reportError [type: 211, code: 393244, bug: 0]: errorCode: 393244, engine: 0
08-10 22:51:20.891 I/MicroDetector( 3744): Keeping mic open: false
08-10 22:51:20.891 I/MicroDetectionWorker( 3744): #onError(false)
08-10 22:51:25.895 I/MicroDetectionWorker( 3744): #startMicroDetector [speakerMode: 0]
08-10 22:51:25.898 W/ErrorReporter( 3744): reportError [type: 211, code: 393244, bug: 0]: errorCode: 393244, engine: 0
08-10 22:51:25.902 I/MicroDetector( 3744): Keeping mic open: false
08-10 22:51:25.902 I/MicroDetectionWorker( 3744): #onError(false)
08-10 22:51:27.324 E/memtrack( 2106): Couldn't load memtrack module
08-10 22:51:27.324 W/android.os.Debug( 2106): failed to get memory consumption info: -1
08-10 22:51:27.341 E/memtrack( 2106): Couldn't load memtrack module
08-10 22:51:27.341 W/android.os.Debug( 2106): failed to get memory consumption info: -1
08-10 22:51:30.908 I/MicroDetectionWorker( 3744): #startMicroDetector [speakerMode: 0]
08-10 22:51:30.912 W/ErrorReporter( 3744): reportError [type: 211, code: 393244, bug: 0]: errorCode: 393244, engine: 0
08-10 22:51:30.916 I/MicroDetector( 3744): Keeping mic open: false
08-10 22:51:30.916 I/MicroDetectionWorker( 3744): #onError(false)
08-10 22:51:31.254 D/WificondControl( 2106): Scan result ready event
08-10 22:51:35.922 I/MicroDetectionWorker( 3744): #startMicroDetector [speakerMode: 0]
08-10 22:51:35.927 W/ErrorReporter( 3744): reportError [type: 211, code: 393244, bug: 0]: errorCode: 393244, engine: 0
08-10 22:51:35.930 I/MicroDetector( 3744): Keeping mic open: false
08-10 22:51:35.930 I/MicroDetectionWorker( 3744): #onError(false)
08-10 22:51:40.935 I/MicroDetectionWorker( 3744): #startMicroDetector [speakerMode: 0]
08-10 22:51:40.939 W/ErrorReporter( 3744): reportError [type: 211, code: 393244, bug: 0]: errorCode: 393244, engine: 0
08-10 22:51:40.942 I/MicroDetector( 3744): Keeping mic open: false
08-10 22:51:40.943 I/MicroDetectionWorker( 3744): #onError(false)
08-10 22:51:45.948 I/MicroDetectionWorker( 3744): #startMicroDetector [speakerMode: 0]
08-10 22:51:45.952 W/ErrorReporter( 3744): reportError [type: 211, code: 393244, bug: 0]: errorCode: 393244, engine: 0
08-10 22:51:45.955 I/MicroDetector( 3744): Keeping mic open: false
08-10 22:51:45.955 I/MicroDetectionWorker( 3744): #onError(false)
08-10 22:51:50.960 I/MicroDetectionWorker( 3744): #startMicroDetector [speakerMode: 0]
08-10 22:51:50.962 W/ErrorReporter( 3744): reportError [type: 211, code: 393244, bug: 0]: errorCode: 393244, engine: 0
08-10 22:51:50.963 I/MicroDetector( 3744): Keeping mic open: false
08-10 22:51:50.963 I/MicroDetectionWorker( 3744): #onError(false)
08-10 22:51:55.969 I/MicroDetectionWorker( 3744): #startMicroDetector [speakerMode: 0]
08-10 22:51:55.973 W/ErrorReporter( 3744): reportError [type: 211, code: 393244, bug: 0]: errorCode: 393244, engine: 0
08-10 22:51:55.977 I/MicroDetector( 3744): Keeping mic open: false
08-10 22:51:55.977 I/MicroDetectionWorker( 3744): #onError(false)
08-10 22:52:00.007 D/KeyguardClockSwitch( 4360): Updating clock: 1052
08-10 22:52:00.981 I/MicroDetectionWorker( 3744): #startMicroDetector [speakerMode: 0]
08-10 22:52:00.991 W/ErrorReporter( 3744): reportError [type: 211, code: 393244, bug: 0]: errorCode: 393244, engine: 0
08-10 22:52:00.992 I/MicroDetector( 3744): Keeping mic open: false
08-10 22:52:00.992 I/MicroDetectionWorker( 3744): #onError(false)
08-10 22:52:02.967 E/memtrack( 2106): Couldn't load memtrack module
08-10 22:52:02.967 W/android.os.Debug( 2106): failed to get memory consumption info: -1
08-10 22:52:06.004 I/MicroDetectionWorker( 3744): #startMicroDetector [speakerMode: 0]
08-10 22:52:06.012 W/ErrorReporter( 3744): reportError [type: 211, code: 393244, bug: 0]: errorCode: 393244, engine: 0
08-10 22:52:06.015 I/MicroDetector( 3744): Keeping mic open: false
08-10 22:52:06.015 I/MicroDetectionWorker( 3744): #onError(false)
08-10 22:52:06.015 I/DeviceStateChecker( 3744): DeviceStateChecker cancelled
08-10 22:52:11.021 I/MicroDetectionWorker( 3744): #startMicroDetector [speakerMode: 0]
08-10 22:52:11.025 W/ErrorReporter( 3744): reportError [type: 211, code: 393244, bug: 0]: errorCode: 393244, engine: 0
08-10 22:52:11.033 I/MicroDetector( 3744): Keeping mic open: false
08-10 22:52:11.033 I/MicroDetectionWorker( 3744): #onError(false)
08-10 22:52:13.637 E/netmgr  ( 1872): Failed to open QEMU pipe 'qemud:network': Invalid argument
08-10 22:52:15.686 E/wifi_forwarder( 1874): RemoteConnection failed to initialize: RemoteConnection failed to open pipe
08-10 22:52:16.039 I/MicroDetectionWorker( 3744): #startMicroDetector [speakerMode: 0]
08-10 22:52:16.042 W/ErrorReporter( 3744): reportError [type: 211, code: 393244, bug: 0]: errorCode: 393244, engine: 0
08-10 22:52:16.047 I/MicroDetector( 3744): Keeping mic open: false
08-10 22:52:16.047 I/MicroDetectionWorker( 3744): #onError(false)
08-10 22:52:16.047 I/DeviceStateChecker( 3744): DeviceStateChecker cancelled
08-10 22:52:21.053 I/MicroDetectionWorker( 3744): #startMicroDetector [speakerMode: 0]
08-10 22:52:21.059 W/ErrorReporter( 3744): reportError [type: 211, code: 393244, bug: 0]: errorCode: 393244, engine: 0
08-10 22:52:21.060 I/MicroDetector( 3744): Keeping mic open: false
08-10 22:52:21.060 I/MicroDetectionWorker( 3744): #onError(false)
08-10 22:52:25.416 E/memtrack( 2106): Couldn't load memtrack module
08-10 22:52:25.416 W/android.os.Debug( 2106): failed to get memory consumption info: -1
08-10 22:52:26.065 I/MicroDetectionWorker( 3744): #startMicroDetector [speakerMode: 0]
08-10 22:52:26.069 W/ErrorReporter( 3744): reportError [type: 211, code: 393244, bug: 0]: errorCode: 393244, engine: 0
08-10 22:52:26.073 I/MicroDetector( 3744): Keeping mic open: false
08-10 22:52:26.073 I/MicroDetectionWorker( 3744): #onError(false)
08-10 22:52:31.078 I/MicroDetectionWorker( 3744): #startMicroDetector [speakerMode: 0]
08-10 22:52:31.081 W/ErrorReporter( 3744): reportError [type: 211, code: 393244, bug: 0]: errorCode: 393244, engine: 0
08-10 22:52:31.085 I/MicroDetector( 3744): Keeping mic open: false
08-10 22:52:31.085 I/MicroDetectionWorker( 3744): #onError(false)
08-10 22:52:36.090 I/MicroDetectionWorker( 3744): #startMicroDetector [speakerMode: 0]
08-10 22:52:36.094 W/ErrorReporter( 3744): reportError [type: 211, code: 393244, bug: 0]: errorCode: 393244, engine: 0
08-10 22:52:36.098 I/MicroDetector( 3744): Keeping mic open: false
08-10 22:52:36.098 I/MicroDetectionWorker( 3744): #onError(false)
08-10 22:52:41.104 I/MicroDetectionWorker( 3744): #startMicroDetector [speakerMode: 0]
08-10 22:52:41.108 W/ErrorReporter( 3744): reportError [type: 211, code: 393244, bug: 0]: errorCode: 393244, engine: 0
08-10 22:52:41.112 I/MicroDetector( 3744): Keeping mic open: false
08-10 22:52:41.113 I/MicroDetectionWorker( 3744): #onError(false)
08-10 22:52:41.615 E/SQLiteDatabase( 2781): Error inserting flex_time=3599000 job_id=-1 period=7200000 source=16 requires_charging=0 target_class=com.google.android.gms.measurement.PackageMeasurementTaskService user_id=0 target_package=com.google.android.gms tag=Measurement.PackageMeasurementTaskService.UPLOAD_TASK_TAG task_type=0 source_version=200414000 required_network_type=0 runtime=1597066765225 retry_strategy={"maximum_backoff_seconds":{"3600":0},"initial_backoff_seconds":{"30":0},"retry_policy":{"0":0}} last_runtime=0
08-10 22:52:41.615 E/SQLiteDatabase( 2781): android.database.sqlite.SQLiteConstraintException: UNIQUE constraint failed: pending_ops.tag, pending_ops.target_class, pending_ops.target_package, pending_ops.user_id (code 2067 SQLITE_CONSTRAINT_UNIQUE)
08-10 22:52:41.615 E/SQLiteDatabase( 2781): 	at android.database.sqlite.SQLiteConnection.nativeExecuteForLastInsertedRowId(Native Method)
08-10 22:52:41.615 E/SQLiteDatabase( 2781): 	at android.database.sqlite.SQLiteConnection.executeForLastInsertedRowId(SQLiteConnection.java:879)
08-10 22:52:41.615 E/SQLiteDatabase( 2781): 	at android.database.sqlite.SQLiteSession.executeForLastInsertedRowId(SQLiteSession.java:790)
08-10 22:52:41.615 E/SQLiteDatabase( 2781): 	at android.database.sqlite.SQLiteStatement.executeInsert(SQLiteStatement.java:88)
08-10 22:52:41.615 E/SQLiteDatabase( 2781): 	at android.database.sqlite.SQLiteDatabase.insertWithOnConflict(SQLiteDatabase.java:1599)
08-10 22:52:41.615 E/SQLiteDatabase( 2781): 	at android.database.sqlite.SQLiteDatabase.insert(SQLiteDatabase.java:1468)
08-10 22:52:41.615 E/SQLiteDatabase( 2781): 	at aozt.a(:com.google.android.gms@200414022@20.04.14 (040700-294335909):147)
08-10 22:52:41.615 E/SQLiteDatabase( 2781): 	at aozi.a(:com.google.android.gms@200414022@20.04.14 (040700-294335909):182)
08-10 22:52:41.615 E/SQLiteDatabase( 2781): 	at aozi.a(:com.google.android.gms@200414022@20.04.14 (040700-294335909):25)
08-10 22:52:41.615 E/SQLiteDatabase( 2781): 	at aozi.c(:com.google.android.gms@200414022@20.04.14 (040700-294335909):8)
08-10 22:52:41.615 E/SQLiteDatabase( 2781): 	at aozi.a(:com.google.android.gms@200414022@20.04.14 (040700-294335909):88)
08-10 22:52:41.615 E/SQLiteDatabase( 2781): 	at aozf.handleMessage(:com.google.android.gms@200414022@20.04.14 (040700-294335909):14)
08-10 22:52:41.615 E/SQLiteDatabase( 2781): 	at android.os.Handler.dispatchMessage(Handler.java:107)
08-10 22:52:41.615 E/SQLiteDatabase( 2781): 	at adxv.a(:com.google.android.gms@200414022@20.04.14 (040700-294335909):2)
08-10 22:52:41.615 E/SQLiteDatabase( 2781): 	at adxv.dispatchMessage(:com.google.android.gms@200414022@20.04.14 (040700-294335909):14)
08-10 22:52:41.615 E/SQLiteDatabase( 2781): 	at android.os.Looper.loop(Looper.java:214)
08-10 22:52:41.615 E/SQLiteDatabase( 2781): 	at android.os.HandlerThread.run(HandlerThread.java:67)
08-10 22:52:41.676 E/memtrack( 2106): Couldn't load memtrack module
08-10 22:52:41.676 W/android.os.Debug( 2106): failed to get memory consumption info: -1
08-10 22:52:41.924 E/ResolverController( 1760): No valid NAT64 prefix (100, <unspecified>/0)
08-10 22:52:41.943 W/Conscrypt( 2781): Could not set socket write timeout: java.net.SocketException: Socket closed
08-10 22:52:41.943 W/Conscrypt( 2781): 	at com.google.android.gms.org.conscrypt.Platform.setSocketWriteTimeout(:com.google.android.gms@200414022@20.04.14 (040700-294335909):2)
08-10 22:52:41.943 W/Conscrypt( 2781): 	at com.google.android.gms.org.conscrypt.ConscryptFileDescriptorSocket.setSoWriteTimeout(:com.google.android.gms@200414022@20.04.14 (040700-294335909):0)
08-10 22:52:41.955 W/Conscrypt( 2781): Could not set socket write timeout: java.net.SocketException: Socket closed
08-10 22:52:41.955 W/Conscrypt( 2781): 	at com.google.android.gms.org.conscrypt.Platform.setSocketWriteTimeout(:com.google.android.gms@200414022@20.04.14 (040700-294335909):2)
08-10 22:52:41.955 W/Conscrypt( 2781): 	at com.google.android.gms.org.conscrypt.ConscryptFileDescriptorSocket.setSoWriteTimeout(:com.google.android.gms@200414022@20.04.14 (040700-294335909):0)
08-10 22:52:42.016 W/GLSUser ( 2781): [AppCertManager] Failed to get security token.
08-10 22:52:42.016 W/GLSUser ( 2781): java.io.IOException: INVALID_SENDER
08-10 22:52:42.016 W/GLSUser ( 2781): 	at adcc.b(:com.google.android.gms@200414022@20.04.14 (040700-294335909):24)
08-10 22:52:42.016 W/GLSUser ( 2781): 	at adcc.a(:com.google.android.gms@200414022@20.04.14 (040700-294335909):21)
08-10 22:52:42.016 W/GLSUser ( 2781): 	at adcc.a(:com.google.android.gms@200414022@20.04.14 (040700-294335909):11)
08-10 22:52:42.016 W/GLSUser ( 2781): 	at iko.a(:com.google.android.gms@200414022@20.04.14 (040700-294335909):16)
08-10 22:52:42.016 W/GLSUser ( 2781): 	at ikm.a(:com.google.android.gms@200414022@20.04.14 (040700-294335909):42)
08-10 22:52:42.016 W/GLSUser ( 2781): 	at ikh.a(:com.google.android.gms@200414022@20.04.14 (040700-294335909):0)
08-10 22:52:42.016 W/GLSUser ( 2781): 	at ikk.a(:com.google.android.gms@200414022@20.04.14 (040700-294335909):10)
08-10 22:52:42.016 W/GLSUser ( 2781): 	at gyc.call(:com.google.android.gms@200414022@20.04.14 (040700-294335909):9)
08-10 22:52:42.016 W/GLSUser ( 2781): 	at java.util.concurrent.FutureTask.run(FutureTask.java:266)
08-10 22:52:42.016 W/GLSUser ( 2781): 	at srw.b(:com.google.android.gms@200414022@20.04.14 (040700-294335909):14)
08-10 22:52:42.016 W/GLSUser ( 2781): 	at srw.run(:com.google.android.gms@200414022@20.04.14 (040700-294335909):2)
08-10 22:52:42.016 W/GLSUser ( 2781): 	at java.util.concurrent.ThreadPoolExecutor.runWorker(ThreadPoolExecutor.java:1167)
08-10 22:52:42.016 W/GLSUser ( 2781): 	at java.util.concurrent.ThreadPoolExecutor$Worker.run(ThreadPoolExecutor.java:641)
08-10 22:52:42.016 W/GLSUser ( 2781): 	at sxw.run(:com.google.android.gms@200414022@20.04.14 (040700-294335909):0)
08-10 22:52:42.016 W/GLSUser ( 2781): 	at java.lang.Thread.run(Thread.java:919)
08-10 22:52:42.061 W/Conscrypt( 2781): Could not set socket write timeout: java.net.SocketException: Socket closed
08-10 22:52:42.061 W/Conscrypt( 2781): 	at com.google.android.gms.org.conscrypt.Platform.setSocketWriteTimeout(:com.google.android.gms@200414022@20.04.14 (040700-294335909):2)
08-10 22:52:42.061 W/Conscrypt( 2781): 	at com.google.android.gms.org.conscrypt.ConscryptFileDescriptorSocket.setSoWriteTimeout(:com.google.android.gms@200414022@20.04.14 (040700-294335909):0)
08-10 22:52:42.074 W/Conscrypt( 2781): Could not set socket write timeout: java.net.SocketException: Socket closed
08-10 22:52:42.074 W/Conscrypt( 2781): 	at com.google.android.gms.org.conscrypt.Platform.setSocketWriteTimeout(:com.google.android.gms@200414022@20.04.14 (040700-294335909):2)
08-10 22:52:42.075 W/Conscrypt( 2781): 	at com.google.android.gms.org.conscrypt.ConscryptFileDescriptorSocket.setSoWriteTimeout(:com.google.android.gms@200414022@20.04.14 (040700-294335909):0)
08-10 22:52:42.154 W/GLSUser ( 2781): [AppCertManager] IOException while requesting key: 
08-10 22:52:42.154 W/GLSUser ( 2781): java.io.IOException: Invalid device key response.
08-10 22:52:42.154 W/GLSUser ( 2781): 	at iko.a(:com.google.android.gms@200414022@20.04.14 (040700-294335909):50)
08-10 22:52:42.154 W/GLSUser ( 2781): 	at ikm.a(:com.google.android.gms@200414022@20.04.14 (040700-294335909):42)
08-10 22:52:42.154 W/GLSUser ( 2781): 	at ikh.a(:com.google.android.gms@200414022@20.04.14 (040700-294335909):0)
08-10 22:52:42.154 W/GLSUser ( 2781): 	at ikk.a(:com.google.android.gms@200414022@20.04.14 (040700-294335909):10)
08-10 22:52:42.154 W/GLSUser ( 2781): 	at gyc.call(:com.google.android.gms@200414022@20.04.14 (040700-294335909):9)
08-10 22:52:42.154 W/GLSUser ( 2781): 	at java.util.concurrent.FutureTask.run(FutureTask.java:266)
08-10 22:52:42.154 W/GLSUser ( 2781): 	at srw.b(:com.google.android.gms@200414022@20.04.14 (040700-294335909):14)
08-10 22:52:42.154 W/GLSUser ( 2781): 	at srw.run(:com.google.android.gms@200414022@20.04.14 (040700-294335909):2)
08-10 22:52:42.154 W/GLSUser ( 2781): 	at java.util.concurrent.ThreadPoolExecutor.runWorker(ThreadPoolExecutor.java:1167)
08-10 22:52:42.154 W/GLSUser ( 2781): 	at java.util.concurrent.ThreadPoolExecutor$Worker.run(ThreadPoolExecutor.java:641)
08-10 22:52:42.154 W/GLSUser ( 2781): 	at sxw.run(:com.google.android.gms@200414022@20.04.14 (040700-294335909):0)
08-10 22:52:42.154 W/GLSUser ( 2781): 	at java.lang.Thread.run(Thread.java:919)
08-10 22:52:46.118 I/MicroDetectionWorker( 3744): #startMicroDetector [speakerMode: 0]
08-10 22:52:46.122 W/ErrorReporter( 3744): reportError [type: 211, code: 393244, bug: 0]: errorCode: 393244, engine: 0
08-10 22:52:46.127 I/MicroDetector( 3744): Keeping mic open: false
08-10 22:52:46.127 I/MicroDetectionWorker( 3744): #onError(false)
08-10 22:52:46.956 W/id.networkstac( 2357): Reducing the number of considered missed Gc histogram windows from 966 to 100
08-10 22:52:51.133 I/MicroDetectionWorker( 3744): #startMicroDetector [speakerMode: 0]
08-10 22:52:51.141 W/ErrorReporter( 3744): reportError [type: 211, code: 393244, bug: 0]: errorCode: 393244, engine: 0
08-10 22:52:51.142 I/MicroDetector( 3744): Keeping mic open: false
08-10 22:52:51.142 I/MicroDetectionWorker( 3744): #onError(false)
08-10 22:52:51.911 W/id.gms.unstabl( 6004): Reducing the number of considered missed Gc histogram windows from 417 to 100
08-10 22:52:56.147 I/MicroDetectionWorker( 3744): #startMicroDetector [speakerMode: 0]
08-10 22:52:56.151 W/ErrorReporter( 3744): reportError [type: 211, code: 393244, bug: 0]: errorCode: 393244, engine: 0
08-10 22:52:56.156 I/MicroDetector( 3744): Keeping mic open: false
08-10 22:52:56.156 I/MicroDetectionWorker( 3744): #onError(false)
08-10 22:53:00.010 D/KeyguardClockSwitch( 4360): Updating clock: 1053
08-10 22:53:01.161 I/MicroDetectionWorker( 3744): #startMicroDetector [speakerMode: 0]
08-10 22:53:01.166 W/ErrorReporter( 3744): reportError [type: 211, code: 393244, bug: 0]: errorCode: 393244, engine: 0
08-10 22:53:01.167 I/MicroDetector( 3744): Keeping mic open: false
08-10 22:53:01.167 I/MicroDetectionWorker( 3744): #onError(false)
08-10 22:53:06.173 I/MicroDetectionWorker( 3744): #startMicroDetector [speakerMode: 0]
08-10 22:53:06.178 W/ErrorReporter( 3744): reportError [type: 211, code: 393244, bug: 0]: errorCode: 393244, engine: 0
08-10 22:53:06.182 I/MicroDetector( 3744): Keeping mic open: false
08-10 22:53:06.182 I/MicroDetectionWorker( 3744): #onError(false)
08-10 22:53:11.189 I/MicroDetectionWorker( 3744): #startMicroDetector [speakerMode: 0]
08-10 22:53:11.193 W/ErrorReporter( 3744): reportError [type: 211, code: 393244, bug: 0]: errorCode: 393244, engine: 0
08-10 22:53:11.198 I/MicroDetector( 3744): Keeping mic open: false
08-10 22:53:11.198 I/MicroDetectionWorker( 3744): #onError(false)
08-10 22:53:13.653 E/netmgr  ( 1872): Failed to open QEMU pipe 'qemud:network': Invalid argument
08-10 22:53:15.702 E/wifi_forwarder( 1874): RemoteConnection failed to initialize: RemoteConnection failed to open pipe
08-10 22:53:16.210 I/MicroDetectionWorker( 3744): #startMicroDetector [speakerMode: 0]
08-10 22:53:16.214 W/ErrorReporter( 3744): reportError [type: 211, code: 393244, bug: 0]: errorCode: 393244, engine: 0
08-10 22:53:16.219 I/MicroDetector( 3744): Keeping mic open: false
08-10 22:53:16.219 I/MicroDetectionWorker( 3744): #onError(false)
08-10 22:53:21.225 I/MicroDetectionWorker( 3744): #startMicroDetector [speakerMode: 0]
08-10 22:53:21.230 W/ErrorReporter( 3744): reportError [type: 211, code: 393244, bug: 0]: errorCode: 393244, engine: 0
08-10 22:53:21.234 I/MicroDetector( 3744): Keeping mic open: false
08-10 22:53:21.234 I/MicroDetectionWorker( 3744): #onError(false)
08-10 22:53:21.236 I/DeviceStateChecker( 3744): DeviceStateChecker cancelled
08-10 22:53:26.240 I/MicroDetectionWorker( 3744): #startMicroDetector [speakerMode: 0]
08-10 22:53:26.244 W/ErrorReporter( 3744): reportError [type: 211, code: 393244, bug: 0]: errorCode: 393244, engine: 0
08-10 22:53:26.248 I/MicroDetector( 3744): Keeping mic open: false
08-10 22:53:26.248 I/MicroDetectionWorker( 3744): #onError(false)
08-10 22:53:26.248 I/DeviceStateChecker( 3744): DeviceStateChecker cancelled
08-10 22:53:31.254 I/MicroDetectionWorker( 3744): #startMicroDetector [speakerMode: 0]
08-10 22:53:31.258 W/ErrorReporter( 3744): reportError [type: 211, code: 393244, bug: 0]: errorCode: 393244, engine: 0
08-10 22:53:31.259 I/MicroDetector( 3744): Keeping mic open: false
08-10 22:53:31.259 I/MicroDetectionWorker( 3744): #onError(false)
08-10 22:53:36.266 I/MicroDetectionWorker( 3744): #startMicroDetector [speakerMode: 0]
08-10 22:53:36.273 W/ErrorReporter( 3744): reportError [type: 211, code: 393244, bug: 0]: errorCode: 393244, engine: 0
08-10 22:53:36.277 I/MicroDetector( 3744): Keeping mic open: false
08-10 22:53:36.277 I/MicroDetectionWorker( 3744): #onError(false)
08-10 22:53:41.283 I/MicroDetectionWorker( 3744): #startMicroDetector [speakerMode: 0]
08-10 22:53:41.286 W/ErrorReporter( 3744): reportError [type: 211, code: 393244, bug: 0]: errorCode: 393244, engine: 0
08-10 22:53:41.291 I/MicroDetector( 3744): Keeping mic open: false
08-10 22:53:41.291 I/MicroDetectionWorker( 3744): #onError(false)
08-10 22:53:46.297 I/MicroDetectionWorker( 3744): #startMicroDetector [speakerMode: 0]
08-10 22:53:46.301 W/ErrorReporter( 3744): reportError [type: 211, code: 393244, bug: 0]: errorCode: 393244, engine: 0
08-10 22:53:46.305 I/MicroDetector( 3744): Keeping mic open: false
08-10 22:53:46.305 I/MicroDetectionWorker( 3744): #onError(false)
08-10 22:53:51.314 I/MicroDetectionWorker( 3744): #startMicroDetector [speakerMode: 0]
08-10 22:53:51.318 W/ErrorReporter( 3744): reportError [type: 211, code: 393244, bug: 0]: errorCode: 393244, engine: 0
08-10 22:53:51.323 I/MicroDetector( 3744): Keeping mic open: false
08-10 22:53:51.323 I/MicroDetectionWorker( 3744): #onError(false)
08-10 22:53:56.327 I/MicroDetectionWorker( 3744): #startMicroDetector [speakerMode: 0]
08-10 22:53:56.329 W/ErrorReporter( 3744): reportError [type: 211, code: 393244, bug: 0]: errorCode: 393244, engine: 0
08-10 22:53:56.329 I/MicroDetector( 3744): Keeping mic open: false
08-10 22:53:56.329 I/MicroDetectionWorker( 3744): #onError(false)
08-10 22:54:00.019 D/KeyguardClockSwitch( 4360): Updating clock: 1054
08-10 22:54:01.335 I/MicroDetectionWorker( 3744): #startMicroDetector [speakerMode: 0]
08-10 22:54:01.342 W/ErrorReporter( 3744): reportError [type: 211, code: 393244, bug: 0]: errorCode: 393244, engine: 0
08-10 22:54:01.343 I/MicroDetector( 3744): Keeping mic open: false
08-10 22:54:01.343 I/MicroDetectionWorker( 3744): #onError(false)
08-10 22:54:06.348 I/MicroDetectionWorker( 3744): #startMicroDetector [speakerMode: 0]
08-10 22:54:06.352 W/ErrorReporter( 3744): reportError [type: 211, code: 393244, bug: 0]: errorCode: 393244, engine: 0
08-10 22:54:06.354 I/MicroDetector( 3744): Keeping mic open: false
08-10 22:54:06.355 I/MicroDetectionWorker( 3744): #onError(false)
08-10 22:54:11.360 I/MicroDetectionWorker( 3744): #startMicroDetector [speakerMode: 0]
08-10 22:54:11.364 W/ErrorReporter( 3744): reportError [type: 211, code: 393244, bug: 0]: errorCode: 393244, engine: 0
08-10 22:54:11.368 I/MicroDetector( 3744): Keeping mic open: false
08-10 22:54:11.368 I/MicroDetectionWorker( 3744): #onError(false)
08-10 22:54:13.654 E/netmgr  ( 1872): Failed to open QEMU pipe 'qemud:network': Invalid argument
08-10 22:54:15.703 E/wifi_forwarder( 1874): RemoteConnection failed to initialize: RemoteConnection failed to open pipe
08-10 22:54:16.374 I/MicroDetectionWorker( 3744): #startMicroDetector [speakerMode: 0]
08-10 22:54:16.378 W/ErrorReporter( 3744): reportError [type: 211, code: 393244, bug: 0]: errorCode: 393244, engine: 0
08-10 22:54:16.381 I/MicroDetector( 3744): Keeping mic open: false
08-10 22:54:16.381 I/MicroDetectionWorker( 3744): #onError(false)
08-10 22:54:16.382 I/DeviceStateChecker( 3744): DeviceStateChecker cancelled
08-10 22:54:21.385 I/MicroDetectionWorker( 3744): #startMicroDetector [speakerMode: 0]
08-10 22:54:21.388 W/ErrorReporter( 3744): reportError [type: 211, code: 393244, bug: 0]: errorCode: 393244, engine: 0
08-10 22:54:21.388 I/MicroDetector( 3744): Keeping mic open: false
08-10 22:54:21.388 I/MicroDetectionWorker( 3744): #onError(false)
08-10 22:54:26.394 I/MicroDetectionWorker( 3744): #startMicroDetector [speakerMode: 0]
08-10 22:54:26.397 W/ErrorReporter( 3744): reportError [type: 211, code: 393244, bug: 0]: errorCode: 393244, engine: 0
08-10 22:54:26.402 I/MicroDetector( 3744): Keeping mic open: false
08-10 22:54:26.406 I/MicroDetectionWorker( 3744): #onError(false)
08-10 22:54:31.411 I/MicroDetectionWorker( 3744): #startMicroDetector [speakerMode: 0]
08-10 22:54:31.415 W/ErrorReporter( 3744): reportError [type: 211, code: 393244, bug: 0]: errorCode: 393244, engine: 0
08-10 22:54:31.421 I/MicroDetector( 3744): Keeping mic open: false
08-10 22:54:31.421 I/MicroDetectionWorker( 3744): #onError(false)
08-10 22:54:31.423 I/DeviceStateChecker( 3744): DeviceStateChecker cancelled
08-10 22:54:31.874 D/WificondControl( 2106): Scan result ready event
08-10 22:54:36.427 I/MicroDetectionWorker( 3744): #startMicroDetector [speakerMode: 0]
08-10 22:54:36.431 W/ErrorReporter( 3744): reportError [type: 211, code: 393244, bug: 0]: errorCode: 393244, engine: 0
08-10 22:54:36.433 I/MicroDetector( 3744): Keeping mic open: false
08-10 22:54:36.433 I/MicroDetectionWorker( 3744): #onError(false)
08-10 22:54:41.438 I/MicroDetectionWorker( 3744): #startMicroDetector [speakerMode: 0]
08-10 22:54:41.444 W/ErrorReporter( 3744): reportError [type: 211, code: 393244, bug: 0]: errorCode: 393244, engine: 0
08-10 22:54:41.444 I/MicroDetector( 3744): Keeping mic open: false
08-10 22:54:41.444 I/MicroDetectionWorker( 3744): #onError(false)
08-10 22:54:46.450 I/MicroDetectionWorker( 3744): #startMicroDetector [speakerMode: 0]
08-10 22:54:46.456 W/ErrorReporter( 3744): reportError [type: 211, code: 393244, bug: 0]: errorCode: 393244, engine: 0
08-10 22:54:46.459 I/MicroDetector( 3744): Keeping mic open: false
08-10 22:54:46.459 I/MicroDetectionWorker( 3744): #onError(false)
08-10 22:54:51.465 I/MicroDetectionWorker( 3744): #startMicroDetector [speakerMode: 0]
08-10 22:54:51.472 W/ErrorReporter( 3744): reportError [type: 211, code: 393244, bug: 0]: errorCode: 393244, engine: 0
08-10 22:54:51.473 I/MicroDetector( 3744): Keeping mic open: false
08-10 22:54:51.473 I/MicroDetectionWorker( 3744): #onError(false)
08-10 22:54:56.478 I/MicroDetectionWorker( 3744): #startMicroDetector [speakerMode: 0]
08-10 22:54:56.482 W/ErrorReporter( 3744): reportError [type: 211, code: 393244, bug: 0]: errorCode: 393244, engine: 0
08-10 22:54:56.488 I/MicroDetector( 3744): Keeping mic open: false
08-10 22:54:56.488 I/MicroDetectionWorker( 3744): #onError(false)
08-10 22:55:00.011 D/KeyguardClockSwitch( 4360): Updating clock: 1055
08-10 22:55:01.493 I/MicroDetectionWorker( 3744): #startMicroDetector [speakerMode: 0]
08-10 22:55:01.496 W/ErrorReporter( 3744): reportError [type: 211, code: 393244, bug: 0]: errorCode: 393244, engine: 0
08-10 22:55:01.498 I/MicroDetector( 3744): Keeping mic open: false
08-10 22:55:01.498 I/MicroDetectionWorker( 3744): #onError(false)
08-10 22:55:06.504 I/MicroDetectionWorker( 3744): #startMicroDetector [speakerMode: 0]
08-10 22:55:06.507 W/ErrorReporter( 3744): reportError [type: 211, code: 393244, bug: 0]: errorCode: 393244, engine: 0
08-10 22:55:06.512 I/MicroDetector( 3744): Keeping mic open: false
08-10 22:55:06.512 I/MicroDetectionWorker( 3744): #onError(false)
08-10 22:55:06.512 I/DeviceStateChecker( 3744): DeviceStateChecker cancelled
08-10 22:55:11.516 I/MicroDetectionWorker( 3744): #startMicroDetector [speakerMode: 0]
08-10 22:55:11.518 W/ErrorReporter( 3744): reportError [type: 211, code: 393244, bug: 0]: errorCode: 393244, engine: 0
08-10 22:55:11.519 I/MicroDetector( 3744): Keeping mic open: false
08-10 22:55:11.519 I/MicroDetectionWorker( 3744): #onError(false)
08-10 22:55:13.686 E/netmgr  ( 1872): Failed to open QEMU pipe 'qemud:network': Invalid argument
08-10 22:55:15.763 E/wifi_forwarder( 1874): RemoteConnection failed to initialize: RemoteConnection failed to open pipe
08-10 22:55:16.525 I/MicroDetectionWorker( 3744): #startMicroDetector [speakerMode: 0]
08-10 22:55:16.529 W/ErrorReporter( 3744): reportError [type: 211, code: 393244, bug: 0]: errorCode: 393244, engine: 0
08-10 22:55:16.530 I/MicroDetector( 3744): Keeping mic open: false
08-10 22:55:16.530 I/MicroDetectionWorker( 3744): #onError(false)
08-10 22:55:21.533 I/MicroDetectionWorker( 3744): #startMicroDetector [speakerMode: 0]
08-10 22:55:21.535 W/ErrorReporter( 3744): reportError [type: 211, code: 393244, bug: 0]: errorCode: 393244, engine: 0
08-10 22:55:21.535 I/MicroDetector( 3744): Keeping mic open: false
08-10 22:55:21.535 I/MicroDetectionWorker( 3744): #onError(false)
08-10 22:55:26.542 I/MicroDetectionWorker( 3744): #startMicroDetector [speakerMode: 0]
08-10 22:55:26.546 W/ErrorReporter( 3744): reportError [type: 211, code: 393244, bug: 0]: errorCode: 393244, engine: 0
08-10 22:55:26.550 I/MicroDetector( 3744): Keeping mic open: false
08-10 22:55:26.555 I/MicroDetectionWorker( 3744): #onError(false)
08-10 22:55:31.559 I/MicroDetectionWorker( 3744): #startMicroDetector [speakerMode: 0]
08-10 22:55:31.563 W/ErrorReporter( 3744): reportError [type: 211, code: 393244, bug: 0]: errorCode: 393244, engine: 0
08-10 22:55:31.566 I/MicroDetector( 3744): Keeping mic open: false
08-10 22:55:31.566 I/MicroDetectionWorker( 3744): #onError(false)
08-10 22:55:36.572 I/MicroDetectionWorker( 3744): #startMicroDetector [speakerMode: 0]
08-10 22:55:36.576 W/ErrorReporter( 3744): reportError [type: 211, code: 393244, bug: 0]: errorCode: 393244, engine: 0
08-10 22:55:36.581 I/MicroDetector( 3744): Keeping mic open: false
08-10 22:55:36.581 I/MicroDetectionWorker( 3744): #onError(false)
08-10 22:55:41.590 I/MicroDetectionWorker( 3744): #startMicroDetector [speakerMode: 0]
08-10 22:55:41.594 W/ErrorReporter( 3744): reportError [type: 211, code: 393244, bug: 0]: errorCode: 393244, engine: 0
08-10 22:55:41.600 I/MicroDetector( 3744): Keeping mic open: false
08-10 22:55:41.600 I/MicroDetectionWorker( 3744): #onError(false)
08-10 22:55:46.607 I/MicroDetectionWorker( 3744): #startMicroDetector [speakerMode: 0]
08-10 22:55:46.610 W/ErrorReporter( 3744): reportError [type: 211, code: 393244, bug: 0]: errorCode: 393244, engine: 0
08-10 22:55:46.611 I/MicroDetector( 3744): Keeping mic open: false
08-10 22:55:46.611 I/MicroDetectionWorker( 3744): #onError(false)
08-10 22:55:51.616 I/MicroDetectionWorker( 3744): #startMicroDetector [speakerMode: 0]
08-10 22:55:51.622 W/ErrorReporter( 3744): reportError [type: 211, code: 393244, bug: 0]: errorCode: 393244, engine: 0
08-10 22:55:51.622 I/MicroDetector( 3744): Keeping mic open: false
08-10 22:55:51.623 I/MicroDetectionWorker( 3744): #onError(false)
08-10 22:55:56.627 I/MicroDetectionWorker( 3744): #startMicroDetector [speakerMode: 0]
08-10 22:55:56.631 W/ErrorReporter( 3744): reportError [type: 211, code: 393244, bug: 0]: errorCode: 393244, engine: 0
08-10 22:55:56.633 I/MicroDetector( 3744): Keeping mic open: false
08-10 22:55:56.633 I/MicroDetectionWorker( 3744): #onError(false)
08-10 22:56:00.007 D/KeyguardClockSwitch( 4360): Updating clock: 1056
08-10 22:56:01.646 I/MicroDetectionWorker( 3744): #startMicroDetector [speakerMode: 0]
08-10 22:56:01.650 W/ErrorReporter( 3744): reportError [type: 211, code: 393244, bug: 0]: errorCode: 393244, engine: 0
08-10 22:56:01.654 I/MicroDetector( 3744): Keeping mic open: false
08-10 22:56:01.658 I/MicroDetectionWorker( 3744): #onError(false)
08-10 22:56:06.664 I/MicroDetectionWorker( 3744): #startMicroDetector [speakerMode: 0]
08-10 22:56:06.668 W/ErrorReporter( 3744): reportError [type: 211, code: 393244, bug: 0]: errorCode: 393244, engine: 0
08-10 22:56:06.672 I/MicroDetector( 3744): Keeping mic open: false
08-10 22:56:06.672 I/MicroDetectionWorker( 3744): #onError(false)
08-10 22:56:11.677 I/MicroDetectionWorker( 3744): #startMicroDetector [speakerMode: 0]
08-10 22:56:11.684 W/ErrorReporter( 3744): reportError [type: 211, code: 393244, bug: 0]: errorCode: 393244, engine: 0
08-10 22:56:11.687 I/MicroDetector( 3744): Keeping mic open: false
08-10 22:56:11.687 I/MicroDetectionWorker( 3744): #onError(false)
08-10 22:56:13.687 E/netmgr  ( 1872): Failed to open QEMU pipe 'qemud:network': Invalid argument
08-10 22:56:15.823 E/wifi_forwarder( 1874): RemoteConnection failed to initialize: RemoteConnection failed to open pipe
08-10 22:56:16.696 I/MicroDetectionWorker( 3744): #startMicroDetector [speakerMode: 0]
08-10 22:56:16.700 W/ErrorReporter( 3744): reportError [type: 211, code: 393244, bug: 0]: errorCode: 393244, engine: 0
08-10 22:56:16.706 I/MicroDetector( 3744): Keeping mic open: false
08-10 22:56:16.706 I/MicroDetectionWorker( 3744): #onError(false)
08-10 22:56:16.706 I/DeviceStateChecker( 3744): DeviceStateChecker cancelled
08-10 22:56:21.712 I/MicroDetectionWorker( 3744): #startMicroDetector [speakerMode: 0]
08-10 22:56:21.717 W/ErrorReporter( 3744): reportError [type: 211, code: 393244, bug: 0]: errorCode: 393244, engine: 0
08-10 22:56:21.718 I/MicroDetector( 3744): Keeping mic open: false
08-10 22:56:21.719 I/MicroDetectionWorker( 3744): #onError(false)
08-10 22:56:26.723 I/MicroDetectionWorker( 3744): #startMicroDetector [speakerMode: 0]
08-10 22:56:26.728 W/ErrorReporter( 3744): reportError [type: 211, code: 393244, bug: 0]: errorCode: 393244, engine: 0
08-10 22:56:26.729 I/MicroDetector( 3744): Keeping mic open: false
08-10 22:56:26.729 I/MicroDetectionWorker( 3744): #onError(false)
08-10 22:56:31.734 I/MicroDetectionWorker( 3744): #startMicroDetector [speakerMode: 0]
08-10 22:56:31.738 W/ErrorReporter( 3744): reportError [type: 211, code: 393244, bug: 0]: errorCode: 393244, engine: 0
08-10 22:56:31.742 I/MicroDetector( 3744): Keeping mic open: false
08-10 22:56:31.742 I/MicroDetectionWorker( 3744): #onError(false)
08-10 22:56:36.748 I/MicroDetectionWorker( 3744): #startMicroDetector [speakerMode: 0]
08-10 22:56:36.752 W/ErrorReporter( 3744): reportError [type: 211, code: 393244, bug: 0]: errorCode: 393244, engine: 0
08-10 22:56:36.759 I/MicroDetector( 3744): Keeping mic open: false
08-10 22:56:36.759 I/MicroDetectionWorker( 3744): #onError(false)
08-10 22:56:41.765 I/MicroDetectionWorker( 3744): #startMicroDetector [speakerMode: 0]
08-10 22:56:41.771 W/ErrorReporter( 3744): reportError [type: 211, code: 393244, bug: 0]: errorCode: 393244, engine: 0
08-10 22:56:41.772 I/MicroDetector( 3744): Keeping mic open: false
08-10 22:56:41.772 I/MicroDetectionWorker( 3744): #onError(false)
08-10 22:56:46.777 I/MicroDetectionWorker( 3744): #startMicroDetector [speakerMode: 0]
08-10 22:56:46.782 W/ErrorReporter( 3744): reportError [type: 211, code: 393244, bug: 0]: errorCode: 393244, engine: 0
08-10 22:56:46.783 I/MicroDetector( 3744): Keeping mic open: false
08-10 22:56:46.783 I/MicroDetectionWorker( 3744): #onError(false)
08-10 22:56:51.789 I/MicroDetectionWorker( 3744): #startMicroDetector [speakerMode: 0]
08-10 22:56:51.792 W/ErrorReporter( 3744): reportError [type: 211, code: 393244, bug: 0]: errorCode: 393244, engine: 0
08-10 22:56:51.796 I/MicroDetector( 3744): Keeping mic open: false
08-10 22:56:51.796 I/MicroDetectionWorker( 3744): #onError(false)
08-10 22:56:56.801 I/MicroDetectionWorker( 3744): #startMicroDetector [speakerMode: 0]
08-10 22:56:56.806 W/ErrorReporter( 3744): reportError [type: 211, code: 393244, bug: 0]: errorCode: 393244, engine: 0
08-10 22:56:56.809 I/MicroDetector( 3744): Keeping mic open: false
08-10 22:56:56.809 I/MicroDetectionWorker( 3744): #onError(false)
08-10 22:57:00.011 D/KeyguardClockSwitch( 4360): Updating clock: 1057
08-10 22:57:01.814 I/MicroDetectionWorker( 3744): #startMicroDetector [speakerMode: 0]
08-10 22:57:01.816 W/ErrorReporter( 3744): reportError [type: 211, code: 393244, bug: 0]: errorCode: 393244, engine: 0
08-10 22:57:01.818 I/MicroDetector( 3744): Keeping mic open: false
08-10 22:57:01.818 I/MicroDetectionWorker( 3744): #onError(false)
08-10 22:57:06.834 I/MicroDetectionWorker( 3744): #startMicroDetector [speakerMode: 0]
08-10 22:57:06.838 W/ErrorReporter( 3744): reportError [type: 211, code: 393244, bug: 0]: errorCode: 393244, engine: 0
08-10 22:57:06.841 I/MicroDetector( 3744): Keeping mic open: false
08-10 22:57:06.841 I/MicroDetectionWorker( 3744): #onError(false)
08-10 22:57:11.846 I/MicroDetectionWorker( 3744): #startMicroDetector [speakerMode: 0]
08-10 22:57:11.849 W/ErrorReporter( 3744): reportError [type: 211, code: 393244, bug: 0]: errorCode: 393244, engine: 0
08-10 22:57:11.854 I/MicroDetector( 3744): Keeping mic open: false
08-10 22:57:11.854 I/MicroDetectionWorker( 3744): #onError(false)
08-10 22:57:13.703 E/netmgr  ( 1872): Failed to open QEMU pipe 'qemud:network': Invalid argument
08-10 22:57:15.837 E/wifi_forwarder( 1874): RemoteConnection failed to initialize: RemoteConnection failed to open pipe
08-10 22:57:16.859 I/MicroDetectionWorker( 3744): #startMicroDetector [speakerMode: 0]
08-10 22:57:16.861 W/ErrorReporter( 3744): reportError [type: 211, code: 393244, bug: 0]: errorCode: 393244, engine: 0
08-10 22:57:16.861 I/MicroDetector( 3744): Keeping mic open: false
08-10 22:57:16.861 I/MicroDetectionWorker( 3744): #onError(false)
08-10 22:57:21.866 I/MicroDetectionWorker( 3744): #startMicroDetector [speakerMode: 0]
08-10 22:57:21.871 W/ErrorReporter( 3744): reportError [type: 211, code: 393244, bug: 0]: errorCode: 393244, engine: 0
08-10 22:57:21.872 I/MicroDetector( 3744): Keeping mic open: false
08-10 22:57:21.873 I/MicroDetectionWorker( 3744): #onError(false)
08-10 22:57:21.902 I/Places  ( 2781): Converted 0 out of 1 WiFi scans
08-10 22:57:21.912 I/Places  ( 2781): ?: Couldn't find platform key file.
08-10 22:57:21.912 I/Places  ( 2781): ?: Couldn't find platform key file.
08-10 22:57:21.913 I/Places  ( 2781): ?: Couldn't find platform key file.
08-10 22:57:21.917 E/memtrack( 2106): Couldn't load memtrack module
08-10 22:57:21.917 W/android.os.Debug( 2106): failed to get memory consumption info: -1
08-10 22:57:21.982 I/PlaceInferenceEngine( 2781): No beacon scan available - ignoring candidates.
08-10 22:57:21.984 I/Places  ( 2781): ?: Couldn't find platform key file.
08-10 22:57:22.031 I/Places  ( 2781): ?: Couldn't find platform key file.
08-10 22:57:25.497 E/memtrack( 2106): Couldn't load memtrack module
08-10 22:57:25.497 W/android.os.Debug( 2106): failed to get memory consumption info: -1
08-10 22:57:26.879 I/MicroDetectionWorker( 3744): #startMicroDetector [speakerMode: 0]
08-10 22:57:26.883 W/ErrorReporter( 3744): reportError [type: 211, code: 393244, bug: 0]: errorCode: 393244, engine: 0
08-10 22:57:26.890 I/MicroDetector( 3744): Keeping mic open: false
08-10 22:57:26.890 I/MicroDetectionWorker( 3744): #onError(false)
08-10 22:57:28.580 I/BgTaskExecutorImpl( 3744): Starting PERIODIC background task REFRESH_SEARCH_HISTORY.
08-10 22:57:28.613 W/CDHeaderDataHandler( 3744): Invalid integer value "" in experiments IDs.
08-10 22:57:31.898 I/MicroDetectionWorker( 3744): #startMicroDetector [speakerMode: 0]
08-10 22:57:31.901 W/ErrorReporter( 3744): reportError [type: 211, code: 393244, bug: 0]: errorCode: 393244, engine: 0
08-10 22:57:31.902 I/MicroDetector( 3744): Keeping mic open: false
08-10 22:57:31.902 I/MicroDetectionWorker( 3744): #onError(false)
08-10 22:57:32.533 D/WificondControl( 2106): Scan result ready event
08-10 22:57:34.695 W/ocess.gservice( 3036): Reducing the number of considered missed Gc histogram windows from 102 to 100
08-10 22:57:36.905 I/MicroDetectionWorker( 3744): #startMicroDetector [speakerMode: 0]
08-10 22:57:36.907 W/ErrorReporter( 3744): reportError [type: 211, code: 393244, bug: 0]: errorCode: 393244, engine: 0
08-10 22:57:36.908 I/MicroDetector( 3744): Keeping mic open: false
08-10 22:57:36.908 I/MicroDetectionWorker( 3744): #onError(false)
