--------- beginning of main
08-10 22:26:21.462 W/audio_hw_generic( 1770): Not supplying enough data to HAL, expected position 6509107 , only wrote 6034269
08-10 22:26:21.575 E/memtrack( 2106): Couldn't load memtrack module
08-10 22:26:21.575 W/android.os.Debug( 2106): failed to get memory consumption info: -1
--------- beginning of system
08-10 22:26:21.697 W/ProcessStats( 2106): Tracking association SourceState{2aeb847 com.google.android.gms.persistent/10098 ImpFg #8746} whose proc state 2 is better than process ProcessState{5977715 com.google.android.gms/10098 pkg=com.google.android.gms} proc state 3 (34 skipped)
08-10 22:26:23.505 I/ActivityManager( 2106): Killing 6637:com.android.dialer/u0a100 (adj 995): empty for 7343s
08-10 22:26:23.513 I/libprocessgroup( 2106): Successfully killed process cgroup uid 10100 pid 6637 in 0ms
08-10 22:26:23.518 E/memtrack( 2106): Couldn't load memtrack module
08-10 22:26:23.518 W/android.os.Debug( 2106): failed to get memory consumption info: -1
08-10 22:26:23.555 I/Zygote  ( 1761): Process 6637 exited due to signal 9 (Killed)
08-10 22:26:24.638 W/adbd    ( 1804): timeout expired while flushing socket, closing
08-10 22:26:28.590 I/ActivityManager( 2106): Killing 7755:com.google.android.configupdater/u0a92 (adj 995): empty for 6913s
08-10 22:26:28.600 I/libprocessgroup( 2106): Successfully killed process cgroup uid 10092 pid 7755 in 0ms
08-10 22:26:28.623 I/Zygote  ( 1761): Process 7755 exited due to signal 9 (Killed)
08-10 22:26:32.360 I/ServiceScheduler( 8919): ----ServiceScheduler: isNetowrkTaskfalse
08-10 22:26:32.360 I/ServiceScheduler( 8919): ----ServiceScheduler: isThroughputTasktrue
08-10 22:26:32.360 D/ServiceScheduler( 8919): Schedule periodic using JobScheduler
08-10 22:26:32.362 W/JobInfo ( 8919): Requested flex +3m6s0ms for job 889003 is too small; raising to +5m0s0ms
08-10 22:26:32.385 W/audio_hw_generic( 1770): Not supplying enough data to HAL, expected position 6034420 , only wrote 6034269
08-10 22:26:33.916 W/audio_hw_generic( 1770): Not supplying enough data to HAL, expected position 6101750 , only wrote 6096403
08-10 22:26:34.874 E/memtrack( 2106): Couldn't load memtrack module
08-10 22:26:34.874 W/android.os.Debug( 2106): failed to get memory consumption info: -1
08-10 22:26:35.506 W/audio_hw_generic( 1770): Not supplying enough data to HAL, expected position 6235731 , only wrote 6166469
08-10 22:26:36.828 W/.android.video( 8486): Reducing the number of considered missed Gc histogram windows from 361 to 100
08-10 22:26:37.285 W/Conscrypt( 2781): Could not set socket write timeout: java.net.SocketException: Socket closed
08-10 22:26:37.285 W/Conscrypt( 2781): 	at com.google.android.gms.org.conscrypt.Platform.setSocketWriteTimeout(:com.google.android.gms@200414022@20.04.14 (040700-294335909):2)
08-10 22:26:37.285 W/Conscrypt( 2781): 	at com.google.android.gms.org.conscrypt.ConscryptFileDescriptorSocket.setSoWriteTimeout(:com.google.android.gms@200414022@20.04.14 (040700-294335909):0)
08-10 22:26:37.348 W/Conscrypt( 2781): Could not set socket write timeout: java.net.SocketException: Socket closed
08-10 22:26:37.348 W/Conscrypt( 2781): 	at com.google.android.gms.org.conscrypt.Platform.setSocketWriteTimeout(:com.google.android.gms@200414022@20.04.14 (040700-294335909):2)
08-10 22:26:37.348 W/Conscrypt( 2781): 	at com.google.android.gms.org.conscrypt.ConscryptFileDescriptorSocket.setSoWriteTimeout(:com.google.android.gms@200414022@20.04.14 (040700-294335909):0)
08-10 22:26:37.878 W/.gms.persisten( 2781): Long monitor contention with owner lowpool[36] (8659) at void sun.misc.Unsafe.park(boolean, long)(Unsafe.java:-2) waiters=0 in boolean com.google.android.gms.clearcut.uploader.QosUploaderChimeraService.a(java.lang.String) for 949ms
08-10 22:26:42.062 E/memtrack( 2106): Couldn't load memtrack module
08-10 22:26:42.063 W/android.os.Debug( 2106): failed to get memory consumption info: -1
08-10 22:26:43.791 W/GmsLocationProvider( 3744): Error removing location updates: 16
08-10 22:26:49.338 E/ActivityThread( 2566): Failed to find provider info for com.google.android.apps.wellbeing.api
08-10 22:27:00.012 D/KeyguardClockSwitch( 4360): Updating clock: 1027
08-10 22:27:13.070 E/netmgr  ( 1872): Failed to open QEMU pipe 'qemud:network': Invalid argument
08-10 22:27:14.903 E/wifi_forwarder( 1874): RemoteConnection failed to initialize: RemoteConnection failed to open pipe
08-10 22:27:18.305 D/AutofillManagerService( 2106): Close system dialogs
08-10 22:27:18.323 V/StatusBar( 4360): mStatusBarWindow: com.android.systemui.statusbar.phone.StatusBarWindowView{c25333f V.E...... ........ 0,0-480,36} canPanelBeCollapsed(): false
08-10 22:27:18.325 W/InputReader( 2106): Device has associated, but no associated display id.
08-10 22:27:18.359 I/ActivityTaskManager( 2106): START u0 {act=android.intent.action.MAIN cat=[android.intent.category.HOME] flg=0x10000000 cmp=com.google.android.apps.nexuslauncher/.NexusLauncherActivity (has extras)} from uid 10097
08-10 22:27:18.370 I/chatty  ( 2106): uid=1000(system) Binder:2106_18 identical 48 lines
08-10 22:27:18.370 W/InputReader( 2106): Device has associated, but no associated display id.
08-10 22:27:18.400 D/gralloc_ranchu( 1782): gralloc_alloc: Creating ashmem region of size 1540096
08-10 22:27:18.502 W/ActivityManager( 2106): Unable to start service Intent { act=android.service.appprediction.AppPredictionService cmp=com.google.android.as/com.google.android.apps.miphone.aiai.app.AiAiPredictionService } U=0: not found
08-10 22:27:18.502 W/RemoteAppPredictionService( 2106): could not bind to Intent { act=android.service.appprediction.AppPredictionService cmp=com.google.android.as/com.google.android.apps.miphone.aiai.app.AiAiPredictionService } using flags 67108865
08-10 22:27:18.512 D/gralloc_ranchu( 1782): gralloc_alloc: Creating ashmem region of size 1540096
08-10 22:27:18.529 E/memtrack( 2106): Couldn't load memtrack module
08-10 22:27:18.529 W/android.os.Debug( 2106): failed to get memory consumption info: -1
08-10 22:27:18.626 D/gralloc_ranchu( 1782): gralloc_alloc: Creating ashmem region of size 1540096
08-10 22:27:18.638 D/EGL_emulation( 2566): eglMakeCurrent: 0xe4b5f240: ver 2 0 (tinfo 0xe4beb8f0)
08-10 22:27:18.665 D/gralloc_ranchu( 1782): gralloc_alloc: Creating ashmem region of size 1540096
08-10 22:27:18.868 D/gralloc_ranchu( 1782): gralloc_alloc: Creating ashmem region of size 1540096
08-10 22:27:18.901 D/EGL_emulation( 3744): eglMakeCurrent: 0xdca1c820: ver 2 0 (tinfo 0xbdfa05f0)
08-10 22:27:18.914 D/gralloc_ranchu( 1782): gralloc_alloc: Creating ashmem region of size 1540096
08-10 22:27:19.163 W/system_server( 2106): Long monitor contention with owner android.bg (2146) at void com.android.server.am.ActivityManagerService$5.handleMessage(android.os.Message)(ActivityManagerService.java:1992) waiters=0 in void com.android.server.am.ActivityManagerService$LocalService.scheduleAppGcs() for 444ms
08-10 22:27:19.288 W/InputReader( 2106): Device has associated, but no associated display id.
08-10 22:27:19.296 I/chatty  ( 2106): uid=1000(system) android.anim identical 18 lines
08-10 22:27:19.296 W/InputReader( 2106): Device has associated, but no associated display id.
08-10 22:27:19.298 D/gralloc_ranchu( 1782): gralloc_alloc: Creating ashmem region of size 987136
08-10 22:27:19.722 W/system_server( 2106): Long monitor contention with owner android.anim (2140) at void com.android.server.wm.WindowSurfacePlacer.lambda$new$0$WindowSurfacePlacer()(WindowSurfacePlacer.java:61) waiters=1 in boolean com.android.server.wm.WindowProcessController.hasActivitiesOrRecentTasks() for 437ms
08-10 22:27:19.725 W/system_server( 2106): Long monitor contention with owner android.anim (2140) at void com.android.server.wm.WindowSurfacePlacer.lambda$new$0$WindowSurfacePlacer()(WindowSurfacePlacer.java:61) waiters=0 in void com.android.server.wm.WindowManagerService$H.handleMessage(android.os.Message) for 443ms
08-10 22:27:19.730 I/Choreographer( 3744): Skipped 49 frames!  The application may be doing too much work on its main thread.
08-10 22:27:19.746 W/ThreadPoolDumper( 3744): Queue length for executor EventBus is now 11. Perhaps some tasks are too long, or the pool is too small.
08-10 22:27:19.774 W/SessionLifecycleManager( 3744): Handover failed. Creating new session controller.
08-10 22:27:19.804 W/s.nexuslaunche( 2566): Long monitor contention with owner TaskThumbnailIconCache (3106) at boolean android.os.MessageQueue.enqueueMessage(android.os.Message, long)(MessageQueue.java:556) waiters=0 in android.os.Message android.os.MessageQueue.next() for 758ms
08-10 22:27:19.955 W/EmuHWC2 ( 1783): validate: layer 57 CompositionType 1, fallback
08-10 22:27:20.001 W/EmuHWC2 ( 1783): No layers, exit, buffer 0xf0d4c1e0
08-10 22:27:20.002 W/EmuHWC2 ( 1783): validate: layer 57 CompositionType 1, fallback
08-10 22:27:20.057 W/EmuHWC2 ( 1783): No layers, exit, buffer 0xf1312f60
08-10 22:27:20.057 W/EmuHWC2 ( 1783): validate: layer 57 CompositionType 1, fallback
08-10 22:27:20.093 W/EmuHWC2 ( 1783): No layers, exit, buffer 0xf0d4c540
08-10 22:27:20.094 W/EmuHWC2 ( 1783): validate: layer 57 CompositionType 1, fallback
08-10 22:27:20.108 W/EmuHWC2 ( 1783): No layers, exit, buffer 0xf0d4c1e0
08-10 22:27:20.108 W/EmuHWC2 ( 1783): validate: layer 57 CompositionType 1, fallback
08-10 22:27:20.125 W/EmuHWC2 ( 1783): No layers, exit, buffer 0xf1312f60
08-10 22:27:20.125 W/EmuHWC2 ( 1783): validate: layer 57 CompositionType 1, fallback
08-10 22:27:20.141 W/EmuHWC2 ( 1783): No layers, exit, buffer 0xf0d4c540
08-10 22:27:20.142 W/EmuHWC2 ( 1783): validate: layer 57 CompositionType 1, fallback
08-10 22:27:20.158 W/EmuHWC2 ( 1783): No layers, exit, buffer 0xf0d4c1e0
08-10 22:27:20.159 W/EmuHWC2 ( 1783): validate: layer 57 CompositionType 1, fallback
08-10 22:27:20.175 W/EmuHWC2 ( 1783): No layers, exit, buffer 0xf1312f60
08-10 22:27:20.175 W/EmuHWC2 ( 1783): validate: layer 57 CompositionType 1, fallback
08-10 22:27:20.192 W/EmuHWC2 ( 1783): No layers, exit, buffer 0xf0d4c540
08-10 22:27:20.193 W/EmuHWC2 ( 1783): validate: layer 57 CompositionType 1, fallback
08-10 22:27:20.208 W/EmuHWC2 ( 1783): No layers, exit, buffer 0xf0d4c1e0
08-10 22:27:20.209 W/EmuHWC2 ( 1783): validate: layer 57 CompositionType 1, fallback
08-10 22:27:20.225 W/EmuHWC2 ( 1783): No layers, exit, buffer 0xf1312f60
08-10 22:27:20.226 W/EmuHWC2 ( 1783): validate: layer 57 CompositionType 1, fallback
08-10 22:27:20.242 W/EmuHWC2 ( 1783): No layers, exit, buffer 0xf0d4c540
08-10 22:27:20.243 W/EmuHWC2 ( 1783): validate: layer 57 CompositionType 1, fallback
08-10 22:27:20.272 W/EmuHWC2 ( 1783): No layers, exit, buffer 0xf0d4c1e0
08-10 22:27:20.273 W/EmuHWC2 ( 1783): validate: layer 57 CompositionType 1, fallback
08-10 22:27:20.284 W/EmuHWC2 ( 1783): No layers, exit, buffer 0xf1312f60
08-10 22:27:20.293 W/EmuHWC2 ( 1783): validate: layer 57 CompositionType 1, fallback
08-10 22:27:20.307 W/EmuHWC2 ( 1783): No layers, exit, buffer 0xf0d4c540
08-10 22:27:20.308 W/EmuHWC2 ( 1783): validate: layer 57 CompositionType 1, fallback
08-10 22:27:20.322 W/EmuHWC2 ( 1783): No layers, exit, buffer 0xf0d4c1e0
08-10 22:27:20.322 W/EmuHWC2 ( 1783): validate: layer 57 CompositionType 1, fallback
08-10 22:27:20.339 W/EmuHWC2 ( 1783): No layers, exit, buffer 0xf1312f60
08-10 22:27:20.340 W/EmuHWC2 ( 1783): validate: layer 57 CompositionType 1, fallback
08-10 22:27:20.366 W/EmuHWC2 ( 1783): No layers, exit, buffer 0xf0d4c540
08-10 22:27:20.367 W/EmuHWC2 ( 1783): validate: layer 57 CompositionType 1, fallback
08-10 22:27:20.383 W/EmuHWC2 ( 1783): No layers, exit, buffer 0xf0d4c1e0
08-10 22:27:20.384 W/EmuHWC2 ( 1783): validate: layer 57 CompositionType 1, fallback
08-10 22:27:20.400 W/EmuHWC2 ( 1783): No layers, exit, buffer 0xf1312f60
08-10 22:27:20.401 W/EmuHWC2 ( 1783): validate: layer 57 CompositionType 1, fallback
08-10 22:27:20.417 W/EmuHWC2 ( 1783): No layers, exit, buffer 0xf0d4c540
08-10 22:27:20.418 W/EmuHWC2 ( 1783): validate: layer 57 CompositionType 1, fallback
08-10 22:27:20.440 W/EmuHWC2 ( 1783): No layers, exit, buffer 0xf0d4c1e0
08-10 22:27:20.441 W/EmuHWC2 ( 1783): validate: layer 57 CompositionType 1, fallback
08-10 22:27:20.463 W/EmuHWC2 ( 1783): No layers, exit, buffer 0xf1312f60
08-10 22:27:20.464 W/EmuHWC2 ( 1783): validate: layer 57 CompositionType 1, fallback
08-10 22:27:20.478 W/EmuHWC2 ( 1783): No layers, exit, buffer 0xf0d4c540
08-10 22:27:20.479 W/EmuHWC2 ( 1783): validate: layer 57 CompositionType 1, fallback
08-10 22:27:20.495 W/EmuHWC2 ( 1783): No layers, exit, buffer 0xf0d4c1e0
08-10 22:27:20.496 W/EmuHWC2 ( 1783): validate: layer 57 CompositionType 1, fallback
08-10 22:27:20.511 W/EmuHWC2 ( 1783): No layers, exit, buffer 0xf1312f60
08-10 22:27:20.511 W/EmuHWC2 ( 1783): validate: layer 57 CompositionType 1, fallback
08-10 22:27:20.530 W/EmuHWC2 ( 1783): No layers, exit, buffer 0xf0d4c540
08-10 22:27:20.531 W/EmuHWC2 ( 1783): validate: layer 57 CompositionType 1, fallback
08-10 22:27:20.542 W/EmuHWC2 ( 1783): No layers, exit, buffer 0xf0d4c1e0
08-10 22:27:20.543 W/EmuHWC2 ( 1783): validate: layer 57 CompositionType 1, fallback
08-10 22:27:20.558 W/EmuHWC2 ( 1783): No layers, exit, buffer 0xf1312f60
08-10 22:27:20.559 W/EmuHWC2 ( 1783): validate: layer 57 CompositionType 1, fallback
08-10 22:27:20.574 W/EmuHWC2 ( 1783): No layers, exit, buffer 0xf0d4c540
08-10 22:27:20.575 W/EmuHWC2 ( 1783): validate: layer 57 CompositionType 1, fallback
08-10 22:27:20.593 W/EmuHWC2 ( 1783): No layers, exit, buffer 0xf0d4c1e0
08-10 22:27:20.593 W/EmuHWC2 ( 1783): validate: layer 57 CompositionType 1, fallback
08-10 22:27:20.610 W/EmuHWC2 ( 1783): No layers, exit, buffer 0xf1312f60
08-10 22:27:20.611 W/EmuHWC2 ( 1783): validate: layer 57 CompositionType 1, fallback
08-10 22:27:20.625 W/EmuHWC2 ( 1783): No layers, exit, buffer 0xf0d4c540
08-10 22:27:20.626 W/EmuHWC2 ( 1783): validate: layer 57 CompositionType 1, fallback
08-10 22:27:20.643 W/EmuHWC2 ( 1783): No layers, exit, buffer 0xf0d4c1e0
08-10 22:27:20.644 W/EmuHWC2 ( 1783): validate: layer 57 CompositionType 1, fallback
08-10 22:27:20.663 W/EmuHWC2 ( 1783): No layers, exit, buffer 0xf1312f60
08-10 22:27:20.663 W/EmuHWC2 ( 1783): validate: layer 57 CompositionType 1, fallback
08-10 22:27:20.678 W/EmuHWC2 ( 1783): No layers, exit, buffer 0xf0d4c540
08-10 22:27:20.678 W/EmuHWC2 ( 1783): validate: layer 57 CompositionType 1, fallback
08-10 22:27:20.698 W/EmuHWC2 ( 1783): No layers, exit, buffer 0xf0d4c1e0
08-10 22:27:20.699 W/EmuHWC2 ( 1783): validate: layer 57 CompositionType 1, fallback
08-10 22:27:20.716 W/EmuHWC2 ( 1783): No layers, exit, buffer 0xf1312f60
08-10 22:27:20.717 W/EmuHWC2 ( 1783): validate: layer 57 CompositionType 1, fallback
08-10 22:27:20.733 W/EmuHWC2 ( 1783): No layers, exit, buffer 0xf0d4c540
08-10 22:27:20.734 W/EmuHWC2 ( 1783): validate: layer 57 CompositionType 1, fallback
08-10 22:27:20.753 W/EmuHWC2 ( 1783): No layers, exit, buffer 0xf0d4c1e0
08-10 22:27:20.754 W/EmuHWC2 ( 1783): validate: layer 57 CompositionType 1, fallback
08-10 22:27:20.764 W/EmuHWC2 ( 1783): No layers, exit, buffer 0xf1312f60
08-10 22:27:20.765 W/hw-IPCThreadState( 1786): All binder threads in pool (2 threads) busy for 473 ms
08-10 22:27:20.770 W/EmuHWC2 ( 1783): validate: layer 57 CompositionType 1, fallback
08-10 22:27:20.784 W/EmuHWC2 ( 1783): No layers, exit, buffer 0xf0d4c540
08-10 22:27:20.801 I/OpenGLRenderer( 2566): Davey! duration=960ms; Flags=0, IntendedVsync=8194583771514, Vsync=8194667104844, OldestInputEvent=9223372036854775807, NewestInputEvent=0, HandleInputStart=8194679764296, AnimationStart=8194679766420, PerformTraversalsStart=8194680068525, DrawStart=8194680114559, SyncQueued=8194680182574, SyncStart=8194685825694, IssueDrawCommandsStart=8194687359478, SwapBuffers=8194691244759, FrameCompleted=8195550157975, DequeueBufferDuration=51000, QueueBufferDuration=317000, 
08-10 22:27:20.802 I/Choreographer( 2566): Skipped 51 frames!  The application may be doing too much work on its main thread.
08-10 22:27:20.864 W/ThreadPoolDumper( 3744): Task au[MicroDetectionState#registerBroadcastReceivers] was queued for 1110ms before starting on executor EventBus
08-10 22:27:20.909 E/Layer   ( 1800): [Surface(name=AppWindowToken{f1e66f3 token=Token{b925562 ActivityRecord{1664c2d u0 jp.co.agoop.com.example/.MainActivity t9}}})/@0xc03baa3 - animation-leash#0] No local sync point found
08-10 22:27:20.909 E/Layer   ( 1800): [Surface(name=AppWindowToken{f1e66f3 token=Token{b925562 ActivityRecord{1664c2d u0 jp.co.agoop.com.example/.MainActivity t9}}})/@0xc03baa3 - animation-leash#0] No local sync point found
08-10 22:27:20.910 E/Layer   ( 1800): [Surface(name=AppWindowToken{40f681f token=Token{b872fbe ActivityRecord{5eee679 u0 com.google.android.apps.nexuslauncher/.NexusLauncherActivity t2}}})/@0x9e201f5 - animation-leash#0] No local sync point found
08-10 22:27:20.910 E/Layer   ( 1800): [Surface(name=AppWindowToken{40f681f token=Token{b872fbe ActivityRecord{5eee679 u0 com.google.android.apps.nexuslauncher/.NexusLauncherActivity t2}}})/@0x9e201f5 - animation-leash#0] No local sync point found
08-10 22:27:20.940 D/EGL_emulation( 8919): eglMakeCurrent: 0xe4b5fde0: ver 2 0 (tinfo 0xe4beb4c0)
08-10 22:27:20.959 I/earchbox:searc( 3744): Background young concurrent copying GC freed 33329(1767KB) AllocSpace objects, 0(0B) LOS objects, 15% free, 8666KB/10MB, paused 2.618ms total 1.097s
08-10 22:27:21.001 V/FA      ( 8919): Recording user engagement, ms: 67910
08-10 22:27:21.033 E/Layer   ( 1800): [Surface(name=AppWindowToken{f1e66f3 token=Token{b925562 ActivityRecord{1664c2d u0 jp.co.agoop.com.example/.MainActivity t9}}})/@0xc03baa3 - animation-leash#0] No local sync point found
08-10 22:27:21.033 E/Layer   ( 1800): [Surface(name=AppWindowToken{40f681f token=Token{b872fbe ActivityRecord{5eee679 u0 com.google.android.apps.nexuslauncher/.NexusLauncherActivity t2}}})/@0x9e201f5 - animation-leash#0] No local sync point found
08-10 22:27:21.040 I/OpenGLRenderer( 2566): Davey! duration=993ms; Flags=0, IntendedVsync=8194700515837, Vsync=8195550515803, OldestInputEvent=9223372036854775807, NewestInputEvent=0, HandleInputStart=8195550803540, AnimationStart=8195550819289, PerformTraversalsStart=8195570839075, DrawStart=8195570908964, SyncQueued=8195571042242, SyncStart=8195664968354, IssueDrawCommandsStart=8195665092696, SwapBuffers=8195673884414, FrameCompleted=8195788329326, DequeueBufferDuration=99967000, QueueBufferDuration=179000, 
08-10 22:27:21.203 W/LocationOracle( 3744): No location history returned by ContextManager
08-10 22:27:21.367 W/.gms.persisten( 2781): Long monitor contention with owner GoogleApiHandler (2927) at boolean sfd.a(sfa, android.content.ServiceConnection, java.lang.String)(:com.google.android.gms@200414022@20.04.14 (040700-294335909):17) waiters=0 in void sfc.onServiceConnected(android.content.ComponentName, android.os.IBinder) for 137ms
08-10 22:27:21.905 I/MicroDetectionWorker( 3744): #startMicroDetector [speakerMode: 0]
08-10 22:27:21.909 W/ErrorReporter( 3744): reportError [type: 211, code: 393244, bug: 0]: errorCode: 393244, engine: 0
08-10 22:27:21.909 I/MicroDetector( 3744): Keeping mic open: false
08-10 22:27:21.910 I/MicroDetectionWorker( 3744): #onError(false)
08-10 22:27:21.912 D/HostConnection( 2106): HostConnection::get() New Host Connection established 0xd9658530, tid 4328
08-10 22:27:21.924 V/FA      ( 8919): Connecting to remote service
08-10 22:27:21.956 V/FA      ( 8919): Activity paused, time: 8193404
08-10 22:27:21.966 D/HostConnection( 2106): HostComposition ext ANDROID_EMU_CHECKSUM_HELPER_v1 ANDROID_EMU_dma_v1 ANDROID_EMU_direct_mem ANDROID_EMU_host_composition_v1 ANDROID_EMU_host_composition_v2 ANDROID_EMU_YUV_Cache ANDROID_EMU_async_unmap_buffer GL_OES_vertex_array_object GL_KHR_texture_compression_astc_ldr ANDROID_EMU_gles_max_version_2 
08-10 22:27:21.967 W/OpenGLRenderer( 2106): Failed to choose config with EGL_SWAP_BEHAVIOR_PRESERVED, retrying without...
08-10 22:27:21.981 W/ctxmgr  ( 2781): [AclManager] No 3 for (accnt=account#-517948760#, com.google.android.gms(10098):UserVelocityProducer, vrsn=200414022, 0, 3pPkg = null ,  3pMdlId = null ,  pid = 2781). Was: 3 for 1, account#-517948760# [CONTEXT service_id=47 ]
08-10 22:27:22.006 D/EGL_emulation( 2106): eglCreateContext: 0xd95a1620: maj 2 min 0 rcv 2
08-10 22:27:22.059 I/Places  ( 2781): ?: Couldn't find platform key file.
08-10 22:27:22.116 I/PlaceInferenceEngine( 2781): [anon] Changed inference mode: 0
08-10 22:27:22.118 I/Places  ( 2781): ?: Couldn't find platform key file.
08-10 22:27:22.122 I/GeofencerStateMachine( 2781): removeGeofences: removeRequest=RemoveGeofencingRequest[REMOVE_BY_PENDING_INTENT pendingIntent=PendingIntent[creatorPackage=com.google.android.gms], packageName=com.google.android.gms]
08-10 22:27:22.127 I/GeofencerStateMachine( 2781): removeGeofences: removeRequest=RemoveGeofencingRequest[REMOVE_BY_PENDING_INTENT pendingIntent=PendingIntent[creatorPackage=com.google.android.gms], packageName=com.google.android.gms]
08-10 22:27:22.132 I/Places  ( 2781): ?: Couldn't find platform key file.
08-10 22:27:22.172 D/EGL_emulation( 2106): eglMakeCurrent: 0xd95a1620: ver 2 0 (tinfo 0xc091a1c0)
08-10 22:27:22.233 I/Places  ( 2781): ?: Couldn't find platform key file.
08-10 22:27:22.279 I/Places  ( 2781): ?: Couldn't find platform key file.
08-10 22:27:22.293 V/FA      ( 8919): Connection attempt already in progress
08-10 22:27:22.306 I/.gms.persisten( 2781): Background young concurrent copying GC freed 73502(4006KB) AllocSpace objects, 11(632KB) LOS objects, 17% free, 11MB/13MB, paused 525us total 106.756ms
08-10 22:27:22.317 D/FA      ( 8919): Connected to remote service
08-10 22:27:22.318 V/FA      ( 8919): Processing queued up service tasks: 2
08-10 22:27:22.376 I/ctxmgr  ( 2781): [ProducerStatusImpl] updateStateForNewContextData: inactive, contextName=7 [CONTEXT service_id=47 ]
08-10 22:27:22.424 V/FA-SVC  ( 3319): Logging event: origin=auto,name=user_engagement(_e),params=Bundle[{ga_event_origin(_o)=auto, engagement_time_msec(_et)=67910, ga_screen_class(_sc)=MainActivity, ga_screen_id(_si)=426541763981041186}]
08-10 22:27:22.446 I/Places  ( 2781): ?: Couldn't find platform key file.
08-10 22:27:22.485 I/Places  ( 2781): ?: PlacesBleScanner start() with priority 2
08-10 22:27:22.501 I/PlaceInferenceEngine( 2781): [anon] Changed inference mode: 1
08-10 22:27:22.506 I/Places  ( 2781): Converted 0 out of 1 WiFi scans
08-10 22:27:22.520 I/PlaceInferenceEngine( 2781): [anon] Changed inference mode: 1
08-10 22:27:22.521 I/Places  ( 2781): ?: Couldn't find platform key file.
08-10 22:27:22.535 I/Places  ( 2781): ?: Couldn't find platform key file.
08-10 22:27:22.541 E/BeaconBle( 2781): Missing BluetoothAdapter
08-10 22:27:22.541 I/BeaconBle( 2781): BLE 'KK+' software access layer enabled
08-10 22:27:22.557 I/Places  ( 2781): ?: Couldn't find platform key file.
08-10 22:27:22.568 I/BeaconBle( 2781): Client requested scan, settings=BleSettings [scanMode=ZERO_POWER, callbackType=ALL_MATCHES, reportDelayMillis=0, 1 filters, 0 clients, callingClientName=Places]
08-10 22:27:22.569 I/BeaconBle( 2781): Scan : No clients left, canceling alarm.
08-10 22:27:22.571 E/BeaconBle( 2781): Scan couldn't start for Places
08-10 22:27:22.573 W/Places  ( 2781): BLE failure while scanning - code 5
08-10 22:27:22.605 V/FA-SVC  ( 3319): Upload scheduled in approximately ms: 297645
08-10 22:27:22.605 V/FA-SVC  ( 3319): Unscheduling upload
08-10 22:27:22.621 V/FA-SVC  ( 3319): Scheduling upload, millis: 297645
08-10 22:27:22.635 V/FA-SVC  ( 3319): Background event processing time, ms: 211
08-10 22:27:22.680 E/SQLiteDatabase( 2781): Error inserting flex_time=297000 job_id=-1 period=596000 source=16 requires_charging=0 target_class=com.google.android.gms.measurement.PackageMeasurementTaskService user_id=0 target_package=com.google.android.gms tag=Measurement.PackageMeasurementTaskService.UPLOAD_TASK_TAG task_type=0 source_version=200414000 required_network_type=0 runtime=1597066042634 retry_strategy={"maximum_backoff_seconds":{"3600":0},"initial_backoff_seconds":{"30":0},"retry_policy":{"0":0}} last_runtime=0
08-10 22:27:22.680 E/SQLiteDatabase( 2781): android.database.sqlite.SQLiteConstraintException: UNIQUE constraint failed: pending_ops.tag, pending_ops.target_class, pending_ops.target_package, pending_ops.user_id (code 2067 SQLITE_CONSTRAINT_UNIQUE)
08-10 22:27:22.680 E/SQLiteDatabase( 2781): 	at android.database.sqlite.SQLiteConnection.nativeExecuteForLastInsertedRowId(Native Method)
08-10 22:27:22.680 E/SQLiteDatabase( 2781): 	at android.database.sqlite.SQLiteConnection.executeForLastInsertedRowId(SQLiteConnection.java:879)
08-10 22:27:22.680 E/SQLiteDatabase( 2781): 	at android.database.sqlite.SQLiteSession.executeForLastInsertedRowId(SQLiteSession.java:790)
08-10 22:27:22.680 E/SQLiteDatabase( 2781): 	at android.database.sqlite.SQLiteStatement.executeInsert(SQLiteStatement.java:88)
08-10 22:27:22.680 E/SQLiteDatabase( 2781): 	at android.database.sqlite.SQLiteDatabase.insertWithOnConflict(SQLiteDatabase.java:1599)
08-10 22:27:22.680 E/SQLiteDatabase( 2781): 	at android.database.sqlite.SQLiteDatabase.insert(SQLiteDatabase.java:1468)
08-10 22:27:22.680 E/SQLiteDatabase( 2781): 	at aozt.a(:com.google.android.gms@200414022@20.04.14 (040700-294335909):147)
08-10 22:27:22.680 E/SQLiteDatabase( 2781): 	at aozi.a(:com.google.android.gms@200414022@20.04.14 (040700-294335909):182)
08-10 22:27:22.680 E/SQLiteDatabase( 2781): 	at aozi.a(:com.google.android.gms@200414022@20.04.14 (040700-294335909):25)
08-10 22:27:22.680 E/SQLiteDatabase( 2781): 	at aozi.a(:com.google.android.gms@200414022@20.04.14 (040700-294335909):177)
08-10 22:27:22.680 E/SQLiteDatabase( 2781): 	at aovr.run(:com.google.android.gms@200414022@20.04.14 (040700-294335909):8)
08-10 22:27:22.680 E/SQLiteDatabase( 2781): 	at srw.b(:com.google.android.gms@200414022@20.04.14 (040700-294335909):14)
08-10 22:27:22.680 E/SQLiteDatabase( 2781): 	at srw.run(:com.google.android.gms@200414022@20.04.14 (040700-294335909):2)
08-10 22:27:22.680 E/SQLiteDatabase( 2781): 	at java.util.concurrent.ThreadPoolExecutor.runWorker(ThreadPoolExecutor.java:1167)
08-10 22:27:22.680 E/SQLiteDatabase( 2781): 	at java.util.concurrent.ThreadPoolExecutor$Worker.run(ThreadPoolExecutor.java:641)
08-10 22:27:22.680 E/SQLiteDatabase( 2781): 	at sxw.run(:com.google.android.gms@200414022@20.04.14 (040700-294335909):0)
08-10 22:27:22.680 E/SQLiteDatabase( 2781): 	at java.lang.Thread.run(Thread.java:919)
08-10 22:27:22.690 I/Places  ( 2781): ?: Couldn't find platform key file.
08-10 22:27:22.694 I/PlaceInferenceEngine( 2781): No beacon scan available - ignoring candidates.
08-10 22:27:22.749 I/Places  ( 2781): ?: Couldn't find platform key file.
08-10 22:27:23.729 I/AiAiSuggestUi( 2566): Clearing suggestions.
08-10 22:27:23.760 I/ActivityManager( 2106): Killing 8919:jp.co.agoop.com.example/u0a136 (adj 905): remove task
08-10 22:27:23.806 I/libprocessgroup( 2106): Successfully killed process cgroup uid 10136 pid 8919 in 44ms
08-10 22:27:24.033 W/system_server( 2106): Long monitor contention with owner LazyTaskWriterThread (3029) at void com.android.server.wm.TaskPersister.writeTaskIdsFiles()(TaskPersister.java:450) waiters=0 in void com.android.server.wm.WindowManagerService.reportSystemGestureExclusionChanged(com.android.server.wm.Session, android.view.IWindow, java.util.List) for 202ms
08-10 22:27:24.034 W/system_server( 2106): Long monitor contention with owner LazyTaskWriterThread (3029) at void com.android.server.wm.TaskPersister.writeTaskIdsFiles()(TaskPersister.java:450) waiters=1 in void com.android.server.wm.WindowManagerService.setShelfHeight(boolean, int) for 202ms
08-10 22:27:24.034 W/system_server( 2106): Long monitor contention with owner LazyTaskWriterThread (3029) at void com.android.server.wm.TaskPersister.writeTaskIdsFiles()(TaskPersister.java:450) waiters=2 in void com.android.server.wm.TaskChangeNotificationController.forAllRemoteListeners(com.android.server.wm.TaskChangeNotificationController$TaskStackConsumer, android.os.Message) for 196ms
08-10 22:27:24.199 W/InputReader( 2106): Device has associated, but no associated display id.
08-10 22:27:24.199 I/chatty  ( 2106): uid=1000(system) Binder:2106_1B identical 8 lines
08-10 22:27:24.199 W/InputReader( 2106): Device has associated, but no associated display id.
08-10 22:27:24.233 W/InputDispatcher( 2106): channel '849ddf9 jp.co.agoop.com.example/jp.co.agoop.com.example.MainActivity (server)' ~ Consumer closed input channel or an error occurred.  events=0x9
08-10 22:27:24.234 E/InputDispatcher( 2106): channel '849ddf9 jp.co.agoop.com.example/jp.co.agoop.com.example.MainActivity (server)' ~ Channel is unrecoverably broken and will be disposed!
08-10 22:27:24.244 I/WindowManager( 2106): WIN DEATH: Window{849ddf9 u0 jp.co.agoop.com.example/jp.co.agoop.com.example.MainActivity}
08-10 22:27:24.244 W/InputDispatcher( 2106): Attempted to unregister already unregistered input channel '849ddf9 jp.co.agoop.com.example/jp.co.agoop.com.example.MainActivity (server)'
08-10 22:27:24.260 W/ActivityManager( 2106): setHasOverlayUi called on unknown pid: 8919
08-10 22:27:24.281 I/Zygote  ( 1761): Process 8919 exited due to signal 9 (Killed)
08-10 22:27:24.397 E/memtrack( 2106): Couldn't load memtrack module
08-10 22:27:24.397 W/android.os.Debug( 2106): failed to get memory consumption info: -1
08-10 22:27:24.549 I/ActivityManager( 2106): Force stopping jp.co.agoop.com.example appid=10136 user=0: from pid 9057
08-10 22:27:24.562 D/CarrierSvcBindHelper( 3425): No carrier app for: 0
08-10 22:27:24.564 E/memtrack( 2106): Couldn't load memtrack module
08-10 22:27:24.564 W/android.os.Debug( 2106): failed to get memory consumption info: -1
08-10 22:27:24.576 E/memtrack( 2106): Couldn't load memtrack module
08-10 22:27:24.576 W/android.os.Debug( 2106): failed to get memory consumption info: -1
08-10 22:27:24.580 E/memtrack( 2106): Couldn't load memtrack module
08-10 22:27:24.580 W/android.os.Debug( 2106): failed to get memory consumption info: -1
08-10 22:27:24.587 E/memtrack( 2106): Couldn't load memtrack module
08-10 22:27:24.587 W/android.os.Debug( 2106): failed to get memory consumption info: -1
08-10 22:27:24.594 E/memtrack( 2106): Couldn't load memtrack module
08-10 22:27:24.594 W/android.os.Debug( 2106): failed to get memory consumption info: -1
08-10 22:27:26.923 I/MicroDetectionWorker( 3744): #startMicroDetector [speakerMode: 0]
08-10 22:27:26.925 W/ErrorReporter( 3744): reportError [type: 211, code: 393244, bug: 0]: errorCode: 393244, engine: 0
08-10 22:27:26.928 I/MicroDetector( 3744): Keeping mic open: false
08-10 22:27:26.928 I/MicroDetectionWorker( 3744): #onError(false)
08-10 22:27:31.932 I/MicroDetectionWorker( 3744): #startMicroDetector [speakerMode: 0]
08-10 22:27:31.944 W/ErrorReporter( 3744): reportError [type: 211, code: 393244, bug: 0]: errorCode: 393244, engine: 0
08-10 22:27:31.945 I/MicroDetector( 3744): Keeping mic open: false
08-10 22:27:31.945 I/MicroDetectionWorker( 3744): #onError(false)
08-10 22:27:36.958 I/MicroDetectionWorker( 3744): #startMicroDetector [speakerMode: 0]
08-10 22:27:36.965 W/ErrorReporter( 3744): reportError [type: 211, code: 393244, bug: 0]: errorCode: 393244, engine: 0
08-10 22:27:36.965 I/MicroDetector( 3744): Keeping mic open: false
08-10 22:27:36.965 I/MicroDetectionWorker( 3744): #onError(false)
08-10 22:27:41.971 I/MicroDetectionWorker( 3744): #startMicroDetector [speakerMode: 0]
08-10 22:27:41.976 W/ErrorReporter( 3744): reportError [type: 211, code: 393244, bug: 0]: errorCode: 393244, engine: 0
08-10 22:27:41.982 I/MicroDetector( 3744): Keeping mic open: false
08-10 22:27:41.982 I/MicroDetectionWorker( 3744): #onError(false)
08-10 22:27:46.986 I/MicroDetectionWorker( 3744): #startMicroDetector [speakerMode: 0]
08-10 22:27:46.990 W/ErrorReporter( 3744): reportError [type: 211, code: 393244, bug: 0]: errorCode: 393244, engine: 0
08-10 22:27:46.990 I/MicroDetector( 3744): Keeping mic open: false
08-10 22:27:46.991 I/MicroDetectionWorker( 3744): #onError(false)
08-10 22:27:51.996 I/MicroDetectionWorker( 3744): #startMicroDetector [speakerMode: 0]
08-10 22:27:52.000 W/ErrorReporter( 3744): reportError [type: 211, code: 393244, bug: 0]: errorCode: 393244, engine: 0
08-10 22:27:52.003 I/MicroDetector( 3744): Keeping mic open: false
08-10 22:27:52.003 I/MicroDetectionWorker( 3744): #onError(false)
08-10 22:27:57.013 I/MicroDetectionWorker( 3744): #startMicroDetector [speakerMode: 0]
08-10 22:27:57.017 W/ErrorReporter( 3744): reportError [type: 211, code: 393244, bug: 0]: errorCode: 393244, engine: 0
08-10 22:27:57.018 I/MicroDetector( 3744): Keeping mic open: false
08-10 22:27:57.018 I/MicroDetectionWorker( 3744): #onError(false)
08-10 22:28:00.027 D/KeyguardClockSwitch( 4360): Updating clock: 1028
08-10 22:28:02.027 I/MicroDetectionWorker( 3744): #startMicroDetector [speakerMode: 0]
08-10 22:28:02.040 W/ErrorReporter( 3744): reportError [type: 211, code: 393244, bug: 0]: errorCode: 393244, engine: 0
08-10 22:28:02.041 I/MicroDetector( 3744): Keeping mic open: false
08-10 22:28:02.041 I/MicroDetectionWorker( 3744): #onError(false)
08-10 22:28:07.046 I/MicroDetectionWorker( 3744): #startMicroDetector [speakerMode: 0]
08-10 22:28:07.052 W/ErrorReporter( 3744): reportError [type: 211, code: 393244, bug: 0]: errorCode: 393244, engine: 0
08-10 22:28:07.053 I/MicroDetector( 3744): Keeping mic open: false
08-10 22:28:07.053 I/MicroDetectionWorker( 3744): #onError(false)
08-10 22:28:12.058 I/MicroDetectionWorker( 3744): #startMicroDetector [speakerMode: 0]
08-10 22:28:12.061 W/ErrorReporter( 3744): reportError [type: 211, code: 393244, bug: 0]: errorCode: 393244, engine: 0
08-10 22:28:12.064 I/MicroDetector( 3744): Keeping mic open: false
08-10 22:28:12.064 I/MicroDetectionWorker( 3744): #onError(false)
08-10 22:28:13.071 E/netmgr  ( 1872): Failed to open QEMU pipe 'qemud:network': Invalid argument
08-10 22:28:14.904 E/wifi_forwarder( 1874): RemoteConnection failed to initialize: RemoteConnection failed to open pipe
08-10 22:28:17.067 I/MicroDetectionWorker( 3744): #startMicroDetector [speakerMode: 0]
08-10 22:28:17.071 W/ErrorReporter( 3744): reportError [type: 211, code: 393244, bug: 0]: errorCode: 393244, engine: 0
08-10 22:28:17.072 I/MicroDetector( 3744): Keeping mic open: false
08-10 22:28:17.072 I/MicroDetectionWorker( 3744): #onError(false)
08-10 22:28:22.077 I/MicroDetectionWorker( 3744): #startMicroDetector [speakerMode: 0]
08-10 22:28:22.082 W/ErrorReporter( 3744): reportError [type: 211, code: 393244, bug: 0]: errorCode: 393244, engine: 0
08-10 22:28:22.086 I/MicroDetector( 3744): Keeping mic open: false
08-10 22:28:22.092 I/MicroDetectionWorker( 3744): #onError(false)
08-10 22:28:27.097 I/MicroDetectionWorker( 3744): #startMicroDetector [speakerMode: 0]
08-10 22:28:27.101 W/ErrorReporter( 3744): reportError [type: 211, code: 393244, bug: 0]: errorCode: 393244, engine: 0
08-10 22:28:27.102 I/MicroDetector( 3744): Keeping mic open: false
08-10 22:28:27.102 I/MicroDetectionWorker( 3744): #onError(false)
08-10 22:28:32.112 I/MicroDetectionWorker( 3744): #startMicroDetector [speakerMode: 0]
08-10 22:28:32.117 W/ErrorReporter( 3744): reportError [type: 211, code: 393244, bug: 0]: errorCode: 393244, engine: 0
08-10 22:28:32.118 I/MicroDetector( 3744): Keeping mic open: false
08-10 22:28:32.118 I/MicroDetectionWorker( 3744): #onError(false)
08-10 22:28:37.135 I/MicroDetectionWorker( 3744): #startMicroDetector [speakerMode: 0]
08-10 22:28:37.139 W/ErrorReporter( 3744): reportError [type: 211, code: 393244, bug: 0]: errorCode: 393244, engine: 0
08-10 22:28:37.140 I/MicroDetector( 3744): Keeping mic open: false
08-10 22:28:37.140 I/MicroDetectionWorker( 3744): #onError(false)
08-10 22:28:42.145 I/MicroDetectionWorker( 3744): #startMicroDetector [speakerMode: 0]
08-10 22:28:42.148 W/ErrorReporter( 3744): reportError [type: 211, code: 393244, bug: 0]: errorCode: 393244, engine: 0
08-10 22:28:42.149 I/MicroDetector( 3744): Keeping mic open: false
08-10 22:28:42.153 I/MicroDetectionWorker( 3744): #onError(false)
08-10 22:28:47.159 I/MicroDetectionWorker( 3744): #startMicroDetector [speakerMode: 0]
08-10 22:28:47.163 W/ErrorReporter( 3744): reportError [type: 211, code: 393244, bug: 0]: errorCode: 393244, engine: 0
08-10 22:28:47.168 I/MicroDetector( 3744): Keeping mic open: false
08-10 22:28:47.169 I/MicroDetectionWorker( 3744): #onError(false)
08-10 22:28:52.176 I/MicroDetectionWorker( 3744): #startMicroDetector [speakerMode: 0]
08-10 22:28:52.181 W/ErrorReporter( 3744): reportError [type: 211, code: 393244, bug: 0]: errorCode: 393244, engine: 0
08-10 22:28:52.181 I/MicroDetector( 3744): Keeping mic open: false
08-10 22:28:52.181 I/MicroDetectionWorker( 3744): #onError(false)
08-10 22:28:57.187 I/MicroDetectionWorker( 3744): #startMicroDetector [speakerMode: 0]
08-10 22:28:57.193 W/ErrorReporter( 3744): reportError [type: 211, code: 393244, bug: 0]: errorCode: 393244, engine: 0
08-10 22:28:57.194 I/MicroDetector( 3744): Keeping mic open: false
08-10 22:28:57.194 I/MicroDetectionWorker( 3744): #onError(false)
08-10 22:29:00.006 D/KeyguardClockSwitch( 4360): Updating clock: 1029
08-10 22:29:02.201 I/MicroDetectionWorker( 3744): #startMicroDetector [speakerMode: 0]
08-10 22:29:02.207 W/ErrorReporter( 3744): reportError [type: 211, code: 393244, bug: 0]: errorCode: 393244, engine: 0
08-10 22:29:02.208 I/MicroDetector( 3744): Keeping mic open: false
08-10 22:29:02.208 I/MicroDetectionWorker( 3744): #onError(false)
08-10 22:29:05.108 I/MS_RegisterService( 3319): Tachyon host: instantmessaging-pa.googleapis.com, Tachyon port: 443
08-10 22:29:05.144 I/MS_RegisterService( 3319): RegisterService intent:Intent { act=com.google.android.gms.matchstick.register_intent_action cat=[targeted_intent_op_prefix:com.google.android.libraries.matchstick.net.SilentRegisterIntentOperation] flg=0x4 cmp=com.google.android.gms/.chimera.GmsIntentOperationService (has extras) } isPeriodic:false
08-10 22:29:05.173 W/DynamiteModule( 3319): Local module descriptor class for providerinstaller not found.
08-10 22:29:05.174 I/DynamiteModule( 3319): Considering local module providerinstaller:0 and remote module providerinstaller:0
08-10 22:29:05.176 W/ProviderInstaller( 3319): Failed to load providerinstaller module: No acceptable module found. Local version is 0 and remote version is 0.
08-10 22:29:07.213 I/MicroDetectionWorker( 3744): #startMicroDetector [speakerMode: 0]
08-10 22:29:07.216 W/ErrorReporter( 3744): reportError [type: 211, code: 393244, bug: 0]: errorCode: 393244, engine: 0
08-10 22:29:07.216 I/MicroDetector( 3744): Keeping mic open: false
08-10 22:29:07.216 I/MicroDetectionWorker( 3744): #onError(false)
08-10 22:29:09.055 D/WificondControl( 2106): Scan result ready event
08-10 22:29:12.223 I/MicroDetectionWorker( 3744): #startMicroDetector [speakerMode: 0]
08-10 22:29:12.226 W/ErrorReporter( 3744): reportError [type: 211, code: 393244, bug: 0]: errorCode: 393244, engine: 0
08-10 22:29:12.230 I/MicroDetector( 3744): Keeping mic open: false
08-10 22:29:12.231 I/MicroDetectionWorker( 3744): #onError(false)
08-10 22:29:13.087 E/netmgr  ( 1872): Failed to open QEMU pipe 'qemud:network': Invalid argument
08-10 22:29:14.937 E/wifi_forwarder( 1874): RemoteConnection failed to initialize: RemoteConnection failed to open pipe
08-10 22:29:17.234 I/MicroDetectionWorker( 3744): #startMicroDetector [speakerMode: 0]
08-10 22:29:17.237 W/ErrorReporter( 3744): reportError [type: 211, code: 393244, bug: 0]: errorCode: 393244, engine: 0
08-10 22:29:17.238 I/MicroDetector( 3744): Keeping mic open: false
08-10 22:29:17.239 I/MicroDetectionWorker( 3744): #onError(false)
08-10 22:29:22.246 I/MicroDetectionWorker( 3744): #startMicroDetector [speakerMode: 0]
08-10 22:29:22.250 W/ErrorReporter( 3744): reportError [type: 211, code: 393244, bug: 0]: errorCode: 393244, engine: 0
08-10 22:29:22.260 I/MicroDetector( 3744): Keeping mic open: false
08-10 22:29:22.260 I/MicroDetectionWorker( 3744): #onError(false)
08-10 22:29:27.265 I/MicroDetectionWorker( 3744): #startMicroDetector [speakerMode: 0]
08-10 22:29:27.274 W/ErrorReporter( 3744): reportError [type: 211, code: 393244, bug: 0]: errorCode: 393244, engine: 0
08-10 22:29:27.275 I/MicroDetector( 3744): Keeping mic open: false
08-10 22:29:27.275 I/MicroDetectionWorker( 3744): #onError(false)
08-10 22:29:32.281 I/MicroDetectionWorker( 3744): #startMicroDetector [speakerMode: 0]
08-10 22:29:32.288 W/ErrorReporter( 3744): reportError [type: 211, code: 393244, bug: 0]: errorCode: 393244, engine: 0
08-10 22:29:32.288 I/MicroDetector( 3744): Keeping mic open: false
08-10 22:29:32.289 I/MicroDetectionWorker( 3744): #onError(false)
08-10 22:29:37.294 I/MicroDetectionWorker( 3744): #startMicroDetector [speakerMode: 0]
08-10 22:29:37.298 W/ErrorReporter( 3744): reportError [type: 211, code: 393244, bug: 0]: errorCode: 393244, engine: 0
08-10 22:29:37.303 I/MicroDetector( 3744): Keeping mic open: false
08-10 22:29:37.303 I/MicroDetectionWorker( 3744): #onError(false)
08-10 22:29:42.310 I/MicroDetectionWorker( 3744): #startMicroDetector [speakerMode: 0]
08-10 22:29:42.313 W/ErrorReporter( 3744): reportError [type: 211, code: 393244, bug: 0]: errorCode: 393244, engine: 0
08-10 22:29:42.317 I/MicroDetector( 3744): Keeping mic open: false
08-10 22:29:42.317 I/MicroDetectionWorker( 3744): #onError(false)
08-10 22:29:47.322 I/MicroDetectionWorker( 3744): #startMicroDetector [speakerMode: 0]
08-10 22:29:47.327 W/ErrorReporter( 3744): reportError [type: 211, code: 393244, bug: 0]: errorCode: 393244, engine: 0
08-10 22:29:47.328 I/MicroDetector( 3744): Keeping mic open: false
08-10 22:29:47.328 I/MicroDetectionWorker( 3744): #onError(false)
08-10 22:29:52.335 I/MicroDetectionWorker( 3744): #startMicroDetector [speakerMode: 0]
08-10 22:29:52.339 W/ErrorReporter( 3744): reportError [type: 211, code: 393244, bug: 0]: errorCode: 393244, engine: 0
08-10 22:29:52.341 I/MicroDetector( 3744): Keeping mic open: false
08-10 22:29:52.341 I/MicroDetectionWorker( 3744): #onError(false)
08-10 22:29:57.346 I/MicroDetectionWorker( 3744): #startMicroDetector [speakerMode: 0]
08-10 22:29:57.350 W/ErrorReporter( 3744): reportError [type: 211, code: 393244, bug: 0]: errorCode: 393244, engine: 0
08-10 22:29:57.355 I/MicroDetector( 3744): Keeping mic open: false
08-10 22:29:57.355 I/MicroDetectionWorker( 3744): #onError(false)
08-10 22:30:00.011 D/KeyguardClockSwitch( 4360): Updating clock: 1030
08-10 22:30:02.364 I/MicroDetectionWorker( 3744): #startMicroDetector [speakerMode: 0]
08-10 22:30:02.372 W/ErrorReporter( 3744): reportError [type: 211, code: 393244, bug: 0]: errorCode: 393244, engine: 0
08-10 22:30:02.373 I/MicroDetector( 3744): Keeping mic open: false
08-10 22:30:02.373 I/MicroDetectionWorker( 3744): #onError(false)
08-10 22:30:07.378 I/MicroDetectionWorker( 3744): #startMicroDetector [speakerMode: 0]
08-10 22:30:07.382 W/ErrorReporter( 3744): reportError [type: 211, code: 393244, bug: 0]: errorCode: 393244, engine: 0
08-10 22:30:07.386 I/MicroDetector( 3744): Keeping mic open: false
08-10 22:30:07.386 I/MicroDetectionWorker( 3744): #onError(false)
08-10 22:30:12.394 I/MicroDetectionWorker( 3744): #startMicroDetector [speakerMode: 0]
08-10 22:30:12.399 W/ErrorReporter( 3744): reportError [type: 211, code: 393244, bug: 0]: errorCode: 393244, engine: 0
08-10 22:30:12.405 I/MicroDetector( 3744): Keeping mic open: false
08-10 22:30:12.405 I/MicroDetectionWorker( 3744): #onError(false)
08-10 22:30:13.103 E/netmgr  ( 1872): Failed to open QEMU pipe 'qemud:network': Invalid argument
08-10 22:30:14.954 E/wifi_forwarder( 1874): RemoteConnection failed to initialize: RemoteConnection failed to open pipe
08-10 22:30:17.411 I/MicroDetectionWorker( 3744): #startMicroDetector [speakerMode: 0]
08-10 22:30:17.415 W/ErrorReporter( 3744): reportError [type: 211, code: 393244, bug: 0]: errorCode: 393244, engine: 0
08-10 22:30:17.419 I/MicroDetector( 3744): Keeping mic open: false
08-10 22:30:17.419 I/MicroDetectionWorker( 3744): #onError(false)
08-10 22:30:22.425 I/MicroDetectionWorker( 3744): #startMicroDetector [speakerMode: 0]
08-10 22:30:22.428 W/ErrorReporter( 3744): reportError [type: 211, code: 393244, bug: 0]: errorCode: 393244, engine: 0
08-10 22:30:22.433 I/MicroDetector( 3744): Keeping mic open: false
08-10 22:30:22.433 I/MicroDetectionWorker( 3744): #onError(false)
08-10 22:30:27.438 I/MicroDetectionWorker( 3744): #startMicroDetector [speakerMode: 0]
08-10 22:30:27.441 W/ErrorReporter( 3744): reportError [type: 211, code: 393244, bug: 0]: errorCode: 393244, engine: 0
08-10 22:30:27.443 I/MicroDetector( 3744): Keeping mic open: false
08-10 22:30:27.443 I/MicroDetectionWorker( 3744): #onError(false)
08-10 22:30:32.450 I/MicroDetectionWorker( 3744): #startMicroDetector [speakerMode: 0]
08-10 22:30:32.455 W/ErrorReporter( 3744): reportError [type: 211, code: 393244, bug: 0]: errorCode: 393244, engine: 0
08-10 22:30:32.455 I/MicroDetector( 3744): Keeping mic open: false
08-10 22:30:32.458 I/MicroDetectionWorker( 3744): #onError(false)
08-10 22:30:37.731 I/MicroDetectionWorker( 3744): #startMicroDetector [speakerMode: 0]
08-10 22:30:37.745 W/ErrorReporter( 3744): reportError [type: 211, code: 393244, bug: 0]: errorCode: 393244, engine: 0
08-10 22:30:37.746 I/MicroDetector( 3744): Keeping mic open: false
08-10 22:30:37.746 I/MicroDetectionWorker( 3744): #onError(false)
08-10 22:30:38.503 E/memtrack( 2106): Couldn't load memtrack module
08-10 22:30:38.503 W/android.os.Debug( 2106): failed to get memory consumption info: -1
08-10 22:30:38.508 E/memtrack( 2106): Couldn't load memtrack module
08-10 22:30:38.509 W/android.os.Debug( 2106): failed to get memory consumption info: -1
08-10 22:30:38.514 E/memtrack( 2106): Couldn't load memtrack module
08-10 22:30:38.514 W/android.os.Debug( 2106): failed to get memory consumption info: -1
08-10 22:30:38.521 E/memtrack( 2106): Couldn't load memtrack module
08-10 22:30:38.521 W/android.os.Debug( 2106): failed to get memory consumption info: -1
08-10 22:30:38.525 E/memtrack( 2106): Couldn't load memtrack module
08-10 22:30:38.525 W/android.os.Debug( 2106): failed to get memory consumption info: -1
08-10 22:30:42.751 I/MicroDetectionWorker( 3744): #startMicroDetector [speakerMode: 0]
08-10 22:30:42.755 W/ErrorReporter( 3744): reportError [type: 211, code: 393244, bug: 0]: errorCode: 393244, engine: 0
08-10 22:30:42.759 I/MicroDetector( 3744): Keeping mic open: false
08-10 22:30:42.759 I/MicroDetectionWorker( 3744): #onError(false)
08-10 22:30:47.762 I/MicroDetectionWorker( 3744): #startMicroDetector [speakerMode: 0]
08-10 22:30:47.764 W/ErrorReporter( 3744): reportError [type: 211, code: 393244, bug: 0]: errorCode: 393244, engine: 0
08-10 22:30:47.766 I/MicroDetector( 3744): Keeping mic open: false
08-10 22:30:47.766 I/MicroDetectionWorker( 3744): #onError(false)
08-10 22:30:52.776 I/MicroDetectionWorker( 3744): #startMicroDetector [speakerMode: 0]
08-10 22:30:52.779 W/ErrorReporter( 3744): reportError [type: 211, code: 393244, bug: 0]: errorCode: 393244, engine: 0
08-10 22:30:52.784 I/MicroDetector( 3744): Keeping mic open: false
08-10 22:30:52.784 I/MicroDetectionWorker( 3744): #onError(false)
08-10 22:30:57.791 I/MicroDetectionWorker( 3744): #startMicroDetector [speakerMode: 0]
08-10 22:30:57.795 W/ErrorReporter( 3744): reportError [type: 211, code: 393244, bug: 0]: errorCode: 393244, engine: 0
08-10 22:30:57.799 I/MicroDetector( 3744): Keeping mic open: false
08-10 22:30:57.799 I/MicroDetectionWorker( 3744): #onError(false)
08-10 22:30:58.530 E/memtrack( 2106): Couldn't load memtrack module
08-10 22:30:58.530 W/android.os.Debug( 2106): failed to get memory consumption info: -1
08-10 22:31:00.005 D/KeyguardClockSwitch( 4360): Updating clock: 1031
08-10 22:31:02.806 I/MicroDetectionWorker( 3744): #startMicroDetector [speakerMode: 0]
08-10 22:31:02.809 W/ErrorReporter( 3744): reportError [type: 211, code: 393244, bug: 0]: errorCode: 393244, engine: 0
08-10 22:31:02.815 I/MicroDetector( 3744): Keeping mic open: false
08-10 22:31:02.815 I/MicroDetectionWorker( 3744): #onError(false)
08-10 22:31:07.822 I/MicroDetectionWorker( 3744): #startMicroDetector [speakerMode: 0]
08-10 22:31:07.826 W/ErrorReporter( 3744): reportError [type: 211, code: 393244, bug: 0]: errorCode: 393244, engine: 0
08-10 22:31:07.827 I/MicroDetector( 3744): Keeping mic open: false
08-10 22:31:07.827 I/MicroDetectionWorker( 3744): #onError(false)
08-10 22:31:12.833 I/MicroDetectionWorker( 3744): #startMicroDetector [speakerMode: 0]
08-10 22:31:12.836 W/ErrorReporter( 3744): reportError [type: 211, code: 393244, bug: 0]: errorCode: 393244, engine: 0
08-10 22:31:12.840 I/MicroDetector( 3744): Keeping mic open: false
08-10 22:31:12.842 I/MicroDetectionWorker( 3744): #onError(false)
08-10 22:31:13.120 E/netmgr  ( 1872): Failed to open QEMU pipe 'qemud:network': Invalid argument
08-10 22:31:14.954 E/wifi_forwarder( 1874): RemoteConnection failed to initialize: RemoteConnection failed to open pipe
08-10 22:31:17.847 I/MicroDetectionWorker( 3744): #startMicroDetector [speakerMode: 0]
08-10 22:31:17.850 W/ErrorReporter( 3744): reportError [type: 211, code: 393244, bug: 0]: errorCode: 393244, engine: 0
08-10 22:31:17.858 I/MicroDetector( 3744): Keeping mic open: false
08-10 22:31:17.858 I/MicroDetectionWorker( 3744): #onError(false)
08-10 22:31:22.863 I/MicroDetectionWorker( 3744): #startMicroDetector [speakerMode: 0]
08-10 22:31:22.866 W/ErrorReporter( 3744): reportError [type: 211, code: 393244, bug: 0]: errorCode: 393244, engine: 0
08-10 22:31:22.871 I/MicroDetector( 3744): Keeping mic open: false
08-10 22:31:22.872 I/MicroDetectionWorker( 3744): #onError(false)
08-10 22:31:27.877 I/MicroDetectionWorker( 3744): #startMicroDetector [speakerMode: 0]
08-10 22:31:27.886 W/ErrorReporter( 3744): reportError [type: 211, code: 393244, bug: 0]: errorCode: 393244, engine: 0
08-10 22:31:27.887 I/MicroDetector( 3744): Keeping mic open: false
08-10 22:31:27.887 I/MicroDetectionWorker( 3744): #onError(false)
